#auto generated file!
1.5;0.0;0.0;0.0
3.0;0.0;0.0;0.0
4.5;0.0;0.0;0.0
6.0;0.0;0.0;0.0
7.5;0.0;0.0;0.0
9.0;0.0;0.0;0.0
10.5;0.25;0.0;0.0
12.0;0.325;0.0;0.0
13.5;0.325;0.06;0.0
15.0;0.575;0.0;0.0
16.5;2.25;0.6;0.0
18.0;3.475;0.2;0.0
19.5;3.9;1.5799999999999998;0.0
21.0;3.975;0.45999999999999996;0.0
22.5;2.325;0.6;0.0
24.0;4.325;0.0;0.0
25.5;1.9;0.26;0.0
27.0;3.4;0.2;0.0
28.5;5.15;0.2;0.0
30.0;5.3;0.86;0.0
31.5;4.65;1.26;0.0
33.0;2.9;0.6599999999999999;0.0
34.5;2.9;0.6;0.0
36.0;1.575;0.4;0.0
37.5;2.825;1.26;0.0
39.0;2.825;0.32;0.0
40.5;2.875;0.72;0.0
42.0;2.875;0.8;0.0
43.5;1.225;0.0;0.0
45.0;2.4;0.52;0.0
46.5;1.725;1.0;0.0
48.0;3.575;0.0;0.0
49.5;4.0;0.8;0.0
51.0;5.325;0.06;0.0
52.5;3.075;0.2;0.0
54.0;2.825;0.4;0.0
55.5;2.15;1.2;0.0
57.0;2.075;0.45999999999999996;0.0
58.5;2.475;0.8;0.0
60.0;2.3;0.2;0.0
61.5;2.3;0.06;0.0
63.0;3.55;0.6;0.0
64.5;4.075;0.6599999999999999;0.0
66.0;2.475;1.2;0.0
67.5;2.725;0.4;0.0
69.0;2.575;0.06;0.0
70.5;4.825;1.2;0.0
72.0;2.65;0.72;0.0
73.5;1.9;0.4;0.0
75.0;2.25;0.0;0.0
76.5;3.65;0.8;0.0
78.0;2.9;0.0;0.0
79.5;3.075;0.26;0.0
81.0;2.65;0.6;0.0
82.5;4.15;2.06;0.0
84.0;2.475;0.2;0.0
85.5;2.15;0.06;0.0
87.0;2.825;0.2;0.0
88.5;2.825;0.4;0.0
90.0;1.975;0.0;0.0
91.5;4.55;0.72;0.0
93.0;2.9;0.06;0.0
94.5;1.65;0.0;0.0
96.0;3.4;0.4;0.0
97.5;2.4;0.4;0.0
99.0;2.475;0.45999999999999996;0.0
100.5;0.9;1.0;0.0
102.0;2.65;1.0;0.0
103.5;1.575;0.4;0.0
105.0;3.575;0.8;0.0
106.5;2.65;0.6;0.0
108.0;1.975;1.26;0.0
109.5;2.975;1.0;0.0
111.0;2.15;0.5199999999999999;0.0
112.5;2.875;0.12;0.0
114.0;1.725;1.06;0.0
115.5;2.075;0.0;0.0
117.0;3.5;0.06;0.0
118.5;4.0;0.4;0.0
120.0;3.65;0.4;0.0
121.5;2.825;0.5199999999999999;0.0
123.0;3.55;0.26;0.0
124.5;3.575;0.4;0.0
126.0;5.05;0.6599999999999999;0.0
127.5;3.575;0.6599999999999999;0.0
129.0;2.8;0.6;0.0
130.5;1.8;0.2;0.0
132.0;2.0;1.26;0.0
133.5;3.875;1.4;0.0
135.0;3.55;0.6;0.0
136.5;2.7;1.26;0.0
138.0;2.325;0.26;0.0
139.5;1.075;1.0;0.0
141.0;2.8;1.06;0.0
142.5;2.825;2.0;0.0
144.0;1.65;0.6599999999999999;0.0
145.5;3.4;0.4;0.0
147.0;2.575;0.2;0.0
148.5;4.9;0.8;0.0
150.0;2.15;1.2;0.0
151.5;2.825;0.8;0.0
153.0;1.875;1.1199999999999999;0.0
154.5;3.475;1.06;0.0
156.0;2.825;0.86;0.0
157.5;3.05;0.4;0.0
159.0;4.05;0.72;0.0
160.5;1.15;0.26;0.0
162.0;2.0;0.8;0.0
163.5;2.9;0.4;0.0
165.0;2.65;1.52;0.0
166.5;2.9;0.6;0.0
168.0;1.15;0.4;0.0
169.5;2.75;1.06;0.0
171.0;3.475;1.52;0.0
172.5;2.15;1.46;0.0
174.0;3.325;1.0;0.0
175.5;3.9;1.6600000000000001;0.0
177.0;4.65;0.6;0.0
178.5;1.825;0.4;0.0
180.0;3.575;0.06;0.0
181.5;4.5;0.4;0.0
183.0;2.825;0.4;0.0
184.5;2.325;0.6;0.0
186.0;2.25;0.2;0.0
187.5;3.075;0.2;0.0
189.0;3.0;0.4;0.0
190.5;3.325;0.4;0.0
192.0;2.9;0.26;0.0
193.5;1.875;1.06;0.0
195.0;2.4;0.2;0.0
196.5;3.8;0.4;0.0
198.0;3.55;1.0;0.0
199.5;0.65;0.26;0.0
201.0;3.55;0.4;0.0
202.5;3.45;0.45999999999999996;0.0
204.0;2.975;1.4;0.0
205.5;2.25;0.2;0.0
207.0;2.5;0.6;0.0
208.5;2.4;0.86;0.0
210.0;2.475;0.26;0.0
211.5;1.075;0.8;0.0
213.0;2.9;0.26;0.0
214.5;3.5;0.4;0.0
216.0;1.9;0.45999999999999996;0.0
217.5;2.125;0.0;0.0
219.0;2.725;1.2;0.0
220.5;2.575;1.4;0.0
222.0;1.9;0.06;0.0
223.5;2.9;0.4;0.0
225.0;2.8;0.8;0.0
226.5;1.575;0.86;0.0
228.0;3.4;0.2;0.0
229.5;2.575;0.4;0.0
231.0;2.325;0.26;0.0
232.5;2.325;0.4;0.0
234.0;2.575;0.6599999999999999;0.0
235.5;2.225;0.4;0.0
237.0;0.825;0.38;0.0
238.5;1.725;0.4;0.0
240.0;3.975;0.86;0.0
241.5;3.15;0.4;0.0
243.0;4.95;0.6599999999999999;0.0
244.5;3.65;1.0;0.0
246.0;0.75;1.26;0.0
247.5;3.65;0.8;0.0
249.0;2.25;0.4;0.0
250.5;3.075;0.45999999999999996;0.0
252.0;2.5;1.0;0.0
253.5;3.3;0.45999999999999996;0.0
255.0;2.9;0.26;0.0
256.5;3.15;0.9199999999999999;0.0
258.0;3.075;0.18;0.0
259.5;1.9;0.4;0.0
261.0;2.575;0.0;0.0
262.5;2.825;0.45999999999999996;0.0
264.0;4.15;0.72;0.0
265.5;3.575;0.6599999999999999;0.0
267.0;2.5;0.4;0.0
268.5;2.4;0.6;0.0
270.0;3.225;0.5199999999999999;0.0
271.5;2.325;1.5799999999999998;0.0
273.0;3.4;0.6599999999999999;0.0
274.5;3.05;0.4;0.0
276.0;2.65;0.26;0.0
277.5;2.5;0.32;0.0
279.0;1.15;0.4;0.0
280.5;2.975;0.32;0.0
282.0;2.9;0.0;0.0
283.5;2.15;0.2;0.0
285.0;2.825;0.26;0.0
286.5;3.9;0.86;0.0
288.0;2.575;0.8;0.0
289.5;2.325;0.6599999999999999;0.0
291.0;3.2;0.12;0.0
292.5;0.825;0.6;0.0
294.0;0.825;0.6;0.0
295.5;2.0;0.6599999999999999;0.0
297.0;3.325;0.8;0.0
298.5;1.875;0.2;0.0
300.0;4.475;0.8;0.0
301.5;3.4;0.6599999999999999;0.0
303.0;1.9;0.86;0.0
304.5;4.475;0.0;0.0
306.0;2.575;0.4;0.0
307.5;2.65;0.6;0.0
309.0;3.225;0.8;0.0
310.5;1.15;0.6;0.0
312.0;2.8;1.0;0.0
313.5;3.55;0.2;0.0
315.0;3.575;0.8;0.0
316.5;2.575;0.26;0.0
318.0;2.075;0.6;0.0
319.5;2.15;1.06;0.0
321.0;3.75;0.45999999999999996;0.0
322.5;2.325;0.26;0.0
324.0;2.9;0.32;0.0
325.5;3.5;0.6;0.0
327.0;3.4;0.6;0.0
328.5;2.575;0.06;0.0
330.0;3.075;0.6;0.0
331.5;4.825;0.8;0.0
333.0;3.475;0.6599999999999999;0.0
334.5;2.9;0.8;0.0
336.0;3.225;0.6599999999999999;0.0
337.5;2.975;0.2;0.0
339.0;2.65;0.8;0.0
340.5;1.225;0.8;0.0
342.0;1.9;0.45999999999999996;0.0
343.5;2.25;0.26;0.0
345.0;2.0;0.45999999999999996;0.0
346.5;5.55;2.2600000000000002;0.0
348.0;2.225;1.06;0.0
349.5;2.5;0.8;0.0
351.0;3.55;0.6;0.0
352.5;1.975;0.0;0.0
354.0;3.825;0.6;0.0
355.5;0.825;0.0;0.0
357.0;2.0;0.2;0.0
358.5;3.05;0.6599999999999999;0.0
360.0;2.325;0.4;0.0
361.5;4.575;0.0;0.0
363.0;2.4;0.26;0.0
364.5;3.9;1.1199999999999999;0.0
366.0;2.9;0.4;0.0
367.5;2.225;0.8;0.0
369.0;2.075;0.5199999999999999;0.0
370.5;3.4;0.8;0.0
372.0;2.475;0.4;0.0
373.5;3.15;1.2;0.0
375.0;3.475;0.45999999999999996;0.0
376.5;1.5;0.6;0.0
378.0;1.25;0.32;0.0
379.5;2.5;1.92;0.0
381.0;2.75;0.4;0.0
382.5;2.825;0.4;0.0
384.0;2.475;0.06;0.0
385.5;2.15;0.12;0.0
387.0;3.15;0.2;0.0
388.5;2.9;0.12;0.0
390.0;3.5;0.2;0.0
391.5;2.55;0.52;0.0
393.0;3.15;0.4;0.0
394.5;1.975;0.8;0.0
396.0;1.75;0.06;0.0
397.5;3.475;0.45999999999999996;0.0
399.0;3.15;0.86;0.0
400.5;4.25;0.4;0.0
402.0;3.5;1.2;0.0
403.5;3.5;2.06;0.0
405.0;2.475;1.1199999999999999;0.0
406.5;0.4;0.4;0.0
408.0;3.3;0.0;0.0
409.5;3.4;0.6;0.0
411.0;2.7;0.12;0.0
412.5;2.725;0.4;0.0
414.0;3.225;0.8;0.0
415.5;2.625;1.6600000000000001;0.0
417.0;2.15;0.45999999999999996;0.0
418.5;3.15;1.0;0.0
420.0;3.9;0.2;0.0
421.5;3.3;0.4;0.0
423.0;2.825;1.0;0.0
424.5;3.875;0.4;0.0
426.0;3.25;0.4;0.0
427.5;2.075;0.8;0.0
429.0;3.3;0.45999999999999996;0.0
430.5;1.65;0.4;0.0
432.0;2.975;1.0;0.0
433.5;3.075;0.6;0.0
435.0;4.075;0.4;0.0
436.5;2.075;1.0;0.0
438.0;4.325;0.0;0.0
439.5;3.4;1.26;0.0
441.0;4.825;0.6;0.0
442.5;1.65;0.4;0.0
444.0;2.575;1.26;0.0
445.5;2.0;0.52;0.0
447.0;4.65;0.6599999999999999;0.0
448.5;3.15;0.9199999999999999;0.0
450.0;4.0;1.52;0.0
451.5;3.15;0.2;0.0
453.0;2.25;0.26;0.0
454.5;1.9;0.6;0.0
456.0;2.3;1.06;0.0
457.5;1.9;0.6599999999999999;0.0
459.0;2.075;1.6;0.0
460.5;0.825;0.4;0.0
462.0;1.5;0.26;0.0
463.5;2.15;0.2;0.0
465.0;3.05;0.4;0.0
466.5;3.4;1.0;0.0
468.0;3.45;0.6599999999999999;0.0
469.5;2.075;0.45999999999999996;0.0
471.0;3.65;0.8;0.0
472.5;4.825;1.2;0.0
474.0;3.475;1.2;0.0
475.5;2.475;0.0;0.0
477.0;0.575;0.32;0.0
478.5;3.325;0.86;0.0
480.0;4.15;0.4;0.0
481.5;0.75;1.0;0.0
483.0;2.65;1.06;0.0
484.5;3.4;0.4;0.0
486.0;4.325;0.06;0.0
487.5;2.2;0.6599999999999999;0.0
489.0;4.725;1.26;0.0
490.5;3.4;0.6599999999999999;0.0
492.0;2.575;0.86;0.0
493.5;5.075;0.26;0.0
495.0;1.8;0.45999999999999996;0.0
496.5;3.0;0.4;0.0
498.0;2.9;1.4;0.0
499.5;4.65;1.26;0.0
501.0;1.625;0.06;0.0
502.5;2.25;1.46;0.0
504.0;2.75;0.4;0.0
505.5;2.75;0.86;0.0
507.0;1.25;0.4;0.0
508.5;2.075;0.86;0.0
510.0;3.7;0.6;0.0
511.5;3.075;0.45999999999999996;0.0
513.0;3.25;0.4;0.0
514.5;2.5;0.4;0.0
516.0;3.325;0.0;0.0
517.5;3.8;0.86;0.0
519.0;5.9;0.0;0.0
520.5;1.575;0.6599999999999999;0.0
522.0;1.825;0.4;0.0
523.5;1.325;0.4;0.0
525.0;3.325;0.4;0.0
526.5;2.975;1.06;0.0
528.0;2.0;0.06;0.0
529.5;2.65;1.06;0.0
531.0;1.825;0.45999999999999996;0.0
532.5;2.0;0.2;0.0
534.0;3.975;0.86;0.0
535.5;3.65;1.4;0.0
537.0;1.225;0.6;0.0
538.5;2.5;0.26;0.0
540.0;3.575;0.2;0.0
541.5;4.4;0.0;0.0
543.0;3.15;0.45999999999999996;0.0
544.5;2.55;1.52;0.0
546.0;2.15;1.06;0.0
547.5;2.45;0.4;0.0
549.0;4.4;1.0;0.0
550.5;3.65;0.18;0.0
552.0;5.25;0.0;0.0
553.5;2.125;0.6;0.0
555.0;1.825;0.8;0.0
556.5;1.4;0.8;0.0
558.0;3.25;1.0;0.0
559.5;2.9;1.1199999999999999;0.0
561.0;4.05;0.72;0.0
562.5;4.0;0.6;0.0
564.0;4.8;0.6;0.0
565.5;4.4;0.2;0.0
567.0;3.65;0.6;0.0
568.5;3.75;1.4;0.0
570.0;5.65;0.2;0.0
571.5;3.825;0.38;0.0
573.0;2.65;0.2;0.0
574.5;3.7;0.2;0.0
576.0;2.075;0.6;0.0
577.5;4.9;0.72;0.0
579.0;3.825;0.52;0.0
580.5;3.075;0.6599999999999999;0.0
582.0;1.5;0.6;0.0
583.5;3.15;0.8;0.0
585.0;3.075;0.8;0.0
586.5;2.325;0.6;0.0
588.0;3.0;0.6;0.0
589.5;1.65;0.32;0.0
591.0;3.4;0.6;0.0
592.5;3.05;2.0;0.0
594.0;4.0;0.06;0.0
595.5;4.825;1.26;0.0
597.0;2.15;0.2;0.0
598.5;2.825;0.86;0.0
600.0;2.4;0.2;0.0
601.5;1.975;1.0;0.0
603.0;1.65;0.2;0.0
604.5;2.5;0.8;0.0
606.0;2.225;0.4;0.0
607.5;3.4;0.6;0.0
609.0;3.65;0.4;0.0
610.5;4.125;0.4;0.0
612.0;2.75;0.06;0.0
613.5;1.975;0.2;0.0
615.0;4.05;0.4;0.0
616.5;1.825;0.2;0.0
618.0;1.15;0.5199999999999999;0.0
619.5;3.725;0.86;0.0
621.0;3.25;0.4;0.0
622.5;2.325;0.2;0.0
624.0;1.5;0.0;0.0
625.5;3.075;0.2;0.0
627.0;1.325;0.72;0.0
628.5;4.075;1.3199999999999998;0.0
630.0;3.725;1.26;0.0
631.5;1.9;0.86;0.0
633.0;3.475;1.2;0.0
634.5;1.825;0.6;0.0
636.0;3.325;0.6599999999999999;0.0
637.5;1.625;0.86;0.0
639.0;1.325;0.4;0.0
640.5;1.825;0.8;0.0
642.0;1.65;0.8;0.0
643.5;3.15;1.0;0.0
645.0;3.15;0.2;0.0
646.5;3.575;0.2;0.0
648.0;2.575;0.4;0.0
649.5;2.725;0.4;0.0
651.0;2.9;0.72;0.0
652.5;2.9;0.4;0.0
654.0;2.4;0.9199999999999999;0.0
655.5;3.5;1.2;0.0
657.0;2.825;1.7200000000000002;0.0
658.5;2.225;0.6;0.0
660.0;2.725;0.45999999999999996;0.0
661.5;2.4;0.6;0.0
663.0;2.55;0.4;0.0
664.5;4.5;0.2;0.0
666.0;3.825;0.6599999999999999;0.0
667.5;3.325;0.2;0.0
669.0;4.5;0.2;0.0
670.5;5.4;0.26;0.0
672.0;2.65;1.2;0.0
673.5;2.325;1.4;0.0
675.0;2.65;1.0;0.0
676.5;2.725;0.06;0.0
678.0;2.325;1.2;0.0
679.5;3.8;0.86;0.0
681.0;3.325;0.0;0.0
682.5;3.475;0.2;0.0
684.0;2.075;0.0;0.0
685.5;2.975;0.8;0.0
687.0;1.75;0.26;0.0
688.5;4.325;0.06;0.0
690.0;2.8;0.6;0.0
691.5;1.55;0.6599999999999999;0.0
693.0;3.225;0.0;0.0
694.5;3.125;0.6;0.0
696.0;2.75;0.4;0.0
697.5;2.5;1.26;0.0
699.0;1.05;0.6;0.0
700.5;3.4;1.0;0.0
702.0;3.05;0.45999999999999996;0.0
703.5;2.7;0.6;0.0
705.0;2.375;0.06;0.0
706.5;4.725;0.6599999999999999;0.0
708.0;4.5;1.06;0.0
709.5;3.625;0.6;0.0
711.0;2.825;0.6599999999999999;0.0
712.5;2.9;0.8;0.0
714.0;2.5;0.6;0.0
715.5;3.0;0.8;0.0
717.0;2.65;1.2;0.0
718.5;2.65;0.6599999999999999;0.0
720.0;3.975;0.2;0.0
721.5;1.8;0.6;0.0
723.0;2.325;0.52;0.0
724.5;3.8;0.26;0.0
726.0;4.325;0.6599999999999999;0.0
727.5;1.825;0.45999999999999996;0.0
729.0;1.725;1.6600000000000001;0.0
730.5;1.65;0.4;0.0
732.0;3.125;0.2;0.0
733.5;1.4;0.4;0.0
735.0;2.325;0.0;0.0
736.5;2.65;0.8;0.0
738.0;2.5;0.0;0.0
739.5;2.075;0.6;0.0
741.0;2.65;0.4;0.0
742.5;2.25;0.2;0.0
744.0;3.7;0.2;0.0
745.5;3.8;0.45999999999999996;0.0
747.0;3.05;0.06;0.0
748.5;2.4;0.2;0.0
750.0;4.075;0.06;0.0
751.5;6.325;0.4;0.0
753.0;3.15;0.4;0.0
754.5;1.4;0.6599999999999999;0.0
756.0;3.15;0.4;0.0
757.5;4.4;0.32;0.0
759.0;3.075;0.4;0.0
760.5;2.225;0.6;0.0
762.0;1.325;0.26;0.0
763.5;1.325;0.86;0.0
765.0;4.15;0.86;0.0
766.5;1.575;1.06;0.0
768.0;3.65;1.26;0.0
769.5;2.9;0.26;0.0
771.0;4.0;0.6599999999999999;0.0
772.5;3.225;0.26;0.0
774.0;3.65;0.8;0.0
775.5;5.575;0.6;0.0
777.0;4.55;0.0;0.0
778.5;3.9;0.26;0.0
780.0;2.65;0.0;0.0
781.5;2.4;1.0;0.0
783.0;2.325;1.2;0.0
784.5;4.9;1.6600000000000001;0.0
786.0;3.65;0.06;0.0
787.5;3.9;0.4;0.0
789.0;2.65;0.86;0.0
790.5;2.8;0.12;0.0
792.0;1.325;0.6;0.0
793.5;1.75;0.4;0.0
795.0;1.475;0.8;0.0
796.5;2.4;0.6;0.0
798.0;1.9;0.26;0.0
799.5;3.575;1.2;0.0
801.0;3.225;0.45999999999999996;0.0
802.5;1.975;0.26;0.0
804.0;3.4;0.6;0.0
805.5;2.4;0.06;0.0
807.0;1.725;0.2;0.0
808.5;3.825;0.86;0.0
810.0;2.25;0.4;0.0
811.5;2.975;0.4;0.0
813.0;3.0;1.46;0.0
814.5;4.575;0.6;0.0
816.0;1.575;0.26;0.0
817.5;0.9;0.4;0.0
819.0;4.325;0.86;0.0
820.5;3.3;0.6;0.0
822.0;3.75;0.2;0.0
823.5;3.725;0.8;0.0
825.0;3.225;0.7799999999999999;0.0
826.5;2.075;0.26;0.0
828.0;2.4;1.0;0.0
829.5;2.575;0.86;0.0
831.0;1.65;0.45999999999999996;0.0
832.5;3.325;0.0;0.0
834.0;2.65;0.4;0.0
835.5;2.25;0.6;0.0
837.0;2.65;1.0;0.0
838.5;2.15;0.2;0.0
840.0;3.05;0.26;0.0
841.5;3.55;1.2;0.0
843.0;1.975;0.6599999999999999;0.0
844.5;1.625;0.4;0.0
846.0;2.475;0.06;0.0
847.5;1.15;1.0;0.0
849.0;3.575;0.32;0.0
850.5;2.075;0.4;0.0
852.0;2.15;0.6599999999999999;0.0
853.5;4.0;0.06;0.0
855.0;7.15;0.2;0.0
856.5;2.65;0.8;0.0
858.0;3.0;0.12;0.0
859.5;1.25;1.4;0.0
861.0;3.4;0.0;0.0
862.5;1.75;1.2;0.0
864.0;2.8;0.2;0.0
865.5;3.25;0.45999999999999996;0.0
867.0;3.375;0.2;0.0
868.5;2.575;0.12;0.0
870.0;5.15;0.2;0.0
871.5;4.05;0.2;0.0
873.0;2.9;1.0;0.0
874.5;1.475;0.0;0.0
876.0;1.5;0.6;0.0
877.5;4.125;0.2;0.0
879.0;3.15;1.72;0.0
880.5;2.325;0.78;0.0
882.0;3.325;0.45999999999999996;0.0
883.5;1.975;0.12;0.0
885.0;4.65;0.8;0.0
886.5;3.975;1.8;0.0
888.0;5.725;0.12;0.0
889.5;3.575;1.0;0.0
891.0;2.75;0.6;0.0
892.5;2.975;1.2;0.0
894.0;2.475;1.2;0.0
895.5;2.975;0.4;0.0
897.0;2.0;0.0;0.0
898.5;1.475;1.6;0.0
900.0;2.65;0.6;0.0
901.5;2.625;0.5199999999999999;0.0
903.0;2.25;0.6;0.0
904.5;2.075;0.2;0.0
906.0;1.05;0.86;0.0
907.5;2.825;0.2;0.0
909.0;2.575;0.86;0.0
910.5;1.0;0.8;0.0
912.0;4.4;0.6;0.0
913.5;3.325;1.0;0.0
915.0;1.15;0.6599999999999999;0.0
916.5;2.5;0.6599999999999999;0.0
918.0;3.375;0.4;0.0
919.5;3.05;0.6;0.0
921.0;3.225;0.6599999999999999;0.0
922.5;3.325;0.2;0.0
924.0;2.825;0.5199999999999999;0.0
925.5;2.725;1.2;0.0
927.0;3.725;0.6;0.0
928.5;0.5;1.06;0.0
930.0;2.825;0.6;0.0
931.5;1.15;0.45999999999999996;0.0
933.0;2.075;0.45999999999999996;0.0
934.5;1.325;0.4;0.0
936.0;2.25;1.18;0.0
937.5;2.9;0.18;0.0
939.0;4.15;0.72;0.0
940.5;3.25;0.06;0.0
942.0;1.475;0.6599999999999999;0.0
943.5;1.9;0.4;0.0
945.0;2.325;0.4;0.0
946.5;2.475;0.6599999999999999;0.0
948.0;2.9;0.86;0.0
949.5;1.95;0.86;0.0
951.0;3.65;1.4;0.0
952.5;4.15;0.4;0.0
954.0;3.0;0.6599999999999999;0.0
955.5;3.575;0.4;0.0
957.0;2.975;0.6;0.0
958.5;1.575;0.6599999999999999;0.0
960.0;3.4;0.06;0.0
961.5;4.15;0.8;0.0
963.0;4.575;0.45999999999999996;0.0
964.5;2.15;0.6;0.0
966.0;3.5;0.5199999999999999;0.0
967.5;3.05;0.6;0.0
969.0;2.325;1.18;0.0
970.5;3.825;0.2;0.0
972.0;0.4;0.4;0.0
973.5;2.15;1.8;0.0
975.0;2.15;0.8;0.0
976.5;4.075;1.0;0.0
978.0;4.0;0.8;0.0
979.5;2.65;0.32;0.0
981.0;2.15;0.45999999999999996;0.0
982.5;1.25;0.6;0.0
984.0;1.575;0.6;0.0
985.5;3.075;0.2;0.0
987.0;4.3;0.2;0.0
988.5;3.15;0.2;0.0
990.0;2.9;0.6599999999999999;0.0
991.5;1.55;1.06;0.0
993.0;2.0;0.86;0.0
994.5;3.075;1.06;0.0
996.0;4.325;0.12;0.0
997.5;2.5;0.8;0.0
999.0;1.975;0.0;0.0
1000.5;3.625;0.0;0.0
1002.0;2.75;1.46;0.0
1003.5;4.975;0.6;0.0
1005.0;2.15;0.8;0.0
1006.5;1.575;0.86;0.0
1008.0;3.575;1.0;0.0
1009.5;1.65;0.4;0.0
1011.0;2.075;0.6;0.0
1012.5;4.15;0.26;0.0
1014.0;2.05;0.2;0.0
1015.5;2.075;0.86;0.0
1017.0;2.725;0.6;0.0
1018.5;3.125;0.72;0.0
1020.0;3.225;1.46;0.0
1021.5;3.25;0.2;0.0
1023.0;1.65;0.4;0.0
1024.5;3.65;0.0;0.0
1026.0;3.4;0.4;0.0
1027.5;2.65;0.0;0.0
1029.0;2.5;0.8;0.0
1030.5;2.4;0.86;0.0
1032.0;1.225;0.32;0.0
1033.5;3.9;0.4;0.0
1035.0;4.325;0.58;0.0
1036.5;2.55;0.4;0.0
1038.0;3.45;0.4;0.0
1039.5;0.975;1.26;0.0
1041.0;2.5;1.06;0.0
1042.5;1.975;0.12;0.0
1044.0;2.825;0.86;0.0
1045.5;3.25;0.0;0.0
1047.0;1.65;0.4;0.0
1048.5;1.575;0.2;0.0
1050.0;2.65;1.0;0.0
1051.5;2.25;0.26;0.0
1053.0;1.8;0.8;0.0
1054.5;1.15;0.4;0.0
1056.0;4.95;0.0;0.0
1057.5;3.325;0.8;0.0
1059.0;3.4;0.2;0.0
1060.5;2.325;1.0;0.0
1062.0;2.975;0.86;0.0
1063.5;4.3;0.6;0.0
1065.0;2.575;0.6;0.0
1066.5;2.3;1.2;0.0
1068.0;2.65;1.46;0.0
1069.5;3.075;1.06;0.0
1071.0;1.975;0.2;0.0
1072.5;2.55;0.8;0.0
1074.0;1.575;0.4;0.0
1075.5;2.75;1.46;0.0
1077.0;2.25;0.2;0.0
1078.5;3.3;0.8;0.0
1080.0;2.575;0.06;0.0
1081.5;3.3;0.9199999999999999;0.0
1083.0;2.575;0.45999999999999996;0.0
1084.5;2.475;0.6;0.0
1086.0;1.325;0.86;0.0
1087.5;3.3;1.06;0.0
1089.0;2.15;0.8;0.0
1090.5;2.825;0.6;0.0
1092.0;3.25;0.4;0.0
1093.5;2.8;0.4;0.0
1095.0;3.575;0.6;0.0
1096.5;1.825;0.45999999999999996;0.0
1098.0;3.575;1.6;0.0
1099.5;2.975;0.4;0.0
1101.0;1.7;0.26;0.0
1102.5;2.325;0.6;0.0
1104.0;2.9;0.12;0.0
1105.5;3.4;1.0;0.0
1107.0;3.225;0.4;0.0
1108.5;3.225;0.26;0.0
1110.0;1.65;0.26;0.0
1111.5;3.4;0.0;0.0
1113.0;3.9;1.06;0.0
1114.5;2.825;0.8;0.0
1116.0;3.25;0.45999999999999996;0.0
1117.5;1.15;0.86;0.0
1119.0;2.575;0.0;0.0
1120.5;2.75;1.1199999999999999;0.0
1122.0;3.4;1.0;0.0
1123.5;3.65;0.6;0.0
1125.0;1.5;1.4;0.0
1126.5;3.825;0.2;0.0
1128.0;3.225;0.8;0.0
1129.5;4.25;0.6;0.0
1131.0;3.725;0.6;0.0
1132.5;4.9;0.2;0.0
1134.0;3.9;0.06;0.0
1135.5;3.5;0.4;0.0
1137.0;1.575;1.4;0.0
1138.5;3.575;1.0;0.0
1140.0;2.4;0.6;0.0
1141.5;2.5;0.4;0.0
1143.0;1.95;0.0;0.0
1144.5;2.55;1.0;0.0
1146.0;2.825;0.9199999999999999;0.0
1147.5;3.75;0.45999999999999996;0.0
1149.0;2.975;0.4;0.0
1150.5;2.975;0.26;0.0
1152.0;3.225;0.4;0.0
1153.5;4.225;0.72;0.0
1155.0;3.225;0.86;0.0
1156.5;3.4;0.0;0.0
1158.0;2.15;1.06;0.0
1159.5;2.25;0.6;0.0
1161.0;2.825;0.45999999999999996;0.0
1162.5;5.15;0.86;0.0
1164.0;3.15;1.0;0.0
1165.5;2.725;0.32;0.0
1167.0;2.4;0.2;0.0
1168.5;2.75;0.86;0.0
1170.0;1.75;0.0;0.0
1171.5;2.475;0.45999999999999996;0.0
1173.0;3.75;0.86;0.0
1174.5;5.0;0.4;0.0
1176.0;5.25;0.45999999999999996;0.0
1177.5;1.325;1.4;0.0
1179.0;3.65;0.6599999999999999;0.0
1180.5;3.325;0.2;0.0
1182.0;2.075;0.32;0.0
1183.5;4.8;0.6599999999999999;0.0
1185.0;5.125;0.6599999999999999;0.0
1186.5;1.825;0.45999999999999996;0.0
1188.0;4.15;0.2;0.0
1189.5;5.25;1.06;0.0
1191.0;3.65;0.2;0.0
1192.5;2.825;0.8;0.0
1194.0;2.65;0.6;0.0
1195.5;4.4;0.26;0.0
1197.0;2.8;0.06;0.0
1198.5;2.725;0.6599999999999999;0.0
1200.0;3.075;0.6;0.0
1201.5;4.225;0.6;0.0
1203.0;2.4;0.6;0.0
1204.5;4.725;0.8;0.0
1206.0;2.975;1.26;0.0
1207.5;1.575;0.6;0.0
1209.0;1.65;0.8;0.0
1210.5;3.225;0.0;0.0
1212.0;2.4;1.4;0.0
1213.5;4.325;1.2;0.0
1215.0;2.125;1.06;0.0
1216.5;4.225;0.0;0.0
1218.0;2.65;0.45999999999999996;0.0
1219.5;2.65;0.86;0.0
1221.0;3.225;1.86;0.0
1222.5;2.575;0.4;0.0
1224.0;2.4;0.8;0.0
1225.5;1.475;0.0;0.0
1227.0;2.575;0.45999999999999996;0.0
1228.5;3.075;0.0;0.0
1230.0;3.0;0.6;0.0
1231.5;2.325;0.26;0.0
1233.0;3.225;0.06;0.0
1234.5;1.75;0.6;0.0
1236.0;4.225;0.6599999999999999;0.0
1237.5;3.4;0.4;0.0
1239.0;5.325;0.6;0.0
1240.5;4.0;0.6599999999999999;0.0
1242.0;4.325;0.2;0.0
1243.5;4.725;0.4;0.0
1245.0;4.3;0.6599999999999999;0.0
1246.5;5.25;0.8;0.0
1248.0;2.65;0.45999999999999996;0.0
1249.5;3.75;0.86;0.0
1251.0;3.15;0.06;0.0
1252.5;2.5;0.0;0.0
1254.0;2.575;0.6;0.0
1255.5;3.325;0.38;0.0
1257.0;3.75;0.45999999999999996;0.0
1258.5;1.4;0.6599999999999999;0.0
1260.0;2.4;0.4;0.0
1261.5;3.65;0.26;0.0
1263.0;5.0;0.8;0.0
1264.5;2.5;0.45999999999999996;0.0
1266.0;0.9;0.2;0.0
1267.5;4.725;0.86;0.0
1269.0;3.15;0.26;0.0
1270.5;3.65;0.4;0.0
1272.0;3.15;1.0;0.0
1273.5;5.575;0.4;0.0
1275.0;3.475;0.2;0.0
1276.5;1.65;1.0;0.0
1278.0;6.225;0.6;0.0
1279.5;4.825;0.26;0.0
1281.0;4.3;1.2;0.0
1282.5;3.825;0.26;0.0
1284.0;3.55;0.72;0.0
1285.5;1.725;0.06;0.0
1287.0;1.075;0.8;0.0
1288.5;3.15;0.8;0.0
1290.0;3.075;1.2;0.0
1291.5;5.075;0.4;0.0
1293.0;3.725;0.6;0.0
1294.5;2.575;0.6;0.0
1296.0;3.325;0.6;0.0
1297.5;2.825;0.2;0.0
1299.0;4.45;0.6;0.0
1300.5;1.325;1.2;0.0
1302.0;1.325;0.6599999999999999;0.0
1303.5;2.05;1.46;0.0
1305.0;2.325;0.6;0.0
1306.5;3.9;0.06;0.0
1308.0;3.75;0.6599999999999999;0.0
1309.5;2.825;0.9199999999999999;0.0
1311.0;3.475;0.6;0.0
1312.5;3.3;0.86;0.0
1314.0;1.05;0.8;0.0
1315.5;1.05;0.0;0.0
1317.0;2.225;0.4;0.0
1318.5;2.225;1.4;0.0
1320.0;5.325;0.45999999999999996;0.0
1321.5;3.3;0.0;0.0
1323.0;3.475;1.06;0.0
1324.5;3.575;0.86;0.0
1326.0;4.325;0.2;0.0
1327.5;3.225;1.26;0.0
1329.0;2.05;0.2;0.0
1330.5;2.225;0.5199999999999999;0.0
1332.0;2.075;0.26;0.0
1333.5;1.575;0.6;0.0
1335.0;1.15;0.8;0.0
1336.5;1.9;0.0;0.0
1338.0;2.9;0.8;0.0
1339.5;3.825;0.0;0.0
1341.0;6.65;1.0;0.0
1342.5;2.825;0.6;0.0
1344.0;2.325;0.45999999999999996;0.0
1345.5;1.65;0.45999999999999996;0.0
1347.0;2.475;0.6;0.0
1348.5;1.725;0.6599999999999999;0.0
1350.0;2.825;0.2;0.0
1351.5;2.325;0.86;0.0
1353.0;3.325;0.4;0.0
1354.5;2.3;0.6;0.0
1356.0;1.825;1.26;0.0
1357.5;3.075;0.4;0.0
1359.0;2.225;0.86;0.0
1360.5;4.225;0.6;0.0
1362.0;2.325;1.2;0.0
1363.5;3.4;0.52;0.0
1365.0;2.475;0.45999999999999996;0.0
1366.5;2.65;0.26;0.0
1368.0;4.65;0.6;0.0
1369.5;2.475;1.06;0.0
1371.0;1.9;0.0;0.0
1372.5;1.325;0.8;0.0
1374.0;2.15;0.72;0.0
1375.5;1.25;0.5199999999999999;0.0
1377.0;3.325;0.6;0.0
1378.5;3.65;0.2;0.0
1380.0;0.975;0.8;0.0
1381.5;4.225;1.3199999999999998;0.0
1383.0;3.125;0.6599999999999999;0.0
1384.5;2.825;0.0;0.0
1386.0;2.9;0.45999999999999996;0.0
1387.5;2.9;0.4;0.0
1389.0;2.725;0.6;0.0
1390.5;2.075;2.06;0.0
1392.0;1.575;0.2;0.0
1393.5;2.725;0.45999999999999996;0.0
1395.0;2.075;1.6;0.0
1396.5;2.325;0.86;0.0
1398.0;2.325;0.2;0.0
1399.5;2.825;0.26;0.0
1401.0;2.75;0.6;0.0
1402.5;3.075;0.4;0.0
1404.0;2.375;0.6599999999999999;0.0
1405.5;2.4;0.8;0.0
1407.0;0.725;0.45999999999999996;0.0
1408.5;2.475;1.2;0.0
1410.0;2.25;1.0;0.0
1411.5;2.05;0.2;0.0
1413.0;2.975;0.52;0.0
1414.5;1.225;0.6599999999999999;0.0
1416.0;2.225;0.6;0.0
1417.5;3.075;1.2;0.0
1419.0;2.975;0.2;0.0
1420.5;1.725;0.4;0.0
1422.0;3.075;0.72;0.0
1423.5;1.9;0.26;0.0
1425.0;2.15;0.8;0.0
1426.5;1.325;0.2;0.0
1428.0;2.9;0.2;0.0
1429.5;3.15;0.6;0.0
1431.0;2.5;1.86;0.0
1432.5;4.725;0.45999999999999996;0.0
1434.0;3.575;0.9199999999999999;0.0
1435.5;2.25;0.86;0.0
1437.0;3.225;1.26;0.0
1438.5;4.575;0.6599999999999999;0.0
1440.0;3.575;0.2;0.0
1441.5;4.325;0.8;0.0
1443.0;3.3;0.6;0.0
1444.5;3.75;0.45999999999999996;0.0
1446.0;3.55;0.72;0.0
1447.5;2.15;0.26;0.0
1449.0;3.475;0.2;0.0
1450.5;2.95;0.6599999999999999;0.0
1452.0;2.65;0.06;0.0
1453.5;3.15;1.26;0.0
1455.0;4.15;0.6;0.0
1456.5;4.225;0.4;0.0
1458.0;4.325;0.26;0.0
1459.5;2.225;1.06;0.0
1461.0;3.225;0.0;0.0
1462.5;2.875;2.06;0.0
1464.0;2.475;0.06;0.0
1465.5;2.975;1.0;0.0
1467.0;3.975;1.0;0.0
1468.5;2.15;1.2;0.0
1470.0;1.25;0.6599999999999999;0.0
1471.5;3.4;1.06;0.0
1473.0;4.4;0.8;0.0
1474.5;2.975;0.32;0.0
1476.0;3.475;0.4;0.0
1477.5;2.8;0.9199999999999999;0.0
1479.0;4.65;1.06;0.0
1480.5;3.975;0.6;0.0
1482.0;0.65;0.4;0.0
1483.5;2.65;0.8;0.0
1485.0;1.875;0.0;0.0
1486.5;2.725;1.46;0.0
1488.0;2.8;1.1199999999999999;0.0
1489.5;3.575;1.06;0.0
1491.0;5.975;1.06;0.0
1492.5;3.025;0.2;0.0
1494.0;2.55;1.46;0.0
1495.5;1.825;0.26;0.0
1497.0;2.4;0.4;0.0
1498.5;3.25;0.86;0.0
1500.0;2.075;0.45999999999999996;0.0
1501.5;2.5;1.2;0.0
1503.0;3.25;0.45999999999999996;0.0
1504.5;2.825;1.46;0.0
1506.0;3.075;0.2;0.0
1507.5;4.4;0.8;0.0
1509.0;2.725;0.0;0.0
1510.5;3.475;0.2;0.0
1512.0;1.75;1.4;0.0
1513.5;1.875;0.4;0.0
1515.0;1.575;2.0;0.0
1516.5;4.225;0.4;0.0
1518.0;2.4;0.6;0.0
1519.5;2.8;0.2;0.0
1521.0;2.575;0.2;0.0
1522.5;2.9;0.72;0.0
1524.0;3.225;0.86;0.0
1525.5;2.825;0.8;0.0
1527.0;4.15;1.2;0.0
1528.5;3.3;0.8;0.0
1530.0;3.475;0.6599999999999999;0.0
1531.5;2.5;0.6599999999999999;0.0
1533.0;1.975;0.4;0.0
1534.5;3.15;0.6;0.0
1536.0;3.25;1.06;0.0
1537.5;3.225;0.0;0.0
1539.0;2.75;1.3199999999999998;0.0
1540.5;2.8;0.2;0.0
1542.0;4.475;0.6;0.0
1543.5;2.075;0.0;0.0
1545.0;3.05;1.4;0.0
1546.5;2.4;0.4;0.0
1548.0;0.25;1.4;0.0
1549.5;1.4;1.2;0.0
1551.0;2.225;0.8;0.0
1552.5;2.225;0.6;0.0
1554.0;1.45;1.4;0.0
1555.5;4.4;0.06;0.0
1557.0;2.575;0.6599999999999999;0.0
1558.5;3.15;0.6;0.0
1560.0;2.225;0.45999999999999996;0.0
1561.5;2.55;0.2;0.0
1563.0;5.4;0.6;0.0
1564.5;1.75;0.6599999999999999;0.0
1566.0;3.825;0.86;0.0
1567.5;3.225;0.6;0.0
1569.0;2.325;0.2;0.0
1570.5;4.0;1.26;0.0
1572.0;4.4;0.4;0.0
1573.5;2.75;1.06;0.0
1575.0;3.825;0.6599999999999999;0.0
1576.5;2.65;0.6599999999999999;0.0
1578.0;3.4;0.06;0.0
1579.5;5.475;0.2;0.0
1581.0;4.4;0.9799999999999999;0.0
1582.5;2.075;0.32;0.0
1584.0;4.325;2.2600000000000002;0.0
1585.5;3.075;0.26;0.0
1587.0;3.65;0.6;0.0
1588.5;2.9;0.8;0.0
1590.0;2.0;0.6599999999999999;0.0
1591.5;2.5;0.2;0.0
1593.0;3.4;0.2;0.0
1594.5;4.9;0.6599999999999999;0.0
1596.0;3.325;1.4;0.0
1597.5;1.575;0.2;0.0
1599.0;3.325;0.5199999999999999;0.0
1600.5;2.325;1.2;0.0
1602.0;2.9;0.6599999999999999;0.0
1603.5;5.55;0.2;0.0
1605.0;3.575;1.06;0.0
1606.5;3.25;0.4;0.0
1608.0;0.75;0.12;0.0
1609.5;3.25;0.45999999999999996;0.0
1611.0;1.25;0.0;0.0
1612.5;2.0;0.26;0.0
1614.0;2.9;0.6;0.0
1615.5;2.15;1.06;0.0
1617.0;2.825;1.1199999999999999;0.0
1618.5;3.325;0.0;0.0
1620.0;4.975;0.6;0.0
1621.5;4.15;0.4;0.0
1623.0;2.15;0.6599999999999999;0.0
1624.5;1.0;0.86;0.0
1626.0;2.975;0.0;0.0
1627.5;2.4;0.2;0.0
1629.0;4.475;0.2;0.0
1630.5;3.05;0.4;0.0
1632.0;2.15;0.6;0.0
1633.5;3.55;1.0;0.0
1635.0;3.2;1.26;0.0
1636.5;2.575;0.4;0.0
1638.0;1.575;1.26;0.0
1639.5;0.725;0.26;0.0
1641.0;2.0;0.32;0.0
1642.5;2.9;0.2;0.0
1644.0;3.975;1.2;0.0
1645.5;2.0;0.45999999999999996;0.0
1647.0;3.4;0.8;0.0
1648.5;3.25;0.2;0.0
1650.0;3.325;0.2;0.0
1651.5;2.975;1.0;0.0
1653.0;3.15;0.8;0.0
1654.5;2.05;0.6;0.0
1656.0;3.225;0.86;0.0
1657.5;5.05;0.2;0.0
1659.0;4.15;1.2;0.0
1660.5;4.325;0.6;0.0
1662.0;2.375;0.12;0.0
1663.5;2.75;1.4;0.0
1665.0;2.725;0.32;0.0
1666.5;2.75;0.06;0.0
1668.0;3.225;0.5199999999999999;0.0
1669.5;2.75;0.5199999999999999;0.0
1671.0;3.125;0.6;0.0
1672.5;3.4;0.06;0.0
1674.0;3.0;0.0;0.0
1675.5;2.325;0.2;0.0
1677.0;5.725;0.2;0.0
1678.5;3.65;1.0;0.0
1680.0;3.15;0.2;0.0
1681.5;4.05;0.8;0.0
1683.0;1.05;0.6;0.0
1684.5;1.125;0.8;0.0
1686.0;2.8;0.2;0.0
1687.5;3.25;0.6;0.0
1689.0;1.825;0.6599999999999999;0.0
1690.5;3.15;0.2;0.0
1692.0;2.4;1.6600000000000001;0.0
1693.5;2.75;0.45999999999999996;0.0
1695.0;1.075;0.45999999999999996;0.0
1696.5;2.575;1.6;0.0
1698.0;4.225;1.0;0.0
1699.5;4.9;1.2;0.0
1701.0;4.4;0.2;0.0
1702.5;3.575;0.86;0.0
1704.0;0.825;0.4;0.0
1705.5;1.975;0.06;0.0
1707.0;2.475;0.32;0.0
1708.5;2.225;0.32;0.0
1710.0;1.725;0.0;0.0
1711.5;2.4;0.2;0.0
1713.0;3.125;1.2;0.0
1714.5;3.325;0.45999999999999996;0.0
1716.0;3.475;0.26;0.0
1717.5;2.325;0.0;0.0
1719.0;2.65;0.45999999999999996;0.0
1720.5;1.825;0.2;0.0
1722.0;2.725;0.86;0.0
1723.5;2.825;0.2;0.0
1725.0;3.075;0.2;0.0
1726.5;0.825;0.8;0.0
1728.0;1.825;0.6;0.0
1729.5;4.05;0.4;0.0
1731.0;3.05;0.72;0.0
1732.5;3.9;0.4;0.0
1734.0;2.9;1.6;0.0
1735.5;1.475;0.0;0.0
1737.0;0.975;0.0;0.0
1738.5;1.9;0.8;0.0
1740.0;1.9;0.4;0.0
1741.5;1.75;0.4;0.0
1743.0;3.65;0.4;0.0
1744.5;2.825;0.8;0.0
1746.0;3.0;0.2;0.0
1747.5;4.05;0.26;0.0
1749.0;3.15;0.0;0.0
1750.5;1.9;0.45999999999999996;0.0
1752.0;3.075;0.45999999999999996;0.0
1753.5;2.075;0.86;0.0
1755.0;4.4;1.6600000000000001;0.0
1756.5;3.5;1.46;0.0
1758.0;5.15;1.2;0.0
1759.5;3.15;0.26;0.0
1761.0;2.65;0.2;0.0
1762.5;2.475;2.0;0.0
1764.0;3.825;0.0;0.0
1765.5;2.65;1.9200000000000004;0.0
1767.0;4.075;1.8;0.0
1768.5;2.725;0.86;0.0
1770.0;2.4;1.1199999999999999;0.0
1771.5;2.25;0.0;0.0
1773.0;2.825;1.46;0.0
1774.5;2.575;0.45999999999999996;0.0
1776.0;3.15;0.6599999999999999;0.0
1777.5;2.15;1.26;0.0
1779.0;2.9;0.6;0.0
1780.5;3.575;0.26;0.0
1782.0;2.5;0.6;0.0
1783.5;3.075;0.6;0.0
1785.0;2.25;0.45999999999999996;0.0
1786.5;3.975;0.58;0.0
1788.0;4.725;0.86;0.0
1789.5;2.325;0.6;0.0
1791.0;2.8;0.8;0.0
1792.5;2.9;0.0;0.0
1794.0;3.25;0.4;0.0
1795.5;2.15;0.4;0.0
1797.0;2.475;1.8;0.0
1798.5;2.225;0.2;0.0
1800.0;0.825;0.4;0.0
1801.5;2.575;1.86;0.0
1803.0;2.725;0.5199999999999999;0.0
1804.5;2.075;0.06;0.0
1806.0;2.65;0.6599999999999999;0.0
1807.5;1.725;0.8;0.0
1809.0;2.65;1.0;0.0
1810.5;2.4;1.1199999999999999;0.0
1812.0;2.55;1.2;0.0
1813.5;3.325;0.6;0.0
1815.0;1.5;0.4;0.0
1816.5;3.725;0.0;0.0
1818.0;2.075;0.0;0.0
1819.5;3.15;0.8;0.0
1821.0;3.15;1.2;0.0
1822.5;1.9;1.52;0.0
1824.0;2.375;0.2;0.0
1825.5;2.4;0.4;0.0
1827.0;4.75;0.0;0.0
1828.5;2.475;0.0;0.0
1830.0;3.225;0.6;0.0
1831.5;3.25;0.8;0.0
1833.0;3.875;0.6;0.0
1834.5;2.225;0.26;0.0
1836.0;1.975;0.8;0.0
1837.5;2.475;0.0;0.0
1839.0;2.575;0.6;0.0
1840.5;1.9;1.46;0.0
1842.0;2.475;0.4;0.0
1843.5;4.475;0.4;0.0
1845.0;3.3;1.8;0.0
1846.5;3.075;0.2;0.0
1848.0;4.075;0.26;0.0
1849.5;2.225;0.2;0.0
1851.0;3.15;1.8;0.0
1852.5;1.075;0.2;0.0
1854.0;2.05;0.8;0.0
1855.5;1.9;1.0;0.0
1857.0;3.825;0.2;0.0
1858.5;3.725;0.4;0.0
1860.0;3.25;0.6;0.0
1861.5;3.725;0.8;0.0
1863.0;4.0;1.0;0.0
1864.5;2.15;0.8;0.0
1866.0;1.4;0.6599999999999999;0.0
1867.5;2.575;0.6;0.0
1869.0;2.95;0.4;0.0
1870.5;3.4;0.6;0.0
1872.0;2.8;0.6599999999999999;0.0
1873.5;2.475;0.4;0.0
1875.0;3.4;0.8;0.0
1876.5;5.225;0.4;0.0
1878.0;1.225;0.0;0.0
1879.5;3.225;1.3199999999999998;0.0
1881.0;4.075;0.6;0.0
1882.5;3.75;0.2;0.0
1884.0;5.15;0.26;0.0
1885.5;2.575;0.6;0.0
1887.0;1.9;0.26;0.0
1888.5;1.75;0.4;0.0
1890.0;3.075;0.45999999999999996;0.0
1891.5;2.8;0.45999999999999996;0.0
1893.0;1.4;0.06;0.0
1894.5;4.65;1.4;0.0
1896.0;1.4;0.45999999999999996;0.0
1897.5;0.975;0.45999999999999996;0.0
1899.0;2.575;0.45999999999999996;0.0
1900.5;3.725;0.6;0.0
1902.0;4.725;0.6599999999999999;0.0
1903.5;5.4;0.4;0.0
1905.0;3.825;0.4;0.0
1906.5;3.0;0.6599999999999999;0.0
1908.0;3.725;0.0;0.0
1909.5;4.3;1.4;0.0
1911.0;2.325;1.52;0.0
1912.5;1.075;0.2;0.0
1914.0;2.325;0.86;0.0
1915.5;2.05;0.4;0.0
1917.0;0.75;1.92;0.0
1918.5;4.125;0.6;0.0
1920.0;2.65;0.6599999999999999;0.0
1921.5;2.4;2.0;0.0
1923.0;5.225;0.06;0.0
1924.5;2.3;1.0;0.0
1926.0;2.575;0.86;0.0
1927.5;3.4;0.32;0.0
1929.0;3.25;0.8;0.0
1930.5;3.65;0.45999999999999996;0.0
1932.0;2.0;0.5199999999999999;0.0
1933.5;1.825;1.26;0.0
1935.0;4.3;0.8;0.0
1936.5;6.05;0.2;0.0
1938.0;4.65;0.5199999999999999;0.0
1939.5;3.475;1.06;0.0
1941.0;4.075;0.86;0.0
1942.5;3.075;0.6599999999999999;0.0
1944.0;0.65;0.12;0.0
1945.5;1.65;1.06;0.0
1947.0;1.4;1.06;0.0
1948.5;2.125;0.26;0.0
1950.0;3.65;1.2;0.0
1951.5;2.0;0.12;0.0
1953.0;2.475;0.9199999999999999;0.0
1954.5;2.9;2.2600000000000002;0.0
1956.0;1.575;0.8;0.0
1957.5;1.825;0.4;0.0
1959.0;2.0;0.6;0.0
1960.5;2.225;0.32;0.0
1962.0;1.975;0.9799999999999999;0.0
1963.5;3.075;0.8;0.0
1965.0;2.9;0.4;0.0
1966.5;2.9;0.6599999999999999;0.0
1968.0;1.4;0.6599999999999999;0.0
1969.5;1.9;0.45999999999999996;0.0
1971.0;2.4;0.8;0.0
1972.5;2.475;1.9200000000000004;0.0
1974.0;2.075;0.0;0.0
1975.5;3.075;0.4;0.0
1977.0;1.8;0.45999999999999996;0.0
1978.5;3.725;0.6;0.0
1980.0;4.325;0.72;0.0
1981.5;3.4;1.0;0.0
1983.0;3.3;0.4;0.0
1984.5;2.225;0.06;0.0
1986.0;3.65;0.6;0.0
1987.5;3.8;0.26;0.0
1989.0;4.0;0.9199999999999999;0.0
1990.5;2.5;0.6;0.0
1992.0;2.075;0.86;0.0
1993.5;3.325;0.45999999999999996;0.0
1995.0;3.55;0.06;0.0
1996.5;1.3;0.8;0.0
1998.0;1.975;0.86;0.0
1999.5;2.575;0.86;0.0
2001.0;1.875;1.1199999999999999;0.0
2002.5;1.4;0.0;0.0
2004.0;3.65;0.2;0.0
2005.5;4.05;1.06;0.0
2007.0;1.75;0.0;0.0
2008.5;2.575;0.86;0.0
2010.0;3.225;1.06;0.0
2011.5;3.9;0.26;0.0
2013.0;2.825;1.2;0.0
2014.5;4.15;0.45999999999999996;0.0
2016.0;5.3;1.4;0.0
2017.5;2.15;0.6;0.0
2019.0;1.225;0.0;0.0
2020.5;2.4;0.26;0.0
2022.0;2.55;0.4;0.0
2023.5;1.825;1.06;0.0
2025.0;2.725;0.45999999999999996;0.0
2026.5;3.3;1.2;0.0
2028.0;2.325;1.6600000000000001;0.0
2029.5;4.15;0.32;0.0
2031.0;1.65;0.26;0.0
2032.5;2.725;1.2;0.0
2034.0;2.0;0.4;0.0
2035.5;4.65;0.2;0.0
2037.0;4.325;0.06;0.0
2038.5;3.05;0.8;0.0
2040.0;2.325;1.8;0.0
2041.5;4.05;0.6;0.0
2043.0;4.55;1.06;0.0
2044.5;5.325;1.6600000000000001;0.0
2046.0;3.575;0.2;0.0
2047.5;5.65;0.6599999999999999;0.0
2049.0;1.25;1.26;0.0
2050.5;1.65;0.4;0.0
2052.0;3.65;1.06;0.0
2053.5;1.65;0.5199999999999999;0.0
2055.0;2.575;0.4;0.0
2056.5;3.725;0.4;0.0
2058.0;3.075;0.8;0.0
2059.5;4.05;0.8;0.0
2061.0;3.8;1.0;0.0
2062.5;3.475;0.4;0.0
2064.0;2.825;1.38;0.0
2065.5;1.825;0.0;0.0
2067.0;2.325;0.2;0.0
2068.5;3.625;1.46;0.0
2070.0;2.875;0.8;0.0
2071.5;2.5;0.6599999999999999;0.0
2073.0;1.325;0.6;0.0
2074.5;3.825;1.26;0.0
2076.0;2.5;0.4;0.0
2077.5;2.55;1.6;0.0
2079.0;3.075;0.7799999999999999;0.0
2080.5;1.65;0.4;0.0
2082.0;1.65;1.26;0.0
2083.5;2.15;0.86;0.0
2085.0;3.25;0.6599999999999999;0.0
2086.5;2.075;0.6;0.0
2088.0;2.475;0.52;0.0
2089.5;2.575;0.2;0.0
2091.0;1.75;1.1199999999999999;0.0
2092.5;2.65;0.6599999999999999;0.0
2094.0;2.9;1.2;0.0
2095.5;4.4;0.26;0.0
2097.0;3.4;1.0;0.0
2098.5;3.65;0.45999999999999996;0.0
2100.0;2.25;1.7800000000000005;0.0
2101.5;4.3;0.8;0.0
2103.0;2.75;0.8;0.0
2104.5;2.0;0.9199999999999999;0.0
2106.0;1.65;0.4;0.0
2107.5;4.25;0.6599999999999999;0.0
2109.0;2.45;1.4;0.0
2110.5;2.075;1.06;0.0
2112.0;1.475;0.6;0.0
2113.5;3.4;0.32;0.0
2115.0;3.325;1.86;0.0
2116.5;2.05;1.0;0.0
2118.0;2.975;0.06;0.0
2119.5;2.225;1.72;0.0
2121.0;3.575;1.4;0.0
2122.5;3.075;0.06;0.0
2124.0;2.825;0.86;0.0
2125.5;4.575;0.06;0.0
2127.0;2.9;0.8;0.0
2128.5;2.575;0.0;0.0
2130.0;3.15;0.0;0.0
2131.5;1.575;0.6;0.0
2133.0;2.575;0.45999999999999996;0.0
2134.5;3.975;1.06;0.0
2136.0;2.9;0.2;0.0
2137.5;1.9;0.72;0.0
2139.0;3.575;0.0;0.0
2140.5;1.75;0.6599999999999999;0.0
2142.0;3.875;0.2;0.0
2143.5;2.475;1.26;0.0
2145.0;1.725;0.52;0.0
2146.5;3.65;0.6599999999999999;0.0
2148.0;3.75;0.0;0.0
2149.5;2.0;1.2;0.0
2151.0;0.65;0.86;0.0
2152.5;2.0;0.86;0.0
2154.0;2.575;0.8;0.0
2155.5;1.825;0.72;0.0
2157.0;1.75;0.2;0.0
2158.5;1.575;0.2;0.0
2160.0;2.65;0.4;0.0
2161.5;2.325;0.45999999999999996;0.0
2163.0;1.75;0.6599999999999999;0.0
2164.5;2.325;0.8;0.0
2166.0;2.4;0.26;0.0
2167.5;0.975;1.46;0.0
2169.0;2.475;0.86;0.0
2170.5;3.225;0.86;0.0
2172.0;3.225;0.9199999999999999;0.0
2173.5;2.4;0.86;0.0
2175.0;3.75;0.4;0.0
2176.5;2.15;0.4;0.0
2178.0;2.825;0.86;0.0
2179.5;5.575;0.06;0.0
2181.0;4.225;1.6;0.0
2182.5;1.825;1.2;0.0
2184.0;4.0;0.72;0.0
2185.5;4.9;0.45999999999999996;0.0
2187.0;1.075;0.45999999999999996;0.0
2188.5;3.0;0.6;0.0
2190.0;2.25;0.2;0.0
2191.5;3.5;0.06;0.0
2193.0;3.225;0.6599999999999999;0.0
2194.5;3.0;0.6;0.0
2196.0;5.4;0.86;0.0
2197.5;3.15;0.4;0.0
2199.0;2.825;0.86;0.0
2200.5;2.75;0.6599999999999999;0.0
2202.0;1.975;0.4;0.0
2203.5;4.25;0.0;0.0
2205.0;4.575;0.86;0.0
2206.5;4.075;0.86;0.0
2208.0;3.4;0.6;0.0
2209.5;2.8;0.6599999999999999;0.0
2211.0;1.65;1.6;0.0
2212.5;2.575;0.8;0.0
2214.0;2.65;0.4;0.0
2215.5;3.075;0.4;0.0
2217.0;2.25;1.2;0.0
2218.5;2.575;2.0;0.0
2220.0;3.375;1.1199999999999999;0.0
2221.5;3.4;1.26;0.0
2223.0;3.575;0.4;0.0
2224.5;3.4;0.2;0.0
2226.0;4.15;0.64;0.0
2227.5;1.9;0.32;0.0
2229.0;2.4;0.6;0.0
2230.5;4.25;1.46;0.0
2232.0;4.4;1.0;0.0
2233.5;2.25;1.26;0.0
2235.0;3.825;0.2;0.0
2236.5;2.0;0.0;0.0
2238.0;2.975;0.8;0.0
2239.5;4.15;0.8;0.0
2241.0;2.75;0.4;0.0
2242.5;3.4;0.0;0.0
2244.0;1.225;0.6599999999999999;0.0
2245.5;3.075;1.06;0.0
2247.0;2.075;0.8;0.0
2248.5;1.25;0.4;0.0
2250.0;2.8;2.06;0.0
2251.5;1.15;1.0;0.0
2253.0;5.075;1.06;0.0
2254.5;1.825;1.0;0.0
2256.0;1.975;1.06;0.0
2257.5;2.225;0.32;0.0
2259.0;3.0;0.4;0.0
2260.5;2.325;1.06;0.0
2262.0;2.325;0.6;0.0
2263.5;2.9;0.38;0.0
2265.0;2.825;0.45999999999999996;0.0
2266.5;2.475;0.4;0.0
2268.0;2.325;0.6;0.0
2269.5;3.65;0.6599999999999999;0.0
2271.0;3.55;0.06;0.0
2272.5;1.4;0.45999999999999996;0.0
2274.0;2.975;0.86;0.0
2275.5;1.625;0.4;0.0
2277.0;2.825;0.26;0.0
2278.5;3.725;1.6;0.0
2280.0;1.825;0.8;0.0
2281.5;1.825;0.6;0.0
2283.0;3.9;0.6599999999999999;0.0
2284.5;2.825;0.06;0.0
2286.0;2.575;0.6;0.0
2287.5;2.4;0.6599999999999999;0.0
2289.0;1.9;1.4;0.0
2290.5;1.325;0.6599999999999999;0.0
2292.0;2.65;0.2;0.0
2293.5;2.575;0.26;0.0
2295.0;3.9;0.0;0.0
2296.5;3.0;1.2;0.0
2298.0;4.2;0.6599999999999999;0.0
2299.5;3.15;0.26;0.0
2301.0;2.825;0.26;0.0
2302.5;2.075;0.8;0.0
2304.0;2.05;0.6;0.0
2305.5;3.225;0.9199999999999999;0.0
2307.0;3.325;1.2;0.0
2308.5;3.65;0.6599999999999999;0.0
2310.0;3.325;0.6599999999999999;0.0
2311.5;2.65;1.2;0.0
2313.0;2.9;0.8;0.0
2314.5;3.15;0.45999999999999996;0.0
2316.0;1.65;0.6;0.0
2317.5;1.825;0.6599999999999999;0.0
2319.0;3.475;0.6599999999999999;0.0
2320.5;3.475;0.4;0.0
2322.0;1.4;0.4;0.0
2323.5;3.825;0.2;0.0
2325.0;1.825;0.6;0.0
2326.5;1.5;0.26;0.0
2328.0;1.325;0.4;0.0
2329.5;1.25;0.0;0.0
2331.0;3.225;0.4;0.0
2332.5;3.575;0.6599999999999999;0.0
2334.0;4.15;1.06;0.0
2335.5;3.825;0.4;0.0
2337.0;2.25;0.0;0.0
2338.5;3.325;0.4;0.0
2340.0;2.4;0.6599999999999999;0.0
2341.5;2.325;0.45999999999999996;0.0
2343.0;2.975;0.6599999999999999;0.0
2344.5;2.825;0.26;0.0
2346.0;3.0;0.4;0.0
2347.5;3.225;1.0;0.0
2349.0;2.4;1.6600000000000001;0.0
2350.5;1.975;0.72;0.0
2352.0;2.225;0.26;0.0
2353.5;1.325;1.26;0.0
2355.0;2.075;0.8;0.0
2356.5;2.55;0.4;0.0
2358.0;2.225;0.8;0.0
2359.5;2.15;0.45999999999999996;0.0
2361.0;4.125;1.6;0.0
2362.5;4.55;0.45999999999999996;0.0
2364.0;2.3;0.4;0.0
2365.5;2.5;0.06;0.0
2367.0;2.9;0.06;0.0
2368.5;2.575;0.4;0.0
2370.0;1.25;0.06;0.0
2371.5;2.9;0.86;0.0
2373.0;3.125;1.86;0.0
2374.5;2.975;0.4;0.0
2376.0;2.4;0.2;0.0
2377.5;2.15;1.2;0.0
2379.0;2.75;0.8;0.0
2380.5;1.65;0.0;0.0
2382.0;1.325;0.8;0.0
2383.5;2.3;0.45999999999999996;0.0
2385.0;2.75;0.06;0.0
2386.5;3.075;0.8;0.0
2388.0;4.5;1.26;0.0
2389.5;3.325;0.12;0.0
2391.0;2.55;1.6;0.0
2392.5;1.0;0.2;0.0
2394.0;2.325;0.6;0.0
2395.5;2.325;0.2;0.0
2397.0;2.075;0.0;0.0
2398.5;1.825;0.6;0.0
2400.0;3.825;0.86;0.0
2401.5;5.975;1.0;0.0
2403.0;2.4;1.46;0.0
2404.5;2.4;0.4;0.0
2406.0;2.65;1.06;0.0
2407.5;2.75;1.6;0.0
2409.0;3.0;1.4;0.0
2410.5;2.15;0.2;0.0
2412.0;3.05;0.45999999999999996;0.0
2413.5;4.325;0.06;0.0
2415.0;1.75;0.4;0.0
2416.5;3.65;0.4;0.0
2418.0;3.575;1.2;0.0
2419.5;2.9;1.06;0.0
2421.0;3.725;1.4;0.0
2422.5;5.0;0.72;0.0
2424.0;2.65;0.4;0.0
2425.5;3.3;0.4;0.0
2427.0;4.15;0.0;0.0
2428.5;1.55;0.2;0.0
2430.0;1.825;1.0;0.0
2431.5;2.9;0.8;0.0
2433.0;2.075;0.0;0.0
2434.5;2.475;0.8;0.0
2436.0;1.075;0.4;0.0
2437.5;3.0;0.5199999999999999;0.0
2439.0;2.975;0.8;0.0
2440.5;3.075;0.8;0.0
2442.0;3.65;0.26;0.0
2443.5;5.15;0.2;0.0
2445.0;1.325;1.0;0.0
2446.5;3.075;0.6;0.0
2448.0;2.975;0.6;0.0
2449.5;3.625;0.4;0.0
2451.0;3.575;0.26;0.0
2452.5;2.575;0.2;0.0
2454.0;2.825;0.2;0.0
2455.5;3.975;0.0;0.0
2457.0;2.725;1.06;0.0
2458.5;3.0;0.4;0.0
2460.0;3.975;0.4;0.0
2461.5;3.5;0.8;0.0
2463.0;3.0;0.6;0.0
2464.5;2.975;0.0;0.0
2466.0;1.575;1.0;0.0
2467.5;3.65;1.46;0.0
2469.0;3.65;1.3199999999999998;0.0
2470.5;3.225;1.26;0.0
2472.0;2.3;0.86;0.0
2473.5;1.075;0.4;0.0
2475.0;2.65;0.8;0.0
2476.5;3.4;0.2;0.0
2478.0;3.5;0.0;0.0
2479.5;2.325;0.6;0.0
2481.0;3.75;0.8;0.0
2482.5;3.8;0.06;0.0
2484.0;2.25;0.4;0.0
2485.5;1.65;0.12;0.0
2487.0;2.575;1.06;0.0
2488.5;3.0;1.26;0.0
2490.0;1.9;1.2;0.0
2491.5;3.05;0.86;0.0
2493.0;1.75;0.6599999999999999;0.0
2494.5;3.475;1.46;0.0
2496.0;1.75;0.26;0.0
2497.5;4.725;0.12;0.0
2499.0;2.3;0.0;0.0
2500.5;1.4;0.86;0.0
2502.0;2.9;0.52;0.0
2503.5;4.575;0.6599999999999999;0.0
2505.0;4.275;0.6599999999999999;0.0
2506.5;3.65;0.2;0.0
2508.0;2.975;0.4;0.0
2509.5;4.325;0.26;0.0
2511.0;3.0;0.26;0.0
2512.5;2.15;1.2;0.0
2514.0;1.4;0.72;0.0
2515.5;2.825;0.26;0.0
2517.0;2.725;1.0;0.0
2518.5;2.575;0.6;0.0
2520.0;3.15;0.72;0.0
2521.5;5.15;1.6;0.0
2523.0;3.825;0.0;0.0
2524.5;2.65;0.0;0.0
2526.0;2.75;1.06;0.0
2527.5;2.875;0.4;0.0
2529.0;5.65;0.8;0.0
2530.5;2.25;1.06;0.0
2532.0;3.8;0.2;0.0
2533.5;3.25;0.9199999999999999;0.0
2535.0;2.0;0.6599999999999999;0.0
2536.5;3.075;1.06;0.0
2538.0;2.825;0.4;0.0
2539.5;1.325;0.8;0.0
2541.0;2.475;1.2;0.0
2542.5;3.325;1.4;0.0
2544.0;3.9;1.4;0.0
2545.5;3.9;1.06;0.0
2547.0;2.75;1.2;0.0
2548.5;2.825;0.06;0.0
2550.0;2.325;0.0;0.0
2551.5;1.825;0.7799999999999999;0.0
2553.0;2.5;0.6599999999999999;0.0
2554.5;5.4;1.0;0.0
2556.0;5.225;0.86;0.0
2557.5;1.575;0.9199999999999999;0.0
2559.0;2.725;0.6;0.0
2560.5;5.4;1.46;0.0
2562.0;1.75;1.0;0.0
2563.5;0.25;0.0;0.0
2565.0;2.25;1.26;0.0
2566.5;2.9;0.06;0.0
2568.0;3.225;0.4;0.0
2569.5;2.3;0.86;0.0
2571.0;2.9;1.06;0.0
2572.5;1.325;1.1199999999999999;0.0
2574.0;3.325;2.0;0.0
2575.5;2.15;1.4;0.0
2577.0;1.15;0.2;0.0
2578.5;3.575;0.45999999999999996;0.0
2580.0;4.15;0.45999999999999996;0.0
2581.5;3.825;0.2;0.0
2583.0;3.225;0.5799999999999998;0.0
2584.5;3.9;1.2;0.0
2586.0;0.975;0.8;0.0
2587.5;1.825;0.26;0.0
2589.0;2.5;0.6;0.0
2590.5;2.975;0.06;0.0
2592.0;3.075;0.0;0.0
2593.5;2.825;0.8;0.0
2595.0;1.9;0.6;0.0
2596.5;1.825;0.8;0.0
2598.0;3.0;0.6599999999999999;0.0
2599.5;2.325;0.0;0.0
2601.0;3.825;0.26;0.0
2602.5;2.875;0.6;0.0
2604.0;2.5;0.26;0.0
2605.5;3.15;0.45999999999999996;0.0
2607.0;2.075;1.6;0.0
2608.5;3.15;1.2;0.0
2610.0;2.475;1.18;0.0
2611.5;1.3;0.2;0.0
2613.0;1.325;0.26;0.0
2614.5;4.15;0.26;0.0
2616.0;2.825;1.06;0.0
2617.5;2.325;0.6599999999999999;0.0
2619.0;3.825;0.2;0.0
2620.5;0.875;1.46;0.0
2622.0;3.3;1.4;0.0
2623.5;1.4;0.45999999999999996;0.0
2625.0;1.225;0.26;0.0
2626.5;2.05;0.45999999999999996;0.0
2628.0;4.4;1.06;0.0
2629.5;2.25;0.4;0.0
2631.0;2.325;0.6599999999999999;0.0
2632.5;4.0;0.06;0.0
2634.0;2.325;0.0;0.0
2635.5;2.825;0.9199999999999999;0.0
2637.0;1.975;0.5199999999999999;0.0
2638.5;1.9;0.9199999999999999;0.0
2640.0;1.475;1.4;0.0
2641.5;2.5;0.12;0.0
2643.0;3.05;0.6;0.0
2644.5;3.75;0.4;0.0
2646.0;3.825;0.5199999999999999;0.0
2647.5;2.9;1.3199999999999998;0.0
2649.0;1.5;1.0;0.0
2650.5;2.825;0.26;0.0
2652.0;1.475;0.45999999999999996;0.0
2653.5;3.475;0.32;0.0
2655.0;4.875;0.86;0.0
2656.5;3.575;0.6;0.0
2658.0;2.05;1.0;0.0
2659.5;1.875;0.32;0.0
2661.0;3.075;0.45999999999999996;0.0
2662.5;2.9;0.4;0.0
2664.0;3.05;1.1199999999999999;0.0
2665.5;1.25;0.26;0.0
2667.0;2.725;0.45999999999999996;0.0
2668.5;3.5;0.4;0.0
2670.0;2.4;0.2;0.0
2671.5;2.65;0.2;0.0
2673.0;2.825;0.4;0.0
2674.5;3.075;1.1199999999999999;0.0
2676.0;2.825;1.06;0.0
2677.5;2.8;1.06;0.0
2679.0;0.575;0.2;0.0
2680.5;2.725;0.26;0.0
2682.0;3.25;1.72;0.0
2683.5;1.5;1.26;0.0
2685.0;1.75;0.6599999999999999;0.0
2686.5;1.825;0.86;0.0
2688.0;1.475;0.2;0.0
2689.5;2.825;0.45999999999999996;0.0
2691.0;1.325;0.2;0.0
2692.5;2.15;0.26;0.0
2694.0;1.075;0.8;0.0
2695.5;4.65;0.0;0.0
2697.0;3.125;0.86;0.0
2698.5;4.15;0.6599999999999999;0.0
2700.0;1.9;0.45999999999999996;0.0
2701.5;3.9;0.6599999999999999;0.0
2703.0;5.075;0.8;0.0
2704.5;3.325;0.6;0.0
2706.0;4.825;1.46;0.0
2707.5;1.75;0.6;0.0
2709.0;1.5;1.06;0.0
2710.5;2.825;0.8;0.0
2712.0;4.4;1.2;0.0
2713.5;3.375;1.06;0.0
2715.0;4.825;0.45999999999999996;0.0
2716.5;3.9;0.32;0.0
2718.0;1.0;1.06;0.0
2719.5;2.575;0.6;0.0
2721.0;3.25;0.26;0.0
2722.5;3.575;0.26;0.0
2724.0;2.4;0.8;0.0
2725.5;2.0;0.6;0.0
2727.0;3.65;0.8;0.0
2728.5;4.25;0.6599999999999999;0.0
2730.0;2.65;1.1199999999999999;0.0
2731.5;2.725;1.0;0.0
2733.0;4.8;1.26;0.0
2734.5;4.325;0.6599999999999999;0.0
2736.0;3.225;0.6599999999999999;0.0
2737.5;2.15;0.4;0.0
2739.0;2.25;0.6;0.0
2740.5;2.9;0.8;0.0
2742.0;6.65;0.2;0.0
2743.5;3.4;0.6;0.0
2745.0;4.825;0.5799999999999998;0.0
2746.5;4.075;1.0;0.0
2748.0;4.25;0.26;0.0
2749.5;2.5;0.6;0.0
2751.0;2.5;0.6;0.0
2752.5;2.475;0.0;0.0
2754.0;4.0;0.2;0.0
2755.5;2.75;0.4;0.0
2757.0;2.575;0.2;0.0
2758.5;2.15;0.0;0.0
2760.0;2.65;0.6;0.0
2761.5;2.65;1.46;0.0
2763.0;1.65;1.4;0.0
2764.5;1.225;0.6;0.0
2766.0;1.075;0.4;0.0
2767.5;3.25;0.45999999999999996;0.0
2769.0;3.125;0.2;0.0
2770.5;3.9;0.6;0.0
2772.0;2.725;0.06;0.0
2773.5;3.75;0.8;0.0
2775.0;3.4;0.2;0.0
2776.5;1.8;0.6;0.0
2778.0;2.975;1.8;0.0
2779.5;3.9;1.0;0.0
2781.0;2.0;0.32;0.0
2782.5;2.825;0.8;0.0
2784.0;2.75;0.0;0.0
2785.5;2.625;0.8;0.0
2787.0;1.75;0.86;0.0
2788.5;3.15;0.4;0.0
2790.0;3.825;0.2;0.0
2791.5;2.65;0.4;0.0
2793.0;2.4;0.6599999999999999;0.0
2794.5;1.55;1.46;0.0
2796.0;3.8;0.4;0.0
2797.5;1.225;0.72;0.0
2799.0;3.325;0.8;0.0
2800.5;2.575;0.6599999999999999;0.0
2802.0;2.825;0.6;0.0
2803.5;3.4;0.2;0.0
2805.0;1.825;0.72;0.0
2806.5;1.825;1.4;0.0
2808.0;2.05;0.45999999999999996;0.0
2809.5;3.825;1.18;0.0
2811.0;3.075;0.2;0.0
2812.5;3.4;1.46;0.0
2814.0;1.575;0.8;0.0
2815.5;2.725;0.7799999999999999;0.0
2817.0;2.25;0.6599999999999999;0.0
2818.5;1.25;0.0;0.0
2820.0;3.75;1.0;0.0
2821.5;2.75;0.72;0.0
2823.0;2.225;0.32;0.0
2824.5;4.15;0.2;0.0
2826.0;2.2;0.86;0.0
2827.5;2.65;0.45999999999999996;0.0
2829.0;2.975;1.6;0.0
2830.5;2.825;0.12;0.0
2832.0;2.4;0.2;0.0
2833.5;1.75;0.8;0.0
2835.0;2.575;0.4;0.0
2836.5;3.825;0.45999999999999996;0.0
2838.0;2.25;0.2;0.0
2839.5;2.475;0.6;0.0
2841.0;2.4;1.46;0.0
2842.5;3.9;0.4;0.0
2844.0;1.975;0.4;0.0
2845.5;3.75;0.4;0.0
2847.0;6.575;0.8;0.0
2848.5;4.75;0.0;0.0
2850.0;2.975;0.2;0.0
2851.5;3.0;0.2;0.0
2853.0;5.15;0.4;0.0
2854.5;5.875;0.8;0.0
2856.0;2.8;0.8;0.0
2857.5;3.725;0.6;0.0
2859.0;2.65;0.6;0.0
2860.5;1.325;0.72;0.0
2862.0;2.15;0.6;0.0
2863.5;2.05;0.6599999999999999;0.0
2865.0;5.9;0.2;0.0
2866.5;3.825;0.4;0.0
2868.0;1.5;0.6;0.0
2869.5;1.725;0.2;0.0
2871.0;1.4;1.0;0.0
2872.5;1.4;0.72;0.0
2874.0;1.575;1.0;0.0
2875.5;2.075;0.8;0.0
2877.0;2.4;0.06;0.0
2878.5;2.8;0.2;0.0
2880.0;5.325;0.9199999999999999;0.0
2881.5;5.95;0.86;0.0
2883.0;1.825;0.5199999999999999;0.0
2884.5;2.075;0.26;0.0
2886.0;3.4;0.4;0.0
2887.5;2.375;1.06;0.0
2889.0;2.975;0.26;0.0
2890.5;0.575;0.4;0.0
2892.0;2.4;0.2;0.0
2893.5;2.8;0.8;0.0
2895.0;1.825;0.4;0.0
2896.5;2.575;0.2;0.0
2898.0;1.625;0.24;0.0
2899.5;3.075;0.0;0.0
2901.0;3.15;0.5799999999999998;0.0
2902.5;2.75;1.2;0.0
2904.0;2.575;1.52;0.0
2905.5;3.225;0.38;0.0
2907.0;3.325;0.6;0.0
2908.5;3.375;0.26;0.0
2910.0;2.8;0.12;0.0
2911.5;1.9;0.4;0.0
2913.0;2.25;0.4;0.0
2914.5;3.475;0.86;0.0
2916.0;2.825;1.0;0.0
2917.5;2.75;1.06;0.0
2919.0;1.975;0.9199999999999999;0.0
2920.5;3.325;1.6;0.0
2922.0;3.725;0.4;0.0
2923.5;3.9;0.4;0.0
2925.0;2.975;0.0;0.0
2926.5;3.5;0.45999999999999996;0.0
2928.0;4.225;0.8;0.0
2929.5;2.9;0.6;0.0
2931.0;2.575;1.8;0.0
2932.5;2.825;1.0;0.0
2934.0;4.5;0.45999999999999996;0.0
2935.5;3.65;0.6;0.0
2937.0;1.75;0.52;0.0
2938.5;2.4;0.4;0.0
2940.0;2.65;0.72;0.0
2941.5;3.475;1.26;0.0
2943.0;2.15;1.0;0.0
2944.5;2.2;0.2;0.0
2946.0;3.0;0.45999999999999996;0.0
2947.5;1.975;0.0;0.0
2949.0;2.475;0.26;0.0
2950.5;1.875;0.2;0.0
2952.0;2.9;1.6;0.0
2953.5;2.575;0.4;0.0
2955.0;3.975;0.6599999999999999;0.0
2956.5;1.9;0.6;0.0
2958.0;3.375;0.2;0.0
2959.5;1.325;0.6599999999999999;0.0
2961.0;2.225;0.06;0.0
2962.5;5.4;1.2;0.0
2964.0;2.65;0.6;0.0
2965.5;3.75;1.06;0.0
2967.0;1.825;0.06;0.0
2968.5;2.15;0.26;0.0
2970.0;2.975;0.6;0.0
2971.5;1.9;1.1199999999999999;0.0
2973.0;2.0;1.0;0.0
2974.5;4.25;1.26;0.0
2976.0;4.575;0.6;0.0
2977.5;1.575;1.06;0.0
2979.0;2.25;0.4;0.0
2980.5;2.9;0.6599999999999999;0.0
2982.0;3.575;0.8;0.0
2983.5;3.225;0.4;0.0
2985.0;3.975;0.0;0.0
2986.5;1.75;1.6;0.0
2988.0;1.725;0.86;0.0
2989.5;3.825;0.43999999999999995;0.0
2991.0;2.825;0.06;0.0
2992.5;4.65;0.86;0.0
2994.0;1.475;0.4;0.0
2995.5;1.325;0.86;0.0
2997.0;2.65;0.4;0.0
2998.5;3.9;0.0;0.0
3000.0;5.325;0.0;0.0
3001.5;3.575;0.12;0.0
3003.0;3.975;0.86;0.0
3004.5;5.575;0.4;0.0
3006.0;2.575;0.4;0.0
3007.5;2.575;0.26;0.0
3009.0;2.725;1.0;0.0
3010.5;4.15;0.86;0.0
3012.0;3.9;1.0999999999999999;0.0
3013.5;3.575;1.3199999999999998;0.0
3015.0;5.4;0.2;0.0
3016.5;5.075;0.8;0.0
3018.0;4.975;0.0;0.0
3019.5;3.4;0.2;0.0
3021.0;4.4;1.8;0.0
3022.5;4.075;0.6;0.0
3024.0;2.975;0.4;0.0
3025.5;4.25;0.6;0.0
3027.0;4.325;0.0;0.0
3028.5;2.075;0.6;0.0
3030.0;4.15;0.4;0.0
3031.5;4.825;0.26;0.0
3033.0;2.975;0.4;0.0
3034.5;1.55;1.0;0.0
3036.0;1.325;0.5199999999999999;0.0
3037.5;1.475;1.2;0.0
3039.0;4.4;0.6;0.0
3040.5;2.4;0.8;0.0
3042.0;3.05;0.06;0.0
3043.5;3.3;0.26;0.0
3045.0;3.225;0.12;0.0
3046.5;3.075;0.45999999999999996;0.0
3048.0;0.65;0.8;0.0
3049.5;2.825;1.2;0.0
3051.0;6.4;1.1199999999999999;0.0
3052.5;5.55;0.86;0.0
3054.0;4.225;1.2;0.0
3055.5;5.25;1.86;0.0
3057.0;1.9;1.86;0.0
3058.5;2.4;0.26;0.0
3060.0;3.9;1.06;0.0
3061.5;3.0;1.0;0.0
3063.0;2.225;1.6;0.0
3064.5;3.875;0.12;0.0
3066.0;1.55;0.06;0.0
3067.5;2.325;0.2;0.0
3069.0;3.65;0.0;0.0
3070.5;2.75;0.26;0.0
3072.0;2.0;0.9199999999999999;0.0
3073.5;3.0;1.0;0.0
3075.0;3.825;0.06;0.0
3076.5;3.65;0.45999999999999996;0.0
3078.0;2.575;0.26;0.0
3079.5;2.725;0.6;0.0
3081.0;2.075;0.4;0.0
3082.5;2.5;1.2;0.0
3084.0;3.15;0.6;0.0
3085.5;3.325;1.0;0.0
3087.0;3.725;0.4;0.0
3088.5;5.25;0.06;0.0
3090.0;0.9;0.72;0.0
3091.5;3.4;0.6;0.0
3093.0;3.0;0.8;0.0
3094.5;2.375;0.5199999999999999;0.0
3096.0;3.25;1.8;0.0
3097.5;2.3;0.6;0.0
3099.0;2.65;0.6599999999999999;0.0
3100.5;2.9;0.4;0.0
3102.0;3.325;0.45999999999999996;0.0
3103.5;4.95;0.45999999999999996;0.0
3105.0;1.325;0.86;0.0
3106.5;1.15;1.2;0.0
3108.0;3.225;0.45999999999999996;0.0
3109.5;3.3;0.4;0.0
3111.0;3.825;0.06;0.0
3112.5;1.9;1.0;0.0
3114.0;2.725;0.45999999999999996;0.0
3115.5;2.225;1.1199999999999999;0.0
3117.0;3.325;0.12;0.0
3118.5;2.575;1.06;0.0
3120.0;4.575;0.26;0.0
3121.5;2.475;0.4;0.0
3123.0;2.25;0.26;0.0
3124.5;1.25;0.6;0.0
3126.0;4.075;0.6599999999999999;0.0
3127.5;3.975;0.4;0.0
3129.0;4.225;0.86;0.0
3130.5;3.475;0.4;0.0
3132.0;2.575;1.8;0.0
3133.5;4.975;0.4;0.0
3135.0;5.5;0.8;0.0
3136.5;4.65;0.12;0.0
3138.0;2.575;0.26;0.0
3139.5;1.4;0.72;0.0
3141.0;2.7;0.5799999999999998;0.0
3142.5;4.9;0.86;0.0
3144.0;2.975;0.5199999999999999;0.0
3145.5;2.4;0.58;0.0
3147.0;1.55;0.2;0.0
3148.5;1.0;0.8;0.0
3150.0;2.725;0.6;0.0
3151.5;1.4;0.86;0.0
3153.0;3.4;1.0;0.0
3154.5;3.825;1.06;0.0
3156.0;2.825;0.0;0.0
3157.5;1.825;0.6;0.0
3159.0;3.15;0.45999999999999996;0.0
3160.5;4.65;1.26;0.0
3162.0;2.825;0.86;0.0
3163.5;1.575;0.6;0.0
3165.0;2.15;0.86;0.0
3166.5;3.225;0.8;0.0
3168.0;3.225;0.8;0.0
3169.5;3.4;0.45999999999999996;0.0
3171.0;4.325;0.86;0.0
3172.5;3.65;0.8;0.0
3174.0;1.65;1.0;0.0
3175.5;3.775;0.0;0.0
3177.0;3.8;0.8;0.0
3178.5;4.825;1.26;0.0
3180.0;3.25;0.8;0.0
3181.5;2.25;1.0;0.0
3183.0;2.9;0.06;0.0
3184.5;5.325;0.6;0.0
3186.0;2.725;0.4;0.0
3187.5;2.825;0.45999999999999996;0.0
3189.0;3.4;0.9199999999999999;0.0
3190.5;1.55;0.4;0.0
3192.0;3.975;0.5199999999999999;0.0
3193.5;2.75;0.6599999999999999;0.0
3195.0;4.9;0.45999999999999996;0.0
3196.5;3.725;0.2;0.0
3198.0;3.325;0.45999999999999996;0.0
3199.5;2.825;0.0;0.0
3201.0;1.15;0.2;0.0
3202.5;3.75;0.2;0.0
3204.0;3.3;2.2600000000000002;0.0
3205.5;1.9;0.8;0.0
3207.0;2.65;0.4;0.0
3208.5;3.15;0.6599999999999999;0.0
3210.0;2.8;0.2;0.0
3211.5;3.075;0.0;0.0
3213.0;2.325;0.06;0.0
3214.5;0.65;1.1199999999999999;0.0
3216.0;2.8;0.6;0.0
3217.5;2.15;0.6599999999999999;0.0
3219.0;2.325;0.86;0.0
3220.5;4.075;0.4;0.0
3222.0;1.825;1.0;0.0
3223.5;3.575;1.0;0.0
3225.0;2.65;0.26;0.0
3226.5;2.825;0.2;0.0
3228.0;4.075;0.86;0.0
3229.5;2.8;1.06;0.0
3231.0;2.2;0.6;0.0
3232.5;2.325;0.6;0.0
3234.0;3.15;0.26;0.0
3235.5;3.75;1.2;0.0
3237.0;3.4;0.8;0.0
3238.5;2.725;0.6;0.0
3240.0;2.575;1.46;0.0
3241.5;2.125;1.0;0.0
3243.0;2.075;0.6;0.0
3244.5;2.825;0.6;0.0
3246.0;3.75;0.6599999999999999;0.0
3247.5;4.0;0.6;0.0
3249.0;3.55;0.26;0.0
3250.5;3.075;0.6599999999999999;0.0
3252.0;2.65;0.2;0.0
3253.5;3.4;0.2;0.0
3255.0;3.125;0.8;0.0
3256.5;2.325;0.2;0.0
3258.0;1.325;0.6;0.0
3259.5;2.075;0.86;0.0
3261.0;3.55;0.86;0.0
3262.5;2.575;0.86;0.0
3264.0;0.825;0.45999999999999996;0.0
3265.5;2.4;0.2;0.0
3267.0;3.575;0.4;0.0
3268.5;4.575;0.0;0.0
3270.0;1.0;0.6599999999999999;0.0
3271.5;2.225;0.06;0.0
3273.0;1.725;1.0;0.0
3274.5;3.0;0.72;0.0
3276.0;3.325;1.0;0.0
3277.5;5.475;0.4;0.0
3279.0;2.65;1.06;0.0
3280.5;3.25;0.06;0.0
3282.0;2.975;0.52;0.0
3283.5;2.825;1.0;0.0
3285.0;2.55;0.45999999999999996;0.0
3286.5;4.0;0.86;0.0
3288.0;2.575;0.45999999999999996;0.0
3289.5;2.5;0.6;0.0
3291.0;2.325;0.6599999999999999;0.0
3292.5;2.075;0.8;0.0
3294.0;3.3;0.45999999999999996;0.0
3295.5;1.75;0.2;0.0
3297.0;6.25;0.0;0.0
3298.5;4.225;0.2;0.0
3300.0;3.325;0.2;0.0
3301.5;2.075;0.45999999999999996;0.0
3303.0;3.975;0.4;0.0
3304.5;2.25;1.0;0.0
3306.0;2.975;0.78;0.0
3307.5;2.575;0.6599999999999999;0.0
3309.0;3.15;1.72;0.0
3310.5;2.975;1.2;0.0
3312.0;1.975;0.2;0.0
3313.5;1.9;0.5199999999999999;0.0
3315.0;2.475;0.86;0.0
3316.5;1.75;0.32;0.0
3318.0;3.95;1.0;0.0
3319.5;3.825;0.06;0.0
3321.0;3.75;1.06;0.0
3322.5;3.15;0.06;0.0
3324.0;7.225;0.6;0.0
3325.5;3.325;0.5199999999999999;0.0
3327.0;3.05;0.86;0.0
3328.5;0.725;2.0;0.0
3330.0;1.25;0.6;0.0
3331.5;3.3;0.4;0.0
3333.0;2.825;0.2;0.0
3334.5;2.75;0.2;0.0
3336.0;2.65;0.06;0.0
3337.5;3.125;0.2;0.0
3339.0;3.975;1.26;0.0
3340.5;3.325;1.0;0.0
3342.0;3.725;0.6;0.0
3343.5;2.4;0.0;0.0
3345.0;3.3;1.0;0.0
3346.5;1.475;0.6;0.0
3348.0;2.575;1.26;0.0
3349.5;1.975;0.5199999999999999;0.0
3351.0;2.05;0.06;0.0
3352.5;1.325;0.6599999999999999;0.0
3354.0;0.9;0.8;0.0
3355.5;3.075;0.8;0.0
3357.0;3.575;1.7200000000000002;0.0
3358.5;2.575;0.4;0.0
3360.0;2.975;0.6599999999999999;0.0
3361.5;2.05;1.3199999999999998;0.0
3363.0;3.375;0.4;0.0
3364.5;2.575;0.6;0.0
3366.0;3.225;0.0;0.0
3367.5;1.8;0.8;0.0
3369.0;1.9;1.1199999999999999;0.0
3370.5;3.3;0.45999999999999996;0.0
3372.0;1.825;0.06;0.0
3373.5;1.975;0.6599999999999999;0.0
3375.0;3.5;1.6600000000000001;0.0
3376.5;0.825;0.6;0.0
3378.0;4.15;0.9199999999999999;0.0
3379.5;2.4;0.2;0.0
3381.0;1.9;1.2;0.0
3382.5;3.5;1.1199999999999999;0.0
3384.0;1.9;0.4;0.0
3385.5;3.4;0.6599999999999999;0.0
3387.0;3.2;0.06;0.0
3388.5;2.975;1.4;0.0
3390.0;2.325;0.72;0.0
3391.5;4.4;0.4;0.0
3393.0;4.65;0.4;0.0
3394.5;3.95;0.45999999999999996;0.0
3396.0;3.375;0.0;0.0
3397.5;1.825;0.2;0.0
3399.0;3.15;0.4;0.0
3400.5;3.075;0.0;0.0
3402.0;5.15;0.38;0.0
3403.5;3.9;0.6;0.0
3405.0;2.075;0.0;0.0
3406.5;1.8;0.06;0.0
3408.0;2.5;1.0;0.0
3409.5;3.05;1.2;0.0
3411.0;3.225;0.26;0.0
3412.5;2.0;0.6;0.0
3414.0;3.625;0.26;0.0
3415.5;3.5;0.2;0.0
3417.0;2.75;2.6;0.0
3418.5;1.4;0.4;0.0
3420.0;3.15;0.4;0.0
3421.5;2.875;0.4;0.0
3423.0;3.975;0.4;0.0
3424.5;2.575;0.6599999999999999;0.0
3426.0;4.575;0.2;0.0
3427.5;2.15;0.8;0.0
3429.0;4.275;0.2;0.0
3430.5;1.75;0.2;0.0
3432.0;2.075;0.4;0.0
3433.5;2.95;0.26;0.0
3435.0;2.15;1.26;0.0
3436.5;1.225;0.32;0.0
3438.0;1.55;0.6599999999999999;0.0
3439.5;1.825;0.8;0.0
3441.0;2.475;1.2;0.0
3442.5;1.9;0.72;0.0
3444.0;2.0;0.6;0.0
3445.5;2.225;0.26;0.0
3447.0;4.15;0.2;0.0
3448.5;3.75;0.72;0.0
3450.0;3.55;2.0;0.0
3451.5;4.975;0.9199999999999999;0.0
3453.0;4.15;0.86;0.0
3454.5;3.075;1.0;0.0
3456.0;2.825;0.8;0.0
3457.5;3.825;0.2;0.0
3459.0;1.325;0.9800000000000001;0.0
3460.5;1.75;0.26;0.0
3462.0;3.475;0.32;0.0
3463.5;1.075;1.46;0.0
3465.0;1.65;0.0;0.0
3466.5;3.9;0.38;0.0
3468.0;3.075;0.06;0.0
3469.5;3.875;0.6;0.0
3471.0;3.3;0.8;0.0
3472.5;1.75;0.6599999999999999;0.0
3474.0;2.15;0.6;0.0
3475.5;3.325;0.86;0.0
3477.0;1.825;0.0;0.0
3478.5;1.825;1.0;0.0
3480.0;3.475;0.2;0.0
3481.5;2.65;0.06;0.0
3483.0;3.075;0.6599999999999999;0.0
3484.5;2.4;0.06;0.0
3486.0;3.15;0.4;0.0
3487.5;4.975;0.0;0.0
3489.0;4.4;0.06;0.0
3490.5;2.825;0.32;0.0
3492.0;3.475;0.4;0.0
3493.5;4.225;0.6;0.0
3495.0;4.975;0.4;0.0
3496.5;2.15;0.6;0.0
3498.0;4.225;0.26;0.0
3499.5;2.25;0.26;0.0
3501.0;2.625;0.8;0.0
3502.5;4.575;0.2;0.0
3504.0;3.325;0.4;0.0
3505.5;2.0;0.06;0.0
3507.0;2.475;0.6;0.0
3508.5;3.625;0.0;0.0
3510.0;3.325;0.8;0.0
3511.5;3.125;0.18;0.0
3513.0;3.15;0.6;0.0
3514.5;2.4;0.86;0.0
3516.0;3.15;0.5199999999999999;0.0
3517.5;3.575;0.8;0.0
3519.0;1.825;0.0;0.0
3520.5;1.15;0.2;0.0
3522.0;2.325;0.6599999999999999;0.0
3523.5;1.575;0.6;0.0
3525.0;1.4;0.6;0.0
3526.5;1.65;1.72;0.0
3528.0;2.725;1.0;0.0
3529.5;3.05;0.26;0.0
3531.0;2.65;0.26;0.0
3532.5;3.575;0.0;0.0
3534.0;3.15;1.0;0.0
3535.5;4.25;0.26;0.0
3537.0;3.725;0.2;0.0
3538.5;3.05;0.4;0.0
3540.0;1.975;0.12;0.0
3541.5;0.975;0.6;0.0
3543.0;2.65;0.45999999999999996;0.0
3544.5;2.65;0.86;0.0
3546.0;5.7;0.6;0.0
3547.5;2.825;0.0;0.0
3549.0;2.15;0.8;0.0
3550.5;4.075;0.0;0.0
3552.0;4.575;0.0;0.0
3553.5;3.9;0.2;0.0
3555.0;4.75;0.6;0.0
3556.5;3.475;1.0;0.0
3558.0;1.75;1.0;0.0
3559.5;3.05;0.5199999999999999;0.0
3561.0;3.65;0.2;0.0
3562.5;1.725;1.6;0.0
3564.0;2.225;0.8;0.0
3565.5;3.15;0.2;0.0
3567.0;2.4;0.6;0.0
3568.5;3.325;0.52;0.0
3570.0;3.9;0.9199999999999999;0.0
3571.5;1.9;0.45999999999999996;0.0
3573.0;1.075;0.4;0.0
3574.5;2.325;0.0;0.0
3576.0;1.575;0.26;0.0
3577.5;1.55;0.6;0.0
3579.0;2.9;1.8;0.0
3580.5;3.325;0.26;0.0
3582.0;2.5;0.6;0.0
3583.5;3.225;0.4;0.0
3585.0;4.75;0.0;0.0
3586.5;2.65;0.6599999999999999;0.0
3588.0;1.0;0.86;0.0
3589.5;3.575;0.45999999999999996;0.0
3591.0;4.075;0.72;0.0
3592.5;3.075;0.6;0.0
3594.0;3.125;1.6;0.0
3595.5;4.475;0.8;0.0
3597.0;1.5;0.72;0.0
3598.5;3.475;0.26;0.0
