#auto generated file!
1.5;0.0;0.0;0.0
3.0;0.0;0.0;0.0
4.5;0.0;0.0;0.0
6.0;0.0;0.0;0.0
7.5;0.0;0.0;0.0
9.0;0.0;0.0;0.0
10.5;0.4;0.0;0.0
12.0;8.425;0.0;0.0
13.5;12.575;0.4;0.0
15.0;19.8;2.1799999999999997;0.0
16.5;21.15;3.160000000000001;0.0
18.0;19.45;2.2;0.0
19.5;23.7;5.040000000000001;0.0
21.0;31.15;6.980000000000001;0.0
22.5;27.325;8.4;0.0
24.0;28.35;2.960000000000001;0.0
25.5;28.3;7.280000000000001;0.0
27.0;27.875;2.52;0.0
28.5;25.675;2.9799999999999995;0.0
30.0;22.5;6.080000000000001;0.0
31.5;29.0;3.8600000000000003;0.0
33.0;23.75;7.6800000000000015;0.0
34.5;29.15;3.06;0.0
36.0;24.9;3.1800000000000006;0.0
37.5;26.175;4.220000000000001;0.0
39.0;30.8;5.26;0.0
40.5;27.325;2.46;0.0
42.0;25.55;8.14;0.0
43.5;29.175;7.42;0.0
45.0;26.0;4.220000000000001;0.0
46.5;27.4;2.900000000000001;0.0
48.0;28.975;3.9200000000000004;0.0
49.5;28.125;5.380000000000001;0.0
51.0;26.6;3.2400000000000007;0.0
52.5;29.925;4.760000000000001;0.0
54.0;27.65;2.64;0.0
55.5;29.65;3.66;0.0
57.0;26.85;5.2;0.0
58.5;26.075;2.3600000000000008;0.0
60.0;25.725;4.84;0.0
61.5;27.55;4.1;0.0
63.0;27.6;6.12;0.0
64.5;29.225;3.96;0.0
66.0;28.0;8.1;0.0
67.5;28.875;6.6;0.0
69.0;27.125;4.12;0.0
70.5;25.4;3.9800000000000004;0.0
72.0;27.85;5.46;0.0
73.5;28.85;10.32;0.0
75.0;28.775;2.9200000000000004;0.0
76.5;22.85;4.7;0.0
78.0;27.625;8.760000000000002;0.0
79.5;29.8;8.16;0.0
81.0;28.35;5.48;0.0
82.5;27.925;7.840000000000001;0.0
84.0;24.85;5.960000000000001;0.0
85.5;25.45;2.7800000000000002;0.0
87.0;26.4;6.180000000000001;0.0
88.5;29.725;12.1;0.0
90.0;29.35;6.459999999999999;0.0
91.5;26.25;5.46;0.0
93.0;26.95;6.3;0.0
94.5;27.4;8.08;0.0
96.0;30.825;7.1;0.0
97.5;29.5;6.840000000000001;0.0
99.0;27.8;6.42;0.0
100.5;29.125;4.820000000000001;0.0
102.0;30.05;9.739999999999998;0.0
103.5;22.575;4.700000000000001;0.0
105.0;26.25;3.3800000000000003;0.0
106.5;25.1;4.44;0.0
108.0;27.35;3.5799999999999996;0.0
109.5;27.175;5.420000000000001;0.0
111.0;26.025;9.16;0.0
112.5;26.45;7.640000000000001;0.0
114.0;26.3;6.7;0.0
115.5;24.25;9.299999999999999;0.0
117.0;27.675;10.279999999999998;0.0
118.5;25.05;5.5200000000000005;0.0
120.0;28.175;4.380000000000001;0.0
121.5;28.45;7.76;0.0
123.0;30.825;7.68;0.0
124.5;28.875;3.1799999999999997;0.0
126.0;29.875;7.5;0.0
127.5;26.95;7.24;0.0
129.0;28.6;6.840000000000001;0.0
130.5;26.275;9.26;0.0
132.0;27.725;10.379999999999999;0.0
133.5;27.85;4.84;0.0
135.0;22.925;5.180000000000001;0.0
136.5;25.1;5.08;0.0
138.0;21.35;6.7;0.0
139.5;27.75;8.84;0.0
141.0;28.15;4.5;0.0
142.5;26.275;12.699999999999998;0.0
144.0;29.55;6.160000000000001;0.0
145.5;27.425;5.78;0.0
147.0;27.975;6.9;0.0
148.5;24.5;2.8;0.0
150.0;27.325;5.360000000000001;0.0
151.5;23.075;7.2;0.0
153.0;29.625;5.6;0.0
154.5;25.7;4.32;0.0
156.0;29.725;1.06;0.0
157.5;27.575;1.6600000000000001;0.0
159.0;25.35;8.079999999999998;0.0
160.5;28.725;13.779999999999998;0.0
162.0;31.375;4.1000000000000005;0.0
163.5;28.45;6.5600000000000005;0.0
165.0;32.025;6.780000000000001;0.0
166.5;29.05;3.96;0.0
168.0;27.95;6.58;0.0
169.5;27.0;5.26;0.0
171.0;32.125;3.7600000000000002;0.0
172.5;27.775;4.32;0.0
174.0;23.275;6.959999999999999;0.0
175.5;27.25;6.720000000000001;0.0
177.0;22.625;7.7;0.0
178.5;25.875;3.8600000000000003;0.0
180.0;27.925;7.94;0.0
181.5;27.375;6.840000000000001;0.0
183.0;28.025;2.44;0.0
184.5;27.875;7.880000000000001;0.0
186.0;24.95;7.359999999999999;0.0
187.5;27.725;6.720000000000001;0.0
189.0;22.15;6.040000000000001;0.0
190.5;26.55;6.88;0.0
192.0;26.85;11.059999999999999;0.0
193.5;29.375;4.0600000000000005;0.0
195.0;26.45;7.2;0.0
196.5;32.85;2.16;0.0
198.0;28.15;2.16;0.0
199.5;27.125;2.36;0.0
201.0;28.575;5.4;0.0
202.5;22.875;7.640000000000001;0.0
204.0;23.475;7.74;0.0
205.5;25.125;5.5600000000000005;0.0
207.0;29.65;5.58;0.0
208.5;27.75;3.84;0.0
210.0;29.65;3.2400000000000007;0.0
211.5;28.025;2.4;0.0
213.0;24.7;7.219999999999999;0.0
214.5;22.825;7.419999999999999;0.0
216.0;25.125;8.219999999999999;0.0
217.5;29.25;3.9800000000000004;0.0
219.0;28.675;3.2400000000000007;0.0
220.5;25.6;4.48;0.0
222.0;28.3;6.7;0.0
223.5;27.25;5.44;0.0
225.0;25.5;6.5200000000000005;0.0
226.5;26.925;6.459999999999999;0.0
228.0;27.575;6.040000000000001;0.0
229.5;23.375;7.58;0.0
231.0;27.175;3.06;0.0
232.5;27.725;4.800000000000001;0.0
234.0;29.075;4.7;0.0
235.5;22.3;7.239999999999999;0.0
237.0;26.825;13.239999999999998;0.0
238.5;27.95;6.92;0.0
240.0;31.15;5.420000000000001;0.0
241.5;29.1;1.46;0.0
243.0;25.225;7.9;0.0
244.5;27.05;7.039999999999999;0.0
246.0;27.325;5.98;0.0
247.5;24.8;8.739999999999998;0.0
249.0;26.725;10.359999999999998;0.0
250.5;27.3;10.36;0.0
252.0;23.775;6.36;0.0
253.5;24.575;11.879999999999999;0.0
255.0;29.475;5.62;0.0
256.5;28.4;4.86;0.0
258.0;29.725;5.26;0.0
259.5;26.15;4.92;0.0
261.0;23.575;6.220000000000001;0.0
262.5;24.075;10.599999999999998;0.0
264.0;28.7;3.78;0.0
265.5;26.5;4.82;0.0
267.0;25.65;6.040000000000001;0.0
268.5;24.675;6.380000000000001;0.0
270.0;25.825;9.659999999999998;0.0
271.5;27.025;4.5;0.0
273.0;28.4;5.86;0.0
274.5;29.225;4.2;0.0
276.0;25.475;6.36;0.0
277.5;22.675;8.959999999999999;0.0
279.0;29.45;4.7;0.0
280.5;27.05;8.319999999999999;0.0
282.0;26.925;3.9800000000000004;0.0
283.5;27.875;5.5600000000000005;0.0
285.0;27.325;3.46;0.0
286.5;28.0;8.64;0.0
288.0;28.1;8.1;0.0
289.5;29.6;5.800000000000001;0.0
291.0;25.275;4.74;0.0
292.5;29.35;7.760000000000001;0.0
294.0;24.875;5.9;0.0
295.5;24.125;9.9;0.0
297.0;24.75;8.04;0.0
298.5;25.55;6.9;0.0
300.0;26.5;7.1;0.0
301.5;22.875;8.1;0.0
303.0;28.175;4.640000000000001;0.0
304.5;29.425;4.6;0.0
306.0;26.425;5.82;0.0
307.5;25.325;4.46;0.0
309.0;27.275;5.160000000000001;0.0
310.5;25.75;5.360000000000001;0.0
312.0;29.15;7.4799999999999995;0.0
313.5;27.2;1.46;0.0
315.0;27.1;6.459999999999999;0.0
316.5;27.7;6.9;0.0
318.0;25.25;10.12;0.0
319.5;29.075;6.44;0.0
321.0;24.8;3.1;0.0
322.5;29.05;6.26;0.0
324.0;26.275;7.359999999999999;0.0
325.5;30.625;3.6;0.0
327.0;26.525;2.46;0.0
328.5;26.5;10.1;0.0
330.0;23.8;6.960000000000001;0.0
331.5;27.275;7.12;0.0
333.0;25.925;6.56;0.0
334.5;25.025;4.480000000000001;0.0
336.0;20.95;4.32;0.0
337.5;28.725;4.140000000000001;0.0
339.0;25.875;7.6800000000000015;0.0
340.5;28.15;5.9;0.0
342.0;30.325;5.96;0.0
343.5;31.125;8.879999999999999;0.0
345.0;25.275;3.38;0.0
346.5;25.85;5.92;0.0
348.0;24.7;6.0200000000000005;0.0
349.5;25.025;5.78;0.0
351.0;26.675;3.7600000000000002;0.0
352.5;27.7;6.42;0.0
354.0;27.1;6.719999999999999;0.0
355.5;26.025;6.5;0.0
357.0;25.8;5.32;0.0
358.5;22.7;5.840000000000001;0.0
360.0;31.325;6.360000000000001;0.0
361.5;25.65;4.92;0.0
363.0;23.4;8.379999999999999;0.0
364.5;25.375;5.960000000000001;0.0
366.0;29.85;7.3;0.0
367.5;29.825;4.980000000000002;0.0
369.0;30.075;4.46;0.0
370.5;26.675;7.58;0.0
372.0;29.15;5.58;0.0
373.5;28.3;5.040000000000001;0.0
375.0;28.55;5.800000000000002;0.0
376.5;26.375;6.619999999999999;0.0
378.0;26.2;7.959999999999998;0.0
379.5;25.475;5.62;0.0
381.0;27.95;5.92;0.0
382.5;25.1;7.160000000000001;0.0
384.0;24.675;14.7;0.0
385.5;27.325;6.360000000000001;0.0
387.0;23.55;4.98;0.0
388.5;24.225;10.379999999999999;0.0
390.0;25.375;8.16;0.0
391.5;25.85;8.559999999999999;0.0
393.0;27.9;8.24;0.0
394.5;24.5;10.52;0.0
396.0;29.825;6.340000000000002;0.0
397.5;28.4;3.6;0.0
399.0;24.55;6.8;0.0
400.5;27.325;3.38;0.0
402.0;24.725;5.4;0.0
403.5;24.7;3.1800000000000006;0.0
405.0;26.225;7.56;0.0
406.5;30.4;9.1;0.0
408.0;26.45;7.06;0.0
409.5;24.525;7.3;0.0
411.0;22.2;7.539999999999999;0.0
412.5;30.75;3.5;0.0
414.0;27.85;6.720000000000001;0.0
415.5;21.55;6.12;0.0
417.0;27.275;5.1000000000000005;0.0
418.5;22.8;5.0;0.0
420.0;23.55;6.1;0.0
421.5;25.2;4.58;0.0
423.0;25.225;10.64;0.0
424.5;25.325;7.959999999999999;0.0
426.0;27.275;4.98;0.0
427.5;26.075;6.340000000000001;0.0
429.0;26.925;5.840000000000001;0.0
430.5;29.25;5.880000000000001;0.0
432.0;25.575;8.440000000000001;0.0
433.5;28.425;8.22;0.0
435.0;28.4;5.1000000000000005;0.0
436.5;29.175;4.040000000000001;0.0
438.0;27.0;5.720000000000001;0.0
439.5;27.725;10.38;0.0
441.0;25.45;6.000000000000002;0.0
442.5;27.55;3.5200000000000005;0.0
444.0;27.375;6.020000000000001;0.0
445.5;30.775;8.459999999999997;0.0
447.0;31.475;4.720000000000001;0.0
448.5;27.175;5.92;0.0
450.0;27.65;3.900000000000001;0.0
451.5;26.325;4.220000000000001;0.0
453.0;27.75;8.719999999999999;0.0
454.5;26.9;4.0200000000000005;0.0
456.0;28.9;5.5600000000000005;0.0
457.5;28.325;4.500000000000001;0.0
459.0;25.3;5.840000000000001;0.0
460.5;26.95;6.320000000000001;0.0
462.0;26.2;6.5;0.0
463.5;26.525;7.1800000000000015;0.0
465.0;31.225;7.6;0.0
466.5;28.7;8.36;0.0
468.0;26.925;3.1799999999999997;0.0
469.5;26.75;6.760000000000001;0.0
471.0;26.7;8.859999999999998;0.0
472.5;26.35;9.499999999999998;0.0
474.0;27.175;6.2;0.0
475.5;25.325;8.319999999999999;0.0
477.0;26.925;9.799999999999999;0.0
478.5;28.05;7.76;0.0
480.0;31.25;2.56;0.0
481.5;27.525;3.6399999999999997;0.0
483.0;25.35;4.84;0.0
484.5;24.35;9.219999999999999;0.0
486.0;23.0;6.82;0.0
487.5;22.975;7.540000000000001;0.0
489.0;25.525;5.4;0.0
490.5;25.325;7.360000000000001;0.0
492.0;25.925;6.7;0.0
493.5;27.35;4.9;0.0
495.0;24.625;7.1800000000000015;0.0
496.5;25.95;4.12;0.0
498.0;27.8;5.380000000000001;0.0
499.5;25.975;5.5600000000000005;0.0
501.0;29.275;14.079999999999998;0.0
502.5;28.775;3.8;0.0
504.0;25.925;10.16;0.0
505.5;28.325;9.16;0.0
507.0;30.475;5.58;0.0
508.5;27.35;5.9;0.0
510.0;29.825;5.78;0.0
511.5;32.075;4.98;0.0
513.0;30.475;5.12;0.0
514.5;28.7;10.959999999999997;0.0
516.0;27.3;9.02;0.0
517.5;23.075;10.38;0.0
519.0;27.1;8.98;0.0
520.5;27.425;8.620000000000001;0.0
522.0;31.675;5.720000000000001;0.0
523.5;25.45;4.360000000000001;0.0
525.0;27.6;6.42;0.0
526.5;31.225;5.62;0.0
528.0;28.375;6.420000000000002;0.0
529.5;26.75;5.04;0.0
531.0;26.2;8.68;0.0
532.5;28.25;2.4;0.0
534.0;29.425;9.66;0.0
535.5;26.575;4.0600000000000005;0.0
537.0;27.875;6.62;0.0
538.5;27.5;3.8;0.0
540.0;26.075;6.960000000000001;0.0
541.5;29.875;4.42;0.0
543.0;24.15;8.42;0.0
544.5;28.15;5.92;0.0
546.0;24.925;12.319999999999997;0.0
547.5;26.75;10.059999999999999;0.0
549.0;26.3;18.719999999999995;0.0
550.5;31.175;4.58;0.0
552.0;26.75;8.3;0.0
553.5;24.875;2.32;0.0
555.0;25.5;5.040000000000001;0.0
556.5;23.425;8.68;0.0
558.0;26.8;11.139999999999997;0.0
559.5;27.95;7.679999999999998;0.0
561.0;29.45;5.44;0.0
562.5;29.775;5.020000000000001;0.0
564.0;28.15;3.5200000000000005;0.0
565.5;28.5;4.779999999999999;0.0
567.0;28.45;7.599999999999999;0.0
568.5;29.7;7.56;0.0
570.0;24.05;6.1000000000000005;0.0
571.5;28.275;5.880000000000001;0.0
573.0;29.275;3.8600000000000003;0.0
574.5;30.1;4.1400000000000015;0.0
576.0;29.55;7.24;0.0
577.5;24.325;2.7199999999999998;0.0
579.0;24.7;6.280000000000001;0.0
580.5;24.35;3.960000000000001;0.0
582.0;24.35;4.78;0.0
583.5;26.575;3.8600000000000003;0.0
585.0;27.05;5.84;0.0
586.5;29.05;6.840000000000001;0.0
588.0;25.825;5.720000000000001;0.0
589.5;28.525;6.659999999999999;0.0
591.0;27.85;5.140000000000001;0.0
592.5;23.1;6.959999999999999;0.0
594.0;25.7;11.42;0.0
595.5;27.825;4.6;0.0
597.0;25.65;8.620000000000001;0.0
598.5;27.65;5.38;0.0
600.0;26.05;6.5;0.0
601.5;27.85;7.540000000000001;0.0
603.0;25.875;8.799999999999999;0.0
604.5;26.05;6.4799999999999995;0.0
606.0;29.35;11.52;0.0
607.5;25.075;4.680000000000001;0.0
609.0;25.575;9.799999999999999;0.0
610.5;25.825;5.800000000000001;0.0
612.0;31.025;8.48;0.0
613.5;25.85;7.359999999999999;0.0
615.0;27.825;10.799999999999995;0.0
616.5;26.65;5.5200000000000005;0.0
618.0;27.625;7.8199999999999985;0.0
619.5;24.075;6.899999999999999;0.0
621.0;26.875;3.2;0.0
622.5;26.225;6.760000000000001;0.0
624.0;30.775;5.62;0.0
625.5;28.5;9.979999999999999;0.0
627.0;25.625;6.780000000000001;0.0
628.5;21.8;9.7;0.0
630.0;28.0;9.18;0.0
631.5;26.825;2.8;0.0
633.0;26.45;5.700000000000001;0.0
634.5;28.475;5.32;0.0
636.0;28.175;4.96;0.0
637.5;27.425;5.12;0.0
639.0;26.2;6.9;0.0
640.5;26.725;6.820000000000002;0.0
642.0;27.475;6.760000000000001;0.0
643.5;31.8;5.46;0.0
645.0;29.725;11.199999999999998;0.0
646.5;29.3;10.52;0.0
648.0;26.925;6.44;0.0
649.5;28.05;11.299999999999997;0.0
651.0;27.55;6.56;0.0
652.5;25.8;3.1799999999999997;0.0
654.0;26.9;5.5200000000000005;0.0
655.5;28.15;4.0;0.0
657.0;24.05;13.26;0.0
658.5;26.325;5.26;0.0
660.0;32.0;5.9;0.0
661.5;25.05;7.8;0.0
663.0;26.425;4.44;0.0
664.5;25.725;3.8800000000000003;0.0
666.0;27.4;8.319999999999999;0.0
667.5;26.3;3.6;0.0
669.0;26.025;2.64;0.0
670.5;24.75;7.82;0.0
672.0;27.2;5.98;0.0
673.5;25.175;7.640000000000001;0.0
675.0;26.525;8.959999999999999;0.0
676.5;27.225;8.959999999999999;0.0
678.0;26.15;7.159999999999999;0.0
679.5;29.275;7.32;0.0
681.0;30.2;4.14;0.0
682.5;29.575;6.62;0.0
684.0;26.525;8.76;0.0
685.5;23.175;4.26;0.0
687.0;28.5;2.3800000000000003;0.0
688.5;28.0;6.04;0.0
690.0;27.325;11.26;0.0
691.5;28.575;5.780000000000001;0.0
693.0;27.85;4.6800000000000015;0.0
694.5;25.9;7.160000000000001;0.0
696.0;26.45;4.720000000000001;0.0
697.5;26.875;5.58;0.0
699.0;27.6;5.680000000000001;0.0
700.5;25.6;2.7199999999999998;0.0
702.0;29.575;8.1;0.0
703.5;25.275;8.02;0.0
705.0;24.575;6.820000000000002;0.0
706.5;24.3;4.3;0.0
708.0;25.45;5.12;0.0
709.5;27.525;3.900000000000001;0.0
711.0;26.675;3.2600000000000002;0.0
712.5;24.725;5.140000000000001;0.0
714.0;27.075;4.44;0.0
715.5;26.6;5.4;0.0
717.0;26.2;9.580000000000002;0.0
718.5;27.825;10.499999999999998;0.0
720.0;29.675;9.399999999999999;0.0
721.5;25.45;3.9799999999999995;0.0
723.0;25.375;1.06;0.0
724.5;24.725;10.099999999999998;0.0
726.0;30.6;5.36;0.0
727.5;28.55;6.859999999999999;0.0
729.0;30.675;4.840000000000001;0.0
730.5;26.675;5.1000000000000005;0.0
732.0;24.325;5.640000000000001;0.0
733.5;25.55;4.700000000000001;0.0
735.0;26.2;5.64;0.0
736.5;29.725;4.380000000000001;0.0
738.0;27.225;4.92;0.0
739.5;22.55;8.559999999999999;0.0
741.0;27.5;3.7800000000000002;0.0
742.5;24.825;7.080000000000001;0.0
744.0;26.475;6.380000000000001;0.0
745.5;26.525;11.7;0.0
747.0;28.1;8.120000000000001;0.0
748.5;28.35;3.12;0.0
750.0;27.35;6.36;0.0
751.5;29.0;7.780000000000001;0.0
753.0;28.15;6.540000000000001;0.0
754.5;25.325;2.66;0.0
756.0;29.35;4.76;0.0
757.5;28.375;6.160000000000001;0.0
759.0;27.875;4.720000000000001;0.0
760.5;33.7;4.300000000000001;0.0
762.0;27.575;4.180000000000001;0.0
763.5;25.825;4.6000000000000005;0.0
765.0;29.65;8.679999999999998;0.0
766.5;24.325;5.78;0.0
768.0;30.2;5.0;0.0
769.5;28.225;3.46;0.0
771.0;26.85;2.8800000000000003;0.0
772.5;26.5;8.82;0.0
774.0;29.1;3.9799999999999995;0.0
775.5;30.2;7.639999999999999;0.0
777.0;24.7;2.2;0.0
778.5;29.875;7.619999999999999;0.0
780.0;27.925;5.76;0.0
781.5;26.175;9.12;0.0
783.0;25.8;5.66;0.0
784.5;25.725;4.8;0.0
786.0;31.6;4.92;0.0
787.5;25.475;7.68;0.0
789.0;25.175;9.2;0.0
790.5;28.15;7.62;0.0
792.0;26.925;8.82;0.0
793.5;27.7;8.639999999999999;0.0
795.0;25.625;6.62;0.0
796.5;28.2;4.5;0.0
798.0;29.55;5.76;0.0
799.5;27.05;7.12;0.0
801.0;30.65;4.92;0.0
802.5;27.725;6.5200000000000005;0.0
804.0;27.35;6.220000000000001;0.0
805.5;27.625;10.5;0.0
807.0;25.2;6.5600000000000005;0.0
808.5;27.5;2.9;0.0
810.0;26.625;9.16;0.0
811.5;27.3;5.74;0.0
813.0;29.425;9.04;0.0
814.5;26.975;6.960000000000001;0.0
816.0;26.075;12.719999999999997;0.0
817.5;30.025;5.0600000000000005;0.0
819.0;25.325;6.2;0.0
820.5;24.9;5.12;0.0
822.0;25.925;6.88;0.0
823.5;26.025;9.639999999999999;0.0
825.0;29.175;5.180000000000001;0.0
826.5;26.55;5.840000000000001;0.0
828.0;29.85;4.840000000000001;0.0
829.5;28.9;8.16;0.0
831.0;27.55;6.5600000000000005;0.0
832.5;25.875;5.760000000000001;0.0
834.0;26.55;7.000000000000002;0.0
835.5;27.0;2.8200000000000003;0.0
837.0;30.7;8.48;0.0
838.5;23.6;5.26;0.0
840.0;28.225;6.640000000000001;0.0
841.5;26.9;6.260000000000001;0.0
843.0;28.275;8.639999999999997;0.0
844.5;27.825;8.4;0.0
846.0;29.075;7.9799999999999995;0.0
847.5;29.575;5.9;0.0
849.0;27.975;8.1;0.0
850.5;26.25;5.66;0.0
852.0;26.45;6.6800000000000015;0.0
853.5;25.8;3.72;0.0
855.0;27.575;4.720000000000001;0.0
856.5;30.775;6.16;0.0
858.0;28.775;5.500000000000001;0.0
859.5;27.35;11.16;0.0
861.0;33.225;7.019999999999999;0.0
862.5;27.875;5.08;0.0
864.0;30.525;9.34;0.0
865.5;24.225;6.4;0.0
867.0;25.9;10.94;0.0
868.5;26.8;6.9399999999999995;0.0
870.0;26.5;7.640000000000001;0.0
871.5;27.175;3.2600000000000002;0.0
873.0;28.725;3.6399999999999997;0.0
874.5;27.475;5.1;0.0
876.0;26.45;5.360000000000001;0.0
877.5;26.75;5.360000000000001;0.0
879.0;30.475;9.3;0.0
880.5;25.95;5.12;0.0
882.0;28.675;16.339999999999996;0.0
883.5;27.725;4.5600000000000005;0.0
885.0;28.55;5.9;0.0
886.5;26.2;6.880000000000001;0.0
888.0;28.2;6.8199999999999985;0.0
889.5;26.8;5.040000000000001;0.0
891.0;26.975;5.46;0.0
892.5;28.1;4.720000000000001;0.0
894.0;25.575;8.379999999999999;0.0
895.5;29.8;5.48;0.0
897.0;29.575;3.66;0.0
898.5;26.7;5.28;0.0
900.0;25.8;8.08;0.0
901.5;28.55;3.7600000000000002;0.0
903.0;28.0;6.420000000000002;0.0
904.5;25.675;7.359999999999999;0.0
906.0;28.5;8.1;0.0
907.5;29.55;8.959999999999999;0.0
909.0;24.425;4.9;0.0
910.5;29.675;12.919999999999998;0.0
912.0;24.425;5.84;0.0
913.5;23.8;5.840000000000001;0.0
915.0;28.025;5.640000000000001;0.0
916.5;25.425;9.16;0.0
918.0;27.175;6.62;0.0
919.5;27.15;7.679999999999998;0.0
921.0;29.075;5.44;0.0
922.5;27.4;4.98;0.0
924.0;31.575;3.3200000000000003;0.0
925.5;26.225;6.980000000000001;0.0
927.0;30.725;7.1800000000000015;0.0
928.5;25.975;9.76;0.0
930.0;27.675;10.139999999999997;0.0
931.5;24.6;4.46;0.0
933.0;27.25;6.739999999999999;0.0
934.5;26.825;5.58;0.0
936.0;26.05;4.3;0.0
937.5;26.525;2.6399999999999997;0.0
939.0;26.3;8.5;0.0
940.5;23.675;3.1400000000000006;0.0
942.0;26.05;4.220000000000001;0.0
943.5;28.85;7.160000000000001;0.0
945.0;24.4;11.819999999999999;0.0
946.5;23.725;7.2799999999999985;0.0
948.0;26.6;6.1000000000000005;0.0
949.5;21.75;9.02;0.0
951.0;23.9;11.54;0.0
952.5;27.95;2.96;0.0
954.0;28.925;4.720000000000001;0.0
955.5;26.95;5.66;0.0
957.0;28.175;10.76;0.0
958.5;27.525;9.959999999999999;0.0
960.0;29.625;3.1800000000000006;0.0
961.5;24.775;8.3;0.0
963.0;24.475;6.82;0.0
964.5;27.1;6.820000000000002;0.0
966.0;26.6;5.420000000000001;0.0
967.5;21.7;9.040000000000001;0.0
969.0;27.275;6.12;0.0
970.5;27.325;5.24;0.0
972.0;22.875;5.0;0.0
973.5;27.2;6.780000000000001;0.0
975.0;24.55;7.1800000000000015;0.0
976.5;26.625;5.78;0.0
978.0;26.45;2.04;0.0
979.5;25.2;8.52;0.0
981.0;25.925;4.18;0.0
982.5;30.625;1.44;0.0
984.0;23.9;8.1;0.0
985.5;31.3;3.9800000000000004;0.0
987.0;28.2;7.640000000000001;0.0
988.5;27.35;2.56;0.0
990.0;31.925;6.26;0.0
991.5;31.925;6.56;0.0
993.0;27.575;5.620000000000001;0.0
994.5;28.275;6.959999999999999;0.0
996.0;27.2;7.919999999999999;0.0
997.5;27.25;6.180000000000001;0.0
999.0;25.975;5.76;0.0
1000.5;26.925;8.04;0.0
1002.0;29.85;2.5800000000000005;0.0
1003.5;30.25;4.420000000000001;0.0
1005.0;23.05;8.16;0.0
1006.5;26.7;4.540000000000001;0.0
1008.0;25.85;8.959999999999997;0.0
1009.5;27.775;3.2400000000000007;0.0
1011.0;27.25;5.2;0.0
1012.5;26.35;9.1;0.0
1014.0;28.175;2.3200000000000003;0.0
1015.5;27.025;5.5200000000000005;0.0
1017.0;27.325;4.300000000000001;0.0
1018.5;25.225;4.04;0.0
1020.0;27.625;3.3600000000000003;0.0
1021.5;26.95;5.880000000000001;0.0
1023.0;25.425;7.220000000000001;0.0
1024.5;27.475;1.2999999999999998;0.0
1026.0;27.425;6.58;0.0
1027.5;25.2;8.1;0.0
1029.0;26.8;4.1;0.0
1030.5;29.075;4.720000000000001;0.0
1032.0;26.675;7.76;0.0
1033.5;24.925;2.1800000000000006;0.0
1035.0;29.575;7.56;0.0
1036.5;24.575;3.9799999999999995;0.0
1038.0;22.8;8.12;0.0
1039.5;25.0;10.940000000000001;0.0
1041.0;26.65;3.7800000000000002;0.0
1042.5;25.95;8.34;0.0
1044.0;29.7;3.3800000000000003;0.0
1045.5;31.975;4.28;0.0
1047.0;31.15;6.420000000000002;0.0
1048.5;28.6;4.78;0.0
1050.0;29.15;5.940000000000001;0.0
1051.5;25.65;2.46;0.0
1053.0;23.65;7.3199999999999985;0.0
1054.5;24.275;4.5200000000000005;0.0
1056.0;25.525;6.88;0.0
1057.5;26.75;3.2;0.0
1059.0;27.925;8.9;0.0
1060.5;31.3;5.9;0.0
1062.0;28.275;7.800000000000002;0.0
1063.5;27.625;6.7799999999999985;0.0
1065.0;27.7;3.3;0.0
1066.5;27.2;6.780000000000001;0.0
1068.0;23.825;3.1799999999999997;0.0
1069.5;32.1;6.26;0.0
1071.0;28.525;5.300000000000001;0.0
1072.5;32.625;10.859999999999998;0.0
1074.0;28.2;4.300000000000001;0.0
1075.5;25.1;3.5200000000000005;0.0
1077.0;25.7;12.399999999999999;0.0
1078.5;31.225;5.08;0.0
1080.0;22.925;5.700000000000001;0.0
1081.5;22.775;6.1;0.0
1083.0;25.7;4.860000000000001;0.0
1084.5;25.6;8.1;0.0
1086.0;26.95;5.480000000000001;0.0
1087.5;23.9;7.9799999999999995;0.0
1089.0;25.1;7.82;0.0
1090.5;25.45;5.24;0.0
1092.0;27.3;3.8;0.0
1093.5;24.65;7.219999999999999;0.0
1095.0;25.95;7.94;0.0
1096.5;26.75;11.639999999999999;0.0
1098.0;25.425;4.740000000000001;0.0
1099.5;25.1;5.380000000000001;0.0
1101.0;29.775;5.38;0.0
1102.5;30.5;7.5600000000000005;0.0
1104.0;26.55;9.3;0.0
1105.5;31.075;3.1000000000000005;0.0
1107.0;28.35;7.719999999999999;0.0
1108.5;29.875;6.08;0.0
1110.0;25.5;5.0;0.0
1111.5;26.125;4.700000000000001;0.0
1113.0;26.175;5.119999999999999;0.0
1114.5;27.075;7.24;0.0
1116.0;25.5;8.919999999999998;0.0
1117.5;32.8;11.939999999999998;0.0
1119.0;26.975;6.160000000000001;0.0
1120.5;26.975;8.72;0.0
1122.0;27.775;9.1;0.0
1123.5;25.725;5.9;0.0
1125.0;27.425;7.480000000000001;0.0
1126.5;28.675;8.940000000000001;0.0
1128.0;25.875;7.2;0.0
1129.5;25.8;5.800000000000001;0.0
1131.0;27.45;8.5;0.0
1132.5;24.0;8.959999999999999;0.0
1134.0;27.5;7.32;0.0
1135.5;28.525;5.78;0.0
1137.0;28.775;3.62;0.0
1138.5;29.225;7.479999999999999;0.0
1140.0;24.75;7.639999999999999;0.0
1141.5;22.725;8.26;0.0
1143.0;28.05;4.78;0.0
1144.5;28.325;6.44;0.0
1146.0;25.65;8.419999999999998;0.0
1147.5;29.7;2.38;0.0
1149.0;25.55;6.340000000000002;0.0
1150.5;29.375;14.9;0.0
1152.0;28.35;3.3000000000000007;0.0
1153.5;26.575;4.6800000000000015;0.0
1155.0;27.025;7.9;0.0
1156.5;23.05;6.720000000000001;0.0
1158.0;29.85;5.42;0.0
1159.5;29.05;3.1800000000000006;0.0
1161.0;27.2;6.7;0.0
1162.5;27.925;7.419999999999999;0.0
1164.0;25.075;4.16;0.0
1165.5;25.325;6.659999999999999;0.0
1167.0;28.975;3.66;0.0
1168.5;28.175;2.7800000000000002;0.0
1170.0;31.7;3.5200000000000005;0.0
1171.5;25.225;6.68;0.0
1173.0;30.375;6.300000000000001;0.0
1174.5;25.725;8.399999999999999;0.0
1176.0;27.275;3.7;0.0
1177.5;26.275;4.5;0.0
1179.0;27.675;7.1800000000000015;0.0
1180.5;21.825;5.5600000000000005;0.0
1182.0;28.775;3.3800000000000003;0.0
1183.5;24.5;5.180000000000001;0.0
1185.0;23.325;6.6;0.0
1186.5;24.875;12.879999999999995;0.0
1188.0;26.25;4.48;0.0
1189.5;26.65;8.079999999999998;0.0
1191.0;25.4;5.220000000000001;0.0
1192.5;27.575;5.28;0.0
1194.0;31.9;4.26;0.0
1195.5;28.325;5.360000000000001;0.0
1197.0;27.6;7.659999999999999;0.0
1198.5;24.425;5.380000000000001;0.0
1200.0;25.675;5.420000000000001;0.0
1201.5;26.8;5.300000000000001;0.0
1203.0;27.125;3.2;0.0
1204.5;24.275;9.86;0.0
1206.0;26.325;6.2;0.0
1207.5;22.425;6.220000000000001;0.0
1209.0;25.3;6.32;0.0
1210.5;26.7;7.780000000000001;0.0
1212.0;28.125;7.0200000000000005;0.0
1213.5;25.875;8.34;0.0
1215.0;22.325;8.440000000000001;0.0
1216.5;30.525;3.6;0.0
1218.0;30.275;4.46;0.0
1219.5;28.25;4.9;0.0
1221.0;28.5;8.7;0.0
1222.5;26.675;8.959999999999999;0.0
1224.0;30.725;4.5;0.0
1225.5;28.425;5.1000000000000005;0.0
1227.0;23.825;6.580000000000001;0.0
1228.5;26.7;5.1000000000000005;0.0
1230.0;25.45;5.020000000000001;0.0
1231.5;28.8;4.82;0.0
1233.0;27.825;9.1;0.0
1234.5;24.25;3.3000000000000007;0.0
1236.0;26.975;6.020000000000001;0.0
1237.5;28.025;4.92;0.0
1239.0;29.95;7.419999999999999;0.0
1240.5;28.15;9.26;0.0
1242.0;27.45;5.640000000000001;0.0
1243.5;30.025;5.180000000000001;0.0
1245.0;26.825;9.26;0.0
1246.5;25.6;4.0600000000000005;0.0
1248.0;26.0;7.099999999999999;0.0
1249.5;24.5;4.2;0.0
1251.0;29.575;4.9;0.0
1252.5;28.95;4.720000000000001;0.0
1254.0;27.175;9.419999999999998;0.0
1255.5;29.775;4.74;0.0
1257.0;28.1;4.1000000000000005;0.0
1258.5;27.95;5.5600000000000005;0.0
1260.0;29.05;8.02;0.0
1261.5;30.3;6.460000000000001;0.0
1263.0;29.975;4.44;0.0
1264.5;24.925;3.9200000000000004;0.0
1266.0;31.9;9.76;0.0
1267.5;23.95;6.5200000000000005;0.0
1269.0;27.575;5.040000000000001;0.0
1270.5;26.0;6.480000000000001;0.0
1272.0;25.575;5.620000000000001;0.0
1273.5;29.925;11.419999999999998;0.0
1275.0;24.2;8.1;0.0
1276.5;30.0;10.12;0.0
1278.0;28.125;3.78;0.0
1279.5;27.775;5.26;0.0
1281.0;27.5;7.12;0.0
1282.5;26.025;9.0;0.0
1284.0;24.05;5.7;0.0
1285.5;27.75;6.220000000000001;0.0
1287.0;26.825;6.300000000000001;0.0
1288.5;29.35;8.559999999999999;0.0
1290.0;28.8;6.0200000000000005;0.0
1291.5;28.85;6.82;0.0
1293.0;26.675;5.620000000000001;0.0
1294.5;25.175;8.1;0.0
1296.0;28.125;7.359999999999999;0.0
1297.5;27.325;9.2;0.0
1299.0;27.175;10.799999999999997;0.0
1300.5;25.3;8.02;0.0
1302.0;28.3;4.44;0.0
1303.5;28.55;4.86;0.0
1305.0;29.1;7.3;0.0
1306.5;25.625;5.380000000000001;0.0
1308.0;27.6;13.439999999999998;0.0
1309.5;30.15;5.220000000000001;0.0
1311.0;28.475;7.12;0.0
1312.5;28.25;7.18;0.0
1314.0;31.075;4.76;0.0
1315.5;27.35;4.76;0.0
1317.0;27.15;6.040000000000001;0.0
1318.5;23.05;8.459999999999997;0.0
1320.0;30.05;7.3;0.0
1321.5;26.275;4.42;0.0
1323.0;23.025;5.58;0.0
1324.5;27.075;5.44;0.0
1326.0;29.95;4.26;0.0
1327.5;27.975;3.9800000000000004;0.0
1329.0;30.725;7.980000000000001;0.0
1330.5;27.35;5.760000000000001;0.0
1332.0;30.65;8.379999999999999;0.0
1333.5;30.875;8.18;0.0
1335.0;29.35;4.960000000000001;0.0
1336.5;30.025;6.4;0.0
1338.0;30.875;9.559999999999999;0.0
1339.5;28.825;6.980000000000001;0.0
1341.0;27.75;5.04;0.0
1342.5;26.15;8.879999999999999;0.0
1344.0;26.575;9.279999999999998;0.0
1345.5;23.975;4.880000000000001;0.0
1347.0;27.55;6.459999999999999;0.0
1348.5;28.3;0.0;0.0
1350.0;32.575;6.1000000000000005;0.0
1351.5;30.025;5.24;0.0
1353.0;30.675;6.5200000000000005;0.0
1354.5;31.375;4.64;0.0
1356.0;30.05;3.7600000000000002;0.0
1357.5;26.6;1.8;0.0
1359.0;28.55;7.880000000000001;0.0
1360.5;27.475;3.12;0.0
1362.0;26.75;5.66;0.0
1363.5;27.375;10.259999999999998;0.0
1365.0;28.55;5.880000000000001;0.0
1366.5;30.8;7.76;0.0
1368.0;30.1;8.7;0.0
1369.5;27.825;10.36;0.0
1371.0;26.925;8.52;0.0
1372.5;26.775;4.86;0.0
1374.0;26.275;8.14;0.0
1375.5;25.575;8.040000000000001;0.0
1377.0;26.25;5.340000000000002;0.0
1378.5;24.4;5.16;0.0
1380.0;28.025;5.880000000000001;0.0
1381.5;28.35;11.36;0.0
1383.0;23.35;6.42;0.0
1384.5;29.15;5.98;0.0
1386.0;26.9;6.659999999999999;0.0
1387.5;26.775;7.219999999999999;0.0
1389.0;29.3;9.440000000000001;0.0
1390.5;25.575;7.720000000000001;0.0
1392.0;26.7;10.02;0.0
1393.5;25.725;9.3;0.0
1395.0;28.975;0.6;0.0
1396.5;29.0;6.040000000000001;0.0
1398.0;24.95;3.8200000000000003;0.0
1399.5;25.875;8.219999999999999;0.0
1401.0;26.825;4.24;0.0
1402.5;26.35;6.360000000000001;0.0
1404.0;27.175;5.6;0.0
1405.5;28.275;9.98;0.0
1407.0;28.475;4.500000000000001;0.0
1408.5;24.05;5.4399999999999995;0.0
1410.0;29.125;5.78;0.0
1411.5;26.3;3.9200000000000004;0.0
1413.0;27.875;4.82;0.0
1414.5;25.0;10.039999999999997;0.0
1416.0;23.8;7.88;0.0
1417.5;25.8;4.32;0.0
1419.0;24.9;5.6800000000000015;0.0
1420.5;29.575;6.5;0.0
1422.0;29.8;4.86;0.0
1423.5;26.55;4.5200000000000005;0.0
1425.0;29.9;9.559999999999999;0.0
1426.5;27.275;7.7;0.0
1428.0;25.925;9.079999999999998;0.0
1429.5;24.35;7.480000000000001;0.0
1431.0;26.55;5.880000000000001;0.0
1432.5;24.4;2.72;0.0
1434.0;25.2;3.3200000000000003;0.0
1435.5;24.7;4.6;0.0
1437.0;29.7;7.640000000000001;0.0
1438.5;25.675;4.44;0.0
1440.0;24.8;7.040000000000001;0.0
1441.5;28.475;5.1000000000000005;0.0
1443.0;27.325;6.36;0.0
1444.5;27.85;4.180000000000001;0.0
1446.0;25.125;5.960000000000001;0.0
1447.5;26.1;8.34;0.0
1449.0;26.95;4.84;0.0
1450.5;25.7;6.74;0.0
1452.0;24.425;9.52;0.0
1453.5;32.175;4.880000000000001;0.0
1455.0;26.475;9.7;0.0
1456.5;27.075;4.24;0.0
1458.0;30.9;5.140000000000001;0.0
1459.5;24.35;6.580000000000001;0.0
1461.0;30.15;3.4;0.0
1462.5;29.625;8.899999999999997;0.0
1464.0;23.675;5.980000000000001;0.0
1465.5;28.175;8.819999999999999;0.0
1467.0;28.0;5.88;0.0
1468.5;28.25;4.840000000000001;0.0
1470.0;26.225;3.9200000000000004;0.0
1471.5;32.15;4.24;0.0
1473.0;29.55;5.640000000000001;0.0
1474.5;28.575;6.300000000000001;0.0
1476.0;30.75;5.24;0.0
1477.5;27.35;7.5;0.0
1479.0;27.425;8.24;0.0
1480.5;26.6;4.96;0.0
1482.0;28.425;5.46;0.0
1483.5;26.6;7.26;0.0
1485.0;27.35;8.040000000000001;0.0
1486.5;25.075;4.7;0.0
1488.0;29.55;5.92;0.0
1489.5;26.075;6.780000000000001;0.0
1491.0;30.075;6.380000000000001;0.0
1492.5;28.225;5.760000000000001;0.0
1494.0;29.175;4.5200000000000005;0.0
1495.5;29.175;11.399999999999999;0.0
1497.0;28.775;4.92;0.0
1498.5;28.4;7.219999999999999;0.0
1500.0;29.45;3.9800000000000004;0.0
1501.5;26.65;5.16;0.0
1503.0;27.8;8.579999999999998;0.0
1504.5;31.25;4.5200000000000005;0.0
1506.0;25.325;3.16;0.0
1507.5;27.325;7.76;0.0
1509.0;25.8;5.980000000000001;0.0
1510.5;24.7;2.66;0.0
1512.0;29.25;8.1;0.0
1513.5;27.475;3.46;0.0
1515.0;32.325;9.16;0.0
1516.5;25.975;3.3600000000000008;0.0
1518.0;28.25;6.040000000000001;0.0
1519.5;27.4;6.459999999999999;0.0
1521.0;28.15;9.3;0.0
1522.5;26.1;6.1400000000000015;0.0
1524.0;23.65;5.820000000000001;0.0
1525.5;27.275;3.9200000000000004;0.0
1527.0;26.3;4.16;0.0
1528.5;29.4;7.119999999999999;0.0
1530.0;26.325;6.620000000000002;0.0
1531.5;25.325;6.12;0.0
1533.0;28.7;8.799999999999999;0.0
1534.5;28.475;4.5200000000000005;0.0
1536.0;25.75;4.62;0.0
1537.5;27.1;7.140000000000001;0.0
1539.0;25.15;9.02;0.0
1540.5;27.75;6.32;0.0
1542.0;28.0;7.040000000000001;0.0
1543.5;29.9;7.540000000000001;0.0
1545.0;29.175;5.040000000000001;0.0
1546.5;27.85;6.5;0.0
1548.0;26.85;8.860000000000001;0.0
1549.5;26.775;4.64;0.0
1551.0;26.75;8.819999999999999;0.0
1552.5;26.125;6.839999999999999;0.0
1554.0;23.475;5.540000000000001;0.0
1555.5;29.7;8.440000000000001;0.0
1557.0;29.325;4.24;0.0
1558.5;31.6;5.840000000000001;0.0
1560.0;26.7;8.18;0.0
1561.5;27.45;4.66;0.0
1563.0;24.15;4.28;0.0
1564.5;25.7;11.999999999999998;0.0
1566.0;24.5;12.34;0.0
1567.5;25.775;6.12;0.0
1569.0;25.15;3.9200000000000004;0.0
1570.5;24.875;5.840000000000001;0.0
1572.0;28.95;6.08;0.0
1573.5;27.65;8.22;0.0
1575.0;28.25;3.5799999999999996;0.0
1576.5;26.425;6.760000000000001;0.0
1578.0;28.925;2.8400000000000007;0.0
1579.5;24.075;6.180000000000001;0.0
1581.0;28.475;5.7;0.0
1582.5;23.45;5.76;0.0
1584.0;24.375;5.96;0.0
1585.5;29.15;11.059999999999999;0.0
1587.0;24.625;7.9;0.0
1588.5;29.725;4.840000000000001;0.0
1590.0;25.2;6.9;0.0
1591.5;21.475;7.6800000000000015;0.0
1593.0;30.075;5.08;0.0
1594.5;25.175;5.1000000000000005;0.0
1596.0;30.95;5.779999999999999;0.0
1597.5;26.45;8.139999999999999;0.0
1599.0;26.725;6.300000000000001;0.0
1600.5;26.725;7.6;0.0
1602.0;27.425;3.8400000000000007;0.0
1603.5;27.625;5.220000000000001;0.0
1605.0;29.6;5.08;0.0
1606.5;26.275;5.0200000000000005;0.0
1608.0;28.875;7.879999999999997;0.0
1609.5;26.05;5.880000000000001;0.0
1611.0;28.525;9.959999999999997;0.0
1612.5;25.15;9.62;0.0
1614.0;28.925;6.5;0.0
1615.5;27.225;13.039999999999997;0.0
1617.0;30.05;4.48;0.0
1618.5;25.175;4.779999999999999;0.0
1620.0;30.3;5.12;0.0
1621.5;26.675;8.319999999999999;0.0
1623.0;25.8;3.12;0.0
1624.5;28.15;4.94;0.0
1626.0;22.475;9.439999999999998;0.0
1627.5;27.7;6.720000000000001;0.0
1629.0;27.125;3.1799999999999997;0.0
1630.5;25.925;7.780000000000001;0.0
1632.0;25.625;5.16;0.0
1633.5;25.4;2.64;0.0
1635.0;30.275;4.700000000000001;0.0
1636.5;27.95;5.78;0.0
1638.0;27.875;6.220000000000001;0.0
1639.5;25.25;2.32;0.0
1641.0;27.725;4.779999999999999;0.0
1642.5;24.825;6.9799999999999995;0.0
1644.0;26.325;8.12;0.0
1645.5;25.4;5.180000000000001;0.0
1647.0;27.825;4.12;0.0
1648.5;26.8;10.739999999999998;0.0
1650.0;28.025;6.580000000000001;0.0
1651.5;28.925;8.22;0.0
1653.0;27.925;3.0200000000000005;0.0
1654.5;27.275;3.44;0.0
1656.0;29.8;6.62;0.0
1657.5;30.275;8.399999999999999;0.0
1659.0;25.525;6.4;0.0
1660.5;27.6;7.4;0.0
1662.0;27.35;5.96;0.0
1663.5;26.15;7.699999999999998;0.0
1665.0;24.375;14.239999999999998;0.0
1666.5;27.225;9.3;0.0
1668.0;29.1;10.04;0.0
1669.5;24.425;4.880000000000001;0.0
1671.0;25.7;9.24;0.0
1672.5;27.025;7.659999999999999;0.0
1674.0;25.525;5.78;0.0
1675.5;28.95;2.0;0.0
1677.0;27.625;2.6399999999999997;0.0
1678.5;26.925;4.78;0.0
1680.0;29.4;5.840000000000001;0.0
1681.5;26.175;4.66;0.0
1683.0;26.475;6.000000000000002;0.0
1684.5;30.025;10.36;0.0
1686.0;25.925;9.379999999999999;0.0
1687.5;22.475;7.780000000000001;0.0
1689.0;27.025;4.92;0.0
1690.5;26.6;4.880000000000001;0.0
1692.0;26.9;9.959999999999999;0.0
1693.5;24.25;4.880000000000001;0.0
1695.0;26.375;5.24;0.0
1696.5;27.275;6.1;0.0
1698.0;28.3;8.64;0.0
1699.5;27.7;7.92;0.0
1701.0;28.7;4.46;0.0
1702.5;24.425;7.1800000000000015;0.0
1704.0;28.1;9.14;0.0
1705.5;25.6;5.140000000000001;0.0
1707.0;25.5;6.360000000000001;0.0
1708.5;30.2;6.180000000000001;0.0
1710.0;26.575;7.739999999999999;0.0
1711.5;30.0;6.540000000000001;0.0
1713.0;26.0;6.860000000000002;0.0
1714.5;22.875;7.040000000000001;0.0
1716.0;26.2;8.26;0.0
1717.5;23.375;4.82;0.0
1719.0;29.4;3.72;0.0
1720.5;27.725;5.180000000000001;0.0
1722.0;26.2;6.780000000000001;0.0
1723.5;25.6;6.7;0.0
1725.0;28.975;6.160000000000001;0.0
1726.5;27.05;8.6;0.0
1728.0;30.85;4.0200000000000005;0.0
1729.5;25.1;6.180000000000001;0.0
1731.0;28.55;7.3;0.0
1732.5;28.275;5.92;0.0
1734.0;28.325;7.720000000000001;0.0
1735.5;27.075;11.679999999999998;0.0
1737.0;27.5;3.5799999999999996;0.0
1738.5;25.275;6.0200000000000005;0.0
1740.0;24.85;8.499999999999998;0.0
1741.5;29.325;8.120000000000001;0.0
1743.0;27.5;6.5;0.0
1744.5;32.1;5.32;0.0
1746.0;25.9;4.700000000000001;0.0
1747.5;22.775;3.6;0.0
1749.0;26.95;3.5800000000000005;0.0
1750.5;25.5;3.78;0.0
1752.0;26.475;6.859999999999999;0.0
1753.5;28.225;4.180000000000001;0.0
1755.0;27.2;6.16;0.0
1756.5;28.575;7.540000000000001;0.0
1758.0;29.9;7.619999999999999;0.0
1759.5;26.225;8.559999999999999;0.0
1761.0;25.225;6.76;0.0
1762.5;27.4;3.960000000000001;0.0
1764.0;27.675;8.559999999999999;0.0
1765.5;28.475;9.319999999999997;0.0
1767.0;26.15;4.12;0.0
1768.5;28.675;7.94;0.0
1770.0;25.275;6.32;0.0
1771.5;25.925;8.16;0.0
1773.0;27.35;6.9;0.0
1774.5;27.725;8.32;0.0
1776.0;28.0;6.720000000000001;0.0
1777.5;22.4;5.62;0.0
1779.0;30.275;6.56;0.0
1780.5;26.875;5.74;0.0
1782.0;27.75;5.4399999999999995;0.0
1783.5;27.9;8.299999999999999;0.0
1785.0;26.0;2.56;0.0
1786.5;27.8;4.9;0.0
1788.0;29.8;3.8;0.0
1789.5;32.2;3.46;0.0
1791.0;27.45;6.16;0.0
1792.5;25.225;7.8;0.0
1794.0;24.825;7.3;0.0
1795.5;29.2;5.0600000000000005;0.0
1797.0;27.725;5.500000000000001;0.0
1798.5;25.05;12.02;0.0
1800.0;26.625;6.260000000000002;0.0
1801.5;27.7;5.32;0.0
1803.0;26.05;5.76;0.0
1804.5;32.3;7.339999999999999;0.0
1806.0;27.375;4.98;0.0
1807.5;27.875;8.76;0.0
1809.0;26.125;5.160000000000001;0.0
1810.5;26.9;2.2;0.0
1812.0;26.775;6.82;0.0
1813.5;30.05;5.62;0.0
1815.0;28.125;9.98;0.0
1816.5;30.575;4.12;0.0
1818.0;30.525;4.3;0.0
1819.5;25.9;6.0600000000000005;0.0
1821.0;27.65;6.0600000000000005;0.0
1822.5;29.675;7.32;0.0
1824.0;30.4;14.919999999999996;0.0
1825.5;30.3;6.9;0.0
1827.0;26.975;7.3;0.0
1828.5;26.3;7.8;0.0
1830.0;27.9;6.959999999999999;0.0
1831.5;28.0;6.820000000000002;0.0
1833.0;27.475;4.26;0.0
1834.5;27.5;8.139999999999999;0.0
1836.0;28.175;9.239999999999998;0.0
1837.5;32.3;3.6;0.0
1839.0;30.725;6.6800000000000015;0.0
1840.5;29.2;5.62;0.0
1842.0;28.8;8.36;0.0
1843.5;25.525;8.280000000000001;0.0
1845.0;23.5;4.7;0.0
1846.5;25.75;13.1;0.0
1848.0;27.925;5.720000000000001;0.0
1849.5;30.475;4.640000000000001;0.0
1851.0;26.65;12.959999999999997;0.0
1852.5;29.775;3.46;0.0
1854.0;27.825;8.919999999999998;0.0
1855.5;28.575;6.459999999999999;0.0
1857.0;28.7;5.4399999999999995;0.0
1858.5;27.25;9.14;0.0
1860.0;24.4;2.2;0.0
1861.5;27.7;5.5600000000000005;0.0
1863.0;30.425;6.8;0.0
1864.5;25.175;3.8;0.0
1866.0;30.875;7.18;0.0
1867.5;26.625;7.5600000000000005;0.0
1869.0;28.475;8.86;0.0
1870.5;27.65;6.180000000000001;0.0
1872.0;27.05;6.5;0.0
1873.5;24.95;4.62;0.0
1875.0;26.625;4.36;0.0
1876.5;23.95;3.3;0.0
1878.0;28.75;5.66;0.0
1879.5;26.75;5.720000000000001;0.0
1881.0;27.875;3.66;0.0
1882.5;28.375;7.1;0.0
1884.0;27.175;6.32;0.0
1885.5;26.2;4.660000000000001;0.0
1887.0;26.125;10.839999999999998;0.0
1888.5;23.225;6.020000000000001;0.0
1890.0;26.675;5.620000000000001;0.0
1891.5;26.475;1.6600000000000001;0.0
1893.0;27.275;1.5799999999999998;0.0
1894.5;29.175;9.58;0.0
1896.0;26.6;9.919999999999998;0.0
1897.5;27.0;6.459999999999999;0.0
1899.0;25.325;7.220000000000001;0.0
1900.5;24.525;6.1000000000000005;0.0
1902.0;25.675;9.36;0.0
1903.5;25.5;5.360000000000001;0.0
1905.0;27.425;12.580000000000002;0.0
1906.5;25.4;10.639999999999997;0.0
1908.0;27.175;6.12;0.0
1909.5;27.275;5.26;0.0
1911.0;28.1;7.0;0.0
1912.5;27.9;6.959999999999999;0.0
1914.0;27.9;8.52;0.0
1915.5;25.325;6.56;0.0
1917.0;28.15;6.960000000000001;0.0
1918.5;25.725;3.88;0.0
1920.0;21.475;2.4;0.0
1921.5;24.6;5.5200000000000005;0.0
1923.0;28.8;6.639999999999999;0.0
1924.5;27.9;4.760000000000001;0.0
1926.0;23.4;8.92;0.0
1927.5;31.05;2.92;0.0
1929.0;28.925;8.6;0.0
1930.5;30.6;7.3;0.0
1932.0;30.1;7.840000000000001;0.0
1933.5;25.225;2.62;0.0
1935.0;31.525;9.040000000000001;0.0
1936.5;22.025;6.82;0.0
1938.0;26.875;6.220000000000001;0.0
1939.5;27.85;8.819999999999999;0.0
1941.0;28.025;4.98;0.0
1942.5;30.35;3.2399999999999998;0.0
1944.0;25.475;5.720000000000001;0.0
1945.5;26.675;9.34;0.0
1947.0;27.525;1.1199999999999999;0.0
1948.5;26.85;20.06;0.0
1950.0;26.35;3.5800000000000005;0.0
1951.5;29.1;3.44;0.0
1953.0;26.75;6.0600000000000005;0.0
1954.5;25.575;4.42;0.0
1956.0;24.225;5.24;0.0
1957.5;30.15;5.5600000000000005;0.0
1959.0;28.9;5.8;0.0
1960.5;24.55;6.5;0.0
1962.0;29.775;6.9;0.0
1963.5;29.7;4.540000000000001;0.0
1965.0;29.05;6.659999999999999;0.0
1966.5;25.825;5.0600000000000005;0.0
1968.0;27.3;7.619999999999999;0.0
1969.5;27.025;5.300000000000001;0.0
1971.0;25.85;5.540000000000001;0.0
1972.5;27.875;4.24;0.0
1974.0;26.6;4.5200000000000005;0.0
1975.5;27.675;5.78;0.0
1977.0;24.8;6.459999999999999;0.0
1978.5;27.4;7.24;0.0
1980.0;26.825;4.380000000000001;0.0
1981.5;25.175;4.4799999999999995;0.0
1983.0;27.325;5.380000000000001;0.0
1984.5;26.75;6.780000000000001;0.0
1986.0;25.225;6.3;0.0
1987.5;25.175;5.46;0.0
1989.0;26.225;6.9;0.0
1990.5;25.975;8.179999999999998;0.0
1992.0;26.75;7.519999999999999;0.0
1993.5;26.375;9.239999999999998;0.0
1995.0;27.425;3.9200000000000004;0.0
1996.5;27.025;4.12;0.0
1998.0;26.2;5.540000000000001;0.0
1999.5;27.5;4.54;0.0
2001.0;26.95;7.06;0.0
2002.5;26.775;6.0200000000000005;0.0
2004.0;27.375;4.84;0.0
2005.5;23.95;5.26;0.0
2007.0;28.325;8.06;0.0
2008.5;26.375;4.640000000000001;0.0
2010.0;28.55;5.6000000000000005;0.0
2011.5;23.425;5.740000000000001;0.0
2013.0;28.65;6.7;0.0
2014.5;27.65;4.8;0.0
2016.0;25.35;5.040000000000001;0.0
2017.5;28.75;5.42;0.0
2019.0;28.55;6.180000000000001;0.0
2020.5;32.225;2.1;0.0
2022.0;30.425;9.739999999999998;0.0
2023.5;26.1;5.640000000000001;0.0
2025.0;29.575;5.12;0.0
2026.5;31.675;6.180000000000001;0.0
2028.0;25.675;5.860000000000001;0.0
2029.5;26.25;7.980000000000001;0.0
2031.0;25.3;5.04;0.0
2032.5;23.975;3.560000000000001;0.0
2034.0;25.75;8.08;0.0
2035.5;24.9;5.4799999999999995;0.0
2037.0;23.175;4.300000000000001;0.0
2038.5;29.65;6.26;0.0
2040.0;31.15;4.58;0.0
2041.5;28.125;7.06;0.0
2043.0;29.325;6.0600000000000005;0.0
2044.5;29.175;2.7400000000000007;0.0
2046.0;24.525;12.579999999999998;0.0
2047.5;27.45;9.02;0.0
2049.0;28.475;3.000000000000001;0.0
2050.5;29.025;6.300000000000002;0.0
2052.0;28.575;8.14;0.0
2053.5;24.55;8.819999999999999;0.0
2055.0;28.05;6.960000000000001;0.0
2056.5;26.775;7.540000000000001;0.0
2058.0;25.875;4.5200000000000005;0.0
2059.5;22.375;8.76;0.0
2061.0;26.025;5.660000000000001;0.0
2062.5;27.55;2.92;0.0
2064.0;29.325;5.9;0.0
2065.5;26.95;4.46;0.0
2067.0;26.725;8.6;0.0
2068.5;25.75;8.280000000000001;0.0
2070.0;27.625;9.08;0.0
2071.5;29.925;4.78;0.0
2073.0;29.2;5.92;0.0
2074.5;28.95;2.2600000000000002;0.0
2076.0;26.625;9.76;0.0
2077.5;28.95;7.659999999999999;0.0
2079.0;26.15;9.679999999999998;0.0
2080.5;27.55;8.559999999999999;0.0
2082.0;29.275;5.86;0.0
2083.5;28.55;5.5600000000000005;0.0
2085.0;27.625;5.380000000000001;0.0
2086.5;28.95;2.6;0.0
2088.0;26.425;4.78;0.0
2089.5;30.175;6.580000000000001;0.0
2091.0;23.35;9.18;0.0
2092.5;27.55;6.220000000000001;0.0
2094.0;23.45;8.36;0.0
2095.5;31.175;13.12;0.0
2097.0;28.575;16.079999999999995;0.0
2098.5;28.7;7.580000000000001;0.0
2100.0;29.45;5.880000000000001;0.0
2101.5;26.375;4.840000000000001;0.0
2103.0;30.85;4.48;0.0
2104.5;30.05;4.160000000000001;0.0
2106.0;27.55;9.42;0.0
2107.5;27.225;5.08;0.0
2109.0;26.375;11.659999999999997;0.0
2110.5;29.025;10.1;0.0
2112.0;25.4;0.6599999999999999;0.0
2113.5;27.425;8.559999999999999;0.0
2115.0;27.475;10.339999999999998;0.0
2116.5;26.05;5.640000000000001;0.0
2118.0;29.475;4.3;0.0
2119.5;25.975;4.820000000000001;0.0
2121.0;26.4;7.9;0.0
2122.5;27.775;4.9;0.0
2124.0;25.75;5.500000000000001;0.0
2125.5;26.675;6.960000000000001;0.0
2127.0;27.325;20.799999999999997;0.0
2128.5;28.05;4.180000000000001;0.0
2130.0;29.425;5.840000000000001;0.0
2131.5;27.375;7.339999999999999;0.0
2133.0;29.45;9.759999999999998;0.0
2134.5;23.475;17.88;0.0
2136.0;29.225;9.32;0.0
2137.5;24.75;7.3;0.0
2139.0;32.475;6.980000000000001;0.0
2140.5;29.825;3.9200000000000004;0.0
2142.0;32.1;5.86;0.0
2143.5;24.95;7.459999999999999;0.0
2145.0;26.975;7.3;0.0
2146.5;30.3;3.5200000000000005;0.0
2148.0;26.6;7.519999999999999;0.0
2149.5;26.5;4.82;0.0
2151.0;30.1;6.56;0.0
2152.5;28.875;4.8;0.0
2154.0;25.5;3.7600000000000002;0.0
2155.5;27.975;6.9;0.0
2157.0;24.75;3.44;0.0
2158.5;28.45;4.24;0.0
2160.0;29.7;4.779999999999999;0.0
2161.5;24.525;6.9;0.0
2163.0;23.8;9.48;0.0
2164.5;27.075;8.899999999999999;0.0
2166.0;26.225;5.9;0.0
2167.5;27.675;5.280000000000001;0.0
2169.0;28.05;7.24;0.0
2170.5;24.9;5.9;0.0
2172.0;28.5;8.219999999999999;0.0
2173.5;29.725;4.220000000000001;0.0
2175.0;27.575;5.04;0.0
2176.5;32.225;3.960000000000001;0.0
2178.0;23.575;4.9;0.0
2179.5;26.025;3.46;0.0
2181.0;29.375;7.6;0.0
2182.5;28.825;7.0;0.0
2184.0;24.35;6.5;0.0
2185.5;26.575;5.26;0.0
2187.0;26.65;6.739999999999999;0.0
2188.5;27.075;7.9;0.0
2190.0;27.2;8.559999999999999;0.0
2191.5;27.6;2.680000000000001;0.0
2193.0;25.8;7.339999999999999;0.0
2194.5;29.85;8.479999999999999;0.0
2196.0;29.65;5.9;0.0
2197.5;24.75;0.9799999999999999;0.0
2199.0;28.825;2.6400000000000006;0.0
2200.5;25.9;6.62;0.0
2202.0;27.125;8.360000000000001;0.0
2203.5;29.825;9.639999999999999;0.0
2205.0;28.45;7.219999999999999;0.0
2206.5;29.275;8.620000000000001;0.0
2208.0;25.0;4.540000000000001;0.0
2209.5;28.5;9.659999999999998;0.0
2211.0;25.65;3.9;0.0
2212.5;28.775;5.460000000000001;0.0
2214.0;25.375;4.86;0.0
2215.5;24.55;10.399999999999999;0.0
2217.0;26.15;5.96;0.0
2218.5;30.35;10.6;0.0
2220.0;26.375;7.92;0.0
2221.5;28.85;4.300000000000001;0.0
2223.0;27.1;6.640000000000001;0.0
2224.5;27.575;7.580000000000001;0.0
2226.0;26.775;7.879999999999998;0.0
2227.5;27.575;9.12;0.0
2229.0;27.4;3.6799999999999997;0.0
2230.5;27.15;7.959999999999999;0.0
2232.0;28.1;8.5;0.0
2233.5;22.1;12.139999999999997;0.0
2235.0;29.075;5.700000000000001;0.0
2236.5;28.25;4.220000000000001;0.0
2238.0;25.95;6.04;0.0
2239.5;28.6;7.160000000000001;0.0
2241.0;28.6;6.42;0.0
2242.5;27.675;5.58;0.0
2244.0;28.875;4.2;0.0
2245.5;25.725;6.5;0.0
2247.0;24.925;4.380000000000001;0.0
2248.5;25.95;6.420000000000002;0.0
2250.0;28.225;5.26;0.0
2251.5;30.85;3.8200000000000003;0.0
2253.0;27.95;7.3;0.0
2254.5;23.3;3.4400000000000004;0.0
2256.0;25.975;7.080000000000001;0.0
2257.5;25.35;9.819999999999999;0.0
2259.0;29.25;12.879999999999999;0.0
2260.5;27.975;3.2600000000000002;0.0
2262.0;27.45;7.5200000000000005;0.0
2263.5;25.65;7.959999999999999;0.0
2265.0;26.45;5.08;0.0
2266.5;27.275;5.5600000000000005;0.0
2268.0;27.875;8.26;0.0
2269.5;29.075;12.440000000000001;0.0
2271.0;25.5;4.480000000000001;0.0
2272.5;28.25;5.180000000000001;0.0
2274.0;26.975;5.140000000000001;0.0
2275.5;27.95;5.6;0.0
2277.0;26.85;5.08;0.0
2278.5;27.375;4.58;0.0
2280.0;21.95;11.959999999999997;0.0
2281.5;27.975;7.479999999999999;0.0
2283.0;23.55;3.56;0.0
2284.5;22.25;7.56;0.0
2286.0;27.175;12.64;0.0
2287.5;22.725;6.0600000000000005;0.0
2289.0;27.2;6.82;0.0
2290.5;27.025;7.62;0.0
2292.0;29.55;2.72;0.0
2293.5;27.25;4.5200000000000005;0.0
2295.0;26.825;9.0;0.0
2296.5;23.85;6.919999999999999;0.0
2298.0;27.95;11.180000000000001;0.0
2299.5;27.65;14.319999999999999;0.0
2301.0;27.55;14.539999999999997;0.0
2302.5;28.75;6.16;0.0
2304.0;26.5;4.180000000000001;0.0
2305.5;21.8;7.280000000000001;0.0
2307.0;27.475;6.180000000000001;0.0
2308.5;24.825;7.839999999999999;0.0
2310.0;22.825;9.799999999999997;0.0
2311.5;25.675;8.02;0.0
2313.0;24.5;10.36;0.0
2314.5;26.75;6.459999999999999;0.0
2316.0;28.175;11.979999999999997;0.0
2317.5;24.65;6.74;0.0
2319.0;29.2;6.779999999999999;0.0
2320.5;25.125;5.880000000000001;0.0
2322.0;27.45;10.139999999999997;0.0
2323.5;26.8;4.84;0.0
2325.0;26.65;3.84;0.0
2326.5;27.275;4.000000000000001;0.0
2328.0;25.725;6.26;0.0
2329.5;26.05;8.2;0.0
2331.0;26.225;5.880000000000001;0.0
2332.5;21.825;6.779999999999999;0.0
2334.0;27.55;11.679999999999998;0.0
2335.5;24.6;7.979999999999999;0.0
2337.0;28.95;3.46;0.0
2338.5;27.0;7.760000000000001;0.0
2340.0;28.2;5.1000000000000005;0.0
2341.5;26.075;4.42;0.0
2343.0;27.15;3.9;0.0
2344.5;29.375;4.74;0.0
2346.0;24.025;3.0200000000000005;0.0
2347.5;23.55;6.040000000000001;0.0
2349.0;26.075;8.86;0.0
2350.5;29.05;5.880000000000001;0.0
2352.0;27.425;5.0200000000000005;0.0
2353.5;30.175;10.02;0.0
2355.0;27.425;3.4;0.0
2356.5;28.35;7.76;0.0
2358.0;26.975;6.640000000000001;0.0
2359.5;23.875;7.840000000000001;0.0
2361.0;27.875;8.319999999999999;0.0
2362.5;26.6;4.880000000000001;0.0
2364.0;27.55;2.4;0.0
2365.5;24.375;4.6000000000000005;0.0
2367.0;24.825;8.78;0.0
2368.5;27.65;2.06;0.0
2370.0;28.725;12.099999999999998;0.0
2371.5;27.425;9.54;0.0
2373.0;27.05;6.44;0.0
2374.5;22.225;12.52;0.0
2376.0;24.3;7.9799999999999995;0.0
2377.5;26.65;6.92;0.0
2379.0;24.575;9.1;0.0
2380.5;29.875;8.76;0.0
2382.0;26.375;10.139999999999999;0.0
2383.5;28.6;3.12;0.0
2385.0;25.9;8.719999999999999;0.0
2386.5;26.125;6.56;0.0
2388.0;29.3;6.5;0.0
2389.5;26.525;10.219999999999999;0.0
2391.0;28.125;7.9799999999999995;0.0
2392.5;27.85;6.659999999999999;0.0
2394.0;25.025;5.42;0.0
2395.5;22.975;5.720000000000001;0.0
2397.0;24.8;8.0;0.0
2398.5;25.525;7.62;0.0
2400.0;23.55;7.06;0.0
2401.5;25.8;9.3;0.0
2403.0;28.85;4.84;0.0
2404.5;23.85;6.32;0.0
2406.0;23.95;6.220000000000001;0.0
2407.5;24.3;4.98;0.0
2409.0;28.4;5.700000000000001;0.0
2410.5;25.675;7.519999999999999;0.0
2412.0;25.55;6.6;0.0
2413.5;27.45;8.28;0.0
2415.0;28.875;8.66;0.0
2416.5;30.425;5.700000000000001;0.0
2418.0;28.475;4.66;0.0
2419.5;23.025;3.72;0.0
2421.0;26.85;13.479999999999999;0.0
2422.5;32.0;6.6;0.0
2424.0;29.65;4.760000000000001;0.0
2425.5;31.45;2.8400000000000003;0.0
2427.0;26.225;4.28;0.0
2428.5;28.825;7.1;0.0
2430.0;25.0;7.040000000000001;0.0
2431.5;28.525;7.0;0.0
2433.0;28.275;7.92;0.0
2434.5;27.675;6.960000000000001;0.0
2436.0;27.45;5.1000000000000005;0.0
2437.5;29.425;7.44;0.0
2439.0;27.1;4.840000000000001;0.0
2440.5;28.475;4.78;0.0
2442.0;31.575;7.1800000000000015;0.0
2443.5;28.85;4.76;0.0
2445.0;25.375;8.26;0.0
2446.5;28.3;10.299999999999999;0.0
2448.0;26.95;9.059999999999999;0.0
2449.5;26.875;5.58;0.0
2451.0;27.075;6.16;0.0
2452.5;29.875;9.399999999999999;0.0
2454.0;22.625;3.560000000000001;0.0
2455.5;27.575;3.5200000000000005;0.0
2457.0;28.5;6.5600000000000005;0.0
2458.5;28.975;11.839999999999998;0.0
2460.0;24.375;6.380000000000001;0.0
2461.5;26.575;4.9;0.0
2463.0;26.85;3.46;0.0
2464.5;23.3;9.279999999999998;0.0
2466.0;29.1;5.760000000000001;0.0
2467.5;23.725;7.580000000000001;0.0
2469.0;27.925;6.5;0.0
2470.5;23.875;6.380000000000001;0.0
2472.0;25.95;4.46;0.0
2473.5;24.625;16.5;0.0
2475.0;27.175;7.080000000000001;0.0
2476.5;26.475;4.86;0.0
2478.0;31.55;5.180000000000001;0.0
2479.5;31.55;4.24;0.0
2481.0;28.175;5.960000000000001;0.0
2482.5;26.5;4.96;0.0
2484.0;25.425;5.6800000000000015;0.0
2485.5;25.225;7.140000000000001;0.0
2487.0;26.7;6.7;0.0
2488.5;26.45;3.9799999999999995;0.0
2490.0;28.3;9.879999999999999;0.0
2491.5;29.975;5.8;0.0
2493.0;30.125;6.8;0.0
2494.5;28.7;10.98;0.0
2496.0;28.125;5.04;0.0
2497.5;26.45;11.379999999999999;0.0
2499.0;22.825;6.519999999999999;0.0
2500.5;30.85;4.4;0.0
2502.0;27.75;6.580000000000001;0.0
2503.5;29.35;9.16;0.0
2505.0;25.475;7.44;0.0
2506.5;27.35;5.78;0.0
2508.0;26.85;3.9200000000000004;0.0
2509.5;30.35;4.44;0.0
2511.0;24.525;2.78;0.0
2512.5;28.525;5.46;0.0
2514.0;28.2;5.32;0.0
2515.5;25.825;6.340000000000001;0.0
2517.0;25.55;5.98;0.0
2518.5;30.075;6.020000000000001;0.0
2520.0;24.85;11.419999999999998;0.0
2521.5;25.65;3.7800000000000002;0.0
2523.0;29.975;6.36;0.0
2524.5;28.85;5.3;0.0
2526.0;25.875;3.2;0.0
2527.5;29.625;5.92;0.0
2529.0;26.325;4.32;0.0
2530.5;21.85;9.4;0.0
2532.0;25.025;13.479999999999999;0.0
2533.5;24.95;5.780000000000001;0.0
2535.0;27.5;9.4;0.0
2536.5;23.8;11.04;0.0
2538.0;22.8;9.84;0.0
2539.5;27.025;4.000000000000002;0.0
2541.0;31.5;9.139999999999997;0.0
2542.5;29.15;7.959999999999999;0.0
2544.0;24.6;8.879999999999999;0.0
2545.5;26.0;6.3;0.0
2547.0;26.025;4.9799999999999995;0.0
2548.5;25.725;6.76;0.0
2550.0;24.825;6.980000000000001;0.0
2551.5;27.975;7.1;0.0
2553.0;27.225;10.679999999999998;0.0
2554.5;26.65;0.45999999999999996;0.0
2556.0;24.6;8.159999999999998;0.0
2557.5;23.825;6.080000000000001;0.0
2559.0;23.275;6.88;0.0
2560.5;27.225;9.019999999999998;0.0
2562.0;28.325;6.9799999999999995;0.0
2563.5;27.475;10.219999999999997;0.0
2565.0;27.4;4.32;0.0
2566.5;30.025;6.88;0.0
2568.0;27.85;7.76;0.0
2569.5;27.95;6.8199999999999985;0.0
2571.0;29.05;4.3;0.0
2572.5;26.75;10.26;0.0
2574.0;24.7;8.040000000000001;0.0
2575.5;29.75;7.839999999999999;0.0
2577.0;28.15;6.000000000000001;0.0
2578.5;22.975;1.04;0.0
2580.0;27.025;3.72;0.0
2581.5;29.325;5.500000000000001;0.0
2583.0;27.55;9.12;0.0
2584.5;24.0;6.5;0.0
2586.0;27.325;6.08;0.0
2587.5;26.6;4.360000000000001;0.0
2589.0;24.925;5.880000000000001;0.0
2590.5;25.725;3.2800000000000002;0.0
2592.0;29.575;7.339999999999998;0.0
2593.5;27.525;6.68;0.0
2595.0;26.525;9.9;0.0
2596.5;30.35;8.28;0.0
2598.0;28.425;4.1000000000000005;0.0
2599.5;26.875;8.18;0.0
2601.0;26.475;3.38;0.0
2602.5;26.625;3.12;0.0
2604.0;26.25;7.659999999999999;0.0
2605.5;29.275;7.7799999999999985;0.0
2607.0;27.15;6.640000000000001;0.0
2608.5;26.0;3.2600000000000002;0.0
2610.0;28.95;4.66;0.0
2611.5;28.85;5.78;0.0
2613.0;30.725;5.66;0.0
2614.5;28.15;4.12;0.0
2616.0;27.7;6.32;0.0
2617.5;26.025;0.0;0.0
2619.0;27.925;7.32;0.0
2620.5;29.75;4.500000000000001;0.0
2622.0;29.025;4.9;0.0
2623.5;28.15;6.32;0.0
2625.0;27.25;8.280000000000001;0.0
2626.5;27.1;4.720000000000001;0.0
2628.0;29.8;4.300000000000001;0.0
2629.5;25.1;6.540000000000001;0.0
2631.0;28.975;3.9799999999999995;0.0
2632.5;29.125;6.5;0.0
2634.0;26.8;7.5600000000000005;0.0
2635.5;26.45;8.219999999999999;0.0
2637.0;25.95;5.160000000000001;0.0
2638.5;24.825;6.24;0.0
2640.0;26.325;7.119999999999999;0.0
2641.5;26.275;9.059999999999999;0.0
2643.0;26.725;7.3199999999999985;0.0
2644.5;26.55;6.960000000000001;0.0
2646.0;26.05;4.0;0.0
2647.5;24.875;6.44;0.0
2649.0;25.1;6.0200000000000005;0.0
2650.5;29.025;6.9399999999999995;0.0
2652.0;26.875;6.9;0.0
2653.5;30.8;5.280000000000001;0.0
2655.0;27.05;2.2600000000000002;0.0
2656.5;27.225;6.300000000000001;0.0
2658.0;27.775;7.5200000000000005;0.0
2659.5;24.6;4.5;0.0
2661.0;27.075;7.0200000000000005;0.0
2662.5;28.3;2.8600000000000003;0.0
2664.0;29.675;5.8;0.0
2665.5;23.45;6.580000000000001;0.0
2667.0;28.5;3.04;0.0
2668.5;28.825;5.500000000000001;0.0
2670.0;30.225;5.720000000000001;0.0
2671.5;28.95;5.98;0.0
2673.0;25.725;5.5200000000000005;0.0
2674.5;30.375;4.140000000000001;0.0
2676.0;28.5;6.32;0.0
2677.5;23.8;8.08;0.0
2679.0;27.175;5.500000000000001;0.0
2680.5;27.625;4.640000000000001;0.0
2682.0;30.275;5.24;0.0
2683.5;32.475;7.419999999999999;0.0
2685.0;29.225;3.3200000000000003;0.0
2686.5;27.825;10.679999999999998;0.0
2688.0;27.25;7.3;0.0
2689.5;32.15;8.4;0.0
2691.0;29.275;6.94;0.0
2692.5;27.4;7.68;0.0
2694.0;31.525;3.7399999999999998;0.0
2695.5;28.7;7.4799999999999995;0.0
2697.0;28.95;3.5;0.0
2698.5;26.125;3.9800000000000004;0.0
2700.0;25.8;6.28;0.0
2701.5;24.225;11.36;0.0
2703.0;23.975;9.459999999999997;0.0
2704.5;29.225;7.720000000000001;0.0
2706.0;28.3;4.7;0.0
2707.5;26.575;5.94;0.0
2709.0;30.875;5.300000000000001;0.0
2710.5;25.9;10.7;0.0
2712.0;25.65;11.479999999999999;0.0
2713.5;28.5;4.12;0.0
2715.0;28.575;5.98;0.0
2716.5;24.0;9.58;0.0
2718.0;27.5;7.6;0.0
2719.5;27.05;4.700000000000001;0.0
2721.0;23.35;8.319999999999999;0.0
2722.5;23.95;6.1000000000000005;0.0
2724.0;30.275;4.4399999999999995;0.0
2725.5;26.9;7.580000000000001;0.0
2727.0;29.8;4.58;0.0
2728.5;26.2;6.960000000000001;0.0
2730.0;27.65;5.5200000000000005;0.0
2731.5;27.725;3.16;0.0
2733.0;28.675;6.88;0.0
2734.5;28.675;5.420000000000001;0.0
2736.0;28.8;6.24;0.0
2737.5;27.65;9.679999999999998;0.0
2739.0;24.95;8.680000000000001;0.0
2740.5;24.5;9.5;0.0
2742.0;28.375;5.760000000000001;0.0
2743.5;27.75;4.08;0.0
2745.0;28.625;9.139999999999997;0.0
2746.5;25.45;6.1000000000000005;0.0
2748.0;26.8;9.04;0.0
2749.5;25.525;3.8400000000000007;0.0
2751.0;26.775;6.999999999999998;0.0
2752.5;27.575;4.420000000000001;0.0
2754.0;28.625;4.4;0.0
2755.5;27.0;3.3200000000000003;0.0
2757.0;24.725;5.48;0.0
2758.5;27.375;4.58;0.0
2760.0;25.575;10.12;0.0
2761.5;24.475;7.280000000000001;0.0
2763.0;32.0;6.300000000000001;0.0
2764.5;27.1;4.9;0.0
2766.0;27.85;4.160000000000001;0.0
2767.5;29.625;9.979999999999999;0.0
2769.0;28.975;5.4;0.0
2770.5;25.625;5.840000000000001;0.0
2772.0;27.6;4.9;0.0
2773.5;26.8;6.300000000000001;0.0
2775.0;27.25;4.58;0.0
2776.5;27.0;7.019999999999999;0.0
2778.0;27.15;5.7;0.0
2779.5;28.775;5.0600000000000005;0.0
2781.0;27.8;5.38;0.0
2782.5;28.9;4.5600000000000005;0.0
2784.0;25.425;3.2600000000000002;0.0
2785.5;25.55;7.420000000000002;0.0
2787.0;28.4;6.1000000000000005;0.0
2788.5;29.825;2.4;0.0
2790.0;25.8;5.620000000000001;0.0
2791.5;27.7;9.219999999999999;0.0
2793.0;25.075;6.620000000000002;0.0
2794.5;33.375;4.4;0.0
2796.0;26.875;7.640000000000001;0.0
2797.5;26.075;11.679999999999998;0.0
2799.0;25.725;6.12;0.0
2800.5;33.75;5.94;0.0
2802.0;27.95;4.5200000000000005;0.0
2803.5;24.1;7.639999999999999;0.0
2805.0;23.775;5.320000000000001;0.0
2806.5;26.425;3.9800000000000004;0.0
2808.0;25.025;3.8400000000000007;0.0
2809.5;24.3;5.420000000000001;0.0
2811.0;25.175;7.08;0.0
2812.5;25.175;10.679999999999998;0.0
2814.0;28.825;2.5800000000000005;0.0
2815.5;22.75;6.620000000000002;0.0
2817.0;25.45;9.76;0.0
2818.5;25.0;6.5200000000000005;0.0
2820.0;25.05;6.280000000000001;0.0
2821.5;27.0;6.04;0.0
2823.0;25.375;8.84;0.0
2824.5;31.875;4.720000000000001;0.0
2826.0;28.7;3.38;0.0
2827.5;28.925;4.4;0.0
2829.0;27.575;5.500000000000001;0.0
2830.5;24.225;11.219999999999999;0.0
2832.0;27.25;9.879999999999999;0.0
2833.5;25.8;5.960000000000001;0.0
2835.0;26.425;5.380000000000001;0.0
2836.5;27.625;6.32;0.0
2838.0;26.175;5.0600000000000005;0.0
2839.5;23.6;4.32;0.0
2841.0;28.275;10.02;0.0
2842.5;25.1;2.1600000000000006;0.0
2844.0;28.2;9.3;0.0
2845.5;26.4;8.24;0.0
2847.0;26.575;6.000000000000001;0.0
2848.5;28.825;7.340000000000001;0.0
2850.0;24.475;5.32;0.0
2851.5;28.525;6.32;0.0
2853.0;26.7;5.680000000000001;0.0
2854.5;27.975;5.300000000000001;0.0
2856.0;28.775;5.360000000000001;0.0
2857.5;26.35;7.480000000000001;0.0
2859.0;27.2;5.24;0.0
2860.5;25.925;4.98;0.0
2862.0;25.475;7.74;0.0
2863.5;25.65;6.9399999999999995;0.0
2865.0;24.875;4.58;0.0
2866.5;28.525;6.180000000000001;0.0
2868.0;31.35;6.840000000000001;0.0
2869.5;24.525;9.279999999999998;0.0
2871.0;25.775;7.8199999999999985;0.0
2872.5;27.7;3.8200000000000003;0.0
2874.0;26.225;7.980000000000001;0.0
2875.5;28.675;7.160000000000001;0.0
2877.0;26.625;8.739999999999998;0.0
2878.5;27.625;5.640000000000001;0.0
2880.0;25.675;5.1;0.0
2881.5;30.1;3.1800000000000006;0.0
2883.0;28.525;7.079999999999998;0.0
2884.5;24.425;9.080000000000002;0.0
2886.0;27.475;5.740000000000001;0.0
2887.5;22.65;9.819999999999999;0.0
2889.0;29.825;7.76;0.0
2890.5;26.325;7.06;0.0
2892.0;29.9;5.4399999999999995;0.0
2893.5;27.2;5.24;0.0
2895.0;28.9;7.040000000000001;0.0
2896.5;21.45;4.620000000000001;0.0
2898.0;30.975;6.300000000000001;0.0
2899.5;27.05;3.1599999999999997;0.0
2901.0;23.225;3.8400000000000007;0.0
2902.5;26.9;4.740000000000001;0.0
2904.0;31.075;8.66;0.0
2905.5;26.75;9.72;0.0
2907.0;26.675;7.539999999999999;0.0
2908.5;28.075;10.239999999999998;0.0
2910.0;25.75;2.8;0.0
2911.5;23.825;11.0;0.0
2913.0;26.95;6.16;0.0
2914.5;24.025;5.26;0.0
2916.0;28.475;6.780000000000001;0.0
2917.5;26.8;8.219999999999999;0.0
2919.0;29.675;5.4;0.0
2920.5;27.9;4.84;0.0
2922.0;27.95;5.5200000000000005;0.0
2923.5;27.725;6.040000000000001;0.0
2925.0;30.325;8.139999999999999;0.0
2926.5;32.1;4.86;0.0
2928.0;24.975;10.219999999999999;0.0
2929.5;28.6;4.58;0.0
2931.0;26.7;2.7199999999999998;0.0
2932.5;26.125;7.220000000000001;0.0
2934.0;24.1;7.9799999999999995;0.0
2935.5;27.675;3.1400000000000006;0.0
2937.0;26.325;5.78;0.0
2938.5;25.1;7.5600000000000005;0.0
2940.0;27.375;5.44;0.0
2941.5;25.65;3.0;0.0
2943.0;26.2;9.719999999999999;0.0
2944.5;30.15;3.3200000000000003;0.0
2946.0;28.25;4.380000000000001;0.0
2947.5;26.15;10.239999999999998;0.0
2949.0;28.5;12.04;0.0
2950.5;28.55;8.98;0.0
2952.0;23.525;7.4399999999999995;0.0
2953.5;26.425;10.5;0.0
2955.0;27.975;5.44;0.0
2956.5;29.225;1.7799999999999998;0.0
2958.0;25.75;4.76;0.0
2959.5;29.35;5.300000000000001;0.0
2961.0;34.75;5.420000000000001;0.0
2962.5;29.3;4.18;0.0
2964.0;29.75;5.040000000000001;0.0
2965.5;24.2;4.380000000000001;0.0
2967.0;26.05;8.559999999999999;0.0
2968.5;25.325;6.880000000000001;0.0
2970.0;26.1;4.32;0.0
2971.5;27.875;6.040000000000001;0.0
2973.0;27.675;7.639999999999999;0.0
2974.5;30.8;6.24;0.0
2976.0;28.025;8.219999999999997;0.0
2977.5;27.4;6.5;0.0
2979.0;24.975;5.26;0.0
2980.5;25.15;9.5;0.0
2982.0;26.15;5.5;0.0
2983.5;24.1;4.380000000000001;0.0
2985.0;25.075;8.680000000000001;0.0
2986.5;26.25;8.62;0.0
2988.0;26.9;7.82;0.0
2989.5;30.3;4.42;0.0
2991.0;30.75;5.640000000000001;0.0
2992.5;28.5;7.980000000000001;0.0
2994.0;30.725;9.279999999999998;0.0
2995.5;21.075;12.339999999999998;0.0
2997.0;28.95;6.12;0.0
2998.5;28.225;4.640000000000001;0.0
3000.0;31.125;6.140000000000001;0.0
3001.5;25.275;3.3800000000000003;0.0
3003.0;25.925;10.7;0.0
3004.5;27.9;8.68;0.0
3006.0;26.425;8.440000000000001;0.0
3007.5;25.2;6.640000000000001;0.0
3009.0;26.4;5.120000000000001;0.0
3010.5;27.975;5.98;0.0
3012.0;27.775;7.32;0.0
3013.5;23.7;7.92;0.0
3015.0;29.775;7.159999999999999;0.0
3016.5;27.825;5.840000000000001;0.0
3018.0;25.875;7.44;0.0
3019.5;23.325;19.199999999999996;0.0
3021.0;25.6;3.5799999999999996;0.0
3022.5;27.425;7.1;0.0
3024.0;27.525;5.779999999999999;0.0
3025.5;26.425;3.9200000000000004;0.0
3027.0;27.425;13.259999999999996;0.0
3028.5;29.425;7.26;0.0
3030.0;28.95;3.72;0.0
3031.5;31.625;8.559999999999999;0.0
3033.0;25.4;3.4400000000000004;0.0
3034.5;30.85;5.300000000000001;0.0
3036.0;27.275;2.5200000000000005;0.0
3037.5;28.825;9.079999999999998;0.0
3039.0;27.5;0.0;0.0
3040.5;28.2;5.32;0.0
3042.0;25.6;8.36;0.0
3043.5;29.575;8.0;0.0
3045.0;26.975;7.24;0.0
3046.5;28.45;5.44;0.0
3048.0;27.35;6.42;0.0
3049.5;25.375;8.36;0.0
3051.0;29.9;5.0200000000000005;0.0
3052.5;28.85;8.5;0.0
3054.0;28.75;5.6800000000000015;0.0
3055.5;25.975;9.18;0.0
3057.0;24.275;10.819999999999999;0.0
3058.5;24.85;5.5600000000000005;0.0
3060.0;26.025;7.32;0.0
3061.5;26.975;6.300000000000001;0.0
3063.0;29.45;5.960000000000001;0.0
3064.5;28.05;7.88;0.0
3066.0;27.575;3.84;0.0
3067.5;27.325;3.72;0.0
3069.0;24.75;5.62;0.0
3070.5;27.65;6.7;0.0
3072.0;30.125;5.720000000000001;0.0
3073.5;27.675;6.659999999999999;0.0
3075.0;27.05;6.7;0.0
3076.5;26.4;6.180000000000001;0.0
3078.0;27.75;5.58;0.0
3079.5;28.475;3.9200000000000004;0.0
3081.0;25.125;11.440000000000001;0.0
3082.5;25.6;7.540000000000001;0.0
3084.0;28.275;3.02;0.0
3085.5;27.625;3.3200000000000003;0.0
3087.0;25.8;8.34;0.0
3088.5;23.575;5.4399999999999995;0.0
3090.0;30.25;4.86;0.0
3091.5;27.975;5.16;0.0
3093.0;25.825;7.359999999999999;0.0
3094.5;24.85;4.76;0.0
3096.0;29.375;10.939999999999998;0.0
3097.5;29.75;1.0;0.0
3099.0;27.2;6.74;0.0
3100.5;29.425;5.46;0.0
3102.0;30.125;3.5599999999999996;0.0
3103.5;29.425;11.039999999999996;0.0
3105.0;25.125;5.78;0.0
3106.5;28.65;8.239999999999998;0.0
3108.0;29.7;3.7600000000000002;0.0
3109.5;23.35;10.04;0.0
3111.0;27.5;9.2;0.0
3112.5;27.475;4.620000000000001;0.0
3114.0;28.25;6.82;0.0
3115.5;27.325;6.44;0.0
3117.0;29.125;4.5200000000000005;0.0
3118.5;27.9;9.98;0.0
3120.0;28.05;4.160000000000001;0.0
3121.5;26.675;6.12;0.0
3123.0;29.3;5.620000000000001;0.0
3124.5;27.875;5.08;0.0
3126.0;30.6;5.500000000000001;0.0
3127.5;28.0;9.559999999999999;0.0
3129.0;27.4;3.72;0.0
3130.5;26.375;1.2399999999999998;0.0
3132.0;23.525;7.0;0.0
3133.5;27.15;9.379999999999997;0.0
3135.0;26.5;5.380000000000001;0.0
3136.5;26.975;4.200000000000001;0.0
3138.0;31.95;2.9;0.0
3139.5;29.75;7.68;0.0
3141.0;23.175;7.5600000000000005;0.0
3142.5;24.025;6.360000000000001;0.0
3144.0;30.25;4.18;0.0
3145.5;27.1;14.3;0.0
3147.0;28.2;4.82;0.0
3148.5;28.175;5.840000000000001;0.0
3150.0;29.175;7.44;0.0
3151.5;29.825;9.780000000000001;0.0
3153.0;28.6;10.219999999999999;0.0
3154.5;29.65;10.42;0.0
3156.0;29.3;5.98;0.0
3157.5;27.775;6.180000000000001;0.0
3159.0;25.7;6.9;0.0
3160.5;27.575;5.9;0.0
3162.0;29.85;8.52;0.0
3163.5;27.9;6.200000000000001;0.0
3165.0;31.3;11.780000000000001;0.0
3166.5;30.625;5.0600000000000005;0.0
3168.0;28.8;7.0600000000000005;0.0
3169.5;29.025;3.4;0.0
3171.0;28.3;6.6800000000000015;0.0
3172.5;26.1;7.659999999999999;0.0
3174.0;23.975;3.620000000000001;0.0
3175.5;25.45;8.559999999999999;0.0
3177.0;26.35;8.2;0.0
3178.5;28.8;6.0600000000000005;0.0
3180.0;29.1;2.9200000000000004;0.0
3181.5;26.375;4.94;0.0
3183.0;26.05;8.5;0.0
3184.5;24.875;5.92;0.0
3186.0;26.275;5.520000000000001;0.0
3187.5;27.5;7.5;0.0
3189.0;29.45;6.24;0.0
3190.5;24.375;5.360000000000001;0.0
3192.0;27.7;10.319999999999997;0.0
3193.5;25.925;4.960000000000001;0.0
3195.0;21.225;4.5600000000000005;0.0
3196.5;26.95;3.12;0.0
3198.0;30.5;5.1000000000000005;0.0
3199.5;27.875;3.620000000000001;0.0
3201.0;25.275;6.540000000000001;0.0
3202.5;28.15;7.9799999999999995;0.0
3204.0;27.875;10.62;0.0
3205.5;26.15;5.700000000000001;0.0
3207.0;28.625;3.6400000000000006;0.0
3208.5;25.95;3.44;0.0
3210.0;27.15;6.7799999999999985;0.0
3211.5;30.05;6.659999999999999;0.0
3213.0;26.05;4.44;0.0
3214.5;26.125;5.300000000000001;0.0
3216.0;28.275;10.2;0.0
3217.5;25.825;10.079999999999998;0.0
3219.0;27.5;5.46;0.0
3220.5;31.225;5.540000000000001;0.0
3222.0;29.725;0.9199999999999999;0.0
3223.5;29.5;3.5200000000000005;0.0
3225.0;29.075;3.2800000000000002;0.0
3226.5;28.625;6.980000000000001;0.0
3228.0;26.525;4.16;0.0
3229.5;28.575;5.0600000000000005;0.0
3231.0;31.825;5.4399999999999995;0.0
3232.5;28.85;2.5800000000000005;0.0
3234.0;23.025;2.06;0.0
3235.5;23.575;8.7;0.0
3237.0;25.875;4.98;0.0
3238.5;27.925;6.859999999999999;0.0
3240.0;23.7;5.5600000000000005;0.0
3241.5;28.0;4.12;0.0
3243.0;24.1;2.46;0.0
3244.5;26.9;5.94;0.0
3246.0;30.325;10.459999999999997;0.0
3247.5;26.4;5.22;0.0
3249.0;29.1;3.62;0.0
3250.5;30.7;5.5600000000000005;0.0
3252.0;25.5;5.32;0.0
3253.5;30.775;4.62;0.0
3255.0;23.975;4.380000000000001;0.0
3256.5;32.2;3.2600000000000002;0.0
3258.0;30.2;6.0200000000000005;0.0
3259.5;31.0;8.28;0.0
3261.0;28.125;4.12;0.0
3262.5;28.475;7.1;0.0
3264.0;26.525;6.62;0.0
3265.5;25.925;6.880000000000001;0.0
3267.0;28.4;8.419999999999998;0.0
3268.5;29.6;5.24;0.0
3270.0;25.975;6.300000000000001;0.0
3271.5;24.55;6.16;0.0
3273.0;24.45;8.779999999999998;0.0
3274.5;25.45;7.1800000000000015;0.0
3276.0;29.075;9.459999999999999;0.0
3277.5;27.85;2.8400000000000007;0.0
3279.0;25.275;5.1000000000000005;0.0
3280.5;27.75;6.12;0.0
3282.0;29.7;4.840000000000001;0.0
3283.5;27.7;5.32;0.0
3285.0;28.4;5.64;0.0
3286.5;31.225;8.020000000000001;0.0
3288.0;30.375;8.940000000000001;0.0
3289.5;25.7;3.12;0.0
3291.0;23.825;8.419999999999998;0.0
3292.5;26.7;9.139999999999997;0.0
3294.0;30.275;10.08;0.0
3295.5;29.175;4.32;0.0
3297.0;25.975;7.3;0.0
3298.5;24.25;9.799999999999999;0.0
3300.0;24.975;5.1;0.0
3301.5;31.55;8.36;0.0
3303.0;27.225;3.16;0.0
3304.5;29.625;5.360000000000001;0.0
3306.0;29.625;7.76;0.0
3307.5;29.7;8.04;0.0
3309.0;23.55;6.56;0.0
3310.5;24.5;2.3200000000000003;0.0
3312.0;26.5;4.4;0.0
3313.5;25.325;4.32;0.0
3315.0;28.175;6.140000000000001;0.0
3316.5;28.125;8.540000000000001;0.0
3318.0;26.425;5.36;0.0
3319.5;26.1;5.800000000000001;0.0
3321.0;25.325;5.08;0.0
3322.5;30.825;1.9200000000000004;0.0
3324.0;21.1;7.840000000000001;0.0
3325.5;24.25;5.86;0.0
3327.0;22.7;6.640000000000001;0.0
3328.5;28.225;3.3200000000000003;0.0
3330.0;30.15;7.4;0.0
3331.5;27.0;10.5;0.0
3333.0;27.15;0.6;0.0
3334.5;30.025;3.420000000000001;0.0
3336.0;22.95;9.760000000000002;0.0
3337.5;29.125;9.559999999999999;0.0
3339.0;30.325;2.5000000000000004;0.0
3340.5;26.25;4.18;0.0
3342.0;27.325;4.46;0.0
3343.5;30.3;3.12;0.0
3345.0;26.55;10.36;0.0
3346.5;27.775;8.819999999999999;0.0
3348.0;26.65;4.5200000000000005;0.0
3349.5;26.05;4.680000000000001;0.0
3351.0;25.4;7.959999999999999;0.0
3352.5;21.05;4.74;0.0
3354.0;25.9;5.1000000000000005;0.0
3355.5;29.075;6.840000000000001;0.0
3357.0;29.575;5.640000000000001;0.0
3358.5;25.125;6.28;0.0
3360.0;27.35;3.5800000000000005;0.0
3361.5;28.575;6.1000000000000005;0.0
3363.0;29.075;5.86;0.0
3364.5;26.85;7.119999999999999;0.0
3366.0;27.0;8.539999999999997;0.0
3367.5;27.65;3.3;0.0
3369.0;27.475;1.0399999999999998;0.0
3370.5;25.4;6.5200000000000005;0.0
3372.0;26.375;6.74;0.0
3373.5;29.45;2.8600000000000003;0.0
3375.0;25.825;2.06;0.0
3376.5;28.575;8.579999999999998;0.0
3378.0;26.65;5.36;0.0
3379.5;24.625;8.28;0.0
3381.0;28.475;4.9;0.0
3382.5;26.625;4.92;0.0
3384.0;28.2;5.340000000000002;0.0
3385.5;29.225;6.640000000000001;0.0
3387.0;30.25;5.180000000000001;0.0
3388.5;29.975;1.26;0.0
3390.0;27.625;6.180000000000001;0.0
3391.5;29.05;4.58;0.0
3393.0;31.275;5.16;0.0
3394.5;28.375;11.499999999999998;0.0
3396.0;30.175;7.3;0.0
3397.5;23.575;9.559999999999999;0.0
3399.0;25.25;5.78;0.0
3400.5;27.325;6.5200000000000005;0.0
3402.0;26.25;5.620000000000001;0.0
3403.5;23.575;5.4;0.0
3405.0;28.55;4.12;0.0
3406.5;29.775;6.12;0.0
3408.0;26.525;12.599999999999998;0.0
3409.5;26.1;4.420000000000001;0.0
3411.0;27.725;6.280000000000001;0.0
3412.5;29.7;8.16;0.0
3414.0;27.525;3.6;0.0
3415.5;28.0;6.840000000000001;0.0
3417.0;29.8;7.640000000000001;0.0
3418.5;30.325;8.759999999999998;0.0
3420.0;28.7;3.2600000000000002;0.0
3421.5;32.475;9.1;0.0
3423.0;28.775;8.599999999999998;0.0
3424.5;28.675;5.960000000000001;0.0
3426.0;24.175;7.899999999999999;0.0
3427.5;27.7;14.36;0.0
3429.0;29.25;0.26;0.0
3430.5;26.95;7.0200000000000005;0.0
3432.0;27.6;8.84;0.0
3433.5;26.05;4.4;0.0
3435.0;28.525;6.659999999999999;0.0
3436.5;23.175;7.06;0.0
3438.0;28.175;5.24;0.0
3439.5;26.8;6.140000000000001;0.0
3441.0;27.05;7.040000000000001;0.0
3442.5;26.425;6.42;0.0
3444.0;28.025;10.399999999999997;0.0
3445.5;25.25;15.639999999999997;0.0
3447.0;21.4;6.459999999999999;0.0
3448.5;24.575;7.26;0.0
3450.0;29.825;7.780000000000001;0.0
3451.5;24.825;3.7600000000000002;0.0
3453.0;26.375;4.9;0.0
3454.5;26.925;3.6800000000000006;0.0
3456.0;29.725;8.16;0.0
3457.5;25.775;8.819999999999997;0.0
3459.0;25.35;12.839999999999998;0.0
3460.5;27.6;6.5;0.0
3462.0;27.1;3.9200000000000004;0.0
3463.5;28.65;6.779999999999999;0.0
3465.0;26.0;6.6800000000000015;0.0
3466.5;23.85;5.500000000000001;0.0
3468.0;31.475;4.64;0.0
3469.5;27.775;7.56;0.0
3471.0;26.2;13.9;0.0
3472.5;27.575;6.92;0.0
3474.0;26.0;9.059999999999999;0.0
3475.5;25.5;4.46;0.0
3477.0;24.775;9.879999999999999;0.0
3478.5;26.125;6.26;0.0
3480.0;27.925;6.659999999999999;0.0
3481.5;27.525;8.040000000000001;0.0
3483.0;26.625;6.1000000000000005;0.0
3484.5;30.55;6.040000000000001;0.0
3486.0;25.4;5.96;0.0
3487.5;27.025;6.640000000000001;0.0
3489.0;28.375;6.5200000000000005;0.0
3490.5;28.575;8.379999999999999;0.0
3492.0;28.725;6.56;0.0
3493.5;24.075;10.36;0.0
3495.0;30.325;4.4399999999999995;0.0
3496.5;27.05;5.42;0.0
3498.0;30.6;4.12;0.0
3499.5;26.775;5.78;0.0
3501.0;28.95;2.0199999999999996;0.0
3502.5;26.8;5.380000000000001;0.0
3504.0;24.1;2.44;0.0
3505.5;23.875;6.5200000000000005;0.0
3507.0;28.8;6.9;0.0
3508.5;31.525;1.9800000000000004;0.0
3510.0;23.775;4.9;0.0
3511.5;27.25;5.5;0.0
3513.0;26.5;9.16;0.0
3514.5;31.025;5.32;0.0
3516.0;29.0;7.9399999999999995;0.0
3517.5;28.1;4.78;0.0
3519.0;24.975;8.620000000000001;0.0
3520.5;28.425;4.64;0.0
3522.0;31.5;6.7;0.0
3523.5;24.825;5.700000000000001;0.0
3525.0;28.025;3.9;0.0
3526.5;25.15;5.740000000000001;0.0
3528.0;28.625;8.16;0.0
3529.5;27.875;8.979999999999999;0.0
3531.0;27.65;5.92;0.0
3532.5;29.6;5.940000000000001;0.0
3534.0;28.325;6.6;0.0
3535.5;28.4;4.26;0.0
3537.0;24.375;2.84;0.0
3538.5;29.975;6.5200000000000005;0.0
3540.0;26.1;16.84;0.0
3541.5;30.675;6.08;0.0
3543.0;30.225;7.380000000000001;0.0
3544.5;23.75;3.72;0.0
3546.0;24.0;5.64;0.0
3547.5;24.175;7.68;0.0
3549.0;25.8;11.06;0.0
3550.5;26.6;6.880000000000001;0.0
3552.0;26.8;5.58;0.0
3553.5;26.425;4.82;0.0
3555.0;29.75;4.180000000000001;0.0
3556.5;24.125;4.7;0.0
3558.0;26.175;3.7600000000000002;0.0
3559.5;25.825;2.9800000000000004;0.0
3561.0;27.325;4.12;0.0
3562.5;25.875;5.92;0.0
3564.0;24.925;3.12;0.0
3565.5;23.225;6.739999999999999;0.0
3567.0;23.675;4.96;0.0
3568.5;28.425;3.400000000000001;0.0
3570.0;22.45;9.24;0.0
3571.5;25.275;5.5600000000000005;0.0
3573.0;27.6;7.5200000000000005;0.0
3574.5;29.55;4.300000000000001;0.0
3576.0;26.675;5.640000000000001;0.0
3577.5;29.075;6.459999999999999;0.0
3579.0;29.525;6.24;0.0
3580.5;21.85;10.639999999999997;0.0
3582.0;23.25;7.24;0.0
3583.5;28.4;7.58;0.0
3585.0;28.3;6.839999999999999;0.0
3586.5;28.35;6.020000000000001;0.0
3588.0;28.25;4.3;0.0
3589.5;26.4;5.92;0.0
3591.0;26.675;8.2;0.0
3592.5;25.825;9.64;0.0
3594.0;28.175;5.48;0.0
3595.5;23.65;6.020000000000001;0.0
3597.0;25.525;4.0600000000000005;0.0
3598.5;32.375;4.82;0.0
