#auto generated file!
1.5;0.0;0.0;0.0
3.0;0.0;0.0;0.0
4.5;0.0;0.0;0.0
6.0;0.0;0.0;0.0
7.5;0.0;0.0;0.0
9.0;0.0;0.0;0.0
10.5;0.075;0.0;0.0
12.0;0.825;0.4;0.0
13.5;2.825;0.9199999999999999;0.0
15.0;3.0;0.8;0.0
16.5;5.3;0.45999999999999996;0.0
18.0;5.825;1.64;0.0
19.5;6.625;0.26;0.0
21.0;7.375;1.7599999999999998;0.0
22.5;5.875;3.6;0.0
24.0;9.275;1.26;0.0
25.5;6.525;1.0399999999999998;0.0
27.0;7.55;0.9199999999999999;0.0
28.5;3.725;0.9199999999999999;0.0
30.0;3.85;1.3199999999999998;0.0
31.5;5.225;0.7799999999999999;0.0
33.0;5.775;1.26;0.0
34.5;4.125;0.06;0.0
36.0;8.725;0.32;0.0
37.5;6.625;1.52;0.0
39.0;6.575;1.52;0.0
40.5;7.05;1.06;0.0
42.0;7.525;1.0;0.0
43.5;6.2;1.7000000000000004;0.0
45.0;6.85;1.64;0.0
46.5;5.575;1.4;0.0
48.0;6.475;1.8;0.0
49.5;4.3;1.4;0.0
51.0;5.575;1.86;0.0
52.5;8.55;1.3199999999999998;0.0
54.0;9.3;2.46;0.0
55.5;8.3;1.98;0.0
57.0;6.275;1.52;0.0
58.5;5.4;0.9199999999999999;0.0
60.0;7.175;2.1;0.0
61.5;5.15;1.4;0.0
63.0;6.35;0.26;0.0
64.5;5.55;1.9200000000000004;0.0
66.0;9.125;3.3200000000000003;0.0
67.5;7.425;3.2600000000000002;0.0
69.0;6.05;1.06;0.0
70.5;7.325;1.38;0.0
72.0;5.225;1.46;0.0
73.5;6.125;2.8600000000000003;0.0
75.0;5.7;1.8;0.0
76.5;6.875;1.4;0.0
78.0;5.95;1.46;0.0
79.5;5.4;1.4;0.0
81.0;6.3;1.72;0.0
82.5;5.4;1.72;0.0
84.0;7.125;1.46;0.0
85.5;7.725;2.72;0.0
87.0;7.225;2.4;0.0
88.5;7.475;1.2;0.0
90.0;7.2;1.1800000000000002;0.0
91.5;5.875;2.2600000000000002;0.0
93.0;7.125;2.2600000000000002;0.0
94.5;7.475;1.52;0.0
96.0;5.45;2.5200000000000005;0.0
97.5;5.875;0.78;0.0
99.0;7.05;1.52;0.0
100.5;8.625;1.46;0.0
102.0;5.025;2.9799999999999995;0.0
103.5;6.025;1.46;0.0
105.0;7.875;1.26;0.0
106.5;6.125;1.0;0.0
108.0;6.9;0.6599999999999999;0.0
109.5;6.475;2.7;0.0
111.0;9.4;0.9799999999999999;0.0
112.5;7.7;1.46;0.0
114.0;6.65;1.4;0.0
115.5;5.25;1.86;0.0
117.0;5.125;1.9799999999999998;0.0
118.5;6.125;2.12;0.0
120.0;4.375;1.0;0.0
121.5;5.85;2.2600000000000002;0.0
123.0;8.85;2.72;0.0
124.5;6.825;0.9199999999999999;0.0
126.0;8.95;0.72;0.0
127.5;8.625;1.86;0.0
129.0;7.025;1.8;0.0
130.5;8.45;2.5800000000000005;0.0
132.0;5.975;1.26;0.0
133.5;7.1;0.6599999999999999;0.0
135.0;5.225;1.9800000000000004;0.0
136.5;6.125;1.0;0.0
138.0;5.55;1.4;0.0
139.5;6.2;1.3199999999999998;0.0
141.0;7.55;0.8;0.0
142.5;6.8;0.9799999999999999;0.0
144.0;6.55;1.2;0.0
145.5;6.475;0.6;0.0
147.0;9.575;1.0;0.0
148.5;7.3;1.06;0.0
150.0;4.75;1.44;0.0
151.5;3.05;2.0;0.0
153.0;10.05;0.8399999999999999;0.0
154.5;6.325;0.6599999999999999;0.0
156.0;4.7;1.6600000000000001;0.0
157.5;3.725;1.3199999999999998;0.0
159.0;6.125;1.6600000000000001;0.0
160.5;8.15;2.5799999999999996;0.0
162.0;6.45;3.06;0.0
163.5;6.6;1.18;0.0
165.0;7.875;1.4;0.0
166.5;6.175;1.6600000000000001;0.0
168.0;3.8;1.6600000000000001;0.0
169.5;6.475;1.1199999999999999;0.0
171.0;5.375;0.9199999999999999;0.0
172.5;7.325;1.26;0.0
174.0;8.45;2.04;0.0
175.5;8.05;0.86;0.0
177.0;7.025;0.6599999999999999;0.0
178.5;7.45;1.6600000000000001;0.0
180.0;5.375;1.52;0.0
181.5;6.175;2.2;0.0
183.0;5.625;0.9199999999999999;0.0
184.5;8.525;2.12;0.0
186.0;8.425;1.6;0.0
187.5;8.625;1.26;0.0
189.0;4.55;0.72;0.0
190.5;6.6;2.04;0.0
192.0;7.725;1.2399999999999998;0.0
193.5;7.05;1.6;0.0
195.0;4.6;1.3800000000000001;0.0
196.5;6.7;0.8;0.0
198.0;8.55;1.46;0.0
199.5;5.85;0.8;0.0
201.0;5.8;1.46;0.0
202.5;5.475;1.8;0.0
204.0;6.225;1.3199999999999998;0.0
205.5;4.95;0.5799999999999998;0.0
207.0;7.75;1.38;0.0
208.5;7.3;1.7200000000000002;0.0
210.0;9.05;2.46;0.0
211.5;6.55;1.86;0.0
213.0;8.775;1.06;0.0
214.5;5.775;1.6600000000000001;0.0
216.0;7.875;1.7200000000000002;0.0
217.5;6.325;1.6;0.0
219.0;6.025;1.52;0.0
220.5;7.8;1.0999999999999999;0.0
222.0;9.625;0.4;0.0
223.5;8.425;1.8;0.0
225.0;6.375;0.26;0.0
226.5;6.625;1.5799999999999998;0.0
228.0;6.525;1.7200000000000002;0.0
229.5;6.45;1.06;0.0
231.0;7.525;0.72;0.0
232.5;6.3;0.45999999999999996;0.0
234.0;6.575;0.4;0.0
235.5;6.375;1.2;0.0
237.0;5.35;2.1799999999999997;0.0
238.5;6.325;0.7799999999999999;0.0
240.0;5.025;2.8;0.0
241.5;5.1;1.06;0.0
243.0;4.65;1.52;0.0
244.5;7.125;1.72;0.0
246.0;5.875;1.1199999999999999;0.0
247.5;5.875;1.72;0.0
249.0;4.55;2.500000000000001;0.0
250.5;5.725;1.72;0.0
252.0;7.125;2.12;0.0
253.5;9.2;0.86;0.0
255.0;8.55;0.8;0.0
256.5;8.5;1.72;0.0
258.0;7.55;1.4999999999999998;0.0
259.5;5.9;0.6599999999999999;0.0
261.0;10.275;0.78;0.0
262.5;8.75;1.72;0.0
264.0;7.2;0.6599999999999999;0.0
265.5;7.525;1.7600000000000002;0.0
267.0;6.475;0.45999999999999996;0.0
268.5;8.5;1.3199999999999998;0.0
270.0;7.8;0.4;0.0
271.5;8.1;0.72;0.0
273.0;7.225;0.6599999999999999;0.0
274.5;10.125;0.6599999999999999;0.0
276.0;5.55;1.6600000000000001;0.0
277.5;8.05;1.6600000000000001;0.0
279.0;5.375;0.9799999999999999;0.0
280.5;6.375;1.0;0.0
282.0;4.125;1.26;0.0
283.5;6.125;2.06;0.0
285.0;8.3;1.06;0.0
286.5;4.9;3.1800000000000006;0.0
288.0;8.025;0.86;0.0
289.5;7.2;0.8;0.0
291.0;4.8;0.9199999999999999;0.0
292.5;6.35;2.8;0.0
294.0;8.45;0.38;0.0
295.5;12.175;2.04;0.0
297.0;4.65;2.8600000000000003;0.0
298.5;6.35;1.52;0.0
300.0;5.775;1.46;0.0
301.5;7.45;0.86;0.0
303.0;4.2;2.2;0.0
304.5;7.2;1.7200000000000002;0.0
306.0;5.725;1.52;0.0
307.5;7.625;2.2600000000000002;0.0
309.0;6.675;0.45999999999999996;0.0
310.5;6.825;1.1199999999999999;0.0
312.0;5.65;2.12;0.0
313.5;5.475;0.86;0.0
315.0;4.8;1.1199999999999999;0.0
316.5;8.2;0.8;0.0
318.0;9.075;3.12;0.0
319.5;8.8;1.18;0.0
321.0;6.2;0.9199999999999999;0.0
322.5;4.775;1.72;0.0
324.0;5.125;0.86;0.0
325.5;8.15;2.1799999999999997;0.0
327.0;7.65;1.06;0.0
328.5;5.05;1.38;0.0
330.0;7.375;1.52;0.0
331.5;7.4;0.38;0.0
333.0;6.675;1.18;0.0
334.5;5.9;0.52;0.0
336.0;6.425;1.6600000000000001;0.0
337.5;6.8;1.3199999999999998;0.0
339.0;8.675;1.6600000000000001;0.0
340.5;5.95;1.26;0.0
342.0;6.7;2.2;0.0
343.5;7.2;1.1199999999999999;0.0
345.0;7.375;1.06;0.0
346.5;7.675;1.6;0.0
348.0;5.375;0.72;0.0
349.5;3.65;0.9199999999999999;0.0
351.0;8.125;1.26;0.0
352.5;4.825;1.26;0.0
354.0;5.775;1.38;0.0
355.5;8.45;1.46;0.0
357.0;6.125;1.6600000000000001;0.0
358.5;8.725;1.46;0.0
360.0;7.7;1.38;0.0
361.5;6.925;1.72;0.0
363.0;6.7;0.86;0.0
364.5;4.975;1.4;0.0
366.0;7.175;1.7200000000000002;0.0
367.5;3.225;1.3199999999999998;0.0
369.0;5.875;1.46;0.0
370.5;7.875;2.58;0.0
372.0;4.8;0.45999999999999996;0.0
373.5;3.55;1.18;0.0
375.0;7.95;0.8;0.0
376.5;7.075;1.72;0.0
378.0;7.55;1.38;0.0
379.5;8.175;0.8;0.0
381.0;8.8;0.86;0.0
382.5;7.475;1.86;0.0
384.0;7.8;2.06;0.0
385.5;9.475;1.6;0.0
387.0;7.45;0.44000000000000006;0.0
388.5;4.975;0.32;0.0
390.0;6.2;2.52;0.0
391.5;7.85;1.7799999999999998;0.0
393.0;4.4;1.72;0.0
394.5;6.05;1.3199999999999998;0.0
396.0;6.95;1.18;0.0
397.5;5.975;1.92;0.0
399.0;8.125;1.6600000000000001;0.0
400.5;7.6;0.6599999999999999;0.0
402.0;8.7;0.45999999999999996;0.0
403.5;5.975;0.12;0.0
405.0;6.45;0.4;0.0
406.5;8.05;2.6;0.0
408.0;6.625;0.9199999999999999;0.0
409.5;6.3;1.6;0.0
411.0;4.95;2.2;0.0
412.5;5.975;1.06;0.0
414.0;7.775;2.72;0.0
415.5;7.1;1.1199999999999999;0.0
417.0;5.675;1.38;0.0
418.5;5.3;1.9200000000000004;0.0
420.0;6.375;1.46;0.0
421.5;6.5;1.6600000000000001;0.0
423.0;6.625;1.9799999999999998;0.0
424.5;5.8;1.52;0.0
426.0;9.35;1.06;0.0
427.5;10.275;0.8400000000000001;0.0
429.0;8.325;1.06;0.0
430.5;6.35;1.1199999999999999;0.0
432.0;4.825;2.06;0.0
433.5;4.85;1.8;0.0
435.0;4.05;1.1199999999999999;0.0
436.5;6.125;1.06;0.0
438.0;6.475;0.32;0.0
439.5;6.45;2.72;0.0
441.0;8.15;1.06;0.0
442.5;3.375;1.6600000000000001;0.0
444.0;3.875;1.46;0.0
445.5;5.85;1.0399999999999998;0.0
447.0;4.95;1.18;0.0
448.5;6.05;1.52;0.0
450.0;6.95;0.58;0.0
451.5;6.35;1.2;0.0
453.0;4.2;1.2;0.0
454.5;5.175;1.06;0.0
456.0;4.6;1.3199999999999998;0.0
457.5;7.6;1.52;0.0
459.0;3.35;1.86;0.0
460.5;7.65;1.7799999999999998;0.0
462.0;5.625;1.78;0.0
463.5;6.8;1.0;0.0
465.0;6.375;1.46;0.0
466.5;8.925;1.4;0.0
468.0;7.375;1.26;0.0
469.5;8.375;0.45999999999999996;0.0
471.0;6.4;1.92;0.0
472.5;9.125;1.72;0.0
474.0;8.2;1.6;0.0
475.5;7.55;1.72;0.0
477.0;6.875;1.8;0.0
478.5;8.075;0.6;0.0
480.0;7.2;0.45999999999999996;0.0
481.5;9.55;1.92;0.0
483.0;8.325;1.2;0.0
484.5;8.35;1.06;0.0
486.0;6.4;1.0;0.0
487.5;10.175;1.7799999999999998;0.0
489.0;5.6;0.8400000000000001;0.0
490.5;5.3;0.72;0.0
492.0;6.875;0.72;0.0
493.5;8.275;1.1199999999999999;0.0
495.0;9.475;1.4999999999999998;0.0
496.5;6.625;1.26;0.0
498.0;6.85;0.8;0.0
499.5;9.25;1.9000000000000004;0.0
501.0;11.85;2.3200000000000003;0.0
502.5;9.65;2.4;0.0
504.0;9.775;2.12;0.0
505.5;6.2;1.6;0.0
507.0;6.45;1.6;0.0
508.5;7.7;1.52;0.0
510.0;11.125;1.92;0.0
511.5;10.45;1.4;0.0
513.0;4.425;1.1199999999999999;0.0
514.5;4.825;2.2;0.0
516.0;6.525;2.1;0.0
517.5;6.125;2.7800000000000002;0.0
519.0;6.7;1.26;0.0
520.5;5.8;0.9800000000000001;0.0
522.0;9.375;1.98;0.0
523.5;6.6;2.0;0.0
525.0;9.775;2.2600000000000002;0.0
526.5;6.65;1.3199999999999998;0.0
528.0;8.475;0.86;0.0
529.5;9.65;1.72;0.0
531.0;7.45;1.38;0.0
532.5;5.0;0.6599999999999999;0.0
534.0;7.475;0.78;0.0
535.5;10.875;0.6599999999999999;0.0
537.0;5.55;1.0;0.0
538.5;7.2;3.3800000000000003;0.0
540.0;6.775;1.6600000000000001;0.0
541.5;5.375;1.1199999999999999;0.0
543.0;4.475;0.9199999999999999;0.0
544.5;10.2;2.2;0.0
546.0;12.875;1.1199999999999999;0.0
547.5;12.275;1.64;0.0
549.0;9.8;1.0;0.0
550.5;8.875;2.52;0.0
552.0;7.125;1.3199999999999998;0.0
553.5;7.475;1.86;0.0
555.0;4.9;1.92;0.0
556.5;3.725;2.4;0.0
558.0;3.65;2.1799999999999997;0.0
559.5;8.125;1.64;0.0
561.0;8.775;1.2399999999999998;0.0
562.5;9.85;1.9799999999999998;0.0
564.0;8.4;0.45999999999999996;0.0
565.5;7.525;1.2;0.0
567.0;6.6;1.1199999999999999;0.0
568.5;6.625;1.8;0.0
570.0;7.425;2.0;0.0
571.5;5.775;1.72;0.0
573.0;5.8;0.06;0.0
574.5;5.775;2.46;0.0
576.0;5.775;1.8;0.0
577.5;7.95;0.8400000000000001;0.0
579.0;5.725;0.45999999999999996;0.0
580.5;7.875;2.0;0.0
582.0;8.225;0.2;0.0
583.5;9.2;1.06;0.0
585.0;4.6;1.06;0.0
586.5;7.625;0.8;0.0
588.0;8.675;1.4;0.0
589.5;8.975;0.0;0.0
591.0;7.95;0.6399999999999999;0.0
592.5;6.425;0.5199999999999999;0.0
594.0;7.95;1.26;0.0
595.5;8.05;0.86;0.0
597.0;7.05;1.7200000000000002;0.0
598.5;4.1;2.0;0.0
600.0;5.375;2.4;0.0
601.5;8.125;1.52;0.0
603.0;6.65;2.06;0.0
604.5;8.3;1.2399999999999998;0.0
606.0;7.375;1.52;0.0
607.5;5.9;1.38;0.0
609.0;10.2;2.2399999999999998;0.0
610.5;7.45;1.18;0.0
612.0;8.15;1.46;0.0
613.5;9.525;1.1199999999999999;0.0
615.0;10.8;2.0;0.0
616.5;6.625;1.4;0.0
618.0;10.275;1.6;0.0
619.5;5.75;1.78;0.0
621.0;5.125;0.8;0.0
622.5;5.2;0.86;0.0
624.0;6.875;1.0;0.0
625.5;5.675;1.06;0.0
627.0;4.85;2.18;0.0
628.5;9.6;1.86;0.0
630.0;13.45;0.9199999999999999;0.0
631.5;7.6;0.2;0.0
633.0;4.025;1.0;0.0
634.5;6.8;0.45999999999999996;0.0
636.0;7.775;2.12;0.0
637.5;7.025;1.86;0.0
639.0;5.05;2.0;0.0
640.5;10.175;0.4;0.0
642.0;8.2;0.5199999999999999;0.0
643.5;5.7;0.4;0.0
645.0;8.3;1.2;0.0
646.5;7.65;1.6600000000000001;0.0
648.0;5.975;2.38;0.0
649.5;8.4;1.0;0.0
651.0;6.35;2.1800000000000006;0.0
652.5;5.2;0.6599999999999999;0.0
654.0;5.6;1.86;0.0
655.5;8.2;1.98;0.0
657.0;6.6;1.8;0.0
658.5;3.75;1.4;0.0
660.0;5.925;2.04;0.0
661.5;5.4;1.7;0.0
663.0;5.025;2.3200000000000003;0.0
664.5;7.2;0.45999999999999996;0.0
666.0;6.875;2.8600000000000003;0.0
667.5;6.45;1.0;0.0
669.0;5.025;0.86;0.0
670.5;7.625;1.6600000000000001;0.0
672.0;7.05;2.5200000000000005;0.0
673.5;8.725;1.6;0.0
675.0;6.3;1.6600000000000001;0.0
676.5;6.525;2.2400000000000007;0.0
678.0;8.4;1.3199999999999998;0.0
679.5;4.225;3.66;0.0
681.0;5.625;1.1199999999999999;0.0
682.5;5.85;1.18;0.0
684.0;6.175;1.0;0.0
685.5;5.525;0.06;0.0
687.0;5.35;0.4;0.0
688.5;6.15;2.38;0.0
690.0;8.725;0.6;0.0
691.5;7.375;1.0;0.0
693.0;6.9;2.52;0.0
694.5;8.45;0.86;0.0
696.0;6.05;1.5799999999999998;0.0
697.5;7.525;2.46;0.0
699.0;7.15;1.38;0.0
700.5;4.225;0.6599999999999999;0.0
702.0;5.6;1.26;0.0
703.5;9.125;0.86;0.0
705.0;8.275;1.5799999999999998;0.0
706.5;7.2;2.06;0.0
708.0;5.9;0.5199999999999999;0.0
709.5;4.225;1.46;0.0
711.0;7.625;1.1199999999999999;0.0
712.5;7.55;0.45999999999999996;0.0
714.0;6.175;0.38;0.0
715.5;3.425;1.46;0.0
717.0;5.55;2.2600000000000002;0.0
718.5;5.575;1.7200000000000002;0.0
720.0;7.125;1.7200000000000002;0.0
721.5;6.025;2.12;0.0
723.0;9.9;1.26;0.0
724.5;8.625;2.12;0.0
726.0;3.8;1.52;0.0
727.5;5.1;1.26;0.0
729.0;4.65;1.2;0.0
730.5;6.15;1.38;0.0
732.0;8.65;1.06;0.0
733.5;5.8;0.86;0.0
735.0;8.275;1.8;0.0
736.5;6.55;0.8400000000000001;0.0
738.0;9.625;1.6600000000000001;0.0
739.5;5.875;1.6;0.0
741.0;7.725;1.0;0.0
742.5;7.45;0.9799999999999999;0.0
744.0;10.025;0.4;0.0
745.5;8.225;2.7199999999999998;0.0
747.0;10.225;0.6599999999999999;0.0
748.5;6.45;1.9800000000000004;0.0
750.0;5.1;1.92;0.0
751.5;6.95;1.1199999999999999;0.0
753.0;4.55;2.1800000000000006;0.0
754.5;7.85;0.86;0.0
756.0;7.775;0.9799999999999999;0.0
757.5;6.275;1.44;0.0
759.0;5.3;1.46;0.0
760.5;7.275;1.46;0.0
762.0;8.125;0.78;0.0
763.5;6.775;0.32;0.0
765.0;7.125;1.3199999999999998;0.0
766.5;14.05;1.8400000000000003;0.0
768.0;11.475;0.32;0.0
769.5;6.65;1.18;0.0
771.0;7.95;0.9199999999999999;0.0
772.5;7.625;1.46;0.0
774.0;8.475;2.12;0.0
775.5;6.75;0.72;0.0
777.0;6.625;0.26;0.0
778.5;6.225;1.6600000000000001;0.0
780.0;6.125;0.72;0.0
781.5;8.525;1.06;0.0
783.0;6.05;2.2600000000000002;0.0
784.5;5.975;0.6599999999999999;0.0
786.0;7.425;2.2;0.0
787.5;10.025;1.26;0.0
789.0;6.775;1.2999999999999998;0.0
790.5;8.1;2.9200000000000004;0.0
792.0;9.2;1.26;0.0
793.5;10.125;1.2;0.0
795.0;10.9;1.26;0.0
796.5;8.675;0.9199999999999999;0.0
798.0;6.55;0.72;0.0
799.5;5.95;1.4;0.0
801.0;4.7;1.72;0.0
802.5;5.35;1.86;0.0
804.0;6.15;1.0399999999999998;0.0
805.5;8.425;2.06;0.0
807.0;6.7;0.8;0.0
808.5;6.625;1.8;0.0
810.0;4.55;1.0;0.0
811.5;6.775;2.1799999999999997;0.0
813.0;6.375;3.46;0.0
814.5;9.15;2.98;0.0
816.0;5.35;2.8;0.0
817.5;6.075;1.46;0.0
819.0;9.075;1.18;0.0
820.5;9.8;2.06;0.0
822.0;6.525;1.24;0.0
823.5;7.35;1.3199999999999998;0.0
825.0;7.35;1.6600000000000001;0.0
826.5;8.95;1.92;0.0
828.0;6.025;2.12;0.0
829.5;8.975;1.18;0.0
831.0;6.175;0.7;0.0
832.5;5.55;1.64;0.0
834.0;4.575;1.26;0.0
835.5;4.4;1.9200000000000004;0.0
837.0;8.525;2.46;0.0
838.5;5.975;1.18;0.0
840.0;5.125;1.7200000000000002;0.0
841.5;6.85;1.4;0.0
843.0;7.45;1.2;0.0
844.5;5.725;1.72;0.0
846.0;5.525;1.98;0.0
847.5;7.625;0.6599999999999999;0.0
849.0;9.025;2.12;0.0
850.5;7.75;1.3199999999999998;0.0
852.0;4.95;1.18;0.0
853.5;7.1;1.44;0.0
855.0;4.225;1.9200000000000004;0.0
856.5;10.275;1.8;0.0
858.0;7.45;1.46;0.0
859.5;6.85;0.86;0.0
861.0;5.225;1.8;0.0
862.5;5.8;1.72;0.0
864.0;7.2;2.8600000000000003;0.0
865.5;4.05;0.6599999999999999;0.0
867.0;6.275;1.92;0.0
868.5;7.775;1.72;0.0
870.0;5.475;1.06;0.0
871.5;6.2;1.0;0.0
873.0;6.7;2.06;0.0
874.5;5.65;1.06;0.0
876.0;5.025;3.16;0.0
877.5;7.975;1.5799999999999998;0.0
879.0;8.875;2.2;0.0
880.5;4.775;2.06;0.0
882.0;7.725;1.7200000000000002;0.0
883.5;6.7;3.66;0.0
885.0;7.35;1.06;0.0
886.5;7.425;1.3199999999999998;0.0
888.0;6.25;1.6600000000000001;0.0
889.5;5.875;1.6600000000000001;0.0
891.0;5.55;1.7200000000000002;0.0
892.5;5.55;1.6600000000000001;0.0
894.0;9.35;0.9799999999999999;0.0
895.5;5.95;1.9200000000000004;0.0
897.0;3.65;1.52;0.0
898.5;6.55;0.58;0.0
900.0;9.3;1.3199999999999998;0.0
901.5;8.125;1.38;0.0
903.0;5.925;3.0;0.0
904.5;6.45;1.1199999999999999;0.0
906.0;4.45;1.72;0.0
907.5;4.05;2.9800000000000004;0.0
909.0;4.675;1.18;0.0
910.5;6.025;3.4400000000000004;0.0
912.0;6.2;0.64;0.0
913.5;10.55;1.18;0.0
915.0;6.975;1.52;0.0
916.5;8.025;1.86;0.0
918.0;8.95;1.46;0.0
919.5;9.55;1.1800000000000002;0.0
921.0;7.4;2.2;0.0
922.5;8.125;1.38;0.0
924.0;7.1;0.86;0.0
925.5;5.225;0.9199999999999999;0.0
927.0;4.7;2.66;0.0
928.5;6.8;1.0;0.0
930.0;7.6;1.72;0.0
931.5;5.35;2.32;0.0
933.0;5.55;2.12;0.0
934.5;8.375;0.6599999999999999;0.0
936.0;8.05;1.64;0.0
937.5;7.55;1.52;0.0
939.0;5.25;2.8600000000000003;0.0
940.5;4.975;1.2399999999999998;0.0
942.0;6.025;0.72;0.0
943.5;9.075;1.7799999999999998;0.0
945.0;8.3;2.0;0.0
946.5;6.85;1.3199999999999998;0.0
948.0;8.375;1.7200000000000002;0.0
949.5;6.2;2.3200000000000003;0.0
951.0;6.975;1.38;0.0
952.5;7.55;0.6599999999999999;0.0
954.0;7.7;2.32;0.0
955.5;7.375;2.0;0.0
957.0;7.225;2.46;0.0
958.5;6.9;2.92;0.0
960.0;5.35;1.4;0.0
961.5;6.95;1.86;0.0
963.0;5.375;1.46;0.0
964.5;7.95;2.6;0.0
966.0;7.05;2.32;0.0
967.5;5.45;1.1800000000000002;0.0
969.0;4.95;2.06;0.0
970.5;6.825;1.1199999999999999;0.0
972.0;9.6;1.4;0.0
973.5;6.4;1.46;0.0
975.0;8.475;1.52;0.0
976.5;6.4;2.7;0.0
978.0;5.65;0.8;0.0
979.5;6.45;1.72;0.0
981.0;6.15;0.6;0.0
982.5;6.15;1.26;0.0
984.0;7.425;1.86;0.0
985.5;10.05;1.06;0.0
987.0;6.975;0.6;0.0
988.5;5.95;1.46;0.0
990.0;6.2;1.4;0.0
991.5;4.95;1.46;0.0
993.0;7.55;1.26;0.0
994.5;6.65;2.7800000000000002;0.0
996.0;5.5;2.8600000000000003;0.0
997.5;5.7;1.3199999999999998;0.0
999.0;6.2;1.2;0.0
1000.5;6.7;1.4;0.0
1002.0;6.15;0.72;0.0
1003.5;9.675;1.0;0.0
1005.0;8.95;1.98;0.0
1006.5;7.45;0.9799999999999999;0.0
1008.0;7.2;1.7200000000000002;0.0
1009.5;9.55;2.3200000000000003;0.0
1011.0;8.55;0.86;0.0
1012.5;6.75;2.46;0.0
1014.0;7.85;0.6;0.0
1015.5;7.125;1.46;0.0
1017.0;6.125;0.7799999999999999;0.0
1018.5;6.15;1.2;0.0
1020.0;10.1;1.1199999999999999;0.0
1021.5;4.45;1.6600000000000001;0.0
1023.0;4.425;2.06;0.0
1024.5;6.35;0.6599999999999999;0.0
1026.0;6.275;1.4;0.0
1027.5;8.625;1.4;0.0
1029.0;9.65;0.86;0.0
1030.5;5.55;1.26;0.0
1032.0;6.225;2.0400000000000005;0.0
1033.5;3.725;1.1199999999999999;0.0
1035.0;5.95;1.6;0.0
1036.5;6.975;2.12;0.0
1038.0;6.775;1.4999999999999998;0.0
1039.5;6.725;0.7799999999999999;0.0
1041.0;7.4;2.3200000000000003;0.0
1042.5;6.475;0.78;0.0
1044.0;6.275;1.18;0.0
1045.5;4.55;1.6600000000000001;0.0
1047.0;7.45;1.8;0.0
1048.5;8.225;2.0;0.0
1050.0;7.75;2.06;0.0
1051.5;3.55;0.86;0.0
1053.0;4.2;2.38;0.0
1054.5;4.4;1.3599999999999999;0.0
1056.0;7.3;1.38;0.0
1057.5;7.7;1.92;0.0
1059.0;7.4;1.06;0.0
1060.5;3.975;2.0;0.0
1062.0;3.7;0.72;0.0
1063.5;8.1;2.5800000000000005;0.0
1065.0;5.875;1.52;0.0
1066.5;8.575;1.5799999999999998;0.0
1068.0;7.75;1.6600000000000001;0.0
1069.5;5.55;1.3199999999999998;0.0
1071.0;3.75;0.06;0.0
1072.5;5.7;1.86;0.0
1074.0;8.45;1.2;0.0
1075.5;5.95;2.7600000000000002;0.0
1077.0;6.025;1.2;0.0
1078.5;7.3;1.1199999999999999;0.0
1080.0;7.25;1.46;0.0
1081.5;6.875;0.86;0.0
1083.0;8.025;0.52;0.0
1084.5;9.7;3.12;0.0
1086.0;6.175;1.9200000000000004;0.0
1087.5;4.6;2.2;0.0
1089.0;7.45;1.3199999999999998;0.0
1090.5;6.8;1.6;0.0
1092.0;6.3;1.2;0.0
1093.5;5.7;1.7200000000000002;0.0
1095.0;8.35;1.7799999999999998;0.0
1096.5;8.0;1.86;0.0
1098.0;6.15;1.5;0.0
1099.5;8.45;1.46;0.0
1101.0;9.375;1.06;0.0
1102.5;6.775;2.8600000000000003;0.0
1104.0;5.625;2.2600000000000002;0.0
1105.5;7.6;1.26;0.0
1107.0;5.775;1.92;0.0
1108.5;7.2;2.2600000000000002;0.0
1110.0;4.275;1.26;0.0
1111.5;7.3;0.5199999999999999;0.0
1113.0;7.925;1.06;0.0
1114.5;6.95;1.6;0.0
1116.0;7.525;1.86;0.0
1117.5;5.625;1.9200000000000004;0.0
1119.0;7.475;1.0;0.0
1120.5;7.875;1.1199999999999999;0.0
1122.0;6.55;1.86;0.0
1123.5;9.5;1.26;0.0
1125.0;7.0;2.6;0.0
1126.5;6.2;1.6600000000000001;0.0
1128.0;8.95;1.1199999999999999;0.0
1129.5;5.6;1.78;0.0
1131.0;5.15;0.86;0.0
1132.5;7.1;1.6;0.0
1134.0;5.3;1.52;0.0
1135.5;7.625;1.46;0.0
1137.0;5.35;1.92;0.0
1138.5;5.7;1.86;0.0
1140.0;5.475;2.06;0.0
1141.5;4.275;0.86;0.0
1143.0;7.375;1.52;0.0
1144.5;5.625;2.52;0.0
1146.0;11.625;1.46;0.0
1147.5;6.45;1.6600000000000001;0.0
1149.0;9.975;0.8399999999999999;0.0
1150.5;6.625;2.8;0.0
1152.0;8.05;0.5799999999999998;0.0
1153.5;6.8;1.46;0.0
1155.0;6.45;2.06;0.0
1156.5;7.2;2.32;0.0
1158.0;6.45;1.1199999999999999;0.0
1159.5;8.3;1.4999999999999998;0.0
1161.0;5.425;1.46;0.0
1162.5;7.525;2.0;0.0
1164.0;7.5;2.2600000000000002;0.0
1165.5;7.8;1.46;0.0
1167.0;7.125;0.9199999999999999;0.0
1168.5;6.3;1.06;0.0
1170.0;8.35;0.45999999999999996;0.0
1171.5;7.35;2.78;0.0
1173.0;9.675;2.5800000000000005;0.0
1174.5;7.7;2.7600000000000002;0.0
1176.0;10.525;1.38;0.0
1177.5;6.85;3.3200000000000003;0.0
1179.0;6.9;1.8;0.0
1180.5;7.625;0.52;0.0
1182.0;7.25;1.26;0.0
1183.5;7.3;1.26;0.0
1185.0;6.275;0.6399999999999999;0.0
1186.5;10.825;2.72;0.0
1188.0;11.625;1.0;0.0
1189.5;9.05;1.86;0.0
1191.0;9.05;1.06;0.0
1192.5;9.25;0.6599999999999999;0.0
1194.0;8.05;1.1199999999999999;0.0
1195.5;7.725;2.2600000000000002;0.0
1197.0;4.45;2.52;0.0
1198.5;9.875;0.72;0.0
1200.0;7.275;0.6599999999999999;0.0
1201.5;7.6;0.86;0.0
1203.0;6.7;1.6600000000000001;0.0
1204.5;7.275;1.52;0.0
1206.0;6.825;1.44;0.0
1207.5;7.3;1.46;0.0
1209.0;6.475;1.92;0.0
1210.5;5.3;1.46;0.0
1212.0;7.025;2.1800000000000006;0.0
1213.5;5.95;0.72;0.0
1215.0;6.6;1.3199999999999998;0.0
1216.5;11.3;0.9199999999999999;0.0
1218.0;8.45;1.7799999999999998;0.0
1219.5;6.7;2.9200000000000004;0.0
1221.0;6.125;1.46;0.0
1222.5;7.925;0.72;0.0
1224.0;7.325;2.5;0.0
1225.5;6.05;2.5200000000000005;0.0
1227.0;8.425;1.92;0.0
1228.5;9.6;1.4;0.0
1230.0;6.2;2.2600000000000002;0.0
1231.5;6.55;1.46;0.0
1233.0;4.875;3.2;0.0
1234.5;6.8;1.2;0.0
1236.0;6.8;1.38;0.0
1237.5;8.1;2.2600000000000002;0.0
1239.0;5.375;1.86;0.0
1240.5;7.2;1.52;0.0
1242.0;6.7;2.18;0.0
1243.5;7.875;1.6;0.0
1245.0;7.0;1.6600000000000001;0.0
1246.5;9.025;1.0999999999999999;0.0
1248.0;8.15;0.9199999999999999;0.0
1249.5;8.05;1.86;0.0
1251.0;6.125;0.32;0.0
1252.5;8.675;1.8;0.0
1254.0;5.2;2.2;0.0
1255.5;6.125;0.9799999999999999;0.0
1257.0;6.525;1.1199999999999999;0.0
1258.5;5.35;1.46;0.0
1260.0;6.3;0.52;0.0
1261.5;7.975;1.1199999999999999;0.0
1263.0;7.45;0.9799999999999999;0.0
1264.5;6.7;1.26;0.0
1266.0;5.35;1.8;0.0
1267.5;5.6;2.04;0.0
1269.0;7.8;3.2;0.0
1270.5;7.3;1.86;0.0
1272.0;5.625;1.78;0.0
1273.5;9.05;0.6599999999999999;0.0
1275.0;9.3;1.72;0.0
1276.5;9.075;2.5;0.0
1278.0;4.95;1.86;0.0
1279.5;8.475;2.46;0.0
1281.0;3.65;1.7800000000000005;0.0
1282.5;6.35;1.6600000000000001;0.0
1284.0;8.625;0.8;0.0
1285.5;5.05;2.1800000000000006;0.0
1287.0;4.175;1.1800000000000002;0.0
1288.5;5.975;1.06;0.0
1290.0;6.725;2.2;0.0
1291.5;5.3;2.2600000000000002;0.0
1293.0;5.6;1.8399999999999999;0.0
1294.5;6.15;3.12;0.0
1296.0;6.375;1.46;0.0
1297.5;6.8;2.06;0.0
1299.0;7.875;0.4;0.0
1300.5;7.1;2.04;0.0
1302.0;6.05;0.12;0.0
1303.5;8.0;1.2;0.0
1305.0;7.525;0.26;0.0
1306.5;7.275;1.64;0.0
1308.0;6.05;1.6600000000000001;0.0
1309.5;4.625;2.12;0.0
1311.0;5.5;1.6600000000000001;0.0
1312.5;6.0;0.86;0.0
1314.0;10.05;1.06;0.0
1315.5;11.05;2.32;0.0
1317.0;6.55;1.46;0.0
1318.5;5.625;1.1199999999999999;0.0
1320.0;6.125;1.6600000000000001;0.0
1321.5;6.025;2.0;0.0
1323.0;7.525;0.8;0.0
1324.5;6.2;0.4;0.0
1326.0;5.525;2.46;0.0
1327.5;7.05;2.12;0.0
1329.0;7.125;2.2;0.0
1330.5;6.025;1.1199999999999999;0.0
1332.0;8.85;1.6;0.0
1333.5;9.05;1.3199999999999998;0.0
1335.0;6.3;1.52;0.0
1336.5;6.775;0.9199999999999999;0.0
1338.0;6.05;2.2;0.0
1339.5;9.275;2.46;0.0
1341.0;9.5;1.7799999999999998;0.0
1342.5;4.725;0.86;0.0
1344.0;5.1;2.72;0.0
1345.5;3.275;0.86;0.0
1347.0;7.925;1.72;0.0
1348.5;10.45;1.3199999999999998;0.0
1350.0;8.2;2.1800000000000006;0.0
1351.5;6.275;0.7799999999999999;0.0
1353.0;7.625;2.46;0.0
1354.5;6.725;2.0;0.0
1356.0;10.25;1.8;0.0
1357.5;8.1;1.8;0.0
1359.0;8.1;0.9199999999999999;0.0
1360.5;6.45;0.6599999999999999;0.0
1362.0;8.05;0.9199999999999999;0.0
1363.5;7.6;0.6599999999999999;0.0
1365.0;6.05;1.9200000000000004;0.0
1366.5;6.725;1.46;0.0
1368.0;7.2;1.5799999999999998;0.0
1369.5;7.05;1.86;0.0
1371.0;6.95;0.86;0.0
1372.5;5.15;1.38;0.0
1374.0;7.625;0.6599999999999999;0.0
1375.5;5.825;1.06;0.0
1377.0;4.8;1.52;0.0
1378.5;4.95;1.7;0.0
1380.0;4.275;2.4;0.0
1381.5;6.875;2.2;0.0
1383.0;12.875;1.2399999999999998;0.0
1384.5;6.75;2.46;0.0
1386.0;7.125;1.46;0.0
1387.5;5.525;1.5799999999999998;0.0
1389.0;6.45;1.4;0.0
1390.5;5.475;1.86;0.0
1392.0;8.95;1.38;0.0
1393.5;6.475;1.8;0.0
1395.0;6.125;2.12;0.0
1396.5;6.4;1.06;0.0
1398.0;8.675;1.0;0.0
1399.5;8.925;1.6600000000000001;0.0
1401.0;7.375;1.06;0.0
1402.5;6.95;0.72;0.0
1404.0;5.325;2.46;0.0
1405.5;7.8;1.26;0.0
1407.0;5.275;1.1199999999999999;0.0
1408.5;8.2;0.7799999999999999;0.0
1410.0;5.775;1.92;0.0
1411.5;5.4;0.9199999999999999;0.0
1413.0;8.3;2.06;0.0
1414.5;6.625;2.3800000000000003;0.0
1416.0;4.45;1.6;0.0
1417.5;5.475;0.06;0.0
1419.0;5.225;2.9200000000000004;0.0
1420.5;6.2;0.45999999999999996;0.0
1422.0;4.45;0.86;0.0
1423.5;6.125;1.26;0.0
1425.0;8.125;1.92;0.0
1426.5;8.1;0.45999999999999996;0.0
1428.0;4.65;3.0;0.0
1429.5;5.875;1.1199999999999999;0.0
1431.0;6.45;1.8;0.0
1432.5;5.95;0.45999999999999996;0.0
1434.0;5.025;0.6599999999999999;0.0
1435.5;5.8;2.66;0.0
1437.0;5.975;1.06;0.0
1438.5;4.05;1.98;0.0
1440.0;5.375;1.3199999999999998;0.0
1441.5;7.45;1.06;0.0
1443.0;5.675;0.86;0.0
1444.5;6.9;1.3199999999999998;0.0
1446.0;7.25;0.9799999999999999;0.0
1447.5;7.175;1.1199999999999999;0.0
1449.0;8.625;0.9199999999999999;0.0
1450.5;7.575;2.7;0.0
1452.0;3.95;2.7800000000000002;0.0
1453.5;7.35;2.3200000000000003;0.0
1455.0;7.875;3.2600000000000002;0.0
1456.5;6.375;1.52;0.0
1458.0;5.8;1.3199999999999998;0.0
1459.5;6.95;1.52;0.0
1461.0;8.375;1.52;0.0
1462.5;8.3;1.1800000000000002;0.0
1464.0;8.025;1.2;0.0
1465.5;8.7;1.52;0.0
1467.0;8.4;2.98;0.0
1468.5;9.375;1.38;0.0
1470.0;4.8;1.0;0.0
1471.5;7.475;1.1199999999999999;0.0
1473.0;9.525;0.8;0.0
1474.5;8.975;1.46;0.0
1476.0;3.95;2.72;0.0
1477.5;6.975;1.7799999999999998;0.0
1479.0;9.575;0.8;0.0
1480.5;7.925;2.66;0.0
1482.0;5.225;1.06;0.0
1483.5;6.375;1.7799999999999998;0.0
1485.0;7.75;2.0;0.0
1486.5;6.05;0.86;0.0
1488.0;5.125;1.3199999999999998;0.0
1489.5;5.8;1.4;0.0
1491.0;6.125;1.4;0.0
1492.5;6.625;0.7799999999999999;0.0
1494.0;4.8;0.86;0.0
1495.5;7.275;2.0;0.0
1497.0;5.725;1.3199999999999998;0.0
1498.5;6.3;2.8600000000000003;0.0
1500.0;6.9;0.58;0.0
1501.5;8.15;1.46;0.0
1503.0;5.675;1.26;0.0
1504.5;7.2;2.52;0.0
1506.0;6.95;1.1199999999999999;0.0
1507.5;9.225;0.8;0.0
1509.0;6.425;1.52;0.0
1510.5;4.625;2.2600000000000002;0.0
1512.0;5.875;1.52;0.0
1513.5;4.95;1.26;0.0
1515.0;7.35;2.46;0.0
1516.5;8.175;0.86;0.0
1518.0;7.125;2.8600000000000003;0.0
1519.5;4.975;1.0;0.0
1521.0;7.975;2.06;0.0
1522.5;6.975;0.8;0.0
1524.0;6.525;0.4;0.0
1525.5;7.775;1.5;0.0
1527.0;6.85;1.6600000000000001;0.0
1528.5;4.4;1.72;0.0
1530.0;5.475;1.46;0.0
1531.5;7.075;1.26;0.0
1533.0;9.325;1.3199999999999998;0.0
1534.5;3.3;1.7799999999999998;0.0
1536.0;5.975;1.0;0.0
1537.5;6.375;1.86;0.0
1539.0;6.1;0.32;0.0
1540.5;4.975;1.06;0.0
1542.0;4.05;0.9599999999999997;0.0
1543.5;6.875;0.86;0.0
1545.0;7.45;2.0;0.0
1546.5;8.8;0.5199999999999999;0.0
1548.0;7.1;1.1199999999999999;0.0
1549.5;5.525;2.2;0.0
1551.0;7.2;1.86;0.0
1552.5;11.375;1.52;0.0
1554.0;7.6;0.58;0.0
1555.5;4.35;1.4;0.0
1557.0;4.7;1.1199999999999999;0.0
1558.5;7.45;1.6600000000000001;0.0
1560.0;7.55;0.26;0.0
1561.5;5.675;1.6;0.0
1563.0;8.275;1.46;0.0
1564.5;10.475;0.86;0.0
1566.0;8.025;3.06;0.0
1567.5;7.125;1.0399999999999998;0.0
1569.0;5.6;0.72;0.0
1570.5;5.775;1.0;0.0
1572.0;4.025;1.86;0.0
1573.5;3.85;1.46;0.0
1575.0;7.75;1.0;0.0
1576.5;7.125;1.26;0.0
1578.0;7.55;1.26;0.0
1579.5;7.125;2.12;0.0
1581.0;8.125;1.44;0.0
1582.5;5.125;0.86;0.0
1584.0;5.625;0.38;0.0
1585.5;10.0;1.9200000000000004;0.0
1587.0;8.4;1.8;0.0
1588.5;5.875;1.5599999999999998;0.0
1590.0;6.575;1.9799999999999998;0.0
1591.5;4.275;1.06;0.0
1593.0;6.575;1.6;0.0
1594.5;6.475;1.3199999999999998;0.0
1596.0;5.05;0.38;0.0
1597.5;7.275;0.9199999999999999;0.0
1599.0;5.075;1.4;0.0
1600.5;4.95;1.0;0.0
1602.0;9.1;0.9799999999999999;0.0
1603.5;8.9;0.9199999999999999;0.0
1605.0;8.875;1.06;0.0
1606.5;7.45;0.8;0.0
1608.0;7.625;2.6;0.0
1609.5;6.55;1.86;0.0
1611.0;7.3;0.9199999999999999;0.0
1612.5;7.85;1.26;0.0
1614.0;7.625;2.2600000000000002;0.0
1615.5;11.025;1.06;0.0
1617.0;7.05;1.72;0.0
1618.5;8.125;1.2;0.0
1620.0;6.3;0.9799999999999999;0.0
1621.5;6.475;1.86;0.0
1623.0;7.15;2.0;0.0
1624.5;7.625;0.9199999999999999;0.0
1626.0;6.025;2.12;0.0
1627.5;6.5;2.9200000000000004;0.0
1629.0;6.525;0.9199999999999999;0.0
1630.5;6.225;2.52;0.0
1632.0;5.2;2.12;0.0
1633.5;5.55;1.0;0.0
1635.0;5.475;1.3199999999999998;0.0
1636.5;5.15;2.12;0.0
1638.0;8.425;1.0;0.0
1639.5;7.3;0.6599999999999999;0.0
1641.0;7.175;0.7799999999999999;0.0
1642.5;5.225;2.72;0.0
1644.0;6.7;1.52;0.0
1645.5;6.45;1.8399999999999999;0.0
1647.0;9.9;1.6600000000000001;0.0
1648.5;6.525;1.5799999999999998;0.0
1650.0;5.375;1.46;0.0
1651.5;6.875;2.52;0.0
1653.0;2.6;1.3199999999999998;0.0
1654.5;5.025;2.5799999999999996;0.0
1656.0;10.125;3.06;0.0
1657.5;6.125;1.18;0.0
1659.0;6.55;0.9199999999999999;0.0
1660.5;5.55;1.6;0.0
1662.0;7.875;0.4;0.0
1663.5;7.475;1.64;0.0
1665.0;8.55;2.9800000000000004;0.0
1666.5;7.0;1.1199999999999999;0.0
1668.0;5.725;2.46;0.0
1669.5;8.125;2.6;0.0
1671.0;6.65;2.06;0.0
1672.5;7.55;2.8600000000000003;0.0
1674.0;6.1;1.0;0.0
1675.5;10.025;2.3200000000000003;0.0
1677.0;10.45;1.26;0.0
1678.5;9.375;1.8399999999999999;0.0
1680.0;7.475;1.8;0.0
1681.5;6.525;1.2;0.0
1683.0;5.55;1.9200000000000004;0.0
1684.5;5.625;2.9800000000000004;0.0
1686.0;7.3;1.06;0.0
1687.5;7.8;0.6599999999999999;0.0
1689.0;6.475;1.86;0.0
1690.5;6.025;2.0;0.0
1692.0;7.625;2.6399999999999997;0.0
1693.5;8.6;1.3199999999999998;0.0
1695.0;5.475;1.44;0.0
1696.5;6.625;0.5799999999999998;0.0
1698.0;7.975;0.52;0.0
1699.5;4.8;1.6;0.0
1701.0;6.8;1.06;0.0
1702.5;4.625;1.92;0.0
1704.0;6.45;2.46;0.0
1705.5;6.075;2.46;0.0
1707.0;6.775;1.46;0.0
1708.5;8.425;1.6600000000000001;0.0
1710.0;5.05;1.9800000000000004;0.0
1711.5;3.875;1.3199999999999998;0.0
1713.0;6.85;1.0999999999999999;0.0
1714.5;5.3;2.2;0.0
1716.0;4.8;2.46;0.0
1717.5;5.175;1.46;0.0
1719.0;6.3;2.2600000000000002;0.0
1720.5;5.975;1.0;0.0
1722.0;6.875;2.2600000000000002;0.0
1723.5;8.65;1.86;0.0
1725.0;11.625;1.86;0.0
1726.5;8.4;1.8;0.0
1728.0;8.275;0.86;0.0
1729.5;6.175;1.86;0.0
1731.0;6.475;1.6600000000000001;0.0
1732.5;4.625;0.7799999999999999;0.0
1734.0;5.475;0.38;0.0
1735.5;8.625;2.46;0.0
1737.0;6.45;2.12;0.0
1738.5;2.65;0.9799999999999999;0.0
1740.0;5.4;0.45999999999999996;0.0
1741.5;11.375;0.6599999999999999;0.0
1743.0;7.525;1.0;0.0
1744.5;7.1;1.3800000000000001;0.0
1746.0;4.525;2.8600000000000003;0.0
1747.5;5.2;1.52;0.0
1749.0;6.125;0.9199999999999999;0.0
1750.5;4.625;1.46;0.0
1752.0;9.025;1.0;0.0
1753.5;6.9;1.06;0.0
1755.0;10.225;1.0399999999999998;0.0
1756.5;7.125;1.06;0.0
1758.0;4.975;2.52;0.0
1759.5;5.525;1.26;0.0
1761.0;7.225;1.86;0.0
1762.5;7.6;1.64;0.0
1764.0;6.425;2.2600000000000002;0.0
1765.5;5.95;0.9199999999999999;0.0
1767.0;6.975;1.3199999999999998;0.0
1768.5;7.8;1.6600000000000001;0.0
1770.0;7.45;1.72;0.0
1771.5;7.125;1.6600000000000001;0.0
1773.0;8.1;1.26;0.0
1774.5;5.85;2.46;0.0
1776.0;5.65;2.9200000000000004;0.0
1777.5;5.7;1.26;0.0
1779.0;8.2;1.86;0.0
1780.5;6.525;1.2;0.0
1782.0;6.15;0.45999999999999996;0.0
1783.5;7.7;2.2600000000000002;0.0
1785.0;4.95;0.86;0.0
1786.5;4.475;1.44;0.0
1788.0;8.275;0.8;0.0
1789.5;8.3;0.9199999999999999;0.0
1791.0;6.35;0.26;0.0
1792.5;6.975;0.6599999999999999;0.0
1794.0;6.975;1.4;0.0
1795.5;7.1;2.72;0.0
1797.0;7.55;1.6;0.0
1798.5;5.275;2.2;0.0
1800.0;4.9;0.72;0.0
1801.5;8.275;1.6600000000000001;0.0
1803.0;5.325;2.0;0.0
1804.5;5.875;0.72;0.0
1806.0;5.925;1.3199999999999998;0.0
1807.5;4.375;2.5799999999999996;0.0
1809.0;5.8;1.06;0.0
1810.5;8.225;0.86;0.0
1812.0;7.275;1.3199999999999998;0.0
1813.5;8.525;1.26;0.0
1815.0;9.2;1.1199999999999999;0.0
1816.5;8.8;2.4400000000000004;0.0
1818.0;7.65;1.9799999999999998;0.0
1819.5;7.3;1.9200000000000004;0.0
1821.0;10.6;0.26;0.0
1822.5;8.675;2.2600000000000002;0.0
1824.0;12.475;1.6;0.0
1825.5;8.5;1.7799999999999998;0.0
1827.0;8.1;1.46;0.0
1828.5;5.125;1.9200000000000004;0.0
1830.0;5.675;2.8;0.0
1831.5;5.975;1.46;0.0
1833.0;3.7;1.0;0.0
1834.5;7.125;1.3199999999999998;0.0
1836.0;9.275;1.26;0.0
1837.5;9.05;0.45999999999999996;0.0
1839.0;6.45;1.0;0.0
1840.5;7.225;3.04;0.0
1842.0;9.475;1.1199999999999999;0.0
1843.5;7.025;3.72;0.0
1845.0;6.7;1.1800000000000002;0.0
1846.5;7.1;1.64;0.0
1848.0;3.875;1.9200000000000004;0.0
1849.5;5.975;2.0;0.0
1851.0;7.05;2.1;0.0
1852.5;6.725;3.12;0.0
1854.0;8.05;1.98;0.0
1855.5;5.9;0.8;0.0
1857.0;5.65;1.26;0.0
1858.5;6.175;1.6;0.0
1860.0;6.375;1.06;0.0
1861.5;7.975;2.9800000000000004;0.0
1863.0;3.55;2.38;0.0
1864.5;6.55;1.3199999999999998;0.0
1866.0;5.975;1.98;0.0
1867.5;5.125;1.3199999999999998;0.0
1869.0;7.3;1.8;0.0
1870.5;6.7;2.06;0.0
1872.0;7.125;1.6;0.0
1873.5;6.55;1.06;0.0
1875.0;7.8;1.64;0.0
1876.5;5.55;0.18;0.0
1878.0;6.8;1.2;0.0
1879.5;5.225;1.46;0.0
1881.0;5.05;2.0;0.0
1882.5;5.3;1.3199999999999998;0.0
1884.0;6.725;1.1800000000000002;0.0
1885.5;7.85;1.86;0.0
1887.0;7.275;1.86;0.0
1888.5;9.175;1.0;0.0
1890.0;7.2;1.46;0.0
1891.5;7.05;1.3199999999999998;0.0
1893.0;6.8;0.45999999999999996;0.0
1894.5;5.275;1.52;0.0
1896.0;4.75;1.46;0.0
1897.5;3.925;1.6600000000000001;0.0
1899.0;4.95;1.4;0.0
1900.5;6.925;2.06;0.0
1902.0;6.625;0.72;0.0
1903.5;7.2;1.06;0.0
1905.0;6.625;1.1199999999999999;0.0
1906.5;9.55;1.18;0.0
1908.0;5.8;0.8;0.0
1909.5;6.975;1.4;0.0
1911.0;7.55;1.46;0.0
1912.5;5.15;1.7200000000000002;0.0
1914.0;4.2;2.72;0.0
1915.5;7.875;1.3199999999999998;0.0
1917.0;7.5;1.5799999999999998;0.0
1918.5;6.1;0.9799999999999999;0.0
1920.0;9.35;2.06;0.0
1921.5;4.55;0.72;0.0
1923.0;7.35;2.46;0.0
1924.5;8.025;1.2;0.0
1926.0;6.6;1.6600000000000001;0.0
1927.5;7.125;2.7199999999999998;0.0
1929.0;7.35;2.0;0.0
1930.5;10.325;1.38;0.0
1932.0;7.8;2.3200000000000003;0.0
1933.5;10.175;2.06;0.0
1935.0;6.525;2.46;0.0
1936.5;6.175;1.26;0.0
1938.0;4.7;0.86;0.0
1939.5;7.05;0.5199999999999999;0.0
1941.0;5.725;2.4;0.0
1942.5;7.4;1.92;0.0
1944.0;6.375;1.18;0.0
1945.5;6.375;1.8399999999999999;0.0
1947.0;7.425;1.06;0.0
1948.5;5.675;2.6400000000000006;0.0
1950.0;5.65;1.6600000000000001;0.0
1951.5;7.975;1.0999999999999999;0.0
1953.0;5.7;1.06;0.0
1954.5;5.9;0.9199999999999999;0.0
1956.0;5.325;0.45999999999999996;0.0
1957.5;8.525;0.9199999999999999;0.0
1959.0;8.1;1.6600000000000001;0.0
1960.5;4.825;2.3800000000000003;0.0
1962.0;5.45;1.4;0.0
1963.5;6.45;0.6;0.0
1965.0;7.775;1.3199999999999998;0.0
1966.5;6.7;1.1199999999999999;0.0
1968.0;3.8;1.78;0.0
1969.5;5.85;1.1800000000000002;0.0
1971.0;5.45;2.3800000000000003;0.0
1972.5;7.3;0.9199999999999999;0.0
1974.0;7.6;1.26;0.0
1975.5;8.475;1.4999999999999998;0.0
1977.0;9.025;3.12;0.0
1978.5;10.8;1.92;0.0
1980.0;6.825;1.46;0.0
1981.5;6.125;1.6600000000000001;0.0
1983.0;7.975;1.4;0.0
1984.5;8.2;1.0;0.0
1986.0;9.95;1.3199999999999998;0.0
1987.5;4.0;1.86;0.0
1989.0;4.675;1.86;0.0
1990.5;6.975;1.52;0.0
1992.0;6.875;1.4;0.0
1993.5;4.8;3.8;0.0
1995.0;5.8;1.06;0.0
1996.5;8.35;1.3;0.0
1998.0;6.7;2.3200000000000003;0.0
1999.5;5.65;1.9800000000000004;0.0
2001.0;4.775;1.46;0.0
2002.5;7.275;1.1199999999999999;0.0
2004.0;9.25;1.52;0.0
2005.5;7.325;1.6;0.0
2007.0;5.625;1.64;0.0
2008.5;10.85;1.7200000000000002;0.0
2010.0;7.65;0.9799999999999999;0.0
2011.5;7.525;1.6600000000000001;0.0
2013.0;3.55;0.8;0.0
2014.5;7.8;1.38;0.0
2016.0;5.725;1.06;0.0
2017.5;7.35;2.12;0.0
2019.0;7.725;1.1199999999999999;0.0
2020.5;6.1;0.9199999999999999;0.0
2022.0;6.025;1.46;0.0
2023.5;7.8;1.06;0.0
2025.0;10.125;0.9;0.0
2026.5;7.95;3.7;0.0
2028.0;6.575;2.06;0.0
2029.5;6.6;1.7799999999999998;0.0
2031.0;6.075;1.2399999999999998;0.0
2032.5;5.95;1.72;0.0
2034.0;8.55;1.46;0.0
2035.5;10.375;0.6599999999999999;0.0
2037.0;6.125;1.0399999999999998;0.0
2038.5;8.8;1.86;0.0
2040.0;6.95;1.4;0.0
2041.5;6.05;0.5799999999999998;0.0
2043.0;8.7;1.2399999999999998;0.0
2044.5;7.125;1.4;0.0
2046.0;5.475;2.2600000000000002;0.0
2047.5;6.975;1.86;0.0
2049.0;5.775;0.86;0.0
2050.5;5.275;0.9799999999999999;0.0
2052.0;6.65;1.06;0.0
2053.5;6.05;0.5199999999999999;0.0
2055.0;9.375;0.4;0.0
2056.5;7.95;0.6;0.0
2058.0;6.3;0.8;0.0
2059.5;5.6;1.18;0.0
2061.0;6.275;1.6600000000000001;0.0
2062.5;8.5;0.4;0.0
2064.0;5.3;1.4;0.0
2065.5;6.775;0.6599999999999999;0.0
2067.0;5.375;1.8;0.0
2068.5;9.0;0.9199999999999999;0.0
2070.0;7.7;0.7799999999999999;0.0
2071.5;4.825;1.6600000000000001;0.0
2073.0;6.45;2.12;0.0
2074.5;9.05;1.72;0.0
2076.0;6.8;1.2;0.0
2077.5;9.3;1.5;0.0
2079.0;7.975;2.66;0.0
2080.5;6.625;2.12;0.0
2082.0;6.95;1.6;0.0
2083.5;6.45;0.2;0.0
2085.0;7.7;1.1199999999999999;0.0
2086.5;6.875;1.3199999999999998;0.0
2088.0;7.0;1.06;0.0
2089.5;4.95;0.6599999999999999;0.0
2091.0;6.05;1.18;0.0
2092.5;8.7;1.06;0.0
2094.0;5.4;0.6599999999999999;0.0
2095.5;7.3;1.26;0.0
2097.0;9.675;2.0;0.0
2098.5;8.525;2.1799999999999997;0.0
2100.0;8.875;2.2600000000000002;0.0
2101.5;7.45;0.72;0.0
2103.0;8.525;1.86;0.0
2104.5;8.525;0.7799999999999999;0.0
2106.0;7.125;0.64;0.0
2107.5;4.925;1.6600000000000001;0.0
2109.0;6.05;1.52;0.0
2110.5;4.45;1.6;0.0
2112.0;4.625;1.6600000000000001;0.0
2113.5;4.6;2.2;0.0
2115.0;8.025;0.86;0.0
2116.5;9.0;1.9;0.0
2118.0;6.3;1.38;0.0
2119.5;6.85;1.06;0.0
2121.0;10.3;0.0;0.0
2122.5;7.025;1.86;0.0
2124.0;6.625;1.7799999999999998;0.0
2125.5;7.35;1.18;0.0
2127.0;7.525;1.6600000000000001;0.0
2128.5;8.775;1.6600000000000001;0.0
2130.0;7.475;1.86;0.0
2131.5;8.025;1.64;0.0
2133.0;4.95;1.6600000000000001;0.0
2134.5;6.725;1.7800000000000005;0.0
2136.0;9.0;2.06;0.0
2137.5;6.15;0.86;0.0
2139.0;7.975;3.06;0.0
2140.5;6.2;1.9200000000000004;0.0
2142.0;7.15;1.0;0.0
2143.5;9.475;1.86;0.0
2145.0;6.525;2.3200000000000003;0.0
2146.5;7.1;1.64;0.0
2148.0;6.125;1.52;0.0
2149.5;6.2;2.32;0.0
2151.0;6.25;1.2;0.0
2152.5;6.275;1.46;0.0
2154.0;3.725;1.3199999999999998;0.0
2155.5;4.625;1.6600000000000001;0.0
2157.0;6.375;1.6;0.0
2158.5;6.125;2.2;0.0
2160.0;11.05;0.9199999999999999;0.0
2161.5;7.475;1.26;0.0
2163.0;7.875;1.0;0.0
2164.5;6.575;1.6600000000000001;0.0
2166.0;5.8;2.12;0.0
2167.5;5.275;1.52;0.0
2169.0;7.3;2.3200000000000003;0.0
2170.5;6.7;2.6;0.0
2172.0;7.725;1.6600000000000001;0.0
2173.5;7.7;2.0;0.0
2175.0;9.675;0.86;0.0
2176.5;6.475;2.06;0.0
2178.0;3.775;1.3199999999999998;0.0
2179.5;6.125;1.46;0.0
2181.0;7.7;1.46;0.0
2182.5;5.9;2.06;0.0
2184.0;6.85;0.38;0.0
2185.5;6.875;1.1199999999999999;0.0
2187.0;4.7;2.12;0.0
2188.5;4.525;1.38;0.0
2190.0;6.2;1.86;0.0
2191.5;5.95;0.78;0.0
2193.0;3.725;1.38;0.0
2194.5;5.475;3.06;0.0
2196.0;6.7;1.86;0.0
2197.5;5.7;1.1199999999999999;0.0
2199.0;5.3;1.06;0.0
2200.5;5.35;1.1199999999999999;0.0
2202.0;5.1;1.6;0.0
2203.5;6.075;0.86;0.0
2205.0;8.3;2.32;0.0
2206.5;7.45;1.6;0.0
2208.0;6.65;1.86;0.0
2209.5;9.15;1.52;0.0
2211.0;7.65;1.6;0.0
2212.5;5.225;0.78;0.0
2214.0;6.3;0.6599999999999999;0.0
2215.5;9.7;1.3199999999999998;0.0
2217.0;4.85;0.86;0.0
2218.5;6.225;3.5200000000000005;0.0
2220.0;6.875;1.3199999999999998;0.0
2221.5;7.425;2.38;0.0
2223.0;7.9;1.0;0.0
2224.5;6.3;2.46;0.0
2226.0;8.05;3.3800000000000003;0.0
2227.5;8.675;0.6599999999999999;0.0
2229.0;7.275;1.6600000000000001;0.0
2230.5;6.1;2.46;0.0
2232.0;4.675;2.0;0.0
2233.5;5.95;1.44;0.0
2235.0;8.175;2.64;0.0
2236.5;3.05;1.06;0.0
2238.0;7.825;2.32;0.0
2239.5;4.8;2.3200000000000003;0.0
2241.0;5.05;2.5800000000000005;0.0
2242.5;7.575;1.6600000000000001;0.0
2244.0;7.125;1.06;0.0
2245.5;4.725;1.26;0.0
2247.0;4.725;1.3199999999999998;0.0
2248.5;5.875;1.06;0.0
2250.0;6.55;2.1800000000000006;0.0
2251.5;7.55;0.6599999999999999;0.0
2253.0;6.55;1.0;0.0
2254.5;6.8;1.9200000000000004;0.0
2256.0;6.35;2.7600000000000002;0.0
2257.5;9.525;1.86;0.0
2259.0;12.375;1.8;0.0
2260.5;5.875;1.5799999999999998;0.0
2262.0;8.55;1.2;0.0
2263.5;5.475;2.2;0.0
2265.0;5.875;1.0;0.0
2266.5;5.575;0.6;0.0
2268.0;8.35;1.78;0.0
2269.5;8.1;3.2;0.0
2271.0;5.45;1.46;0.0
2272.5;6.1;0.9799999999999999;0.0
2274.0;10.5;1.52;0.0
2275.5;6.2;1.6;0.0
2277.0;4.8;1.0399999999999998;0.0
2278.5;4.45;2.0;0.0
2280.0;4.8;1.9800000000000004;0.0
2281.5;5.4;0.9199999999999999;0.0
2283.0;7.05;1.72;0.0
2284.5;7.925;0.72;0.0
2286.0;3.875;2.92;0.0
2287.5;6.775;0.2;0.0
2289.0;6.55;0.9799999999999999;0.0
2290.5;4.375;2.12;0.0
2292.0;7.625;0.6599999999999999;0.0
2293.5;8.275;1.26;0.0
2295.0;8.25;0.6599999999999999;0.0
2296.5;6.325;1.7599999999999998;0.0
2298.0;6.975;1.8;0.0
2299.5;6.875;3.1800000000000006;0.0
2301.0;8.45;0.86;0.0
2302.5;7.275;2.7199999999999998;0.0
2304.0;8.05;1.6;0.0
2305.5;6.95;0.6599999999999999;0.0
2307.0;5.75;1.38;0.0
2308.5;7.625;1.2;0.0
2310.0;12.7;2.0;0.0
2311.5;6.375;0.32;0.0
2313.0;7.05;1.8;0.0
2314.5;5.15;2.2;0.0
2316.0;6.125;1.46;0.0
2317.5;8.8;0.86;0.0
2319.0;8.675;1.1199999999999999;0.0
2320.5;6.025;1.38;0.0
2322.0;7.2;2.12;0.0
2323.5;5.9;1.46;0.0
2325.0;8.375;0.45999999999999996;0.0
2326.5;7.025;1.38;0.0
2328.0;5.75;1.8;0.0
2329.5;7.425;2.46;0.0
2331.0;10.05;0.6;0.0
2332.5;6.125;1.38;0.0
2334.0;6.725;2.9800000000000004;0.0
2335.5;7.375;1.06;0.0
2337.0;8.725;1.7800000000000005;0.0
2338.5;6.225;1.46;0.0
2340.0;6.525;0.5799999999999998;0.0
2341.5;6.2;1.1199999999999999;0.0
2343.0;6.275;1.3199999999999998;0.0
2344.5;7.375;1.26;0.0
2346.0;5.05;1.26;0.0
2347.5;9.1;1.7799999999999998;0.0
2349.0;4.3;0.72;0.0
2350.5;7.225;2.2;0.0
2352.0;5.675;1.46;0.0
2353.5;7.375;2.3000000000000007;0.0
2355.0;6.625;2.12;0.0
2356.5;6.8;2.2;0.0
2358.0;5.85;0.8;0.0
2359.5;7.525;0.6599999999999999;0.0
2361.0;9.8;0.86;0.0
2362.5;9.7;0.06;0.0
2364.0;6.3;0.32;0.0
2365.5;10.625;0.9199999999999999;0.0
2367.0;7.3;1.2;0.0
2368.5;6.3;0.6599999999999999;0.0
2370.0;9.125;1.78;0.0
2371.5;9.55;1.06;0.0
2373.0;8.875;2.3200000000000003;0.0
2374.5;6.95;1.44;0.0
2376.0;7.35;1.6;0.0
2377.5;6.325;1.86;0.0
2379.0;11.45;2.0;0.0
2380.5;5.375;3.3;0.0
2382.0;8.45;1.9799999999999998;0.0
2383.5;6.45;2.0;0.0
2385.0;3.95;0.8;0.0
2386.5;2.8;0.86;0.0
2388.0;8.8;1.72;0.0
2389.5;9.05;1.86;0.0
2391.0;7.05;2.46;0.0
2392.5;11.475;4.180000000000001;0.0
2394.0;7.95;0.6599999999999999;0.0
2395.5;5.125;0.5199999999999999;0.0
2397.0;5.8;1.46;0.0
2398.5;7.95;3.06;0.0
2400.0;6.45;2.06;0.0
2401.5;6.7;1.8;0.0
2403.0;8.7;1.1199999999999999;0.0
2404.5;7.575;1.06;0.0
2406.0;5.45;1.6;0.0
2407.5;6.625;0.4;0.0
2409.0;8.8;1.58;0.0
2410.5;7.9;1.8;0.0
2412.0;3.85;1.06;0.0
2413.5;5.925;0.9199999999999999;0.0
2415.0;6.925;1.5799999999999998;0.0
2416.5;8.45;0.38;0.0
2418.0;5.05;1.26;0.0
2419.5;4.7;0.6599999999999999;0.0
2421.0;8.375;1.92;0.0
2422.5;7.025;0.86;0.0
2424.0;9.55;0.7799999999999999;0.0
2425.5;7.15;1.52;0.0
2427.0;7.975;1.72;0.0
2428.5;4.525;2.12;0.0
2430.0;5.45;1.0;0.0
2431.5;8.225;2.8400000000000003;0.0
2433.0;7.3;0.8;0.0
2434.5;8.775;1.3199999999999998;0.0
2436.0;5.875;2.46;0.0
2437.5;6.975;0.8;0.0
2439.0;7.475;1.7799999999999998;0.0
2440.5;9.55;2.06;0.0
2442.0;7.625;1.2;0.0
2443.5;5.65;1.8;0.0
2445.0;8.625;0.9799999999999999;0.0
2446.5;9.95;0.86;0.0
2448.0;8.125;1.7200000000000002;0.0
2449.5;5.95;1.7200000000000002;0.0
2451.0;7.7;1.6;0.0
2452.5;6.375;0.6599999999999999;0.0
2454.0;6.55;1.3800000000000001;0.0
2455.5;6.2;1.6600000000000001;0.0
2457.0;7.625;1.1199999999999999;0.0
2458.5;7.3;1.0;0.0
2460.0;7.05;1.26;0.0
2461.5;6.2;2.66;0.0
2463.0;6.4;1.3199999999999998;0.0
2464.5;7.3;1.52;0.0
2466.0;5.3;1.8;0.0
2467.5;6.275;2.2;0.0
2469.0;7.975;1.72;0.0
2470.5;7.375;1.26;0.0
2472.0;6.85;1.6600000000000001;0.0
2473.5;7.775;1.26;0.0
2475.0;4.225;1.86;0.0
2476.5;7.45;1.26;0.0
2478.0;5.45;0.86;0.0
2479.5;7.45;1.46;0.0
2481.0;8.375;1.26;0.0
2482.5;8.125;2.32;0.0
2484.0;7.575;1.86;0.0
2485.5;7.7;2.04;0.0
2487.0;8.825;1.1199999999999999;0.0
2488.5;8.225;1.9799999999999998;0.0
2490.0;6.625;1.72;0.0
2491.5;8.875;1.1199999999999999;0.0
2493.0;8.375;1.86;0.0
2494.5;6.525;0.45999999999999996;0.0
2496.0;7.9;1.7799999999999998;0.0
2497.5;7.9;2.2400000000000007;0.0
2499.0;6.875;0.6599999999999999;0.0
2500.5;6.125;0.9199999999999999;0.0
2502.0;5.125;0.72;0.0
2503.5;10.8;0.5199999999999999;0.0
2505.0;6.55;1.8400000000000005;0.0
2506.5;6.55;1.5799999999999998;0.0
2508.0;6.375;1.6600000000000001;0.0
2509.5;9.275;1.1199999999999999;0.0
2511.0;8.525;0.45999999999999996;0.0
2512.5;6.95;1.9799999999999998;0.0
2514.0;6.525;1.4;0.0
2515.5;4.95;0.9799999999999999;0.0
2517.0;7.225;2.0;0.0
2518.5;4.975;1.26;0.0
2520.0;5.45;1.4;0.0
2521.5;6.975;2.4;0.0
2523.0;6.1;2.5200000000000005;0.0
2524.5;6.1;2.06;0.0
2526.0;6.95;0.32;0.0
2527.5;6.625;0.86;0.0
2529.0;8.975;1.5799999999999998;0.0
2530.5;7.7;2.0;0.0
2532.0;6.85;1.18;0.0
2533.5;3.65;0.4;0.0
2535.0;5.475;1.38;0.0
2536.5;6.625;1.86;0.0
2538.0;9.05;2.2;0.0
2539.5;7.675;0.9199999999999999;0.0
2541.0;8.525;1.0;0.0
2542.5;6.525;1.3199999999999998;0.0
2544.0;5.275;2.2600000000000002;0.0
2545.5;8.425;3.0;0.0
2547.0;7.05;1.72;0.0
2548.5;8.125;1.38;0.0
2550.0;7.6;1.06;0.0
2551.5;9.1;2.9200000000000004;0.0
2553.0;5.475;2.3600000000000008;0.0
2554.5;4.525;1.7;0.0
2556.0;6.8;1.0;0.0
2557.5;7.9;0.4;0.0
2559.0;6.775;0.86;0.0
2560.5;10.95;1.7;0.0
2562.0;11.5;2.78;0.0
2563.5;7.375;1.46;0.0
2565.0;9.925;1.72;0.0
2566.5;7.3;1.7800000000000005;0.0
2568.0;6.2;0.9199999999999999;0.0
2569.5;6.1;0.06;0.0
2571.0;6.8;2.32;0.0
2572.5;5.975;1.18;0.0
2574.0;7.1;2.32;0.0
2575.5;6.55;1.0399999999999998;0.0
2577.0;8.2;1.2;0.0
2578.5;9.725;1.4;0.0
2580.0;6.575;0.45999999999999996;0.0
2581.5;6.075;2.3200000000000003;0.0
2583.0;5.55;1.3199999999999998;0.0
2584.5;4.65;0.7799999999999999;0.0
2586.0;4.9;1.9200000000000004;0.0
2587.5;4.35;1.52;0.0
2589.0;4.725;0.86;0.0
2590.5;4.65;0.5199999999999999;0.0
2592.0;5.45;1.0;0.0
2593.5;8.125;1.5799999999999998;0.0
2595.0;5.95;2.8;0.0
2596.5;8.625;1.86;0.0
2598.0;8.525;0.26;0.0
2599.5;8.125;2.06;0.0
2601.0;5.125;0.8;0.0
2602.5;4.6;1.18;0.0
2604.0;5.05;1.26;0.0
2605.5;4.7;0.7799999999999999;0.0
2607.0;6.075;2.4;0.0
2608.5;5.225;1.26;0.0
2610.0;7.275;1.06;0.0
2611.5;7.05;1.26;0.0
2613.0;5.7;2.8400000000000007;0.0
2614.5;8.275;2.3800000000000003;0.0
2616.0;8.25;0.32;0.0
2617.5;8.7;0.9799999999999999;0.0
2619.0;3.725;1.8;0.0
2620.5;4.625;2.2600000000000002;0.0
2622.0;3.55;1.72;0.0
2623.5;5.025;0.78;0.0
2625.0;4.45;2.2;0.0
2626.5;5.275;0.44000000000000006;0.0
2628.0;8.95;2.0;0.0
2629.5;4.45;1.38;0.0
2631.0;4.25;1.92;0.0
2632.5;6.475;1.6600000000000001;0.0
2634.0;7.2;1.5799999999999998;0.0
2635.5;7.85;1.64;0.0
2637.0;10.275;0.9199999999999999;0.0
2638.5;5.875;2.1799999999999997;0.0
2640.0;6.375;1.92;0.0
2641.5;9.45;0.2;0.0
2643.0;8.55;1.86;0.0
2644.5;7.2;1.26;0.0
2646.0;4.875;2.46;0.0
2647.5;8.95;1.6600000000000001;0.0
2649.0;8.6;1.64;0.0
2650.5;5.45;1.06;0.0
2652.0;4.95;0.8;0.0
2653.5;6.475;1.1199999999999999;0.0
2655.0;6.3;0.6599999999999999;0.0
2656.5;3.45;1.1199999999999999;0.0
2658.0;6.05;1.6600000000000001;0.0
2659.5;8.65;2.72;0.0
2661.0;7.3;0.6;0.0
2662.5;6.725;2.12;0.0
2664.0;6.05;1.38;0.0
2665.5;6.625;1.1199999999999999;0.0
2667.0;4.4;0.45999999999999996;0.0
2668.5;4.525;2.04;0.0
2670.0;8.2;1.8;0.0
2671.5;5.95;1.3199999999999998;0.0
2673.0;6.225;2.7199999999999998;0.0
2674.5;6.475;1.18;0.0
2676.0;9.525;2.8600000000000003;0.0
2677.5;5.725;0.7799999999999999;0.0
2679.0;6.45;1.06;0.0
2680.5;4.55;2.32;0.0
2682.0;6.875;2.8;0.0
2683.5;8.425;4.0600000000000005;0.0
2685.0;4.875;1.86;0.0
2686.5;6.125;1.46;0.0
2688.0;9.525;1.4;0.0
2689.5;7.125;1.9800000000000004;0.0
2691.0;8.15;0.5799999999999998;0.0
2692.5;11.25;0.06;0.0
2694.0;7.525;0.5199999999999999;0.0
2695.5;6.725;1.46;0.0
2697.0;6.65;1.3800000000000001;0.0
2698.5;5.7;1.1199999999999999;0.0
2700.0;4.725;1.5799999999999998;0.0
2701.5;6.85;1.3199999999999998;0.0
2703.0;9.225;2.0;0.0
2704.5;9.475;0.26;0.0
2706.0;8.525;1.26;0.0
2707.5;8.625;0.9799999999999999;0.0
2709.0;8.8;1.6600000000000001;0.0
2710.5;9.6;1.2;0.0
2712.0;8.975;2.66;0.0
2713.5;6.375;1.5799999999999998;0.0
2715.0;6.525;2.0;0.0
2716.5;5.425;1.06;0.0
2718.0;4.2;2.06;0.0
2719.5;7.725;1.52;0.0
2721.0;8.425;0.4;0.0
2722.5;6.975;1.86;0.0
2724.0;9.15;2.12;0.0
2725.5;6.8;2.2399999999999998;0.0
2727.0;7.575;0.5800000000000001;0.0
2728.5;7.1;2.2600000000000002;0.0
2730.0;4.075;1.3199999999999998;0.0
2731.5;7.05;1.52;0.0
2733.0;10.525;0.78;0.0
2734.5;6.4;0.8;0.0
2736.0;5.95;1.52;0.0
2737.5;7.1;1.04;0.0
2739.0;8.875;1.8;0.0
2740.5;8.8;0.6599999999999999;0.0
2742.0;7.125;1.3800000000000001;0.0
2743.5;6.05;1.06;0.0
2745.0;8.225;1.06;0.0
2746.5;6.725;2.8;0.0
2748.0;8.125;0.5199999999999999;0.0
2749.5;5.15;1.6;0.0
2751.0;5.025;0.86;0.0
2752.5;8.05;0.78;0.0
2754.0;6.05;1.9200000000000004;0.0
2755.5;5.125;0.06;0.0
2757.0;5.05;1.52;0.0
2758.5;8.2;0.86;0.0
2760.0;10.7;1.38;0.0
2761.5;6.8;1.72;0.0
2763.0;7.25;0.86;0.0
2764.5;7.475;1.46;0.0
2766.0;6.1;1.46;0.0
2767.5;7.325;0.9199999999999999;0.0
2769.0;9.2;2.32;0.0
2770.5;7.325;0.6;0.0
2772.0;5.975;2.06;0.0
2773.5;4.975;1.3199999999999998;0.0
2775.0;11.025;0.78;0.0
2776.5;6.65;2.4;0.0
2778.0;7.05;1.26;0.0
2779.5;6.9;1.6600000000000001;0.0
2781.0;4.45;0.86;0.0
2782.5;2.975;1.52;0.0
2784.0;5.125;1.38;0.0
2785.5;4.8;1.46;0.0
2787.0;7.675;2.2;0.0
2788.5;7.85;1.26;0.0
2790.0;6.375;2.3200000000000003;0.0
2791.5;8.875;1.3199999999999998;0.0
2793.0;6.725;0.45999999999999996;0.0
2794.5;7.55;1.7200000000000002;0.0
2796.0;7.3;2.5799999999999996;0.0
2797.5;5.725;0.6;0.0
2799.0;7.025;0.6599999999999999;0.0
2800.5;4.1;1.0;0.0
2802.0;7.725;0.9199999999999999;0.0
2803.5;5.1;0.86;0.0
2805.0;3.625;0.6;0.0
2806.5;6.075;1.2999999999999998;0.0
2808.0;6.025;1.52;0.0
2809.5;6.15;2.2;0.0
2811.0;7.7;2.3200000000000003;0.0
2812.5;8.1;2.7199999999999998;0.0
2814.0;6.225;0.86;0.0
2815.5;6.725;1.06;0.0
2817.0;7.8;0.8;0.0
2818.5;5.45;1.26;0.0
2820.0;4.45;1.06;0.0
2821.5;5.225;1.3199999999999998;0.0
2823.0;5.45;0.6599999999999999;0.0
2824.5;7.875;0.38;0.0
2826.0;7.55;2.06;0.0
2827.5;6.625;1.46;0.0
2829.0;6.625;1.5799999999999998;0.0
2830.5;6.375;1.86;0.0
2832.0;7.15;1.7799999999999998;0.0
2833.5;5.8;2.4;0.0
2835.0;7.525;0.6;0.0
2836.5;7.475;1.4;0.0
2838.0;3.125;1.6;0.0
2839.5;7.35;2.46;0.0
2841.0;5.275;1.2399999999999998;0.0
2842.5;8.25;1.2399999999999998;0.0
2844.0;9.875;1.46;0.0
2845.5;8.4;0.86;0.0
2847.0;10.7;0.6;0.0
2848.5;7.45;1.7799999999999998;0.0
2850.0;6.45;2.0;0.0
2851.5;5.8;1.6600000000000001;0.0
2853.0;8.125;0.86;0.0
2854.5;8.7;0.2;0.0
2856.0;7.85;1.86;0.0
2857.5;7.95;2.4800000000000004;0.0
2859.0;7.3;1.3199999999999998;0.0
2860.5;6.525;1.3199999999999998;0.0
2862.0;5.375;1.26;0.0
2863.5;7.5;0.8;0.0
2865.0;8.725;0.6599999999999999;0.0
2866.5;7.725;1.86;0.0
2868.0;10.45;1.06;0.0
2869.5;10.775;2.4;0.0
2871.0;8.375;1.78;0.0
2872.5;5.45;1.52;0.0
2874.0;6.725;2.8600000000000003;0.0
2875.5;8.025;2.06;0.0
2877.0;7.225;1.6;0.0
2878.5;7.95;1.86;0.0
2880.0;7.4;2.4;0.0
2881.5;6.55;1.6600000000000001;0.0
2883.0;8.35;2.06;0.0
2884.5;5.475;1.06;0.0
2886.0;6.05;0.8;0.0
2887.5;3.975;1.92;0.0
2889.0;7.125;1.9799999999999998;0.0
2890.5;5.625;1.9799999999999998;0.0
2892.0;3.55;1.92;0.0
2893.5;5.875;2.46;0.0
2895.0;5.75;1.4;0.0
2896.5;6.125;0.6599999999999999;0.0
2898.0;6.375;1.26;0.0
2899.5;8.175;1.6;0.0
2901.0;7.775;1.2399999999999998;0.0
2902.5;3.45;0.4;0.0
2904.0;5.625;4.0;0.0
2905.5;10.625;1.86;0.0
2907.0;8.45;1.7200000000000002;0.0
2908.5;6.55;2.06;0.0
2910.0;5.05;0.9199999999999999;0.0
2911.5;6.4;1.2;0.0
2913.0;6.725;1.26;0.0
2914.5;7.525;1.6;0.0
2916.0;6.375;1.86;0.0
2917.5;6.45;0.7799999999999999;0.0
2919.0;4.55;1.86;0.0
2920.5;6.9;0.9199999999999999;0.0
2922.0;7.325;1.6600000000000001;0.0
2923.5;9.7;1.1199999999999999;0.0
2925.0;6.525;2.2600000000000002;0.0
2926.5;6.8;3.5200000000000005;0.0
2928.0;8.85;0.86;0.0
2929.5;9.85;1.26;0.0
2931.0;8.775;1.4;0.0
2932.5;7.875;1.2;0.0
2934.0;8.975;1.46;0.0
2935.5;5.45;1.3199999999999998;0.0
2937.0;4.875;1.46;0.0
2938.5;5.8;2.2600000000000002;0.0
2940.0;6.3;1.46;0.0
2941.5;6.45;1.4999999999999998;0.0
2943.0;7.525;1.9799999999999998;0.0
2944.5;6.7;1.06;0.0
2946.0;6.45;0.6;0.0
2947.5;7.85;2.8600000000000003;0.0
2949.0;7.475;2.46;0.0
2950.5;6.725;0.9199999999999999;0.0
2952.0;4.8;1.6600000000000001;0.0
2953.5;8.3;1.0;0.0
2955.0;5.375;1.4;0.0
2956.5;4.3;1.3199999999999998;0.0
2958.0;6.2;0.9199999999999999;0.0
2959.5;10.225;1.3199999999999998;0.0
2961.0;8.125;1.06;0.0
2962.5;8.3;1.4;0.0
2964.0;8.2;0.9799999999999999;0.0
2965.5;5.325;1.86;0.0
2967.0;5.2;1.4999999999999998;0.0
2968.5;8.275;1.0;0.0
2970.0;11.275;1.6;0.0
2971.5;9.2;1.2;0.0
2973.0;8.35;1.46;0.0
2974.5;7.875;1.4;0.0
2976.0;5.95;2.78;0.0
2977.5;5.925;1.26;0.0
2979.0;4.65;1.06;0.0
2980.5;4.3;3.06;0.0
2982.0;4.45;1.46;0.0
2983.5;9.075;0.6599999999999999;0.0
2985.0;9.55;1.0;0.0
2986.5;7.675;1.1;0.0
2988.0;9.275;1.18;0.0
2989.5;8.2;1.18;0.0
2991.0;6.55;1.2;0.0
2992.5;6.225;1.86;0.0
2994.0;7.875;2.1799999999999997;0.0
2995.5;9.125;1.0;0.0
2997.0;5.7;2.6;0.0
2998.5;8.8;0.72;0.0
3000.0;6.8;1.6600000000000001;0.0
3001.5;5.525;1.06;0.0
3003.0;5.15;1.8;0.0
3004.5;8.275;2.9200000000000004;0.0
3006.0;3.975;1.38;0.0
3007.5;5.725;2.2;0.0
3009.0;3.95;1.6;0.0
3010.5;7.95;0.7799999999999999;0.0
3012.0;8.45;2.66;0.0
3013.5;8.65;1.5799999999999998;0.0
3015.0;8.55;0.9199999999999999;0.0
3016.5;7.85;1.6600000000000001;0.0
3018.0;6.55;1.6600000000000001;0.0
3019.5;6.775;2.38;0.0
3021.0;5.725;0.26;0.0
3022.5;6.05;2.3200000000000003;0.0
3024.0;8.2;0.9199999999999999;0.0
3025.5;4.125;2.46;0.0
3027.0;8.0;1.4;0.0
3028.5;9.55;2.1799999999999997;0.0
3030.0;6.125;1.3800000000000001;0.0
3031.5;9.3;4.26;0.0
3033.0;6.375;1.18;0.0
3034.5;7.675;0.72;0.0
3036.0;6.3;1.6;0.0
3037.5;9.9;2.06;0.0
3039.0;8.35;2.06;0.0
3040.5;5.975;1.52;0.0
3042.0;8.0;0.72;0.0
3043.5;4.3;1.46;0.0
3045.0;5.775;1.52;0.0
3046.5;8.375;1.52;0.0
3048.0;5.725;0.8;0.0
3049.5;11.225;2.6;0.0
3051.0;4.875;1.2;0.0
3052.5;4.275;2.3200000000000003;0.0
3054.0;8.55;0.5799999999999998;0.0
3055.5;7.25;0.86;0.0
3057.0;6.65;2.8600000000000003;0.0
3058.5;9.225;2.92;0.0
3060.0;7.625;1.5799999999999998;0.0
3061.5;5.7;2.06;0.0
3063.0;9.525;0.9199999999999999;0.0
3064.5;10.125;1.52;0.0
3066.0;7.55;1.98;0.0
3067.5;7.525;3.0;0.0
3069.0;7.625;1.46;0.0
3070.5;8.475;2.66;0.0
3072.0;9.425;0.9799999999999999;0.0
3073.5;8.525;1.18;0.0
3075.0;10.275;1.46;0.0
3076.5;10.875;1.6600000000000001;0.0
3078.0;6.85;1.44;0.0
3079.5;8.125;2.78;0.0
3081.0;8.55;3.06;0.0
3082.5;7.475;1.6600000000000001;0.0
3084.0;8.375;1.72;0.0
3085.5;8.45;2.9799999999999995;0.0
3087.0;7.625;2.32;0.0
3088.5;6.625;1.9200000000000004;0.0
3090.0;5.9;1.4;0.0
3091.5;7.125;1.4;0.0
3093.0;7.8;0.4;0.0
3094.5;9.3;0.4;0.0
3096.0;8.85;1.7799999999999998;0.0
3097.5;9.125;2.3800000000000003;0.0
3099.0;6.225;0.44000000000000006;0.0
3100.5;9.375;0.86;0.0
3102.0;6.375;0.9800000000000001;0.0
3103.5;8.7;1.4;0.0
3105.0;5.8;1.4;0.0
3106.5;8.175;0.86;0.0
3108.0;6.225;0.9199999999999999;0.0
3109.5;3.35;0.86;0.0
3111.0;9.7;1.44;0.0
3112.5;8.775;0.9799999999999999;0.0
3114.0;9.05;1.92;0.0
3115.5;7.025;2.3800000000000003;0.0
3117.0;7.975;1.38;0.0
3118.5;5.85;1.52;0.0
3120.0;4.375;1.64;0.0
3121.5;5.95;1.4;0.0
3123.0;7.85;1.72;0.0
3124.5;6.05;1.6600000000000001;0.0
3126.0;7.4;1.6600000000000001;0.0
3127.5;10.675;3.0;0.0
3129.0;6.975;1.0;0.0
3130.5;5.95;1.1199999999999999;0.0
3132.0;5.475;1.64;0.0
3133.5;6.175;2.8600000000000003;0.0
3135.0;7.1;1.3199999999999998;0.0
3136.5;6.55;0.38;0.0
3138.0;6.95;1.38;0.0
3139.5;9.95;2.92;0.0
3141.0;7.8;1.4;0.0
3142.5;9.875;0.9799999999999999;0.0
3144.0;8.025;0.8399999999999999;0.0
3145.5;6.6;1.06;0.0
3147.0;7.85;0.45999999999999996;0.0
3148.5;7.7;1.4;0.0
3150.0;6.7;1.7200000000000002;0.0
3151.5;7.575;1.46;0.0
3153.0;6.55;2.8600000000000003;0.0
3154.5;6.225;2.0;0.0
3156.0;9.275;2.52;0.0
3157.5;8.6;1.5799999999999998;0.0
3159.0;6.525;1.3199999999999998;0.0
3160.5;7.875;1.44;0.0
3162.0;7.375;1.44;0.0
3163.5;6.7;2.1799999999999997;0.0
3165.0;8.475;2.5200000000000005;0.0
3166.5;7.225;0.72;0.0
3168.0;7.85;1.52;0.0
3169.5;5.15;1.06;0.0
3171.0;7.25;0.8;0.0
3172.5;7.2;1.26;0.0
3174.0;6.7;2.2;0.0
3175.5;7.875;1.1199999999999999;0.0
3177.0;7.7;1.46;0.0
3178.5;7.8;2.06;0.0
3180.0;8.375;0.38;0.0
3181.5;6.3;1.46;0.0
3183.0;6.05;0.8;0.0
3184.5;6.625;2.0;0.0
3186.0;7.875;0.52;0.0
3187.5;10.55;1.52;0.0
3189.0;6.3;2.04;0.0
3190.5;6.375;2.2600000000000002;0.0
3192.0;8.05;3.12;0.0
3193.5;7.775;0.5199999999999999;0.0
3195.0;5.025;1.38;0.0
3196.5;5.875;1.46;0.0
3198.0;9.625;1.6600000000000001;0.0
3199.5;5.725;0.26;0.0
3201.0;6.2;1.6;0.0
3202.5;7.475;2.12;0.0
3204.0;5.35;3.12;0.0
3205.5;7.3;1.72;0.0
3207.0;7.2;1.46;0.0
3208.5;7.125;0.9199999999999999;0.0
3210.0;5.7;2.06;0.0
3211.5;8.825;1.3199999999999998;0.0
3213.0;8.725;3.06;0.0
3214.5;5.9;1.86;0.0
3216.0;6.3;2.46;0.0
3217.5;7.95;1.0;0.0
3219.0;5.05;1.44;0.0
3220.5;9.075;1.86;0.0
3222.0;8.125;0.8;0.0
3223.5;5.625;1.6600000000000001;0.0
3225.0;8.125;1.86;0.0
3226.5;5.35;1.9;0.0
3228.0;6.875;1.0;0.0
3229.5;8.825;1.26;0.0
3231.0;7.175;1.8;0.0
3232.5;6.35;1.26;0.0
3234.0;5.95;2.2600000000000002;0.0
3235.5;4.875;1.52;0.0
3237.0;7.1;2.12;0.0
3238.5;7.15;1.7200000000000002;0.0
3240.0;7.475;1.18;0.0
3241.5;7.7;0.26;0.0
3243.0;8.65;1.2;0.0
3244.5;6.825;1.92;0.0
3246.0;5.475;3.06;0.0
3247.5;5.95;1.7799999999999998;0.0
3249.0;6.3;0.6599999999999999;0.0
3250.5;2.725;0.9199999999999999;0.0
3252.0;7.375;1.72;0.0
3253.5;5.975;1.7799999999999998;0.0
3255.0;6.9;1.0;0.0
3256.5;4.325;2.06;0.0
3258.0;9.875;0.52;0.0
3259.5;6.375;2.2400000000000007;0.0
3261.0;5.725;2.7800000000000002;0.0
3262.5;6.725;0.86;0.0
3264.0;6.25;1.3199999999999998;0.0
3265.5;8.525;1.4;0.0
3267.0;6.875;2.02;0.0
3268.5;6.825;1.8;0.0
3270.0;8.0;1.26;0.0
3271.5;6.85;2.4;0.0
3273.0;7.475;2.3800000000000003;0.0
3274.5;8.65;1.7799999999999998;0.0
3276.0;8.675;3.06;0.0
3277.5;6.025;0.6599999999999999;0.0
3279.0;4.0;0.9799999999999999;0.0
3280.5;6.9;2.3200000000000003;0.0
3282.0;6.05;1.52;0.0
3283.5;8.55;2.8600000000000003;0.0
3285.0;11.875;3.06;0.0
3286.5;6.075;1.92;0.0
3288.0;8.1;2.72;0.0
3289.5;5.475;1.26;0.0
3291.0;4.325;1.46;0.0
3292.5;6.5;1.2399999999999998;0.0
3294.0;7.625;1.46;0.0
3295.5;6.7;1.0;0.0
3297.0;7.975;1.52;0.0
3298.5;9.5;1.92;0.0
3300.0;7.45;1.0;0.0
3301.5;8.45;2.38;0.0
3303.0;4.55;1.3199999999999998;0.0
3304.5;8.15;1.2;0.0
3306.0;7.025;0.6599999999999999;0.0
3307.5;7.6;2.0;0.0
3309.0;7.2;1.26;0.0
3310.5;6.875;1.46;0.0
3312.0;6.525;1.3199999999999998;0.0
3313.5;5.55;0.72;0.0
3315.0;5.275;1.0;0.0
3316.5;9.375;1.0;0.0
3318.0;8.025;2.06;0.0
3319.5;7.175;1.0;0.0
3321.0;7.575;0.45999999999999996;0.0
3322.5;7.125;1.06;0.0
3324.0;6.05;1.1199999999999999;0.0
3325.5;8.625;1.72;0.0
3327.0;7.6;3.3200000000000003;0.0
3328.5;6.7;1.6600000000000001;0.0
3330.0;7.775;1.18;0.0
3331.5;4.025;3.2600000000000002;0.0
3333.0;6.275;1.6;0.0
3334.5;7.625;1.64;0.0
3336.0;8.8;2.5200000000000005;0.0
3337.5;8.9;2.6;0.0
3339.0;5.95;1.7799999999999998;0.0
3340.5;8.625;1.6;0.0
3342.0;7.775;1.7799999999999998;0.0
3343.5;7.45;2.06;0.0
3345.0;5.875;2.7800000000000002;0.0
3346.5;5.225;3.0;0.0
3348.0;4.375;1.3199999999999998;0.0
3349.5;6.7;0.6599999999999999;0.0
3351.0;8.05;1.4;0.0
3352.5;7.525;0.8;0.0
3354.0;5.4;0.45999999999999996;0.0
3355.5;5.95;0.9199999999999999;0.0
3357.0;4.05;2.06;0.0
3358.5;4.65;1.5799999999999998;0.0
3360.0;7.025;1.26;0.0
3361.5;8.2;1.2;0.0
3363.0;4.7;1.3199999999999998;0.0
3364.5;6.625;1.44;0.0
3366.0;7.45;1.8;0.0
3367.5;8.125;1.78;0.0
3369.0;5.375;1.06;0.0
3370.5;4.15;1.38;0.0
3372.0;9.375;0.9800000000000001;0.0
3373.5;7.45;1.4;0.0
3375.0;7.225;0.6;0.0
3376.5;7.3;2.66;0.0
3378.0;4.775;1.38;0.0
3379.5;7.45;2.38;0.0
3381.0;9.95;1.2;0.0
3382.5;7.2;1.18;0.0
3384.0;6.625;1.06;0.0
3385.5;4.9;1.9200000000000004;0.0
3387.0;6.2;2.7800000000000002;0.0
3388.5;5.4;0.0;0.0
3390.0;6.675;0.45999999999999996;0.0
3391.5;5.775;1.1199999999999999;0.0
3393.0;6.775;0.8;0.0
3394.5;10.425;3.3200000000000003;0.0
3396.0;6.375;1.3199999999999998;0.0
3397.5;8.375;2.06;0.0
3399.0;4.325;1.1199999999999999;0.0
3400.5;9.875;1.26;0.0
3402.0;6.55;2.1799999999999997;0.0
3403.5;4.875;0.78;0.0
3405.0;4.7;2.12;0.0
3406.5;7.125;1.86;0.0
3408.0;9.2;0.8399999999999999;0.0
3409.5;5.875;2.32;0.0
3411.0;5.45;2.06;0.0
3412.5;6.2;1.86;0.0
3414.0;4.025;0.86;0.0
3415.5;4.975;3.0;0.0
3417.0;6.05;2.66;0.0
3418.5;9.025;1.6600000000000001;0.0
3420.0;10.1;2.38;0.0
3421.5;8.125;2.8600000000000003;0.0
3423.0;7.575;1.46;0.0
3424.5;7.275;2.2;0.0
3426.0;4.9;0.72;0.0
3427.5;6.125;1.9800000000000004;0.0
3429.0;4.625;1.2399999999999998;0.0
3430.5;7.25;1.2;0.0
3432.0;4.825;2.6;0.0
3433.5;3.95;2.06;0.0
3435.0;6.05;1.6600000000000001;0.0
3436.5;6.8;1.0;0.0
3438.0;5.875;1.9799999999999998;0.0
3439.5;9.625;0.8;0.0
3441.0;8.625;1.8;0.0
3442.5;4.375;1.7799999999999998;0.0
3444.0;7.95;0.5199999999999999;0.0
3445.5;9.05;1.46;0.0
3447.0;9.875;2.4;0.0
3448.5;8.225;0.0;0.0
3450.0;7.85;0.86;0.0
3451.5;4.75;2.06;0.0
3453.0;6.625;1.26;0.0
3454.5;5.65;2.46;0.0
3456.0;9.275;1.52;0.0
3457.5;9.2;0.72;0.0
3459.0;7.1;1.26;0.0
3460.5;6.35;2.32;0.0
3462.0;7.425;2.0;0.0
3463.5;12.2;1.6;0.0
3465.0;8.525;0.32;0.0
3466.5;4.8;0.72;0.0
3468.0;5.95;1.1199999999999999;0.0
3469.5;8.075;1.18;0.0
3471.0;6.425;3.5800000000000005;0.0
3472.5;5.65;2.0;0.0
3474.0;8.475;1.1199999999999999;0.0
3475.5;8.975;1.0;0.0
3477.0;9.95;1.6600000000000001;0.0
3478.5;8.775;1.86;0.0
3480.0;6.6;0.9199999999999999;0.0
3481.5;4.7;3.1800000000000006;0.0
3483.0;5.625;2.8600000000000003;0.0
3484.5;7.325;2.12;0.0
3486.0;7.175;1.3199999999999998;0.0
3487.5;7.05;1.7800000000000005;0.0
3489.0;9.925;2.12;0.0
3490.5;8.45;1.6600000000000001;0.0
3492.0;6.5;0.12;0.0
3493.5;8.125;1.6600000000000001;0.0
3495.0;5.825;2.12;0.0
3496.5;5.875;1.06;0.0
3498.0;7.05;1.1199999999999999;0.0
3499.5;7.9;1.06;0.0
3501.0;6.9;1.8399999999999999;0.0
3502.5;6.475;0.45999999999999996;0.0
3504.0;6.15;0.6599999999999999;0.0
3505.5;3.225;1.52;0.0
3507.0;7.725;1.7799999999999998;0.0
3508.5;9.55;0.8;0.0
3510.0;8.625;1.1199999999999999;0.0
3511.5;3.2;2.2399999999999998;0.0
3513.0;7.35;1.26;0.0
3514.5;9.175;1.86;0.0
3516.0;9.375;1.86;0.0
3517.5;6.275;1.86;0.0
3519.0;4.55;1.6600000000000001;0.0
3520.5;4.6;2.52;0.0
3522.0;7.05;2.8;0.0
3523.5;6.55;2.12;0.0
3525.0;6.375;1.3199999999999998;0.0
3526.5;7.525;3.2600000000000002;0.0
3528.0;7.425;2.06;0.0
3529.5;7.4;2.12;0.0
3531.0;7.775;2.2600000000000002;0.0
3532.5;7.3;2.96;0.0
3534.0;7.675;2.0400000000000005;0.0
3535.5;8.05;2.2;0.0
3537.0;6.875;0.86;0.0
3538.5;10.625;1.6;0.0
3540.0;8.975;2.5200000000000005;0.0
3541.5;6.8;0.86;0.0
3543.0;8.675;2.06;0.0
3544.5;10.15;1.86;0.0
3546.0;8.825;2.06;0.0
3547.5;5.475;0.9199999999999999;0.0
3549.0;7.15;1.3199999999999998;0.0
3550.5;4.3;1.06;0.0
3552.0;4.125;0.86;0.0
3553.5;5.625;2.24;0.0
3555.0;6.7;0.6;0.0
3556.5;4.6;0.6599999999999999;0.0
3558.0;4.5;1.1199999999999999;0.0
3559.5;6.475;1.5799999999999998;0.0
3561.0;6.125;1.26;0.0
3562.5;6.375;1.06;0.0
3564.0;7.675;1.38;0.0
3565.5;5.625;0.9199999999999999;0.0
3567.0;4.925;1.5799999999999998;0.0
3568.5;6.875;2.2600000000000002;0.0
3570.0;4.05;1.6;0.0
3571.5;6.725;0.9199999999999999;0.0
3573.0;6.925;0.9199999999999999;0.0
3574.5;7.975;0.78;0.0
3576.0;9.025;0.32;0.0
3577.5;7.475;2.7199999999999998;0.0
3579.0;6.375;1.52;0.0
3580.5;6.125;1.2;0.0
3582.0;4.475;2.46;0.0
3583.5;8.65;2.1800000000000006;0.0
3585.0;6.125;2.7;0.0
3586.5;8.05;1.1199999999999999;0.0
3588.0;8.875;1.18;0.0
3589.5;7.8;1.1199999999999999;0.0
3591.0;7.725;1.2;0.0
3592.5;7.35;2.06;0.0
3594.0;6.775;2.4400000000000004;0.0
3595.5;8.45;0.9199999999999999;0.0
3597.0;10.9;0.6599999999999999;0.0
3598.5;9.15;0.9799999999999999;0.0
