#auto generated file!
1.5;0.0;0.0;0.0
3.0;0.0;0.0;0.0
4.5;0.0;0.0;0.0
6.0;0.0;0.0;0.0
7.5;0.0;0.0;0.0
9.0;0.0;0.0;0.0
10.5;0.875;0.0;0.0
12.0;9.025;0.0;0.0
13.5;16.575;2.0;0.0
15.0;16.45;0.52;0.0
16.5;21.55;1.92;0.0
18.0;20.5;5.5600000000000005;0.0
19.5;28.275;2.7;0.0
21.0;27.425;1.7799999999999998;0.0
22.5;27.9;7.279999999999999;0.0
24.0;25.925;4.380000000000001;0.0
25.5;26.4;5.78;0.0
27.0;27.3;7.94;0.0
28.5;29.575;4.24;0.0
30.0;27.65;3.7800000000000002;0.0
31.5;24.5;4.9;0.0
33.0;26.15;6.36;0.0
34.5;33.775;2.06;0.0
36.0;28.25;3.66;0.0
37.5;29.075;2.72;0.0
39.0;26.525;5.82;0.0
40.5;27.125;4.5200000000000005;0.0
42.0;31.4;6.859999999999999;0.0
43.5;28.6;7.5600000000000005;0.0
45.0;26.825;5.040000000000001;0.0
46.5;26.75;4.98;0.0
48.0;27.65;3.9200000000000004;0.0
49.5;25.55;3.1;0.0
51.0;30.25;6.12;0.0
52.5;32.575;3.500000000000001;0.0
54.0;29.55;5.1;0.0
55.5;28.2;2.32;0.0
57.0;28.7;4.96;0.0
58.5;31.6;4.700000000000001;0.0
60.0;26.35;6.6800000000000015;0.0
61.5;31.8;10.819999999999997;0.0
63.0;28.85;6.56;0.0
64.5;30.25;6.1000000000000005;0.0
66.0;22.55;8.62;0.0
67.5;29.1;1.26;0.0
69.0;31.675;2.3200000000000003;0.0
70.5;30.775;2.5800000000000005;0.0
72.0;27.7;0.32;0.0
73.5;27.275;2.6;0.0
75.0;29.5;2.4;0.0
76.5;34.65;1.6600000000000001;0.0
78.0;27.8;1.6;0.0
79.5;27.8;2.4;0.0
81.0;24.975;2.06;0.0
82.5;27.25;3.3800000000000003;0.0
84.0;25.95;2.0;0.0
85.5;26.6;2.46;0.0
87.0;27.875;1.1199999999999999;0.0
88.5;24.4;1.6;0.0
90.0;27.4;2.8;0.0
91.5;26.975;1.26;0.0
93.0;27.125;2.6399999999999997;0.0
94.5;25.7;1.3199999999999998;0.0
96.0;28.025;1.52;0.0
97.5;27.075;3.12;0.0
99.0;26.875;2.2;0.0
100.5;24.725;3.8400000000000007;0.0
102.0;27.2;1.52;0.0
103.5;27.775;1.26;0.0
105.0;28.2;2.46;0.0
106.5;26.3;3.06;0.0
108.0;29.325;0.8400000000000001;0.0
109.5;31.9;1.6600000000000001;0.0
111.0;29.475;1.64;0.0
112.5;27.825;1.6400000000000001;0.0
114.0;28.9;2.4;0.0
115.5;29.15;2.9200000000000004;0.0
117.0;25.725;2.58;0.0
118.5;26.725;2.6;0.0
120.0;29.175;1.3199999999999998;0.0
121.5;27.525;1.52;0.0
123.0;25.35;1.9799999999999998;0.0
124.5;24.775;2.5800000000000005;0.0
126.0;24.2;3.0;0.0
127.5;24.025;0.86;0.0
129.0;26.225;2.66;0.0
130.5;25.225;0.52;0.0
132.0;26.525;2.0;0.0
133.5;24.725;2.64;0.0
135.0;26.625;5.380000000000001;0.0
136.5;23.8;4.36;0.0
138.0;26.125;6.300000000000001;0.0
139.5;26.75;4.78;0.0
141.0;27.15;2.2399999999999998;0.0
142.5;24.85;1.6600000000000001;0.0
144.0;25.025;3.2;0.0
145.5;25.575;3.84;0.0
147.0;28.725;4.6;0.0
148.5;24.025;2.4;0.0
150.0;21.225;5.040000000000001;0.0
151.5;21.85;3.8600000000000003;0.0
153.0;24.65;3.0;0.0
154.5;24.675;4.180000000000001;0.0
156.0;21.2;3.4200000000000004;0.0
157.5;25.825;2.8;0.0
159.0;24.2;1.8;0.0
160.5;24.375;3.4;0.0
162.0;28.45;3.6;0.0
163.5;24.2;2.6399999999999997;0.0
165.0;22.875;3.2399999999999998;0.0
166.5;28.4;3.06;0.0
168.0;25.3;1.18;0.0
169.5;26.025;2.3200000000000003;0.0
171.0;21.225;3.38;0.0
172.5;24.0;4.24;0.0
174.0;24.275;2.0;0.0
175.5;27.525;5.040000000000001;0.0
177.0;21.2;2.6;0.0
178.5;23.55;3.7800000000000002;0.0
180.0;23.3;5.300000000000001;0.0
181.5;28.1;3.2600000000000002;0.0
183.0;28.225;3.8;0.0
184.5;26.8;3.72;0.0
186.0;29.525;5.16;0.0
187.5;28.525;1.8399999999999999;0.0
189.0;26.725;4.840000000000001;0.0
190.5;24.225;1.06;0.0
192.0;24.4;0.86;0.0
193.5;26.275;1.6;0.0
195.0;28.1;0.9199999999999999;0.0
196.5;27.975;0.2;0.0
198.0;26.775;1.86;0.0
199.5;24.8;1.5799999999999998;0.0
201.0;28.675;1.0;0.0
202.5;27.175;1.6600000000000001;0.0
204.0;28.85;1.6;0.0
205.5;22.075;2.0;0.0
207.0;24.225;2.2600000000000002;0.0
208.5;23.4;0.8;0.0
210.0;21.1;1.26;0.0
211.5;23.5;1.86;0.0
213.0;23.05;1.06;0.0
214.5;26.65;0.6;0.0
216.0;29.175;1.6;0.0
217.5;28.725;1.4;0.0
219.0;28.6;2.72;0.0
220.5;29.5;0.72;0.0
222.0;29.825;1.72;0.0
223.5;23.925;0.7799999999999999;0.0
225.0;29.725;0.12;0.0
226.5;24.625;1.4999999999999998;0.0
228.0;28.825;2.06;0.0
229.5;23.15;0.12;0.0
231.0;24.625;2.2;0.0
232.5;32.375;0.2;0.0
234.0;26.475;1.06;0.0
235.5;26.95;2.3200000000000003;0.0
237.0;28.15;0.32;0.0
238.5;27.3;1.86;0.0
240.0;25.075;0.2;0.0
241.5;23.425;1.6600000000000001;0.0
243.0;25.275;0.86;0.0
244.5;25.675;2.06;0.0
246.0;25.0;1.3199999999999998;0.0
247.5;21.725;1.0399999999999998;0.0
249.0;26.15;0.7799999999999999;0.0
250.5;26.125;0.72;0.0
252.0;27.475;2.1;0.0
253.5;30.45;1.52;0.0
255.0;27.875;2.06;0.0
256.5;29.875;1.38;0.0
258.0;25.975;0.9;0.0
259.5;26.4;3.3800000000000003;0.0
261.0;30.675;2.1799999999999997;0.0
262.5;26.2;2.4;0.0
264.0;26.775;1.3199999999999998;0.0
265.5;26.25;3.9200000000000004;0.0
267.0;28.375;2.500000000000001;0.0
268.5;25.575;1.2;0.0
270.0;28.225;1.86;0.0
271.5;28.1;0.0;0.0
273.0;27.85;1.44;0.0
274.5;23.05;2.2600000000000002;0.0
276.0;28.575;1.9799999999999998;0.0
277.5;30.9;3.06;0.0
279.0;24.15;3.5800000000000005;0.0
280.5;24.15;3.3200000000000003;0.0
282.0;27.5;1.6;0.0
283.5;26.575;1.38;0.0
285.0;25.725;1.9;0.0
286.5;26.975;2.84;0.0
288.0;27.25;0.18;0.0
289.5;28.925;1.8399999999999999;0.0
291.0;29.025;4.0600000000000005;0.0
292.5;25.775;1.52;0.0
294.0;29.075;4.5200000000000005;0.0
295.5;28.675;2.5200000000000005;0.0
297.0;26.65;2.2;0.0
298.5;30.4;2.8400000000000007;0.0
300.0;27.55;2.5;0.0
301.5;27.85;3.5200000000000005;0.0
303.0;28.175;2.06;0.0
304.5;26.375;0.8999999999999998;0.0
306.0;28.075;0.6599999999999999;0.0
307.5;31.05;2.2399999999999998;0.0
309.0;27.975;1.9200000000000004;0.0
310.5;28.125;2.46;0.0
312.0;28.3;2.500000000000001;0.0
313.5;26.45;2.8;0.0
315.0;26.9;3.3800000000000003;0.0
316.5;29.55;4.12;0.0
318.0;30.15;1.64;0.0
319.5;27.325;2.5200000000000005;0.0
321.0;29.15;2.2;0.0
322.5;25.1;3.06;0.0
324.0;25.65;1.98;0.0
325.5;28.45;3.4;0.0
327.0;31.3;2.66;0.0
328.5;25.575;2.96;0.0
330.0;25.9;4.180000000000001;0.0
331.5;25.95;2.84;0.0
333.0;28.55;5.24;0.0
334.5;28.275;1.6199999999999999;0.0
336.0;27.3;2.44;0.0
337.5;29.925;3.6399999999999997;0.0
339.0;29.9;4.0600000000000005;0.0
340.5;29.4;6.300000000000001;0.0
342.0;29.825;3.9800000000000004;0.0
343.5;28.475;1.04;0.0
345.0;23.575;3.66;0.0
346.5;25.725;1.5799999999999998;0.0
348.0;27.175;1.0;0.0
349.5;28.075;3.5200000000000005;0.0
351.0;28.675;4.700000000000001;0.0
352.5;25.325;2.46;0.0
354.0;29.2;3.1600000000000006;0.0
355.5;27.25;2.96;0.0
357.0;27.95;2.3;0.0
358.5;24.975;3.5;0.0
360.0;25.3;3.1800000000000006;0.0
361.5;25.75;3.66;0.0
363.0;24.9;3.62;0.0
364.5;27.0;3.7800000000000002;0.0
366.0;26.0;0.8;0.0
367.5;26.15;3.8;0.0
369.0;25.575;5.24;0.0
370.5;29.975;0.4;0.0
372.0;24.225;1.4;0.0
373.5;22.9;0.5199999999999999;0.0
375.0;29.075;1.72;0.0
376.5;26.3;2.8;0.0
378.0;28.6;0.5799999999999998;0.0
379.5;26.15;0.0;0.0
381.0;24.425;0.2;0.0
382.5;29.15;0.86;0.0
384.0;26.5;0.4;0.0
385.5;27.425;0.45999999999999996;0.0
387.0;30.225;1.6600000000000001;0.0
388.5;26.825;1.26;0.0
390.0;26.05;1.2;0.0
391.5;26.25;1.06;0.0
393.0;25.525;0.6;0.0
394.5;23.375;1.1800000000000002;0.0
396.0;25.975;1.6;0.0
397.5;26.65;0.6;0.0
399.0;23.275;1.52;0.0
400.5;24.4;1.7800000000000005;0.0
402.0;23.325;1.3199999999999998;0.0
403.5;21.975;1.0;0.0
405.0;25.25;1.46;0.0
406.5;23.45;2.3200000000000003;0.0
408.0;27.725;1.6;0.0
409.5;30.575;1.2;0.0
411.0;29.45;0.6599999999999999;0.0
412.5;24.0;2.2;0.0
414.0;28.275;1.86;0.0
415.5;26.875;2.32;0.0
417.0;25.85;0.9199999999999999;0.0
418.5;27.15;1.0;0.0
420.0;28.975;0.4;0.0
421.5;25.05;1.3199999999999998;0.0
423.0;32.125;2.2;0.0
424.5;30.175;1.06;0.0
426.0;27.675;1.06;0.0
427.5;25.85;0.4;0.0
429.0;24.375;1.26;0.0
430.5;27.275;2.66;0.0
432.0;31.75;2.8600000000000003;0.0
433.5;29.95;1.5799999999999998;0.0
435.0;31.0;1.8;0.0
436.5;29.925;1.86;0.0
438.0;30.725;2.5200000000000005;0.0
439.5;23.5;4.32;0.0
441.0;31.5;3.2400000000000007;0.0
442.5;27.7;1.6600000000000001;0.0
444.0;27.9;3.12;0.0
445.5;21.9;5.78;0.0
447.0;30.375;3.7000000000000006;0.0
448.5;27.65;2.4;0.0
450.0;26.5;2.8600000000000003;0.0
451.5;26.35;4.260000000000001;0.0
453.0;29.875;3.7000000000000006;0.0
454.5;28.725;2.66;0.0
456.0;28.05;3.38;0.0
457.5;29.625;3.2;0.0
459.0;30.125;1.6600000000000001;0.0
460.5;25.575;3.06;0.0
462.0;23.025;1.92;0.0
463.5;25.675;2.4;0.0
465.0;24.075;5.1;0.0
466.5;24.35;3.960000000000001;0.0
468.0;24.125;2.1800000000000006;0.0
469.5;30.725;3.3200000000000003;0.0
471.0;27.05;1.72;0.0
472.5;27.5;2.9;0.0
474.0;30.6;4.04;0.0
475.5;26.575;3.1;0.0
477.0;28.85;3.46;0.0
478.5;29.775;1.9599999999999997;0.0
480.0;27.275;3.3800000000000003;0.0
481.5;26.05;3.4400000000000004;0.0
483.0;28.4;1.8400000000000005;0.0
484.5;25.55;1.86;0.0
486.0;29.45;2.06;0.0
487.5;25.975;5.96;0.0
489.0;27.3;3.12;0.0
490.5;27.325;3.1800000000000006;0.0
492.0;25.25;6.300000000000001;0.0
493.5;31.2;1.3199999999999998;0.0
495.0;29.2;7.3;0.0
496.5;26.025;2.3200000000000003;0.0
498.0;24.95;4.040000000000001;0.0
499.5;28.875;2.900000000000001;0.0
501.0;28.15;2.66;0.0
502.5;25.4;5.44;0.0
504.0;31.975;3.6800000000000006;0.0
505.5;31.125;2.32;0.0
507.0;29.525;2.0;0.0
508.5;32.15;6.839999999999999;0.0
510.0;23.925;3.9;0.0
511.5;27.45;5.380000000000001;0.0
513.0;27.375;3.46;0.0
514.5;26.5;1.72;0.0
516.0;29.6;3.500000000000001;0.0
517.5;25.75;3.6;0.0
519.0;27.55;5.3;0.0
520.5;29.025;1.7800000000000005;0.0
522.0;28.575;2.7800000000000002;0.0
523.5;28.7;3.12;0.0
525.0;31.525;7.480000000000001;0.0
526.5;28.95;3.0;0.0
528.0;33.45;1.7799999999999998;0.0
529.5;31.175;3.9200000000000004;0.0
531.0;26.1;5.980000000000001;0.0
532.5;25.85;5.820000000000001;0.0
534.0;30.075;3.4;0.0
535.5;24.85;1.9800000000000004;0.0
537.0;29.7;4.58;0.0
538.5;26.575;2.92;0.0
540.0;26.8;3.04;0.0
541.5;28.8;1.86;0.0
543.0;27.85;8.18;0.0
544.5;22.975;4.160000000000001;0.0
546.0;28.275;3.46;0.0
547.5;29.6;4.0600000000000005;0.0
549.0;25.825;1.6600000000000001;0.0
550.5;29.175;4.12;0.0
552.0;28.75;4.640000000000001;0.0
553.5;28.975;4.500000000000001;0.0
555.0;28.825;6.640000000000001;0.0
556.5;24.75;4.180000000000001;0.0
558.0;30.275;3.1800000000000006;0.0
559.5;28.425;3.46;0.0
561.0;28.875;3.1800000000000006;0.0
562.5;28.975;3.66;0.0
564.0;22.075;1.3199999999999998;0.0
565.5;25.825;4.500000000000001;0.0
567.0;26.2;3.5799999999999996;0.0
568.5;26.875;2.3800000000000003;0.0
570.0;29.5;4.380000000000001;0.0
571.5;27.0;6.120000000000001;0.0
573.0;25.575;3.8400000000000007;0.0
574.5;28.8;2.5800000000000005;0.0
576.0;28.025;4.3;0.0
577.5;24.65;2.58;0.0
579.0;30.9;4.76;0.0
580.5;23.575;2.420000000000001;0.0
582.0;27.9;2.560000000000001;0.0
583.5;24.85;3.62;0.0
585.0;29.0;3.9800000000000004;0.0
586.5;26.825;5.040000000000001;0.0
588.0;28.45;2.4400000000000004;0.0
589.5;28.4;3.46;0.0
591.0;30.925;6.220000000000001;0.0
592.5;27.025;3.4400000000000004;0.0
594.0;27.775;4.779999999999999;0.0
595.5;31.775;4.0;0.0
597.0;29.525;7.1800000000000015;0.0
598.5;30.95;2.8600000000000003;0.0
600.0;29.075;2.66;0.0
601.5;29.575;2.9000000000000004;0.0
603.0;27.1;3.7800000000000002;0.0
604.5;24.9;6.300000000000001;0.0
606.0;28.075;1.2;0.0
607.5;25.775;3.8400000000000007;0.0
609.0;30.725;4.26;0.0
610.5;29.525;3.3000000000000007;0.0
612.0;25.65;2.5800000000000005;0.0
613.5;23.625;1.5799999999999998;0.0
615.0;27.725;3.1;0.0
616.5;25.55;4.46;0.0
618.0;24.4;3.9200000000000004;0.0
619.5;20.075;2.06;0.0
621.0;25.425;3.2400000000000007;0.0
622.5;27.075;1.38;0.0
624.0;25.0;4.160000000000001;0.0
625.5;24.425;2.12;0.0
627.0;27.225;3.4;0.0
628.5;23.175;4.380000000000001;0.0
630.0;27.075;3.3200000000000003;0.0
631.5;23.725;2.06;0.0
633.0;24.35;1.26;0.0
634.5;26.7;1.64;0.0
636.0;27.375;3.12;0.0
637.5;29.3;2.1000000000000005;0.0
639.0;24.9;3.44;0.0
640.5;21.375;2.98;0.0
642.0;20.9;3.5200000000000005;0.0
643.5;23.375;1.6600000000000001;0.0
645.0;22.3;0.8;0.0
646.5;26.475;3.66;0.0
648.0;24.175;5.5600000000000005;0.0
649.5;28.075;4.36;0.0
651.0;25.475;2.9800000000000004;0.0
652.5;23.0;3.7;0.0
654.0;25.55;3.78;0.0
655.5;23.3;4.12;0.0
657.0;26.625;2.04;0.0
658.5;26.35;2.66;0.0
660.0;22.0;4.0600000000000005;0.0
661.5;23.8;6.1000000000000005;0.0
663.0;28.6;2.12;0.0
664.5;22.325;4.46;0.0
666.0;24.425;4.58;0.0
667.5;26.525;3.2600000000000002;0.0
669.0;21.825;4.180000000000001;0.0
670.5;27.675;2.2800000000000002;0.0
672.0;28.6;2.7199999999999998;0.0
673.5;28.85;3.4;0.0
675.0;29.775;4.300000000000001;0.0
676.5;26.85;3.1800000000000006;0.0
678.0;32.225;2.5800000000000005;0.0
679.5;25.85;5.820000000000001;0.0
681.0;28.7;2.5800000000000005;0.0
682.5;26.15;3.8600000000000003;0.0
684.0;27.425;4.960000000000001;0.0
685.5;30.575;3.2400000000000007;0.0
687.0;21.3;3.7600000000000007;0.0
688.5;27.6;3.7;0.0
690.0;28.925;2.12;0.0
691.5;23.375;3.6;0.0
693.0;24.0;4.82;0.0
694.5;26.95;3.2;0.0
696.0;26.8;9.02;0.0
697.5;30.5;3.6399999999999997;0.0
699.0;27.875;3.72;0.0
700.5;30.4;4.22;0.0
702.0;27.05;7.659999999999998;0.0
703.5;26.925;3.8;0.0
705.0;28.075;4.44;0.0
706.5;28.675;5.180000000000001;0.0
708.0;27.65;2.8600000000000003;0.0
709.5;30.025;2.32;0.0
711.0;27.475;2.92;0.0
712.5;30.05;4.92;0.0
714.0;29.75;3.0;0.0
715.5;28.475;2.64;0.0
717.0;31.5;2.5200000000000005;0.0
718.5;30.7;2.06;0.0
720.0;28.45;3.44;0.0
721.5;29.625;4.66;0.0
723.0;27.7;2.8600000000000003;0.0
724.5;25.775;8.440000000000001;0.0
726.0;27.175;3.900000000000001;0.0
727.5;27.375;3.020000000000001;0.0
729.0;30.025;3.9200000000000004;0.0
730.5;23.625;4.78;0.0
732.0;30.6;4.66;0.0
733.5;27.25;1.86;0.0
735.0;28.175;9.36;0.0
736.5;29.65;2.32;0.0
738.0;29.4;2.2199999999999998;0.0
739.5;33.65;3.3800000000000003;0.0
741.0;27.625;2.92;0.0
742.5;27.05;3.7000000000000006;0.0
744.0;27.8;6.5;0.0
745.5;30.475;11.52;0.0
747.0;26.125;3.9799999999999995;0.0
748.5;29.425;4.540000000000001;0.0
750.0;28.0;2.32;0.0
751.5;25.825;3.2400000000000007;0.0
753.0;23.55;3.2600000000000002;0.0
754.5;29.275;1.18;0.0
756.0;28.325;3.6400000000000006;0.0
757.5;24.5;1.78;0.0
759.0;26.9;1.52;0.0
760.5;29.075;4.180000000000001;0.0
762.0;30.175;1.92;0.0
763.5;30.7;3.22;0.0
765.0;28.95;3.3200000000000003;0.0
766.5;26.35;3.4400000000000004;0.0
768.0;31.075;3.9200000000000004;0.0
769.5;22.275;4.08;0.0
771.0;28.425;8.3;0.0
772.5;27.05;2.0;0.0
774.0;27.975;3.3200000000000003;0.0
775.5;24.825;1.5799999999999998;0.0
777.0;23.6;2.2;0.0
778.5;26.875;4.540000000000001;0.0
780.0;27.7;3.4;0.0
781.5;27.625;2.3800000000000003;0.0
783.0;28.575;5.66;0.0
784.5;30.3;2.78;0.0
786.0;30.9;4.2;0.0
787.5;27.125;3.8400000000000007;0.0
789.0;29.875;4.5200000000000005;0.0
790.5;28.025;9.979999999999999;0.0
792.0;26.375;3.420000000000001;0.0
793.5;29.0;3.8200000000000003;0.0
795.0;29.5;6.640000000000001;0.0
796.5;30.425;4.12;0.0
798.0;27.15;3.5;0.0
799.5;30.225;2.3200000000000003;0.0
801.0;28.125;3.3600000000000008;0.0
802.5;29.35;2.04;0.0
804.0;26.95;5.58;0.0
805.5;27.625;4.040000000000001;0.0
807.0;33.425;4.5200000000000005;0.0
808.5;28.05;4.98;0.0
810.0;27.675;1.18;0.0
811.5;28.125;4.9;0.0
813.0;27.45;5.3;0.0
814.5;31.975;4.0600000000000005;0.0
816.0;29.175;6.0600000000000005;0.0
817.5;30.725;1.78;0.0
819.0;28.775;1.4;0.0
820.5;29.05;3.4;0.0
822.0;30.975;4.44;0.0
823.5;31.05;4.380000000000001;0.0
825.0;26.15;2.9200000000000004;0.0
826.5;25.225;5.24;0.0
828.0;27.175;5.16;0.0
829.5;26.0;1.8399999999999999;0.0
831.0;25.2;6.32;0.0
832.5;28.6;2.72;0.0
834.0;27.5;2.2399999999999998;0.0
835.5;26.8;3.3200000000000003;0.0
837.0;27.775;3.220000000000001;0.0
838.5;28.45;4.5600000000000005;0.0
840.0;29.7;3.8600000000000003;0.0
841.5;26.2;2.9400000000000004;0.0
843.0;27.875;3.72;0.0
844.5;30.275;3.72;0.0
846.0;28.425;5.5600000000000005;0.0
847.5;30.725;3.1000000000000005;0.0
849.0;25.45;2.900000000000001;0.0
850.5;27.625;0.0;0.0
852.0;23.8;0.4;0.0
853.5;23.225;1.2;0.0
855.0;23.6;1.06;0.0
856.5;26.025;2.0400000000000005;0.0
858.0;27.575;0.6;0.0
859.5;25.575;0.4;0.0
861.0;25.825;1.7200000000000002;0.0
862.5;25.975;1.8;0.0
864.0;31.075;1.7200000000000002;0.0
865.5;26.875;0.6599999999999999;0.0
867.0;25.525;1.8;0.0
868.5;22.125;0.26;0.0
870.0;22.8;0.86;0.0
871.5;26.575;0.6;0.0
873.0;23.875;0.2;0.0
874.5;26.55;1.1199999999999999;0.0
876.0;25.325;2.5;0.0
877.5;28.3;0.8;0.0
879.0;26.25;0.78;0.0
880.5;21.875;1.86;0.0
882.0;23.275;1.26;0.0
883.5;28.675;0.8;0.0
885.0;25.475;0.72;0.0
886.5;25.625;0.26;0.0
888.0;27.3;1.46;0.0
889.5;30.675;1.0;0.0
891.0;28.5;1.2;0.0
892.5;25.475;1.18;0.0
894.0;25.425;1.6600000000000001;0.0
895.5;24.375;1.18;0.0
897.0;25.275;0.2;0.0
898.5;26.175;0.6;0.0
900.0;30.425;1.2;0.0
901.5;22.65;2.32;0.0
903.0;21.0;0.44000000000000006;0.0
904.5;27.125;1.2;0.0
906.0;26.4;1.52;0.0
907.5;22.175;1.6600000000000001;0.0
909.0;27.05;1.52;0.0
910.5;27.0;1.26;0.0
912.0;27.6;1.8;0.0
913.5;30.3;0.7799999999999999;0.0
915.0;26.3;2.12;0.0
916.5;24.7;2.2;0.0
918.0;30.25;2.12;0.0
919.5;24.975;2.78;0.0
921.0;23.125;2.4;0.0
922.5;24.0;3.1800000000000006;0.0
924.0;25.925;1.72;0.0
925.5;27.425;3.2;0.0
927.0;25.175;2.6;0.0
928.5;29.7;1.58;0.0
930.0;26.325;1.7799999999999998;0.0
931.5;28.0;2.7800000000000002;0.0
933.0;25.9;1.6600000000000001;0.0
934.5;25.5;1.8;0.0
936.0;27.075;2.44;0.0
937.5;33.25;1.92;0.0
939.0;26.775;1.98;0.0
940.5;28.975;2.04;0.0
942.0;26.275;2.8600000000000003;0.0
943.5;25.3;1.72;0.0
945.0;28.4;2.06;0.0
946.5;28.925;1.6;0.0
948.0;26.875;1.3199999999999998;0.0
949.5;32.025;1.6;0.0
951.0;29.3;2.58;0.0
952.5;24.75;1.86;0.0
954.0;26.325;1.1800000000000002;0.0
955.5;30.575;1.5599999999999998;0.0
957.0;29.175;3.04;0.0
958.5;26.7;1.8;0.0
960.0;29.925;2.66;0.0
961.5;26.225;1.44;0.0
963.0;28.525;2.3200000000000003;0.0
964.5;26.475;1.8;0.0
966.0;31.25;2.1000000000000005;0.0
967.5;28.225;2.98;0.0
969.0;24.925;1.3199999999999998;0.0
970.5;26.975;1.26;0.0
972.0;30.475;3.3200000000000003;0.0
973.5;25.85;1.1199999999999999;0.0
975.0;25.275;0.45999999999999996;0.0
976.5;28.5;0.9799999999999999;0.0
978.0;30.075;1.2;0.0
979.5;26.3;1.0;0.0
981.0;22.425;1.9799999999999998;0.0
982.5;24.75;0.6599999999999999;0.0
984.0;23.95;1.46;0.0
985.5;29.375;0.2;0.0
987.0;23.775;0.8;0.0
988.5;23.025;0.6;0.0
990.0;28.9;0.9199999999999999;0.0
991.5;27.8;0.7799999999999999;0.0
993.0;28.775;0.4;0.0
994.5;28.725;1.26;0.0
996.0;28.625;1.6;0.0
997.5;26.275;2.0;0.0
999.0;29.275;0.45999999999999996;0.0
1000.5;24.825;1.46;0.0
1002.0;23.75;1.6600000000000001;0.0
1003.5;26.15;0.4;0.0
1005.0;27.075;2.12;0.0
1006.5;24.725;0.4;0.0
1008.0;25.825;1.4;0.0
1009.5;28.225;1.9799999999999998;0.0
1011.0;25.6;2.0;0.0
1012.5;23.95;1.0;0.0
1014.0;25.9;1.6600000000000001;0.0
1015.5;23.25;1.7;0.0
1017.0;25.625;1.46;0.0
1018.5;25.05;2.2;0.0
1020.0;27.725;1.4;0.0
1021.5;27.1;2.12;0.0
1023.0;29.0;1.4;0.0
1024.5;28.1;0.8;0.0
1026.0;29.7;0.4;0.0
1027.5;26.9;1.6600000000000001;0.0
1029.0;29.325;0.72;0.0
1030.5;24.525;0.6599999999999999;0.0
1032.0;27.475;0.5199999999999999;0.0
1033.5;28.5;1.46;0.0
1035.0;24.925;0.0;0.0
1036.5;31.15;1.52;0.0
1038.0;26.775;1.0;0.0
1039.5;24.725;1.46;0.0
1041.0;28.05;0.9199999999999999;0.0
1042.5;22.95;1.2399999999999998;0.0
1044.0;26.0;0.72;0.0
1045.5;24.675;0.6;0.0
1047.0;25.275;1.9800000000000004;0.0
1048.5;27.975;2.84;0.0
1050.0;23.775;0.6;0.0
1051.5;29.2;1.26;0.0
1053.0;26.475;1.0;0.0
1054.5;25.025;1.4;0.0
1056.0;29.825;0.6599999999999999;0.0
1057.5;34.25;1.06;0.0
1059.0;23.9;2.8400000000000007;0.0
1060.5;28.65;1.3199999999999998;0.0
1062.0;27.85;0.86;0.0
1063.5;27.425;0.6;0.0
1065.0;22.925;0.8;0.0
1066.5;29.75;0.4;0.0
1068.0;28.225;1.1199999999999999;0.0
1069.5;27.6;0.8;0.0
1071.0;27.025;1.0;0.0
1072.5;26.6;1.06;0.0
1074.0;28.175;0.8;0.0
1075.5;24.45;0.86;0.0
1077.0;24.375;1.2;0.0
1078.5;27.125;1.2;0.0
1080.0;24.075;0.4;0.0
1081.5;27.1;1.9799999999999998;0.0
1083.0;24.275;2.06;0.0
1084.5;26.8;1.2;0.0
1086.0;26.9;0.9199999999999999;0.0
1087.5;23.775;0.8;0.0
1089.0;26.2;1.2;0.0
1090.5;28.2;2.0;0.0
1092.0;26.85;1.06;0.0
1093.5;26.475;0.6;0.0
1095.0;27.275;1.2;0.0
1096.5;25.7;1.06;0.0
1098.0;26.725;0.5800000000000001;0.0
1099.5;28.5;0.9199999999999999;0.0
1101.0;27.975;1.0;0.0
1102.5;25.2;1.0;0.0
1104.0;22.75;1.18;0.0
1105.5;25.4;1.7200000000000002;0.0
1107.0;25.925;0.6399999999999999;0.0
1108.5;26.05;0.6599999999999999;0.0
1110.0;25.45;1.6600000000000001;0.0
1111.5;24.325;0.86;0.0
1113.0;26.75;1.64;0.0
1114.5;23.95;1.6;0.0
1116.0;27.575;2.5200000000000005;0.0
1117.5;22.875;1.52;0.0
1119.0;29.725;0.8;0.0
1120.5;24.4;2.2600000000000002;0.0
1122.0;25.75;1.6600000000000001;0.0
1123.5;25.925;1.7;0.0
1125.0;27.2;1.86;0.0
1126.5;28.775;1.2;0.0
1128.0;26.2;0.8;0.0
1129.5;29.275;0.4;0.0
1131.0;27.225;1.52;0.0
1132.5;29.45;0.86;0.0
1134.0;29.525;0.8;0.0
1135.5;27.525;1.8400000000000003;0.0
1137.0;25.6;2.5;0.0
1138.5;28.15;0.8;0.0
1140.0;25.825;1.3199999999999998;0.0
1141.5;22.45;0.6599999999999999;0.0
1143.0;25.35;0.6;0.0
1144.5;26.45;0.26;0.0
1146.0;23.6;1.3199999999999998;0.0
1147.5;31.875;1.6600000000000001;0.0
1149.0;28.525;1.06;0.0
1150.5;23.775;3.06;0.0
1152.0;28.825;3.9;0.0
1153.5;28.725;2.1800000000000006;0.0
1155.0;26.85;1.6;0.0
1156.5;27.8;2.6;0.0
1158.0;26.9;3.06;0.0
1159.5;30.0;5.640000000000001;0.0
1161.0;27.375;3.4400000000000004;0.0
1162.5;25.95;3.5200000000000005;0.0
1164.0;26.15;2.8;0.0
1165.5;29.325;4.12;0.0
1167.0;28.9;3.9200000000000004;0.0
1168.5;26.65;4.4;0.0
1170.0;26.425;2.8400000000000007;0.0
1171.5;27.325;1.8;0.0
1173.0;28.075;3.5800000000000005;0.0
1174.5;28.675;2.72;0.0
1176.0;25.275;1.5799999999999998;0.0
1177.5;27.25;3.160000000000001;0.0
1179.0;30.825;3.66;0.0
1180.5;28.7;1.7799999999999998;0.0
1182.0;29.6;3.18;0.0
1183.5;27.375;1.72;0.0
1185.0;28.875;1.44;0.0
1186.5;23.85;3.16;0.0
1188.0;29.725;5.32;0.0
1189.5;23.65;6.380000000000001;0.0
1191.0;27.675;1.6;0.0
1192.5;27.625;2.78;0.0
1194.0;28.625;4.5600000000000005;0.0
1195.5;23.675;2.9800000000000004;0.0
1197.0;23.825;2.82;0.0
1198.5;27.375;2.8600000000000003;0.0
1200.0;28.525;3.5200000000000005;0.0
1201.5;28.975;2.4;0.0
1203.0;28.3;4.5;0.0
1204.5;26.7;3.8600000000000003;0.0
1206.0;24.125;3.38;0.0
1207.5;27.75;4.880000000000001;0.0
1209.0;28.25;2.5800000000000005;0.0
1210.5;29.9;2.4400000000000004;0.0
1212.0;25.85;2.18;0.0
1213.5;25.4;4.7;0.0
1215.0;27.175;3.5799999999999996;0.0
1216.5;27.2;2.5799999999999996;0.0
1218.0;25.925;2.2;0.0
1219.5;25.025;4.78;0.0
1221.0;26.55;2.12;0.0
1222.5;27.825;2.66;0.0
1224.0;26.3;2.06;0.0
1225.5;24.525;1.52;0.0
1227.0;23.05;3.2399999999999998;0.0
1228.5;24.475;2.9799999999999995;0.0
1230.0;23.425;2.7800000000000002;0.0
1231.5;28.55;2.66;0.0
1233.0;24.925;6.12;0.0
1234.5;24.35;2.52;0.0
1236.0;24.325;3.12;0.0
1237.5;26.05;1.9;0.0
1239.0;25.625;3.0200000000000005;0.0
1240.5;26.95;2.5;0.0
1242.0;26.35;3.66;0.0
1243.5;24.425;4.380000000000001;0.0
1245.0;21.075;4.3;0.0
1246.5;21.5;4.1;0.0
1248.0;24.7;3.0;0.0
1249.5;23.125;3.0400000000000005;0.0
1251.0;24.725;3.3;0.0
1252.5;26.1;3.8400000000000007;0.0
1254.0;23.975;3.66;0.0
1255.5;23.85;2.8600000000000003;0.0
1257.0;24.5;2.2;0.0
1258.5;23.975;3.06;0.0
1260.0;26.975;3.8400000000000007;0.0
1261.5;23.3;2.7;0.0
1263.0;24.475;3.9200000000000004;0.0
1264.5;24.675;3.5200000000000005;0.0
1266.0;23.725;2.5;0.0
1267.5;25.7;2.7800000000000002;0.0
1269.0;22.725;3.3200000000000003;0.0
1270.5;27.025;3.7800000000000002;0.0
1272.0;27.35;1.46;0.0
1273.5;29.95;3.2600000000000002;0.0
1275.0;29.575;3.4400000000000004;0.0
1276.5;26.525;2.2600000000000002;0.0
1278.0;27.9;4.12;0.0
1279.5;28.85;3.820000000000001;0.0
1281.0;32.375;2.9799999999999995;0.0
1282.5;29.3;2.96;0.0
1284.0;30.425;2.9200000000000004;0.0
1285.5;25.95;3.560000000000001;0.0
1287.0;28.95;3.78;0.0
1288.5;25.15;5.12;0.0
1290.0;27.55;2.5;0.0
1291.5;27.05;3.66;0.0
1293.0;23.525;6.640000000000001;0.0
1294.5;31.55;5.86;0.0
1296.0;28.575;2.5200000000000005;0.0
1297.5;27.65;4.5600000000000005;0.0
1299.0;30.75;2.46;0.0
1300.5;23.95;1.72;0.0
1302.0;26.8;4.4;0.0
1303.5;28.6;5.7;0.0
1305.0;28.4;7.2200000000000015;0.0
1306.5;29.725;0.9799999999999999;0.0
1308.0;30.3;4.86;0.0
1309.5;28.5;6.4;0.0
1311.0;29.925;4.820000000000001;0.0
1312.5;29.55;2.46;0.0
1314.0;27.8;3.16;0.0
1315.5;27.975;5.8;0.0
1317.0;26.875;6.720000000000001;0.0
1318.5;28.475;2.5;0.0
1320.0;25.525;4.500000000000001;0.0
1321.5;30.425;1.86;0.0
1323.0;23.9;4.04;0.0
1324.5;28.125;9.1;0.0
1326.0;27.45;3.22;0.0
1327.5;27.4;3.3;0.0
1329.0;26.425;3.8200000000000003;0.0
1330.5;29.65;4.1;0.0
1332.0;30.8;3.1800000000000006;0.0
1333.5;24.325;6.300000000000001;0.0
1335.0;25.45;2.2;0.0
1336.5;27.975;5.4;0.0
1338.0;27.175;3.5799999999999996;0.0
1339.5;23.3;4.8;0.0
1341.0;27.3;5.58;0.0
1342.5;28.55;2.2;0.0
1344.0;27.15;3.5599999999999996;0.0
1345.5;32.725;2.8600000000000003;0.0
1347.0;26.275;1.52;0.0
1348.5;23.25;6.1000000000000005;0.0
1350.0;28.2;3.5;0.0
1351.5;25.675;1.0;0.0
1353.0;25.75;7.7399999999999975;0.0
1354.5;31.025;4.840000000000001;0.0
1356.0;25.75;4.62;0.0
1357.5;25.375;3.38;0.0
1359.0;27.025;6.360000000000001;0.0
1360.5;29.325;3.06;0.0
1362.0;27.85;3.8600000000000003;0.0
1363.5;30.225;7.140000000000001;0.0
1365.0;26.7;4.12;0.0
1366.5;30.975;3.2400000000000007;0.0
1368.0;29.15;4.12;0.0
1369.5;28.125;3.7600000000000007;0.0
1371.0;26.025;3.78;0.0
1372.5;28.325;3.1800000000000006;0.0
1374.0;31.35;4.800000000000001;0.0
1375.5;26.175;3.5200000000000005;0.0
1377.0;25.125;2.5800000000000005;0.0
1378.5;26.35;2.0;0.0
1380.0;28.6;2.2;0.0
1381.5;24.6;5.42;0.0
1383.0;26.75;3.06;0.0
1384.5;27.525;1.6600000000000001;0.0
1386.0;28.8;3.04;0.0
1387.5;26.5;2.9200000000000004;0.0
1389.0;31.5;2.9400000000000013;0.0
1390.5;29.525;3.5200000000000005;0.0
1392.0;27.025;3.5799999999999996;0.0
1393.5;27.175;1.9;0.0
1395.0;24.125;4.46;0.0
1396.5;27.25;3.38;0.0
1398.0;31.375;4.04;0.0
1399.5;25.725;2.98;0.0
1401.0;29.55;1.6600000000000001;0.0
1402.5;27.275;1.6600000000000001;0.0
1404.0;28.4;3.4200000000000004;0.0
1405.5;28.4;2.5;0.0
1407.0;27.825;3.1799999999999997;0.0
1408.5;25.8;3.9;0.0
1410.0;29.825;3.2;0.0
1411.5;27.45;4.78;0.0
1413.0;25.4;2.66;0.0
1414.5;29.325;4.5200000000000005;0.0
1416.0;25.5;3.2;0.0
1417.5;33.675;3.46;0.0
1419.0;26.075;3.5200000000000005;0.0
1420.5;30.775;2.52;0.0
1422.0;29.725;2.2600000000000002;0.0
1423.5;27.775;2.72;0.0
1425.0;29.575;3.2600000000000002;0.0
1426.5;30.45;3.3800000000000003;0.0
1428.0;28.0;3.4800000000000004;0.0
1429.5;28.825;3.38;0.0
1431.0;28.65;3.2;0.0
1432.5;26.775;1.38;0.0
1434.0;26.925;3.1799999999999997;0.0
1435.5;24.925;3.9;0.0
1437.0;27.675;4.18;0.0
1438.5;26.25;5.840000000000001;0.0
1440.0;29.025;1.6600000000000001;0.0
1441.5;24.95;4.78;0.0
1443.0;28.85;1.9;0.0
1444.5;29.725;3.04;0.0
1446.0;26.8;5.720000000000001;0.0
1447.5;29.35;2.66;0.0
1449.0;25.3;4.08;0.0
1450.5;26.8;3.66;0.0
1452.0;30.625;4.040000000000001;0.0
1453.5;29.775;4.18;0.0
1455.0;28.225;3.16;0.0
1456.5;27.325;2.0;0.0
1458.0;26.4;2.0200000000000005;0.0
1459.5;25.3;1.8;0.0
1461.0;28.675;1.8;0.0
1462.5;31.85;3.3000000000000007;0.0
1464.0;24.675;2.3200000000000003;0.0
1465.5;24.775;1.5599999999999998;0.0
1467.0;25.425;2.06;0.0
1468.5;25.525;3.44;0.0
1470.0;27.725;2.8600000000000003;0.0
1471.5;28.35;4.160000000000001;0.0
1473.0;28.425;3.9200000000000004;0.0
1474.5;31.45;3.4400000000000004;0.0
1476.0;28.65;4.700000000000001;0.0
1477.5;29.575;0.64;0.0
1479.0;25.925;2.66;0.0
1480.5;27.75;2.78;0.0
1482.0;29.15;4.98;0.0
1483.5;29.925;4.58;0.0
1485.0;28.125;2.8400000000000007;0.0
1486.5;28.05;2.3000000000000007;0.0
1488.0;26.15;3.8600000000000003;0.0
1489.5;30.25;1.4;0.0
1491.0;30.325;3.16;0.0
1492.5;28.75;3.8400000000000007;0.0
1494.0;30.5;2.12;0.0
1495.5;25.0;3.0;0.0
1497.0;29.875;5.5200000000000005;0.0
1498.5;27.4;3.2600000000000002;0.0
1500.0;27.7;4.180000000000001;0.0
1501.5;31.075;3.66;0.0
1503.0;29.075;3.2399999999999998;0.0
1504.5;32.05;2.0199999999999996;0.0
1506.0;28.325;2.9800000000000004;0.0
1507.5;31.9;2.66;0.0
1509.0;25.925;2.92;0.0
1510.5;27.375;2.84;0.0
1512.0;24.475;5.640000000000001;0.0
1513.5;25.225;4.500000000000001;0.0
1515.0;26.625;5.5200000000000005;0.0
1516.5;27.025;4.4399999999999995;0.0
1518.0;27.35;3.8600000000000003;0.0
1519.5;28.475;2.6800000000000006;0.0
1521.0;30.375;6.5600000000000005;0.0
1522.5;26.925;6.480000000000001;0.0
1524.0;25.2;5.180000000000001;0.0
1525.5;29.45;7.88;0.0
1527.0;29.075;2.8400000000000007;0.0
1528.5;31.2;1.64;0.0
1530.0;29.4;3.2600000000000002;0.0
1531.5;29.3;3.12;0.0
1533.0;30.55;3.04;0.0
1534.5;28.225;6.420000000000002;0.0
1536.0;32.925;3.1800000000000006;0.0
1537.5;29.675;2.92;0.0
1539.0;23.05;6.9;0.0
1540.5;24.425;4.720000000000001;0.0
1542.0;29.5;3.72;0.0
1543.5;26.4;3.2600000000000002;0.0
1545.0;31.625;3.2600000000000002;0.0
1546.5;26.4;1.58;0.0
1548.0;27.8;4.18;0.0
1549.5;25.2;2.2;0.0
1551.0;29.575;6.4799999999999995;0.0
1552.5;26.625;2.9200000000000004;0.0
1554.0;28.175;4.32;0.0
1555.5;27.575;2.9800000000000004;0.0
1557.0;32.175;3.06;0.0
1558.5;27.575;4.96;0.0
1560.0;30.1;2.6;0.0
1561.5;29.4;7.94;0.0
1563.0;24.425;2.2600000000000002;0.0
1564.5;22.475;2.9800000000000004;0.0
1566.0;23.775;1.6600000000000001;0.0
1567.5;25.85;5.74;0.0
1569.0;26.325;5.1;0.0
1570.5;29.8;4.040000000000001;0.0
1572.0;27.5;2.7800000000000002;0.0
1573.5;30.6;3.560000000000001;0.0
1575.0;26.225;2.3200000000000003;0.0
1576.5;29.475;2.6399999999999997;0.0
1578.0;26.575;2.2600000000000002;0.0
1579.5;30.3;1.6600000000000001;0.0
1581.0;27.95;4.78;0.0
1582.5;28.125;3.12;0.0
1584.0;27.725;5.86;0.0
1585.5;30.425;2.7199999999999998;0.0
1587.0;26.4;3.8400000000000007;0.0
1588.5;30.55;2.1;0.0
1590.0;24.25;1.86;0.0
1591.5;24.825;5.1000000000000005;0.0
1593.0;26.575;2.6;0.0
1594.5;29.275;4.58;0.0
1596.0;26.45;2.9000000000000004;0.0
1597.5;26.3;3.9200000000000004;0.0
1599.0;27.5;2.18;0.0
1600.5;27.375;1.64;0.0
1602.0;29.025;3.9800000000000004;0.0
1603.5;24.05;1.8799999999999997;0.0
1605.0;22.475;3.2400000000000007;0.0
1606.5;32.475;1.86;0.0
1608.0;26.775;4.84;0.0
1609.5;29.375;3.6400000000000006;0.0
1611.0;32.575;4.4;0.0
1612.5;30.825;2.04;0.0
1614.0;30.325;2.92;0.0
1615.5;29.025;3.220000000000001;0.0
1617.0;24.9;1.9800000000000004;0.0
1618.5;28.475;4.5200000000000005;0.0
1620.0;30.825;3.44;0.0
1621.5;29.375;1.86;0.0
1623.0;26.95;3.2399999999999998;0.0
1624.5;24.7;2.3000000000000007;0.0
1626.0;33.1;1.7200000000000002;0.0
1627.5;26.25;2.2399999999999998;0.0
1629.0;28.05;4.5;0.0
1630.5;26.475;1.92;0.0
1632.0;23.6;0.72;0.0
1633.5;24.625;0.86;0.0
1635.0;23.275;0.9799999999999999;0.0
1636.5;25.775;1.38;0.0
1638.0;25.225;1.7;0.0
1639.5;23.7;1.6;0.0
1641.0;26.975;0.86;0.0
1642.5;26.8;1.86;0.0
1644.0;27.2;1.7200000000000002;0.0
1645.5;24.925;0.45999999999999996;0.0
1647.0;25.575;0.4;0.0
1648.5;26.75;1.0;0.0
1650.0;23.225;0.26;0.0
1651.5;28.275;0.9199999999999999;0.0
1653.0;25.925;1.1800000000000002;0.0
1654.5;26.225;0.6;0.0
1656.0;26.875;1.46;0.0
1657.5;25.775;1.4;0.0
1659.0;26.75;2.0;0.0
1660.5;31.25;0.9199999999999999;0.0
1662.0;27.3;0.4;0.0
1663.5;28.25;0.86;0.0
1665.0;27.175;1.26;0.0
1666.5;25.275;0.5199999999999999;0.0
1668.0;28.975;0.8399999999999999;0.0
1669.5;25.25;1.6600000000000001;0.0
1671.0;25.825;1.6;0.0
1672.5;26.0;1.5799999999999998;0.0
1674.0;23.025;3.2399999999999998;0.0
1675.5;24.0;2.06;0.0
1677.0;27.3;1.6;0.0
1678.5;21.525;0.2;0.0
1680.0;23.2;0.9199999999999999;0.0
1681.5;24.575;2.12;0.0
1683.0;26.45;0.12;0.0
1684.5;29.1;2.2;0.0
1686.0;26.85;1.46;0.0
1687.5;22.925;0.6599999999999999;0.0
1689.0;28.925;0.6;0.0
1690.5;28.525;2.9200000000000004;0.0
1692.0;33.2;3.9200000000000004;0.0
1693.5;26.625;1.86;0.0
1695.0;27.65;3.7800000000000002;0.0
1696.5;28.075;3.5800000000000005;0.0
1698.0;27.575;4.96;0.0
1699.5;28.525;3.2;0.0
1701.0;26.95;2.92;0.0
1702.5;27.875;2.06;0.0
1704.0;29.8;1.3199999999999998;0.0
1705.5;24.2;2.3;0.0
1707.0;31.35;2.6399999999999997;0.0
1708.5;26.7;4.78;0.0
1710.0;26.075;5.040000000000001;0.0
1711.5;28.075;4.32;0.0
1713.0;23.0;5.48;0.0
1714.5;24.725;3.3800000000000003;0.0
1716.0;28.875;2.66;0.0
1717.5;27.95;1.46;0.0
1719.0;26.55;3.6;0.0
1720.5;26.325;2.06;0.0
1722.0;26.425;3.5799999999999996;0.0
1723.5;25.25;2.9800000000000004;0.0
1725.0;30.425;3.12;0.0
1726.5;23.25;3.3200000000000003;0.0
1728.0;29.4;2.5200000000000005;0.0
1729.5;29.225;2.2600000000000002;0.0
1731.0;28.7;2.2399999999999998;0.0
1732.5;27.425;1.8399999999999999;0.0
1734.0;28.7;2.680000000000001;0.0
1735.5;30.175;3.46;0.0
1737.0;24.625;2.6;0.0
1738.5;31.425;2.06;0.0
1740.0;29.95;2.4800000000000004;0.0
1741.5;27.75;1.46;0.0
1743.0;27.675;2.5;0.0
1744.5;28.875;3.1799999999999997;0.0
1746.0;26.05;3.2400000000000007;0.0
1747.5;28.9;2.3600000000000003;0.0
1749.0;26.825;2.1;0.0
1750.5;28.6;1.6;0.0
1752.0;27.05;2.9800000000000004;0.0
1753.5;28.4;2.12;0.0
1755.0;26.0;2.38;0.0
1756.5;25.6;3.3200000000000003;0.0
1758.0;26.475;3.5200000000000005;0.0
1759.5;25.025;1.6;0.0
1761.0;25.1;2.0;0.0
1762.5;28.55;4.2;0.0
1764.0;28.775;3.08;0.0
1765.5;26.625;2.8;0.0
1767.0;26.625;3.66;0.0
1768.5;27.675;2.9200000000000004;0.0
1770.0;29.325;3.7800000000000002;0.0
1771.5;30.225;4.5;0.0
1773.0;29.25;1.5799999999999998;0.0
1774.5;27.025;1.64;0.0
1776.0;27.675;4.58;0.0
1777.5;27.75;4.12;0.0
1779.0;23.55;3.0400000000000005;0.0
1780.5;26.125;3.8;0.0
1782.0;27.375;2.9200000000000004;0.0
1783.5;27.05;1.7;0.0
1785.0;29.275;1.8400000000000003;0.0
1786.5;25.0;1.9;0.0
1788.0;30.125;3.04;0.0
1789.5;28.4;1.9599999999999997;0.0
1791.0;25.15;3.46;0.0
1792.5;24.475;3.4400000000000004;0.0
1794.0;30.525;4.32;0.0
1795.5;29.15;2.1599999999999997;0.0
1797.0;31.65;1.64;0.0
1798.5;29.8;4.64;0.0
1800.0;29.725;2.4800000000000004;0.0
1801.5;29.675;1.18;0.0
1803.0;32.275;3.72;0.0
1804.5;23.875;3.0;0.0
1806.0;30.0;3.1000000000000005;0.0
1807.5;26.25;3.6399999999999997;0.0
1809.0;25.15;2.3800000000000003;0.0
1810.5;29.125;2.5799999999999996;0.0
1812.0;28.925;1.2999999999999998;0.0
1813.5;28.025;2.32;0.0
1815.0;27.1;2.3800000000000003;0.0
1816.5;29.075;10.1;0.0
1818.0;24.6;3.46;0.0
1819.5;27.625;5.24;0.0
1821.0;30.925;6.380000000000001;0.0
1822.5;27.225;3.9200000000000004;0.0
1824.0;27.625;6.5600000000000005;0.0
1825.5;29.825;6.32;0.0
1827.0;28.15;3.3200000000000003;0.0
1828.5;28.175;3.04;0.0
1830.0;29.5;6.0600000000000005;0.0
1831.5;29.5;3.0;0.0
1833.0;26.825;5.0600000000000005;0.0
1834.5;27.65;2.1600000000000006;0.0
1836.0;28.075;5.640000000000001;0.0
1837.5;28.9;5.5200000000000005;0.0
1839.0;28.95;10.599999999999998;0.0
1840.5;26.025;3.5;0.0
1842.0;26.75;5.78;0.0
1843.5;25.225;3.9200000000000004;0.0
1845.0;29.6;4.0;0.0
1846.5;22.625;2.2600000000000002;0.0
1848.0;28.15;5.5200000000000005;0.0
1849.5;30.125;2.8800000000000003;0.0
1851.0;28.375;6.5;0.0
1852.5;30.1;4.300000000000001;0.0
1854.0;27.125;2.7800000000000002;0.0
1855.5;31.3;1.86;0.0
1857.0;26.725;5.5200000000000005;0.0
1858.5;27.6;5.98;0.0
1860.0;30.425;6.020000000000001;0.0
1861.5;29.55;3.5800000000000005;0.0
1863.0;28.125;4.24;0.0
1864.5;23.025;3.8600000000000003;0.0
1866.0;25.95;2.12;0.0
1867.5;25.725;2.0;0.0
1869.0;24.85;4.0600000000000005;0.0
1870.5;27.475;3.7000000000000006;0.0
1872.0;31.7;5.84;0.0
1873.5;30.225;2.7800000000000002;0.0
1875.0;31.875;2.44;0.0
1876.5;27.3;5.5;0.0
1878.0;31.1;1.26;0.0
1879.5;29.375;2.9200000000000004;0.0
1881.0;26.9;3.56;0.0
1882.5;28.25;2.7;0.0
1884.0;23.35;2.2600000000000002;0.0
1885.5;30.2;2.1;0.0
1887.0;28.55;2.06;0.0
1888.5;24.925;2.8800000000000003;0.0
1890.0;28.45;3.5200000000000005;0.0
1891.5;33.45;1.8400000000000003;0.0
1893.0;27.525;2.92;0.0
1894.5;27.825;3.72;0.0
1896.0;23.5;2.78;0.0
1897.5;27.325;4.86;0.0
1899.0;30.925;2.9200000000000004;0.0
1900.5;25.3;5.040000000000001;0.0
1902.0;28.125;1.38;0.0
1903.5;30.875;4.32;0.0
1905.0;26.625;2.78;0.0
1906.5;30.65;2.2;0.0
1908.0;24.95;3.78;0.0
1909.5;27.35;3.1800000000000006;0.0
1911.0;31.15;3.4;0.0
1912.5;25.95;4.3;0.0
1914.0;27.475;3.9200000000000004;0.0
1915.5;28.8;1.86;0.0
1917.0;29.95;2.0;0.0
1918.5;24.925;2.4400000000000004;0.0
1920.0;28.775;1.52;0.0
1921.5;31.625;2.32;0.0
1923.0;27.3;1.9;0.0
1924.5;29.125;2.6399999999999997;0.0
1926.0;26.75;4.700000000000001;0.0
1927.5;28.8;3.18;0.0
1929.0;25.525;3.1800000000000006;0.0
1930.5;33.825;2.32;0.0
1932.0;28.4;4.800000000000001;0.0
1933.5;29.825;3.7000000000000006;0.0
1935.0;29.0;5.92;0.0
1936.5;27.875;4.220000000000001;0.0
1938.0;27.725;5.12;0.0
1939.5;23.975;3.28;0.0
1941.0;24.05;5.16;0.0
1942.5;21.675;4.92;0.0
1944.0;27.425;2.44;0.0
1945.5;27.15;3.46;0.0
1947.0;29.0;2.2;0.0
1948.5;26.9;1.64;0.0
1950.0;25.425;2.8200000000000003;0.0
1951.5;27.875;2.9800000000000004;0.0
1953.0;29.075;3.6;0.0
1954.5;30.925;3.4;0.0
1956.0;24.5;3.1800000000000006;0.0
1957.5;32.9;3.5200000000000005;0.0
1959.0;26.225;1.52;0.0
1960.5;27.925;4.92;0.0
1962.0;29.45;5.960000000000001;0.0
1963.5;28.925;3.3200000000000003;0.0
1965.0;27.875;4.0600000000000005;0.0
1966.5;28.425;3.9800000000000004;0.0
1968.0;28.65;4.0600000000000005;0.0
1969.5;28.125;4.0600000000000005;0.0
1971.0;28.475;3.9799999999999995;0.0
1972.5;24.95;2.06;0.0
1974.0;32.225;3.2;0.0
1975.5;29.25;2.5599999999999996;0.0
1977.0;26.375;6.1000000000000005;0.0
1978.5;29.475;6.180000000000001;0.0
1980.0;30.1;5.0600000000000005;0.0
1981.5;27.4;3.0400000000000005;0.0
1983.0;25.8;3.3000000000000007;0.0
1984.5;32.925;2.12;0.0
1986.0;25.925;1.6;0.0
1987.5;29.025;4.8;0.0
1989.0;30.175;3.5800000000000005;0.0
1990.5;27.025;1.26;0.0
1992.0;21.125;1.06;0.0
1993.5;26.35;1.6600000000000001;0.0
1995.0;26.925;1.64;0.0
1996.5;26.2;1.06;0.0
1998.0;24.375;1.6;0.0
1999.5;23.25;1.26;0.0
2001.0;26.45;0.86;0.0
2002.5;27.0;0.26;0.0
2004.0;27.375;1.0;0.0
2005.5;31.425;2.8600000000000003;0.0
2007.0;28.85;0.72;0.0
2008.5;25.55;0.6;0.0
2010.0;26.775;1.46;0.0
2011.5;25.275;0.86;0.0
2013.0;22.05;0.86;0.0
2014.5;21.55;1.06;0.0
2016.0;26.425;3.4;0.0
2017.5;25.225;1.4;0.0
2019.0;28.8;1.9;0.0
2020.5;28.625;0.6;0.0
2022.0;25.575;1.8;0.0
2023.5;31.5;0.45999999999999996;0.0
2025.0;26.975;1.3199999999999998;0.0
2026.5;24.775;0.86;0.0
2028.0;24.55;1.06;0.0
2029.5;30.775;0.45999999999999996;0.0
2031.0;25.875;1.1199999999999999;0.0
2032.5;21.85;1.26;0.0
2034.0;22.7;0.6599999999999999;0.0
2035.5;24.725;3.3200000000000003;0.0
2037.0;27.0;0.9199999999999999;0.0
2038.5;26.65;0.4;0.0
2040.0;26.375;1.92;0.0
2041.5;23.9;1.2999999999999998;0.0
2043.0;31.175;0.9199999999999999;0.0
2044.5;27.425;1.2399999999999998;0.0
2046.0;24.8;1.52;0.0
2047.5;24.85;1.98;0.0
2049.0;24.25;1.3199999999999998;0.0
2050.5;31.05;2.5800000000000005;0.0
2052.0;32.275;2.0;0.0
2053.5;31.9;2.8;0.0
2055.0;26.625;4.48;0.0
2056.5;29.375;2.9200000000000004;0.0
2058.0;29.825;2.5;0.0
2059.5;25.95;3.8400000000000007;0.0
2061.0;29.275;2.9;0.0
2062.5;26.875;2.6400000000000006;0.0
2064.0;26.425;3.12;0.0
2065.5;28.7;1.38;0.0
2067.0;26.05;2.9800000000000004;0.0
2068.5;24.625;2.9200000000000004;0.0
2070.0;26.85;1.92;0.0
2071.5;30.675;2.9799999999999995;0.0
2073.0;27.75;4.5200000000000005;0.0
2074.5;21.875;2.7600000000000007;0.0
2076.0;25.725;3.8200000000000003;0.0
2077.5;24.65;3.5200000000000005;0.0
2079.0;27.35;3.5799999999999996;0.0
2080.5;28.425;5.28;0.0
2082.0;30.9;2.8600000000000003;0.0
2083.5;28.425;4.58;0.0
2085.0;27.8;4.08;0.0
2086.5;28.875;1.72;0.0
2088.0;29.075;3.3200000000000003;0.0
2089.5;26.375;3.2399999999999998;0.0
2091.0;31.125;2.44;0.0
2092.5;25.9;3.72;0.0
2094.0;29.725;1.92;0.0
2095.5;28.1;3.12;0.0
2097.0;31.1;1.8399999999999999;0.0
2098.5;25.6;2.1799999999999997;0.0
2100.0;31.25;4.92;0.0
2101.5;29.6;2.900000000000001;0.0
2103.0;26.85;3.3200000000000003;0.0
2104.5;28.525;3.06;0.0
2106.0;26.375;4.3;0.0
2107.5;25.6;3.7600000000000007;0.0
2109.0;23.925;4.1000000000000005;0.0
2110.5;24.525;0.4;0.0
2112.0;26.025;1.52;0.0
2113.5;26.225;1.3199999999999998;0.0
2115.0;26.875;2.0;0.0
2116.5;24.675;1.7200000000000002;0.0
2118.0;27.525;0.86;0.0
2119.5;24.875;1.06;0.0
2121.0;27.775;0.4;0.0
2122.5;26.325;0.72;0.0
2124.0;26.525;0.5199999999999999;0.0
2125.5;25.325;1.46;0.0
2127.0;27.05;1.7200000000000002;0.0
2128.5;25.025;0.8;0.0
2130.0;21.55;0.5199999999999999;0.0
2131.5;24.45;0.4;0.0
2133.0;22.175;2.12;0.0
2134.5;27.075;2.7199999999999998;0.0
2136.0;22.1;0.4;0.0
2137.5;26.075;1.5799999999999998;0.0
2139.0;27.95;1.38;0.0
2140.5;27.15;0.2;0.0
2142.0;25.75;1.8400000000000005;0.0
2143.5;26.15;0.7799999999999999;0.0
2145.0;25.1;0.72;0.0
2146.5;23.5;2.32;0.0
2148.0;27.95;0.9199999999999999;0.0
2149.5;24.225;1.2;0.0
2151.0;27.875;1.4;0.0
2152.5;27.425;2.78;0.0
2154.0;27.125;1.0;0.0
2155.5;22.475;0.6399999999999999;0.0
2157.0;26.55;0.86;0.0
2158.5;22.6;0.9799999999999999;0.0
2160.0;26.1;0.9199999999999999;0.0
2161.5;26.525;1.46;0.0
2163.0;28.975;0.8;0.0
2164.5;27.825;0.86;0.0
2166.0;29.475;1.2;0.0
2167.5;24.7;1.86;0.0
2169.0;27.8;0.4;0.0
2170.5;27.225;3.0400000000000005;0.0
2172.0;25.15;5.180000000000001;0.0
2173.5;27.3;3.12;0.0
2175.0;26.325;2.38;0.0
2176.5;27.8;7.5;0.0
2178.0;24.075;3.12;0.0
2179.5;28.725;4.98;0.0
2181.0;24.425;3.72;0.0
2182.5;23.55;8.199999999999998;0.0
2184.0;34.5;1.6;0.0
2185.5;29.275;4.24;0.0
2187.0;28.9;2.36;0.0
2188.5;31.4;4.92;0.0
2190.0;30.9;3.3200000000000003;0.0
2191.5;32.65;2.2000000000000006;0.0
2193.0;24.275;3.1800000000000006;0.0
2194.5;30.85;5.040000000000001;0.0
2196.0;25.0;0.0;0.0
2197.5;28.225;3.38;0.0
2199.0;26.95;13.26;0.0
2200.5;27.55;2.9200000000000004;0.0
2202.0;25.325;4.180000000000001;0.0
2203.5;31.1;3.0;0.0
2205.0;26.55;3.5800000000000005;0.0
2206.5;28.8;0.8;0.0
2208.0;27.9;5.78;0.0
2209.5;26.9;3.12;0.0
2211.0;27.425;2.2600000000000002;0.0
2212.5;24.55;4.28;0.0
2214.0;31.0;8.979999999999999;0.0
2215.5;28.575;2.52;0.0
2217.0;27.2;3.9200000000000004;0.0
2218.5;27.4;3.8800000000000012;0.0
2220.0;31.925;2.6;0.0
2221.5;28.075;5.1000000000000005;0.0
2223.0;28.725;2.9800000000000004;0.0
2224.5;23.35;4.9799999999999995;0.0
2226.0;30.275;5.6;0.0
2227.5;27.225;3.12;0.0
2229.0;27.675;4.300000000000001;0.0
2230.5;28.925;1.5599999999999998;0.0
2232.0;27.05;5.040000000000001;0.0
2233.5;26.65;2.8;0.0
2235.0;25.925;3.8400000000000007;0.0
2236.5;28.525;1.7799999999999998;0.0
2238.0;27.9;3.5200000000000005;0.0
2239.5;32.0;4.180000000000001;0.0
2241.0;22.475;3.3800000000000003;0.0
2242.5;30.775;4.960000000000001;0.0
2244.0;28.45;3.06;0.0
2245.5;27.075;3.3200000000000003;0.0
2247.0;26.425;3.4;0.0
2248.5;25.025;2.12;0.0
2250.0;28.6;1.92;0.0
2251.5;25.8;3.62;0.0
2253.0;29.525;4.46;0.0
2254.5;29.25;1.86;0.0
2256.0;28.275;1.52;0.0
2257.5;26.525;4.24;0.0
2259.0;30.475;2.06;0.0
2260.5;27.6;4.720000000000001;0.0
2262.0;24.375;3.66;0.0
2263.5;27.525;2.5799999999999996;0.0
2265.0;28.025;3.12;0.0
2266.5;28.375;2.5000000000000004;0.0
2268.0;27.9;3.9200000000000004;0.0
2269.5;25.25;2.8;0.0
2271.0;26.975;3.0200000000000005;0.0
2272.5;26.875;2.58;0.0
2274.0;26.275;1.1199999999999999;0.0
2275.5;25.225;2.72;0.0
2277.0;26.475;4.58;0.0
2278.5;30.875;1.9200000000000004;0.0
2280.0;28.35;1.86;0.0
2281.5;28.275;2.46;0.0
2283.0;26.825;2.2;0.0
2284.5;27.225;3.78;0.0
2286.0;26.6;1.2399999999999998;0.0
2287.5;27.5;2.2;0.0
2289.0;30.1;3.960000000000001;0.0
2290.5;27.2;2.2600000000000002;0.0
2292.0;29.35;5.12;0.0
2293.5;28.725;2.52;0.0
2295.0;32.525;2.5200000000000005;0.0
2296.5;30.725;2.2399999999999998;0.0
2298.0;28.6;2.2199999999999998;0.0
2299.5;27.6;2.3800000000000003;0.0
2301.0;30.425;2.52;0.0
2302.5;26.875;2.12;0.0
2304.0;29.225;2.12;0.0
2305.5;30.45;1.92;0.0
2307.0;24.625;3.4400000000000004;0.0
2308.5;26.15;2.3;0.0
2310.0;21.825;2.8600000000000003;0.0
2311.5;30.7;2.8600000000000003;0.0
2313.0;30.775;2.92;0.0
2314.5;31.125;2.06;0.0
2316.0;26.1;3.9;0.0
2317.5;30.675;2.46;0.0
2319.0;27.275;5.28;0.0
2320.5;28.775;3.6399999999999997;0.0
2322.0;30.2;4.16;0.0
2323.5;29.45;1.6;0.0
2325.0;25.65;4.98;0.0
2326.5;26.475;2.9200000000000004;0.0
2328.0;28.8;3.12;0.0
2329.5;28.85;5.420000000000001;0.0
2331.0;29.1;4.26;0.0
2332.5;28.45;2.9200000000000004;0.0
2334.0;33.075;1.72;0.0
2335.5;32.15;4.32;0.0
2337.0;23.45;1.26;0.0
2338.5;25.975;3.2;0.0
2340.0;26.425;1.5799999999999998;0.0
2341.5;28.875;1.5799999999999998;0.0
2343.0;26.925;3.0200000000000005;0.0
2344.5;26.5;1.64;0.0
2346.0;27.075;2.9200000000000004;0.0
2347.5;29.6;4.24;0.0
2349.0;28.85;1.9200000000000004;0.0
2350.5;30.0;2.72;0.0
2352.0;27.375;0.26;0.0
2353.5;28.55;3.9800000000000004;0.0
2355.0;31.875;2.32;0.0
2356.5;29.35;2.96;0.0
2358.0;30.125;2.66;0.0
2359.5;27.125;2.66;0.0
2361.0;24.2;3.820000000000001;0.0
2362.5;28.775;3.6;0.0
2364.0;27.175;2.84;0.0
2365.5;26.45;2.58;0.0
2367.0;25.95;1.3199999999999998;0.0
2368.5;24.1;4.0200000000000005;0.0
2370.0;29.225;1.7;0.0
2371.5;27.425;2.2600000000000002;0.0
2373.0;26.475;3.3;0.0
2374.5;26.975;1.3199999999999998;0.0
2376.0;24.475;1.52;0.0
2377.5;26.825;4.0;0.0
2379.0;26.275;3.3200000000000003;0.0
2380.5;27.325;5.58;0.0
2382.0;30.175;1.2;0.0
2383.5;26.775;2.2600000000000002;0.0
2385.0;30.9;2.32;0.0
2386.5;27.675;3.3200000000000003;0.0
2388.0;31.525;1.46;0.0
2389.5;27.85;3.560000000000001;0.0
2391.0;26.775;2.8600000000000003;0.0
2392.5;32.575;1.3199999999999998;0.0
2394.0;23.975;3.2400000000000007;0.0
2395.5;28.575;2.8;0.0
2397.0;27.95;4.26;0.0
2398.5;28.125;4.32;0.0
2400.0;27.85;3.44;0.0
2401.5;23.575;2.9800000000000004;0.0
2403.0;25.475;5.28;0.0
2404.5;28.425;3.3200000000000003;0.0
2406.0;26.675;2.9800000000000004;0.0
2407.5;27.525;2.4;0.0
2409.0;27.475;3.6400000000000006;0.0
2410.5;28.35;4.58;0.0
2412.0;26.075;0.8;0.0
2413.5;24.15;2.44;0.0
2415.0;26.475;6.1;0.0
2416.5;28.675;1.7600000000000002;0.0
2418.0;27.625;1.64;0.0
2419.5;29.95;2.12;0.0
2421.0;29.375;3.0;0.0
2422.5;30.0;3.44;0.0
2424.0;29.5;3.3600000000000003;0.0
2425.5;27.975;3.7800000000000002;0.0
2427.0;27.925;3.3000000000000007;0.0
2428.5;26.25;3.8600000000000003;0.0
2430.0;30.075;3.46;0.0
2431.5;31.225;3.6;0.0
2433.0;28.775;2.72;0.0
2434.5;26.175;3.66;0.0
2436.0;26.875;1.7799999999999998;0.0
2437.5;27.725;3.04;0.0
2439.0;26.525;6.32;0.0
2440.5;27.9;4.180000000000001;0.0
2442.0;27.2;3.4400000000000004;0.0
2443.5;25.25;1.2399999999999998;0.0
2445.0;31.825;3.0;0.0
2446.5;30.9;4.0600000000000005;0.0
2448.0;28.95;3.0;0.0
2449.5;26.725;5.32;0.0
2451.0;26.35;3.3800000000000003;0.0
2452.5;27.425;6.1;0.0
2454.0;27.775;2.2;0.0
2455.5;26.9;1.6600000000000001;0.0
2457.0;26.825;3.06;0.0
2458.5;27.175;0.86;0.0
2460.0;27.05;2.0;0.0
2461.5;26.025;5.86;0.0
2463.0;28.3;3.12;0.0
2464.5;20.9;4.7;0.0
2466.0;26.2;1.4;0.0
2467.5;30.55;2.7600000000000002;0.0
2469.0;27.275;2.8600000000000003;0.0
2470.5;32.45;2.96;0.0
2472.0;33.525;3.9200000000000004;0.0
2473.5;24.85;3.4400000000000004;0.0
2475.0;24.2;2.9;0.0
2476.5;24.225;1.3;0.0
2478.0;25.3;4.12;0.0
2479.5;23.375;2.58;0.0
2481.0;21.675;2.66;0.0
2482.5;28.2;3.2800000000000002;0.0
2484.0;26.775;2.98;0.0
2485.5;25.325;1.86;0.0
2487.0;23.6;3.66;0.0
2488.5;21.7;3.5200000000000005;0.0
2490.0;23.8;1.6;0.0
2491.5;24.15;3.5200000000000005;0.0
2493.0;24.5;4.500000000000001;0.0
2494.5;20.325;5.180000000000001;0.0
2496.0;23.8;2.7600000000000002;0.0
2497.5;24.125;0.6599999999999999;0.0
2499.0;28.05;2.58;0.0
2500.5;22.0;3.020000000000001;0.0
2502.0;24.975;3.78;0.0
2503.5;21.675;2.7800000000000002;0.0
2505.0;27.2;2.1800000000000006;0.0
2506.5;30.075;4.5200000000000005;0.0
2508.0;28.425;2.2400000000000007;0.0
2509.5;22.975;4.98;0.0
2511.0;25.475;3.06;0.0
2512.5;26.15;2.8;0.0
2514.0;28.3;2.1;0.0
2515.5;22.1;3.8600000000000003;0.0
2517.0;28.725;3.18;0.0
2518.5;28.525;2.7199999999999998;0.0
2520.0;24.8;2.52;0.0
2521.5;27.45;2.52;0.0
2523.0;22.05;3.18;0.0
2524.5;22.75;4.640000000000001;0.0
2526.0;20.075;2.7;0.0
2527.5;20.9;1.44;0.0
2529.0;24.425;1.06;0.0
2530.5;27.275;5.86;0.0
2532.0;24.625;3.72;0.0
2533.5;28.1;4.840000000000001;0.0
2535.0;26.925;3.9799999999999995;0.0
2536.5;23.975;4.58;0.0
2538.0;29.175;3.9799999999999995;0.0
2539.5;28.875;9.539999999999997;0.0
2541.0;26.9;2.92;0.0
2542.5;30.65;5.26;0.0
2544.0;29.225;3.4200000000000004;0.0
2545.5;26.95;3.9200000000000004;0.0
2547.0;26.55;3.6400000000000006;0.0
2548.5;27.3;4.5200000000000005;0.0
2550.0;24.3;5.6;0.0
2551.5;24.85;4.58;0.0
2553.0;24.225;3.3200000000000003;0.0
2554.5;29.95;4.46;0.0
2556.0;25.65;4.360000000000001;0.0
2557.5;28.5;7.239999999999999;0.0
2559.0;27.775;2.900000000000001;0.0
2560.5;29.375;2.3200000000000003;0.0
2562.0;29.875;2.2400000000000007;0.0
2563.5;27.725;6.26;0.0
2565.0;30.575;3.6;0.0
2566.5;25.575;3.46;0.0
2568.0;29.8;2.04;0.0
2569.5;32.3;4.4;0.0
2571.0;27.925;5.640000000000001;0.0
2572.5;32.25;1.8399999999999999;0.0
2574.0;25.95;1.6;0.0
2575.5;27.4;3.560000000000001;0.0
2577.0;26.725;3.7800000000000002;0.0
2578.5;29.975;3.2600000000000002;0.0
2580.0;25.05;3.9200000000000004;0.0
2581.5;26.925;3.04;0.0
2583.0;22.6;3.8400000000000007;0.0
2584.5;25.05;6.04;0.0
2586.0;28.825;5.1000000000000005;0.0
2587.5;27.25;4.66;0.0
2589.0;28.475;5.2;0.0
2590.5;28.225;4.32;0.0
2592.0;28.225;4.5600000000000005;0.0
2593.5;26.825;3.6000000000000014;0.0
2595.0;24.75;1.06;0.0
2596.5;28.125;2.46;0.0
2598.0;25.1;5.720000000000001;0.0
2599.5;26.85;5.44;0.0
2601.0;24.5;4.12;0.0
2602.5;26.925;2.4;0.0
2604.0;29.475;2.92;0.0
2605.5;28.225;3.12;0.0
2607.0;28.825;3.5800000000000005;0.0
2608.5;24.625;2.5800000000000005;0.0
2610.0;29.375;1.6600000000000001;0.0
2611.5;26.85;2.4;0.0
2613.0;26.325;4.180000000000001;0.0
2614.5;26.75;2.0;0.0
2616.0;31.775;1.8;0.0
2617.5;27.95;4.500000000000001;0.0
2619.0;30.15;3.8600000000000003;0.0
2620.5;28.325;1.9799999999999998;0.0
2622.0;25.4;4.180000000000001;0.0
2623.5;27.725;2.44;0.0
2625.0;29.6;1.0;0.0
2626.5;28.675;2.500000000000001;0.0
2628.0;27.425;2.2600000000000002;0.0
2629.5;26.875;2.9;0.0
2631.0;27.8;1.7200000000000002;0.0
2632.5;31.275;2.9800000000000004;0.0
2634.0;23.925;4.040000000000001;0.0
2635.5;28.9;2.960000000000001;0.0
2637.0;25.25;4.7;0.0
2638.5;31.375;4.3;0.0
2640.0;29.675;2.1800000000000006;0.0
2641.5;29.175;1.8399999999999999;0.0
2643.0;28.5;2.8;0.0
2644.5;24.825;1.72;0.0
2646.0;23.75;5.0;0.0
2647.5;26.05;3.7399999999999998;0.0
2649.0;26.05;1.6;0.0
2650.5;29.475;3.5800000000000005;0.0
2652.0;31.175;2.46;0.0
2653.5;26.125;3.6400000000000006;0.0
2655.0;27.3;5.0200000000000005;0.0
2656.5;27.65;0.8399999999999999;0.0
2658.0;27.65;4.1;0.0
2659.5;29.35;4.220000000000001;0.0
2661.0;26.85;7.640000000000001;0.0
2662.5;27.225;0.0;0.0
2664.0;28.85;3.18;0.0
2665.5;29.775;3.62;0.0
2667.0;26.825;4.78;0.0
2668.5;28.125;7.359999999999999;0.0
2670.0;24.05;2.06;0.0
2671.5;23.925;5.220000000000001;0.0
2673.0;24.85;4.92;0.0
2674.5;31.1;5.78;0.0
2676.0;27.5;2.16;0.0
2677.5;30.75;5.32;0.0
2679.0;30.5;4.180000000000001;0.0
2680.5;30.15;4.4399999999999995;0.0
2682.0;30.55;3.0200000000000005;0.0
2683.5;28.35;4.04;0.0
2685.0;28.725;2.66;0.0
2686.5;29.1;0.9199999999999999;0.0
2688.0;29.225;5.960000000000001;0.0
2689.5;31.9;3.3800000000000003;0.0
2691.0;25.7;3.3800000000000003;0.0
2692.5;27.975;3.12;0.0
2694.0;22.45;2.9200000000000004;0.0
2695.5;27.325;2.1799999999999997;0.0
2697.0;25.075;2.7800000000000002;0.0
2698.5;30.475;5.5;0.0
2700.0;26.725;4.700000000000001;0.0
2701.5;25.65;5.92;0.0
2703.0;29.25;2.9799999999999995;0.0
2704.5;30.75;3.66;0.0
2706.0;26.225;3.16;0.0
2707.5;30.0;2.8600000000000003;0.0
2709.0;27.85;5.98;0.0
2710.5;29.7;3.72;0.0
2712.0;24.875;3.4400000000000004;0.0
2713.5;31.075;3.0200000000000005;0.0
2715.0;25.65;2.2600000000000002;0.0
2716.5;26.525;1.5799999999999998;0.0
2718.0;26.3;1.1199999999999999;0.0
2719.5;27.275;2.7199999999999998;0.0
2721.0;30.4;1.46;0.0
2722.5;26.625;3.1800000000000006;0.0
2724.0;23.85;3.5;0.0
2725.5;25.5;3.56;0.0
2727.0;33.625;1.26;0.0
2728.5;26.95;3.2600000000000002;0.0
2730.0;30.05;2.5;0.0
2731.5;26.025;4.5600000000000005;0.0
2733.0;30.325;3.3;0.0
2734.5;25.225;4.32;0.0
2736.0;30.1;1.6600000000000001;0.0
2737.5;30.4;4.5600000000000005;0.0
2739.0;30.075;4.680000000000001;0.0
2740.5;26.425;3.44;0.0
2742.0;29.8;3.7;0.0
2743.5;24.975;3.44;0.0
2745.0;29.275;3.5200000000000005;0.0
2746.5;23.525;3.420000000000001;0.0
2748.0;26.375;1.6;0.0
2749.5;28.475;2.7800000000000002;0.0
2751.0;30.0;4.840000000000001;0.0
2752.5;25.575;3.62;0.0
2754.0;26.175;3.5200000000000005;0.0
2755.5;27.025;3.3200000000000003;0.0
2757.0;26.825;2.52;0.0
2758.5;24.025;0.7599999999999999;0.0
2760.0;30.975;2.9;0.0
2761.5;25.875;4.04;0.0
2763.0;29.95;3.22;0.0
2764.5;27.45;4.160000000000001;0.0
2766.0;29.8;2.44;0.0
2767.5;25.125;3.3000000000000007;0.0
2769.0;26.725;4.66;0.0
2770.5;27.95;3.12;0.0
2772.0;25.95;3.2400000000000007;0.0
2773.5;21.075;2.7800000000000002;0.0
2775.0;21.8;4.180000000000001;0.0
2776.5;23.65;3.12;0.0
2778.0;26.8;4.2;0.0
2779.5;24.45;3.1600000000000006;0.0
2781.0;26.575;2.9800000000000004;0.0
2782.5;25.525;4.78;0.0
2784.0;24.975;4.220000000000001;0.0
2785.5;26.3;4.040000000000001;0.0
2787.0;23.325;5.46;0.0
2788.5;20.95;4.78;0.0
2790.0;21.225;1.8;0.0
2791.5;25.25;5.0600000000000005;0.0
2793.0;23.475;2.5800000000000005;0.0
2794.5;23.2;4.180000000000001;0.0
2796.0;24.375;3.8200000000000003;0.0
2797.5;21.875;4.960000000000001;0.0
2799.0;24.85;3.12;0.0
2800.5;23.825;4.720000000000001;0.0
2802.0;20.375;0.6599999999999999;0.0
2803.5;23.9;4.24;0.0
2805.0;26.4;2.72;0.0
2806.5;21.175;4.26;0.0
2808.0;24.875;2.6400000000000006;0.0
2809.5;28.025;3.4;0.0
2811.0;26.45;4.5200000000000005;0.0
2812.5;22.575;4.24;0.0
2814.0;27.95;2.9200000000000004;0.0
2815.5;22.925;3.4400000000000004;0.0
2817.0;26.775;3.5200000000000005;0.0
2818.5;27.075;4.5600000000000005;0.0
2820.0;23.625;4.86;0.0
2821.5;24.25;4.5;0.0
2823.0;25.05;1.9;0.0
2824.5;32.3;1.92;0.0
2826.0;25.8;1.86;0.0
2827.5;22.65;4.1;0.0
2829.0;24.65;3.5;0.0
2830.5;24.975;1.72;0.0
2832.0;25.775;3.2399999999999998;0.0
2833.5;27.8;3.4;0.0
2835.0;30.975;4.0600000000000005;0.0
2836.5;25.225;3.2;0.0
2838.0;25.675;3.4200000000000004;0.0
2839.5;28.2;4.5200000000000005;0.0
2841.0;29.825;2.5200000000000005;0.0
2842.5;27.85;3.4800000000000004;0.0
2844.0;28.4;4.1;0.0
2845.5;29.025;3.62;0.0
2847.0;29.0;2.4;0.0
2848.5;25.1;4.86;0.0
2850.0;32.825;2.7199999999999998;0.0
2851.5;29.575;5.0600000000000005;0.0
2853.0;30.25;3.9200000000000004;0.0
2854.5;25.775;1.86;0.0
2856.0;30.175;4.58;0.0
2857.5;31.6;0.8;0.0
2859.0;27.275;3.72;0.0
2860.5;30.975;4.680000000000001;0.0
2862.0;26.725;2.2400000000000007;0.0
2863.5;29.95;2.8400000000000007;0.0
2865.0;28.125;1.9799999999999998;0.0
2866.5;31.1;4.720000000000001;0.0
2868.0;27.25;5.720000000000001;0.0
2869.5;27.4;4.12;0.0
2871.0;31.425;4.12;0.0
2872.5;21.85;4.960000000000001;0.0
2874.0;25.65;3.3200000000000003;0.0
2875.5;27.3;3.6;0.0
2877.0;28.75;4.3;0.0
2878.5;21.975;3.96;0.0
2880.0;25.8;4.12;0.0
2881.5;30.65;4.180000000000001;0.0
2883.0;30.35;3.3;0.0
2884.5;25.45;5.180000000000001;0.0
2886.0;30.775;4.36;0.0
2887.5;29.6;3.22;0.0
2889.0;27.875;5.12;0.0
2890.5;28.375;1.18;0.0
2892.0;27.375;4.12;0.0
2893.5;24.55;0.0;0.0
2895.0;29.3;2.7199999999999998;0.0
2896.5;27.025;3.5799999999999996;0.0
2898.0;30.25;7.5200000000000005;0.0
2899.5;25.275;4.94;0.0
2901.0;26.25;3.2600000000000002;0.0
2902.5;25.425;3.12;0.0
2904.0;27.65;1.2399999999999998;0.0
2905.5;24.925;2.6;0.0
2907.0;27.6;6.4;0.0
2908.5;27.3;4.4399999999999995;0.0
2910.0;24.925;4.86;0.0
2911.5;27.75;7.2;0.0
2913.0;25.425;5.16;0.0
2914.5;26.575;3.8;0.0
2916.0;28.45;6.960000000000001;0.0
2917.5;27.5;5.78;0.0
2919.0;27.0;2.06;0.0
2920.5;27.625;2.58;0.0
2922.0;26.2;3.8600000000000003;0.0
2923.5;28.15;3.38;0.0
2925.0;26.95;2.8600000000000003;0.0
2926.5;30.25;3.7;0.0
2928.0;28.675;4.5200000000000005;0.0
2929.5;28.275;1.7799999999999998;0.0
2931.0;28.5;3.84;0.0
2932.5;26.575;2.78;0.0
2934.0;26.375;3.8;0.0
2935.5;27.225;3.2399999999999998;0.0
2937.0;30.425;3.6399999999999997;0.0
2938.5;25.25;4.380000000000001;0.0
2940.0;26.45;3.46;0.0
2941.5;28.9;3.12;0.0
2943.0;26.9;2.6399999999999997;0.0
2944.5;25.925;2.2600000000000002;0.0
2946.0;27.725;2.7199999999999998;0.0
2947.5;27.425;3.06;0.0
2949.0;31.275;2.5800000000000005;0.0
2950.5;25.025;5.819999999999999;0.0
2952.0;26.95;5.720000000000001;0.0
2953.5;27.725;5.5;0.0
2955.0;24.8;4.040000000000001;0.0
2956.5;29.6;4.280000000000001;0.0
2958.0;26.55;4.360000000000001;0.0
2959.5;29.225;4.9;0.0
2961.0;29.975;3.9200000000000004;0.0
2962.5;32.775;6.0600000000000005;0.0
2964.0;23.675;2.8;0.0
2965.5;25.9;3.7600000000000007;0.0
2967.0;21.65;4.98;0.0
2968.5;27.475;5.040000000000001;0.0
2970.0;24.2;1.5799999999999998;0.0
2971.5;25.275;3.8;0.0
2973.0;26.625;2.96;0.0
2974.5;27.4;3.22;0.0
2976.0;29.325;1.9799999999999998;0.0
2977.5;23.925;3.06;0.0
2979.0;29.45;1.4999999999999998;0.0
2980.5;25.425;3.3;0.0
2982.0;27.675;2.2399999999999998;0.0
2983.5;25.525;3.7600000000000007;0.0
2985.0;26.8;2.1000000000000005;0.0
2986.5;27.05;4.300000000000001;0.0
2988.0;27.275;4.38;0.0
2989.5;27.2;4.84;0.0
2991.0;32.125;2.3;0.0
2992.5;28.25;3.46;0.0
2994.0;28.375;5.26;0.0
2995.5;31.4;4.300000000000001;0.0
2997.0;23.725;3.9800000000000004;0.0
2998.5;25.075;1.92;0.0
3000.0;28.1;4.680000000000001;0.0
3001.5;25.325;3.2600000000000002;0.0
3003.0;26.55;2.9799999999999995;0.0
3004.5;24.25;3.9;0.0
3006.0;24.775;5.26;0.0
3007.5;26.55;4.0600000000000005;0.0
3009.0;30.475;4.180000000000001;0.0
3010.5;32.575;4.300000000000001;0.0
3012.0;28.7;2.3;0.0
3013.5;27.75;4.12;0.0
3015.0;28.35;4.620000000000001;0.0
3016.5;26.25;1.6;0.0
3018.0;24.85;3.7000000000000006;0.0
3019.5;24.825;4.220000000000001;0.0
3021.0;26.75;3.3200000000000003;0.0
3022.5;28.9;4.720000000000001;0.0
3024.0;26.775;3.6400000000000006;0.0
3025.5;27.1;8.22;0.0
3027.0;26.575;3.6;0.0
3028.5;32.475;3.9200000000000004;0.0
3030.0;23.45;7.7;0.0
3031.5;26.375;5.180000000000001;0.0
3033.0;25.05;2.1800000000000006;0.0
3034.5;30.575;4.58;0.0
3036.0;25.75;6.0600000000000005;0.0
3037.5;28.1;3.0400000000000005;0.0
3039.0;31.0;3.06;0.0
3040.5;27.45;3.6399999999999997;0.0
3042.0;28.075;5.0600000000000005;0.0
3043.5;27.475;4.46;0.0
3045.0;28.025;3.5;0.0
3046.5;26.35;3.1799999999999997;0.0
3048.0;24.025;5.42;0.0
3049.5;27.575;2.7;0.0
3051.0;23.9;2.3800000000000003;0.0
3052.5;25.0;4.8;0.0
3054.0;25.875;7.62;0.0
3055.5;25.325;4.4399999999999995;0.0
3057.0;27.15;6.859999999999999;0.0
3058.5;26.875;3.66;0.0
3060.0;29.55;3.2399999999999998;0.0
3061.5;27.025;3.1800000000000006;0.0
3063.0;22.3;2.3200000000000003;0.0
3064.5;23.975;4.32;0.0
3066.0;22.35;2.6399999999999997;0.0
3067.5;29.4;9.52;0.0
3069.0;28.425;2.3;0.0
3070.5;26.65;0.86;0.0
3072.0;27.975;5.360000000000001;0.0
3073.5;22.625;3.7;0.0
3075.0;27.975;2.4;0.0
3076.5;22.3;2.96;0.0
3078.0;24.925;2.66;0.0
3079.5;29.475;2.9200000000000004;0.0
3081.0;30.475;1.9799999999999998;0.0
3082.5;25.95;3.3599999999999994;0.0
3084.0;28.975;4.300000000000001;0.0
3085.5;27.825;0.45999999999999996;0.0
3087.0;27.9;1.86;0.0
3088.5;21.45;1.46;0.0
3090.0;22.175;4.32;0.0
3091.5;27.275;5.16;0.0
3093.0;30.55;3.1800000000000006;0.0
3094.5;26.175;4.66;0.0
3096.0;25.125;2.44;0.0
3097.5;26.65;3.12;0.0
3099.0;29.25;3.5;0.0
3100.5;30.525;4.08;0.0
3102.0;25.5;2.8600000000000003;0.0
3103.5;27.8;3.220000000000001;0.0
3105.0;29.075;3.72;0.0
3106.5;27.5;3.8400000000000007;0.0
3108.0;29.8;3.2;0.0
3109.5;26.9;1.26;0.0
3111.0;24.925;3.5;0.0
3112.5;29.1;2.56;0.0
3114.0;30.075;3.9799999999999995;0.0
3115.5;26.5;1.0;0.0
3117.0;28.0;3.3200000000000003;0.0
3118.5;28.775;2.5799999999999996;0.0
3120.0;27.05;2.6400000000000006;0.0
3121.5;27.875;1.92;0.0
3123.0;28.95;3.9200000000000004;0.0
3124.5;29.5;3.6;0.0
3126.0;31.025;4.26;0.0
3127.5;23.075;5.1;0.0
3129.0;24.25;3.3200000000000003;0.0
3130.5;29.325;4.7;0.0
3132.0;24.675;3.7;0.0
3133.5;28.05;2.2600000000000002;0.0
3135.0;22.0;1.18;0.0
3136.5;18.575;5.86;0.0
3138.0;24.925;1.7799999999999998;0.0
3139.5;25.125;5.7;0.0
3141.0;27.375;4.16;0.0
3142.5;25.625;4.2;0.0
3144.0;23.375;3.5200000000000005;0.0
3145.5;23.05;3.1;0.0
3147.0;22.8;4.5200000000000005;0.0
3148.5;24.15;2.3800000000000003;0.0
3150.0;27.15;1.86;0.0
3151.5;24.85;2.04;0.0
3153.0;25.025;3.3200000000000003;0.0
3154.5;29.125;3.5800000000000005;0.0
3156.0;24.95;1.7;0.0
3157.5;24.5;4.5200000000000005;0.0
3159.0;26.625;3.4;0.0
3160.5;22.3;3.8400000000000007;0.0
3162.0;23.375;2.8600000000000003;0.0
3163.5;26.2;2.0;0.0
3165.0;25.35;3.5800000000000005;0.0
3166.5;24.55;3.1;0.0
3168.0;29.525;2.06;0.0
3169.5;23.45;3.7000000000000006;0.0
3171.0;20.7;1.86;0.0
3172.5;24.25;3.220000000000001;0.0
3174.0;26.4;1.7799999999999998;0.0
3175.5;28.725;3.22;0.0
3177.0;28.175;2.2;0.0
3178.5;24.425;2.92;0.0
3180.0;28.275;2.8400000000000003;0.0
3181.5;22.525;2.8;0.0
3183.0;22.4;2.0199999999999996;0.0
3184.5;26.6;3.900000000000001;0.0
3186.0;24.6;3.9200000000000004;0.0
3187.5;23.75;3.2600000000000002;0.0
3189.0;25.35;4.9799999999999995;0.0
3190.5;25.75;3.8600000000000003;0.0
3192.0;27.3;2.66;0.0
3193.5;23.55;2.1800000000000006;0.0
3195.0;25.575;2.9800000000000004;0.0
3196.5;26.85;2.6;0.0
3198.0;24.325;1.8;0.0
3199.5;25.2;1.7799999999999998;0.0
3201.0;26.925;3.3800000000000003;0.0
3202.5;22.675;2.4;0.0
3204.0;25.825;2.8;0.0
3205.5;30.825;3.2;0.0
3207.0;27.1;2.66;0.0
3208.5;26.4;3.12;0.0
3210.0;28.825;3.2399999999999998;0.0
3211.5;24.75;2.2600000000000002;0.0
3213.0;24.2;4.0600000000000005;0.0
3214.5;24.775;4.220000000000001;0.0
3216.0;25.675;2.1;0.0
3217.5;26.9;7.12;0.0
3219.0;26.25;4.5;0.0
3220.5;26.85;1.8;0.0
3222.0;23.525;1.52;0.0
3223.5;27.425;4.32;0.0
3225.0;28.15;1.9;0.0
3226.5;23.475;3.1;0.0
3228.0;27.8;3.9200000000000004;0.0
3229.5;25.425;3.2400000000000007;0.0
3231.0;24.1;5.380000000000001;0.0
3232.5;25.25;3.12;0.0
3234.0;24.05;3.9799999999999995;0.0
3235.5;22.3;4.08;0.0
3237.0;27.75;3.0400000000000005;0.0
3238.5;23.725;2.32;0.0
3240.0;22.075;3.06;0.0
3241.5;21.875;3.3200000000000003;0.0
3243.0;23.975;2.84;0.0
3244.5;23.95;2.2600000000000002;0.0
3246.0;23.85;2.72;0.0
3247.5;24.925;3.2600000000000002;0.0
3249.0;27.325;3.5200000000000005;0.0
3250.5;24.25;2.44;0.0
3252.0;28.8;3.9200000000000004;0.0
3253.5;27.1;3.8600000000000003;0.0
3255.0;25.3;4.66;0.0
3256.5;26.6;3.5200000000000005;0.0
3258.0;27.725;5.960000000000001;0.0
3259.5;30.25;1.7799999999999998;0.0
3261.0;30.225;1.6600000000000001;0.0
3262.5;27.275;3.12;0.0
3264.0;29.375;2.98;0.0
3265.5;24.225;4.08;0.0
3267.0;29.475;3.3800000000000003;0.0
3268.5;24.175;4.12;0.0
3270.0;27.275;3.0400000000000005;0.0
3271.5;26.825;1.92;0.0
3273.0;25.525;3.84;0.0
3274.5;25.325;5.42;0.0
3276.0;33.2;2.7800000000000002;0.0
3277.5;29.825;4.3;0.0
3279.0;26.65;3.1800000000000006;0.0
3280.5;25.975;2.2600000000000002;0.0
3282.0;28.025;1.06;0.0
3283.5;29.275;4.340000000000001;0.0
3285.0;27.675;1.46;0.0
3286.5;27.75;5.160000000000001;0.0
3288.0;27.75;3.1800000000000006;0.0
3289.5;29.25;2.4;0.0
3291.0;30.2;3.0800000000000005;0.0
3292.5;29.175;2.38;0.0
3294.0;26.475;3.38;0.0
3295.5;25.4;4.0600000000000005;0.0
3297.0;25.225;2.52;0.0
3298.5;30.55;3.04;0.0
3300.0;29.075;2.92;0.0
3301.5;31.725;1.9799999999999998;0.0
3303.0;26.2;2.66;0.0
3304.5;27.7;5.300000000000001;0.0
3306.0;25.7;2.38;0.0
3307.5;30.95;2.16;0.0
3309.0;30.0;1.46;0.0
3310.5;32.625;0.6;0.0
3312.0;27.575;2.3200000000000003;0.0
3313.5;25.575;1.6;0.0
3315.0;26.0;0.8;0.0
3316.5;25.65;2.2600000000000002;0.0
3318.0;25.4;0.4;0.0
3319.5;25.225;0.26;0.0
3321.0;25.975;0.8;0.0
3322.5;29.7;1.8;0.0
3324.0;25.725;0.45999999999999996;0.0
3325.5;26.175;0.8;0.0
3327.0;29.55;0.8;0.0
3328.5;21.075;1.3199999999999998;0.0
3330.0;28.625;1.86;0.0
3331.5;27.2;1.2;0.0
3333.0;24.625;0.6599999999999999;0.0
3334.5;27.25;1.8;0.0
3336.0;27.4;0.86;0.0
3337.5;23.8;0.9199999999999999;0.0
3339.0;24.875;1.7;0.0
3340.5;24.475;0.7799999999999999;0.0
3342.0;27.9;3.9800000000000004;0.0
3343.5;24.75;0.6;0.0
3345.0;26.175;1.86;0.0
3346.5;28.025;1.18;0.0
3348.0;20.775;1.0;0.0
3349.5;28.025;0.4;0.0
3351.0;25.5;1.26;0.0
3352.5;23.725;1.06;0.0
3354.0;25.425;1.0;0.0
3355.5;20.625;0.9199999999999999;0.0
3357.0;20.15;1.7799999999999998;0.0
3358.5;24.55;1.6;0.0
3360.0;26.35;1.2;0.0
3361.5;22.55;1.58;0.0
3363.0;23.85;1.7799999999999998;0.0
3364.5;25.825;1.46;0.0
3366.0;26.65;1.4;0.0
3367.5;23.65;0.8399999999999999;0.0
3369.0;25.2;1.0;0.0
3370.5;24.7;1.7600000000000002;0.0
3372.0;27.45;3.2400000000000007;0.0
3373.5;24.35;5.640000000000001;0.0
3375.0;28.4;4.24;0.0
3376.5;28.25;1.9799999999999998;0.0
3378.0;25.35;2.8600000000000003;0.0
3379.5;32.3;6.76;0.0
3381.0;22.9;4.84;0.0
3382.5;26.025;4.0;0.0
3384.0;27.725;2.56;0.0
3385.5;27.4;5.700000000000001;0.0
3387.0;28.45;2.44;0.0
3388.5;25.775;2.7800000000000002;0.0
3390.0;24.65;3.0400000000000005;0.0
3391.5;26.15;4.180000000000001;0.0
3393.0;23.775;5.5200000000000005;0.0
3394.5;28.45;4.44;0.0
3396.0;27.475;3.620000000000001;0.0
3397.5;27.1;2.2600000000000002;0.0
3399.0;26.075;3.46;0.0
3400.5;27.775;5.32;0.0
3402.0;27.45;2.78;0.0
3403.5;28.925;4.94;0.0
3405.0;29.0;5.300000000000001;0.0
3406.5;30.3;3.2399999999999998;0.0
3408.0;27.25;1.92;0.0
3409.5;27.9;4.12;0.0
3411.0;31.125;2.0200000000000005;0.0
3412.5;27.925;4.380000000000001;0.0
3414.0;28.725;5.58;0.0
3415.5;29.0;1.26;0.0
3417.0;30.05;3.3800000000000003;0.0
3418.5;28.325;5.760000000000001;0.0
3420.0;30.25;5.220000000000001;0.0
3421.5;24.125;4.5;0.0
3423.0;24.825;3.6;0.0
3424.5;27.35;2.46;0.0
3426.0;25.725;3.3600000000000003;0.0
3427.5;27.8;3.72;0.0
3429.0;27.625;3.1;0.0
3430.5;25.775;1.26;0.0
3432.0;26.525;2.12;0.0
3433.5;26.05;1.86;0.0
3435.0;26.725;0.7799999999999999;0.0
3436.5;26.575;1.2;0.0
3438.0;25.2;2.12;0.0
3439.5;26.425;1.1199999999999999;0.0
3441.0;28.225;1.06;0.0
3442.5;23.675;2.3800000000000003;0.0
3444.0;22.8;0.6;0.0
3445.5;24.575;0.9199999999999999;0.0
3447.0;28.5;1.6;0.0
3448.5;30.85;1.26;0.0
3450.0;26.85;1.46;0.0
3451.5;21.825;1.8;0.0
3453.0;25.025;0.9799999999999999;0.0
3454.5;24.8;1.8;0.0
3456.0;25.05;1.46;0.0
3457.5;25.675;0.26;0.0
3459.0;22.9;2.4;0.0
3460.5;24.775;0.45999999999999996;0.0
3462.0;21.075;1.26;0.0
3463.5;24.35;0.45999999999999996;0.0
3465.0;27.025;1.78;0.0
3466.5;21.85;1.92;0.0
3468.0;22.125;1.4;0.0
3469.5;25.825;1.6;0.0
3471.0;27.1;1.4;0.0
3472.5;24.475;0.38;0.0
3474.0;25.75;1.0;0.0
3475.5;24.95;0.6599999999999999;0.0
3477.0;25.6;2.2400000000000007;0.0
3478.5;24.75;1.3199999999999998;0.0
3480.0;28.175;0.5199999999999999;0.0
3481.5;24.95;1.86;0.0
3483.0;27.875;0.06;0.0
3484.5;26.2;0.45999999999999996;0.0
3486.0;23.925;1.0;0.0
3487.5;27.8;1.06;0.0
3489.0;24.225;0.6599999999999999;0.0
3490.5;27.725;3.3599999999999994;0.0
3492.0;27.525;1.46;0.0
3493.5;25.925;2.2600000000000002;0.0
3495.0;32.875;3.6000000000000005;0.0
3496.5;26.875;4.779999999999999;0.0
3498.0;27.6;2.52;0.0
3499.5;26.925;2.56;0.0
3501.0;26.325;5.42;0.0
3502.5;27.575;3.7600000000000007;0.0
3504.0;29.925;4.5;0.0
3505.5;27.925;2.06;0.0
3507.0;28.6;3.900000000000001;0.0
3508.5;29.25;3.8400000000000007;0.0
3510.0;29.725;2.92;0.0
3511.5;28.6;3.4200000000000004;0.0
3513.0;30.05;2.1000000000000005;0.0
3514.5;28.925;6.840000000000001;0.0
3516.0;29.2;7.480000000000001;0.0
3517.5;25.525;4.840000000000001;0.0
3519.0;29.1;4.58;0.0
3520.5;28.45;4.220000000000001;0.0
3522.0;23.825;2.44;0.0
3523.5;25.4;3.3800000000000003;0.0
3525.0;26.775;8.819999999999999;0.0
3526.5;31.5;2.4400000000000004;0.0
3528.0;27.05;2.4;0.0
3529.5;23.9;6.460000000000001;0.0
3531.0;25.55;4.1;0.0
3532.5;26.575;2.7000000000000006;0.0
3534.0;24.625;4.32;0.0
3535.5;22.65;3.560000000000001;0.0
3537.0;27.875;10.559999999999999;0.0
3538.5;26.425;3.06;0.0
3540.0;29.025;2.72;0.0
3541.5;27.925;5.380000000000001;0.0
3543.0;26.925;4.040000000000001;0.0
3544.5;29.125;2.3200000000000003;0.0
3546.0;30.575;2.8400000000000007;0.0
3547.5;26.225;3.3200000000000003;0.0
3549.0;27.675;3.2600000000000002;0.0
3550.5;29.425;2.9200000000000004;0.0
3552.0;26.5;4.96;0.0
3553.5;29.25;2.38;0.0
3555.0;32.525;1.46;0.0
3556.5;28.125;7.659999999999998;0.0
3558.0;23.125;2.16;0.0
3559.5;25.4;2.8;0.0
3561.0;30.475;2.8600000000000003;0.0
3562.5;26.175;2.92;0.0
3564.0;28.075;2.52;0.0
3565.5;26.925;6.280000000000001;0.0
3567.0;28.7;4.9;0.0
3568.5;27.35;3.3800000000000003;0.0
3570.0;27.825;4.92;0.0
3571.5;26.825;6.5;0.0
3573.0;29.175;2.06;0.0
3574.5;26.025;5.44;0.0
3576.0;28.475;3.2;0.0
3577.5;25.225;4.98;0.0
3579.0;27.4;7.159999999999999;0.0
3580.5;27.35;5.040000000000001;0.0
3582.0;29.875;2.4;0.0
3583.5;31.175;3.9200000000000004;0.0
3585.0;29.325;3.9799999999999995;0.0
3586.5;26.25;2.72;0.0
3588.0;26.425;3.18;0.0
3589.5;26.775;3.78;0.0
3591.0;27.2;2.0;0.0
3592.5;30.075;4.0600000000000005;0.0
3594.0;31.35;2.04;0.0
3595.5;29.95;1.6600000000000001;0.0
3597.0;30.175;4.0600000000000005;0.0
3598.5;29.325;4.58;0.0
