#auto generated file!
1.5;0.0;0.0;0.0
3.0;0.0;0.0;0.0
4.5;0.0;0.0;0.0
6.0;0.0;0.0;0.0
7.5;0.0;0.0;0.0
9.0;0.0;0.0;0.0
10.5;0.075;0.4;0.0
12.0;2.15;0.8;0.0
13.5;5.6;1.8;0.0
15.0;6.55;1.6600000000000001;0.0
16.5;11.175;1.3199999999999998;0.0
18.0;13.425;2.18;0.0
19.5;14.275;3.9200000000000004;0.0
21.0;20.325;3.6399999999999997;0.0
22.5;21.525;2.58;0.0
24.0;17.675;4.32;0.0
25.5;19.275;2.06;0.0
27.0;17.975;2.6400000000000006;0.0
28.5;22.9;1.38;0.0
30.0;20.5;2.500000000000001;0.0
31.5;19.975;2.9799999999999995;0.0
33.0;20.85;3.0;0.0
34.5;17.65;1.52;0.0
36.0;19.0;2.72;0.0
37.5;20.825;3.9799999999999995;0.0
39.0;17.925;2.98;0.0
40.5;19.65;3.6;0.0
42.0;19.625;2.66;0.0
43.5;19.125;2.7600000000000007;0.0
45.0;16.325;3.2400000000000007;0.0
46.5;19.95;4.26;0.0
48.0;15.35;1.6;0.0
49.5;16.675;1.26;0.0
51.0;17.925;1.46;0.0
52.5;23.325;3.3;0.0
54.0;16.525;2.9000000000000004;0.0
55.5;15.975;3.1800000000000006;0.0
57.0;19.675;2.9;0.0
58.5;18.475;2.9799999999999995;0.0
60.0;17.325;3.3800000000000003;0.0
61.5;17.85;6.180000000000001;0.0
63.0;21.3;4.86;0.0
64.5;19.825;3.3200000000000003;0.0
66.0;17.35;2.52;0.0
67.5;17.2;0.6;0.0
69.0;17.6;5.220000000000001;0.0
70.5;16.95;2.8;0.0
72.0;22.175;3.38;0.0
73.5;17.625;5.78;0.0
75.0;17.4;6.7;0.0
76.5;13.35;4.640000000000001;0.0
78.0;18.45;3.8600000000000003;0.0
79.5;19.65;3.1000000000000005;0.0
81.0;17.6;3.7000000000000006;0.0
82.5;17.675;6.080000000000001;0.0
84.0;20.2;4.12;0.0
85.5;20.45;2.56;0.0
87.0;20.3;2.5200000000000005;0.0
88.5;17.925;3.72;0.0
90.0;20.25;4.26;0.0
91.5;22.7;2.4800000000000004;0.0
93.0;22.075;4.92;0.0
94.5;13.5;3.2400000000000007;0.0
96.0;15.275;7.540000000000001;0.0
97.5;23.35;6.380000000000001;0.0
99.0;17.0;6.24;0.0
100.5;19.9;1.06;0.0
102.0;15.725;2.5799999999999996;0.0
103.5;17.475;1.92;0.0
105.0;22.575;3.06;0.0
106.5;21.375;3.3200000000000003;0.0
108.0;17.5;3.2400000000000007;0.0
109.5;15.75;5.9;0.0
111.0;19.975;4.040000000000001;0.0
112.5;15.3;2.06;0.0
114.0;21.375;1.1199999999999999;0.0
115.5;19.775;2.2600000000000002;0.0
117.0;16.775;6.18;0.0
118.5;16.475;5.08;0.0
120.0;16.05;0.72;0.0
121.5;18.0;4.180000000000001;0.0
123.0;22.525;6.36;0.0
124.5;14.0;2.38;0.0
126.0;13.625;6.160000000000001;0.0
127.5;13.175;2.8600000000000003;0.0
129.0;22.375;5.1000000000000005;0.0
130.5;14.725;3.0400000000000005;0.0
132.0;17.5;1.06;0.0
133.5;14.55;2.4800000000000004;0.0
135.0;12.725;4.92;0.0
136.5;18.2;4.300000000000001;0.0
138.0;16.9;4.78;0.0
139.5;20.6;7.18;0.0
141.0;15.05;1.9799999999999998;0.0
142.5;16.575;5.24;0.0
144.0;12.525;4.86;0.0
145.5;16.65;4.9;0.0
147.0;20.5;1.6;0.0
148.5;18.625;2.7399999999999998;0.0
150.0;22.35;5.380000000000001;0.0
151.5;22.625;5.46;0.0
153.0;15.925;6.840000000000001;0.0
154.5;17.975;6.380000000000001;0.0
156.0;16.375;2.5800000000000005;0.0
157.5;19.225;3.8;0.0
159.0;19.275;1.8;0.0
160.5;18.125;1.3199999999999998;0.0
162.0;17.0;6.779999999999999;0.0
163.5;21.575;4.66;0.0
165.0;17.3;5.58;0.0
166.5;17.025;4.26;0.0
168.0;15.775;5.48;0.0
169.5;19.65;5.300000000000001;0.0
171.0;21.1;3.72;0.0
172.5;18.725;4.04;0.0
174.0;18.6;2.7199999999999998;0.0
175.5;18.175;3.38;0.0
177.0;16.175;5.58;0.0
178.5;19.525;4.84;0.0
180.0;15.375;3.5799999999999996;0.0
181.5;19.8;3.2400000000000007;0.0
183.0;21.0;7.959999999999999;0.0
184.5;20.6;4.0600000000000005;0.0
186.0;16.8;2.06;0.0
187.5;16.0;1.5599999999999998;0.0
189.0;19.0;3.9200000000000004;0.0
190.5;15.55;4.700000000000001;0.0
192.0;20.1;3.04;0.0
193.5;19.35;4.26;0.0
195.0;20.475;3.8400000000000007;0.0
196.5;19.625;0.6599999999999999;0.0
198.0;16.225;5.820000000000001;0.0
199.5;15.85;4.840000000000001;0.0
201.0;28.6;5.78;0.0
202.5;19.825;3.84;0.0
204.0;16.65;1.8399999999999999;0.0
205.5;20.65;2.5000000000000004;0.0
207.0;17.95;1.46;0.0
208.5;18.825;1.46;0.0
210.0;17.2;2.72;0.0
211.5;20.5;5.1;0.0
213.0;19.325;3.7800000000000002;0.0
214.5;18.725;2.5200000000000005;0.0
216.0;24.5;2.78;0.0
217.5;21.75;1.6600000000000001;0.0
219.0;18.55;2.9800000000000004;0.0
220.5;23.125;2.44;0.0
222.0;20.225;4.0600000000000005;0.0
223.5;21.8;4.5600000000000005;0.0
225.0;18.3;2.12;0.0
226.5;19.425;2.3800000000000003;0.0
228.0;16.675;2.12;0.0
229.5;16.175;2.3800000000000003;0.0
231.0;18.975;2.06;0.0
232.5;16.575;3.4400000000000004;0.0
234.0;22.65;2.5799999999999996;0.0
235.5;17.375;4.44;0.0
237.0;20.0;7.760000000000001;0.0
238.5;16.45;1.98;0.0
240.0;14.65;2.8600000000000003;0.0
241.5;14.525;2.0;0.0
243.0;17.75;2.46;0.0
244.5;16.05;2.4;0.0
246.0;15.425;1.26;0.0
247.5;16.675;4.280000000000001;0.0
249.0;14.025;1.3800000000000001;0.0
250.5;17.05;2.2600000000000002;0.0
252.0;24.775;3.16;0.0
253.5;19.425;1.52;0.0
255.0;12.625;2.52;0.0
256.5;17.975;1.2;0.0
258.0;18.9;4.32;0.0
259.5;18.375;3.5;0.0
261.0;21.175;2.2399999999999998;0.0
262.5;15.275;2.2399999999999998;0.0
264.0;15.0;6.0600000000000005;0.0
265.5;16.475;3.8600000000000003;0.0
267.0;18.525;2.6399999999999997;0.0
268.5;19.425;3.04;0.0
270.0;16.55;2.7600000000000002;0.0
271.5;17.0;1.1199999999999999;0.0
273.0;19.8;4.78;0.0
274.5;12.725;2.8600000000000003;0.0
276.0;17.85;3.72;0.0
277.5;23.775;3.2399999999999998;0.0
279.0;16.375;1.8;0.0
280.5;19.3;6.82;0.0
282.0;17.025;1.26;0.0
283.5;13.35;2.66;0.0
285.0;16.8;3.38;0.0
286.5;18.1;4.74;0.0
288.0;17.075;0.6399999999999999;0.0
289.5;19.25;4.98;0.0
291.0;22.3;4.78;0.0
292.5;16.675;0.8;0.0
294.0;21.95;2.06;0.0
295.5;19.95;5.3;0.0
297.0;17.175;5.58;0.0
298.5;14.775;6.220000000000001;0.0
300.0;20.625;3.2;0.0
301.5;22.4;4.840000000000001;0.0
303.0;21.475;1.6;0.0
304.5;22.4;3.7;0.0
306.0;22.5;1.72;0.0
307.5;21.275;2.6400000000000006;0.0
309.0;21.3;3.7800000000000002;0.0
310.5;17.05;1.3199999999999998;0.0
312.0;19.1;2.8600000000000003;0.0
313.5;16.05;6.5;0.0
315.0;19.8;3.3;0.0
316.5;18.225;3.84;0.0
318.0;20.825;3.4200000000000004;0.0
319.5;18.875;4.640000000000001;0.0
321.0;20.6;4.779999999999999;0.0
322.5;18.0;2.9;0.0
324.0;13.325;5.6;0.0
325.5;17.725;4.32;0.0
327.0;22.8;1.5799999999999998;0.0
328.5;19.15;1.8;0.0
330.0;19.875;4.380000000000001;0.0
331.5;21.475;1.3199999999999998;0.0
333.0;21.7;1.6600000000000001;0.0
334.5;19.325;0.8;0.0
336.0;16.15;1.4;0.0
337.5;21.075;3.9200000000000004;0.0
339.0;23.725;2.2600000000000002;0.0
340.5;19.625;4.700000000000001;0.0
342.0;19.55;3.7600000000000007;0.0
343.5;16.275;1.6600000000000001;0.0
345.0;13.45;3.0;0.0
346.5;16.175;3.18;0.0
348.0;17.25;6.32;0.0
349.5;13.8;4.14;0.0
351.0;22.45;6.420000000000002;0.0
352.5;17.875;3.46;0.0
354.0;16.325;0.72;0.0
355.5;24.0;1.26;0.0
357.0;18.525;0.86;0.0
358.5;18.225;6.620000000000002;0.0
360.0;20.3;1.26;0.0
361.5;17.975;4.020000000000001;0.0
363.0;18.475;4.78;0.0
364.5;16.0;2.4;0.0
366.0;13.125;4.180000000000001;0.0
367.5;16.225;3.72;0.0
369.0;21.1;4.62;0.0
370.5;19.45;4.58;0.0
372.0;17.275;6.640000000000001;0.0
373.5;17.225;3.78;0.0
375.0;19.075;2.46;0.0
376.5;18.375;5.5;0.0
378.0;16.35;1.8;0.0
379.5;14.65;4.12;0.0
381.0;15.775;4.44;0.0
382.5;18.3;4.92;0.0
384.0;19.325;4.040000000000001;0.0
385.5;22.0;0.8;0.0
387.0;19.4;3.0400000000000005;0.0
388.5;16.55;4.46;0.0
390.0;17.4;5.300000000000001;0.0
391.5;19.075;2.9799999999999995;0.0
393.0;19.2;3.06;0.0
394.5;19.025;0.86;0.0
396.0;23.05;2.4;0.0
397.5;19.55;1.2;0.0
399.0;16.575;2.9200000000000004;0.0
400.5;17.9;1.26;0.0
402.0;19.1;3.4200000000000004;0.0
403.5;20.075;2.8;0.0
405.0;19.725;5.380000000000001;0.0
406.5;13.425;2.2600000000000002;0.0
408.0;14.65;2.46;0.0
409.5;22.9;3.2400000000000007;0.0
411.0;22.2;1.46;0.0
412.5;22.775;2.72;0.0
414.0;24.175;1.06;0.0
415.5;21.675;1.46;0.0
417.0;21.175;2.24;0.0
418.5;22.125;3.12;0.0
420.0;18.225;1.6600000000000001;0.0
421.5;17.05;5.820000000000001;0.0
423.0;20.975;6.32;0.0
424.5;25.925;3.44;0.0
426.0;22.5;5.46;0.0
427.5;15.55;2.44;0.0
429.0;18.25;3.44;0.0
430.5;14.45;2.06;0.0
432.0;21.325;1.86;0.0
433.5;23.4;6.9;0.0
435.0;19.05;1.52;0.0
436.5;16.925;0.9799999999999999;0.0
438.0;15.75;7.239999999999999;0.0
439.5;19.825;7.040000000000001;0.0
441.0;22.7;4.180000000000001;0.0
442.5;16.7;2.2;0.0
444.0;21.175;2.06;0.0
445.5;17.65;2.2600000000000002;0.0
447.0;21.475;3.38;0.0
448.5;16.3;3.62;0.0
450.0;20.225;1.5799999999999998;0.0
451.5;21.4;1.8;0.0
453.0;22.5;4.880000000000001;0.0
454.5;21.125;5.26;0.0
456.0;18.275;1.9200000000000004;0.0
457.5;16.025;4.32;0.0
459.0;16.9;4.24;0.0
460.5;17.25;3.9799999999999995;0.0
462.0;18.525;1.6600000000000001;0.0
463.5;18.725;1.4;0.0
465.0;20.0;3.2;0.0
466.5;19.475;4.0600000000000005;0.0
468.0;14.725;3.5200000000000005;0.0
469.5;19.15;2.1799999999999997;0.0
471.0;21.175;3.12;0.0
472.5;19.5;3.3600000000000003;0.0
474.0;19.5;2.32;0.0
475.5;25.5;1.26;0.0
477.0;21.125;1.2;0.0
478.5;19.925;2.860000000000001;0.0
480.0;16.275;4.360000000000001;0.0
481.5;18.9;5.62;0.0
483.0;19.425;2.46;0.0
484.5;15.05;1.8400000000000005;0.0
486.0;20.4;2.6;0.0
487.5;19.9;2.92;0.0
489.0;16.6;5.82;0.0
490.5;20.9;2.9800000000000004;0.0
492.0;19.9;4.32;0.0
493.5;14.3;2.9800000000000004;0.0
495.0;23.525;2.5799999999999996;0.0
496.5;22.325;2.06;0.0
498.0;24.3;4.1;0.0
499.5;22.7;2.6;0.0
501.0;20.3;3.8600000000000003;0.0
502.5;24.675;6.42;0.0
504.0;16.525;5.720000000000001;0.0
505.5;16.35;1.46;0.0
507.0;16.4;1.26;0.0
508.5;19.675;6.7;0.0
510.0;22.225;3.280000000000001;0.0
511.5;16.925;5.46;0.0
513.0;15.4;2.4;0.0
514.5;18.55;4.76;0.0
516.0;22.075;2.7199999999999998;0.0
517.5;17.4;3.06;0.0
519.0;17.375;3.1000000000000005;0.0
520.5;19.65;0.8;0.0
522.0;23.975;2.9200000000000004;0.0
523.5;18.2;2.52;0.0
525.0;16.175;3.66;0.0
526.5;19.8;0.72;0.0
528.0;14.25;2.5200000000000005;0.0
529.5;17.55;0.72;0.0
531.0;18.05;4.360000000000001;0.0
532.5;13.5;2.32;0.0
534.0;17.5;1.3800000000000001;0.0
535.5;17.05;2.44;0.0
537.0;18.675;3.18;0.0
538.5;23.75;2.7800000000000002;0.0
540.0;18.025;3.6400000000000006;0.0
541.5;17.625;1.5799999999999998;0.0
543.0;17.3;3.0;0.0
544.5;20.125;3.900000000000001;0.0
546.0;20.975;4.820000000000001;0.0
547.5;19.525;2.1799999999999997;0.0
549.0;15.425;1.7200000000000002;0.0
550.5;20.05;3.9200000000000004;0.0
552.0;19.7;4.78;0.0
553.5;23.95;4.36;0.0
555.0;21.125;4.44;0.0
556.5;20.7;6.12;0.0
558.0;15.825;4.0;0.0
559.5;18.175;4.380000000000001;0.0
561.0;18.3;3.5800000000000005;0.0
562.5;18.675;4.500000000000001;0.0
564.0;17.2;1.38;0.0
565.5;16.85;1.26;0.0
567.0;20.0;2.7800000000000002;0.0
568.5;19.375;4.7;0.0
570.0;16.325;1.6;0.0
571.5;20.6;4.0;0.0
573.0;21.675;3.08;0.0
574.5;15.55;4.12;0.0
576.0;20.775;2.8600000000000003;0.0
577.5;16.05;3.5200000000000005;0.0
579.0;19.75;2.06;0.0
580.5;17.55;4.48;0.0
582.0;12.475;2.0;0.0
583.5;14.075;3.5200000000000005;0.0
585.0;16.55;4.300000000000001;0.0
586.5;17.5;4.700000000000001;0.0
588.0;19.1;1.18;0.0
589.5;16.925;3.2400000000000007;0.0
591.0;18.225;6.220000000000001;0.0
592.5;18.0;1.7799999999999998;0.0
594.0;20.925;1.7200000000000002;0.0
595.5;18.5;1.6600000000000001;0.0
597.0;19.3;5.1000000000000005;0.0
598.5;21.575;0.6399999999999999;0.0
600.0;18.05;3.1000000000000005;0.0
601.5;18.025;5.58;0.0
603.0;14.75;3.5799999999999996;0.0
604.5;15.525;4.380000000000001;0.0
606.0;16.775;0.86;0.0
607.5;15.85;2.9200000000000004;0.0
609.0;24.325;2.66;0.0
610.5;16.55;5.98;0.0
612.0;13.725;0.9799999999999999;0.0
613.5;18.875;4.36;0.0
615.0;19.25;2.04;0.0
616.5;20.8;6.0;0.0
618.0;17.3;2.18;0.0
619.5;17.05;1.86;0.0
621.0;17.175;4.380000000000001;0.0
622.5;21.35;1.9;0.0
624.0;21.175;1.9200000000000004;0.0
625.5;20.5;5.42;0.0
627.0;20.725;4.9799999999999995;0.0
628.5;17.95;1.72;0.0
630.0;17.0;3.46;0.0
631.5;16.525;4.5600000000000005;0.0
633.0;17.55;1.6;0.0
634.5;20.475;3.44;0.0
636.0;19.825;2.1800000000000006;0.0
637.5;17.45;3.500000000000001;0.0
639.0;17.775;4.9;0.0
640.5;21.0;3.280000000000001;0.0
642.0;19.85;1.8;0.0
643.5;18.325;1.3199999999999998;0.0
645.0;16.2;1.44;0.0
646.5;19.85;8.84;0.0
648.0;18.075;4.1400000000000015;0.0
649.5;16.075;1.6600000000000001;0.0
651.0;18.8;5.24;0.0
652.5;18.45;5.300000000000001;0.0
654.0;17.15;1.5799999999999998;0.0
655.5;18.55;2.12;0.0
657.0;21.85;1.6600000000000001;0.0
658.5;15.875;2.72;0.0
660.0;19.15;2.8;0.0
661.5;21.075;7.519999999999999;0.0
663.0;23.55;2.2;0.0
664.5;19.55;2.06;0.0
666.0;20.8;3.04;0.0
667.5;25.225;0.7799999999999999;0.0
669.0;23.225;6.08;0.0
670.5;22.05;2.8600000000000003;0.0
672.0;20.15;1.46;0.0
673.5;18.75;2.66;0.0
675.0;18.625;4.680000000000001;0.0
676.5;20.875;1.8399999999999999;0.0
678.0;17.25;3.8;0.0
679.5;19.325;1.6600000000000001;0.0
681.0;18.975;1.72;0.0
682.5;21.75;1.6600000000000001;0.0
684.0;18.2;2.38;0.0
685.5;18.925;3.18;0.0
687.0;14.825;4.58;0.0
688.5;14.3;4.5200000000000005;0.0
690.0;21.725;1.8399999999999999;0.0
691.5;19.825;1.86;0.0
693.0;21.75;3.3800000000000003;0.0
694.5;12.825;1.52;0.0
696.0;16.425;1.6600000000000001;0.0
697.5;22.175;2.6;0.0
699.0;18.125;2.5200000000000005;0.0
700.5;19.125;3.6;0.0
702.0;16.95;4.84;0.0
703.5;19.925;1.4;0.0
705.0;20.35;5.1000000000000005;0.0
706.5;19.2;5.180000000000001;0.0
708.0;18.65;2.4400000000000004;0.0
709.5;21.875;5.840000000000001;0.0
711.0;17.825;4.9;0.0
712.5;20.225;4.16;0.0
714.0;23.1;2.46;0.0
715.5;19.2;2.7800000000000002;0.0
717.0;17.9;3.9200000000000004;0.0
718.5;20.35;5.220000000000001;0.0
720.0;17.625;1.3199999999999998;0.0
721.5;18.675;2.8600000000000003;0.0
723.0;20.275;2.7;0.0
724.5;18.375;5.38;0.0
726.0;19.35;1.7799999999999998;0.0
727.5;18.7;2.0;0.0
729.0;15.4;5.66;0.0
730.5;16.2;0.9199999999999999;0.0
732.0;20.35;1.46;0.0
733.5;19.8;2.9799999999999995;0.0
735.0;19.725;2.3800000000000003;0.0
736.5;20.55;2.0;0.0
738.0;20.525;6.32;0.0
739.5;19.175;3.0;0.0
741.0;15.8;2.52;0.0
742.5;16.8;1.72;0.0
744.0;20.05;1.86;0.0
745.5;21.075;6.26;0.0
747.0;18.775;2.46;0.0
748.5;17.95;4.680000000000001;0.0
750.0;16.125;1.9800000000000004;0.0
751.5;12.9;4.98;0.0
753.0;14.05;2.2;0.0
754.5;13.95;2.6399999999999997;0.0
756.0;16.05;1.3199999999999998;0.0
757.5;21.125;1.6600000000000001;0.0
759.0;13.075;1.72;0.0
760.5;14.775;3.72;0.0
762.0;18.5;2.66;0.0
763.5;18.2;3.3;0.0
765.0;15.9;2.5800000000000005;0.0
766.5;16.075;4.98;0.0
768.0;26.45;1.7;0.0
769.5;18.1;1.78;0.0
771.0;21.6;2.2600000000000002;0.0
772.5;20.15;3.6400000000000006;0.0
774.0;17.025;1.78;0.0
775.5;18.825;1.26;0.0
777.0;19.625;1.3599999999999999;0.0
778.5;18.1;3.9400000000000004;0.0
780.0;20.925;1.6;0.0
781.5;18.85;1.38;0.0
783.0;20.425;3.06;0.0
784.5;19.75;2.2600000000000002;0.0
786.0;18.875;7.580000000000001;0.0
787.5;17.725;2.7800000000000002;0.0
789.0;17.325;1.9799999999999998;0.0
790.5;16.9;2.72;0.0
792.0;18.675;3.0;0.0
793.5;19.475;6.4399999999999995;0.0
795.0;22.075;1.1199999999999999;0.0
796.5;23.325;3.7;0.0
798.0;19.4;2.7800000000000002;0.0
799.5;18.475;4.040000000000001;0.0
801.0;20.9;3.46;0.0
802.5;20.425;3.3600000000000008;0.0
804.0;17.075;2.8600000000000003;0.0
805.5;15.975;2.38;0.0
807.0;17.65;2.2;0.0
808.5;18.175;2.8400000000000007;0.0
810.0;23.775;1.26;0.0
811.5;19.3;2.32;0.0
813.0;17.825;3.44;0.0
814.5;18.625;3.9800000000000004;0.0
816.0;22.525;4.0600000000000005;0.0
817.5;26.025;3.6400000000000006;0.0
819.0;23.425;1.46;0.0
820.5;25.275;1.3199999999999998;0.0
822.0;19.8;6.959999999999999;0.0
823.5;17.325;3.9;0.0
825.0;19.825;1.7799999999999998;0.0
826.5;16.85;3.2600000000000002;0.0
828.0;17.725;1.5799999999999998;0.0
829.5;16.525;4.880000000000001;0.0
831.0;21.025;6.480000000000001;0.0
832.5;18.325;1.9799999999999998;0.0
834.0;21.025;1.44;0.0
835.5;16.525;4.32;0.0
837.0;18.65;5.180000000000001;0.0
838.5;22.35;5.020000000000001;0.0
840.0;18.875;2.8600000000000003;0.0
841.5;15.325;3.18;0.0
843.0;20.875;1.72;0.0
844.5;21.725;4.78;0.0
846.0;17.2;2.9799999999999995;0.0
847.5;16.15;4.66;0.0
849.0;15.1;1.4;0.0
850.5;18.225;3.500000000000001;0.0
852.0;15.85;4.38;0.0
853.5;21.375;2.06;0.0
855.0;21.05;1.72;0.0
856.5;18.575;2.4;0.0
858.0;15.825;10.419999999999998;0.0
859.5;16.6;3.38;0.0
861.0;14.65;4.5;0.0
862.5;20.8;6.220000000000001;0.0
864.0;20.3;1.3199999999999998;0.0
865.5;18.15;6.180000000000001;0.0
867.0;23.375;4.0200000000000005;0.0
868.5;18.825;3.560000000000001;0.0
870.0;21.25;0.86;0.0
871.5;22.925;3.9200000000000004;0.0
873.0;16.9;2.2;0.0
874.5;15.1;4.08;0.0
876.0;24.65;5.58;0.0
877.5;18.825;4.44;0.0
879.0;16.925;4.7;0.0
880.5;18.65;3.5799999999999996;0.0
882.0;17.2;2.5800000000000005;0.0
883.5;19.4;3.04;0.0
885.0;16.15;2.8600000000000003;0.0
886.5;19.45;1.26;0.0
888.0;19.075;2.8600000000000003;0.0
889.5;17.7;1.6600000000000001;0.0
891.0;16.075;2.12;0.0
892.5;20.25;2.7199999999999998;0.0
894.0;16.425;3.66;0.0
895.5;16.175;3.5799999999999996;0.0
897.0;18.35;1.86;0.0
898.5;16.825;4.360000000000001;0.0
900.0;20.6;2.7;0.0
901.5;21.375;3.2;0.0
903.0;15.975;3.560000000000001;0.0
904.5;18.75;1.9799999999999998;0.0
906.0;17.175;2.7;0.0
907.5;19.125;6.42;0.0
909.0;19.9;2.1;0.0
910.5;20.8;2.44;0.0
912.0;16.975;4.500000000000001;0.0
913.5;17.175;1.4;0.0
915.0;18.0;0.8;0.0
916.5;15.375;2.66;0.0
918.0;17.05;2.32;0.0
919.5;20.4;2.5200000000000005;0.0
921.0;14.0;2.66;0.0
922.5;18.85;2.7800000000000002;0.0
924.0;17.15;2.4;0.0
925.5;18.95;3.8600000000000003;0.0
927.0;17.35;3.9200000000000004;0.0
928.5;18.35;3.06;0.0
930.0;16.05;4.58;0.0
931.5;15.875;4.86;0.0
933.0;20.475;2.5800000000000005;0.0
934.5;14.975;2.7600000000000007;0.0
936.0;23.7;1.52;0.0
937.5;19.825;4.98;0.0
939.0;17.225;4.24;0.0
940.5;17.65;10.62;0.0
942.0;14.975;1.2;0.0
943.5;13.3;3.4;0.0
945.0;21.95;2.58;0.0
946.5;18.25;2.880000000000001;0.0
948.0;21.525;2.900000000000001;0.0
949.5;19.775;8.02;0.0
951.0;19.475;5.820000000000001;0.0
952.5;14.675;2.46;0.0
954.0;18.075;0.6599999999999999;0.0
955.5;16.175;1.64;0.0
957.0;18.975;1.44;0.0
958.5;19.825;3.0400000000000005;0.0
960.0;20.725;6.020000000000001;0.0
961.5;16.525;3.9;0.0
963.0;15.175;3.04;0.0
964.5;19.325;2.6400000000000006;0.0
966.0;21.15;5.58;0.0
967.5;17.9;4.180000000000001;0.0
969.0;17.775;4.779999999999999;0.0
970.5;18.8;4.700000000000001;0.0
972.0;20.55;2.7800000000000002;0.0
973.5;20.575;1.7200000000000002;0.0
975.0;20.375;3.3600000000000008;0.0
976.5;18.725;3.06;0.0
978.0;21.55;2.12;0.0
979.5;17.45;5.92;0.0
981.0;15.6;5.420000000000001;0.0
982.5;20.125;1.06;0.0
984.0;18.875;4.58;0.0
985.5;19.55;2.1799999999999997;0.0
987.0;12.425;2.0400000000000005;0.0
988.5;17.4;1.26;0.0
990.0;20.875;3.6;0.0
991.5;19.125;3.2800000000000002;0.0
993.0;19.975;1.86;0.0
994.5;20.05;3.2;0.0
996.0;21.4;4.840000000000001;0.0
997.5;17.525;4.44;0.0
999.0;19.8;2.3200000000000003;0.0
1000.5;17.775;0.8;0.0
1002.0;18.35;0.6599999999999999;0.0
1003.5;18.225;2.12;0.0
1005.0;22.325;2.46;0.0
1006.5;22.675;2.7800000000000002;0.0
1008.0;19.475;4.700000000000001;0.0
1009.5;22.575;2.8;0.0
1011.0;20.4;4.300000000000001;0.0
1012.5;16.2;4.28;0.0
1014.0;15.25;1.3199999999999998;0.0
1015.5;16.625;1.2;0.0
1017.0;13.575;6.220000000000001;0.0
1018.5;18.8;2.72;0.0
1020.0;16.975;2.06;0.0
1021.5;20.575;3.4400000000000004;0.0
1023.0;21.1;5.26;0.0
1024.5;21.975;1.8;0.0
1026.0;22.675;1.06;0.0
1027.5;15.975;2.8600000000000003;0.0
1029.0;12.975;4.1;0.0
1030.5;13.025;3.820000000000001;0.0
1032.0;17.85;2.66;0.0
1033.5;17.875;4.640000000000001;0.0
1035.0;16.775;2.8400000000000007;0.0
1036.5;21.05;4.1;0.0
1038.0;18.525;1.6600000000000001;0.0
1039.5;17.4;5.300000000000001;0.0
1041.0;19.65;4.32;0.0
1042.5;23.775;2.500000000000001;0.0
1044.0;17.025;2.9;0.0
1045.5;18.4;2.66;0.0
1047.0;20.625;1.26;0.0
1048.5;22.4;5.9;0.0
1050.0;15.2;3.0400000000000005;0.0
1051.5;17.875;4.92;0.0
1053.0;18.225;0.64;0.0
1054.5;19.3;5.840000000000001;0.0
1056.0;21.55;4.180000000000001;0.0
1057.5;15.725;3.3200000000000003;0.0
1059.0;17.55;4.380000000000001;0.0
1060.5;19.675;4.720000000000001;0.0
1062.0;22.2;2.3800000000000003;0.0
1063.5;21.8;2.06;0.0
1065.0;19.175;1.26;0.0
1066.5;18.15;4.18;0.0
1068.0;17.6;2.32;0.0
1069.5;20.225;3.420000000000001;0.0
1071.0;23.6;4.640000000000001;0.0
1072.5;21.775;2.9200000000000004;0.0
1074.0;19.9;7.459999999999999;0.0
1075.5;18.5;1.92;0.0
1077.0;11.4;6.36;0.0
1078.5;14.675;2.2;0.0
1080.0;17.375;1.92;0.0
1081.5;14.9;2.22;0.0
1083.0;19.2;2.5799999999999996;0.0
1084.5;13.65;5.04;0.0
1086.0;14.3;2.2600000000000002;0.0
1087.5;20.05;1.3199999999999998;0.0
1089.0;21.3;2.3200000000000003;0.0
1090.5;19.725;0.06;0.0
1092.0;15.675;4.46;0.0
1093.5;18.45;3.1;0.0
1095.0;19.075;4.700000000000001;0.0
1096.5;19.45;5.140000000000001;0.0
1098.0;21.975;4.380000000000001;0.0
1099.5;17.325;5.9;0.0
1101.0;18.175;3.5799999999999996;0.0
1102.5;18.55;4.5200000000000005;0.0
1104.0;15.525;2.9600000000000004;0.0
1105.5;17.6;4.58;0.0
1107.0;17.6;6.180000000000001;0.0
1108.5;17.125;3.38;0.0
1110.0;18.825;2.7600000000000007;0.0
1111.5;17.2;6.640000000000001;0.0
1113.0;15.075;2.4;0.0
1114.5;16.125;5.78;0.0
1116.0;15.25;2.46;0.0
1117.5;13.15;1.72;0.0
1119.0;18.6;1.5799999999999998;0.0
1120.5;22.2;4.1000000000000005;0.0
1122.0;15.1;2.38;0.0
1123.5;16.575;6.08;0.0
1125.0;19.075;2.12;0.0
1126.5;17.575;1.9;0.0
1128.0;12.35;4.58;0.0
1129.5;15.9;2.2600000000000002;0.0
1131.0;19.6;2.2;0.0
1132.5;15.825;1.3800000000000001;0.0
1134.0;21.2;5.32;0.0
1135.5;18.15;4.24;0.0
1137.0;22.3;2.5800000000000005;0.0
1138.5;18.25;1.6;0.0
1140.0;19.2;1.06;0.0
1141.5;18.975;4.92;0.0
1143.0;17.075;8.200000000000001;0.0
1144.5;21.325;2.72;0.0
1146.0;24.1;3.4400000000000004;0.0
1147.5;20.65;7.6;0.0
1149.0;15.125;4.0600000000000005;0.0
1150.5;16.225;1.06;0.0
1152.0;20.625;2.4;0.0
1153.5;17.45;4.1;0.0
1155.0;19.275;1.7;0.0
1156.5;11.275;2.3200000000000003;0.0
1158.0;14.75;2.12;0.0
1159.5;21.1;3.06;0.0
1161.0;18.95;1.38;0.0
1162.5;19.575;1.86;0.0
1164.0;17.65;2.7199999999999998;0.0
1165.5;18.15;4.4;0.0
1167.0;16.675;2.72;0.0
1168.5;20.125;2.1800000000000006;0.0
1170.0;20.05;1.44;0.0
1171.5;18.2;0.6599999999999999;0.0
1173.0;18.075;3.3200000000000003;0.0
1174.5;14.4;1.46;0.0
1176.0;19.075;1.2;0.0
1177.5;15.7;5.26;0.0
1179.0;16.45;2.5800000000000005;0.0
1180.5;16.0;1.8;0.0
1182.0;18.0;3.18;0.0
1183.5;17.4;4.16;0.0
1185.0;22.85;0.7799999999999999;0.0
1186.5;19.1;5.24;0.0
1188.0;18.325;2.2600000000000002;0.0
1189.5;26.9;1.7200000000000002;0.0
1191.0;21.5;3.5200000000000005;0.0
1192.5;16.025;2.8600000000000003;0.0
1194.0;18.625;2.46;0.0
1195.5;17.925;3.1799999999999997;0.0
1197.0;15.85;3.3;0.0
1198.5;13.725;5.880000000000001;0.0
1200.0;14.875;1.92;0.0
1201.5;15.25;2.2600000000000002;0.0
1203.0;17.175;4.9;0.0
1204.5;22.4;4.4399999999999995;0.0
1206.0;16.45;2.12;0.0
1207.5;20.675;4.380000000000001;0.0
1209.0;20.55;1.2;0.0
1210.5;20.05;2.9200000000000004;0.0
1212.0;16.5;3.5799999999999996;0.0
1213.5;17.25;3.9200000000000004;0.0
1215.0;18.65;2.6;0.0
1216.5;18.675;4.5200000000000005;0.0
1218.0;20.175;6.080000000000001;0.0
1219.5;20.575;2.2;0.0
1221.0;20.825;2.9800000000000004;0.0
1222.5;18.525;6.16;0.0
1224.0;19.975;2.1799999999999997;0.0
1225.5;18.55;4.36;0.0
1227.0;21.375;4.160000000000001;0.0
1228.5;15.55;2.46;0.0
1230.0;18.1;5.32;0.0
1231.5;13.275;4.5600000000000005;0.0
1233.0;17.975;6.58;0.0
1234.5;17.775;2.4;0.0
1236.0;23.25;4.9;0.0
1237.5;15.375;4.58;0.0
1239.0;18.575;1.3199999999999998;0.0
1240.5;16.175;1.86;0.0
1242.0;17.775;2.8;0.0
1243.5;23.375;1.7200000000000002;0.0
1245.0;18.3;7.9;0.0
1246.5;20.825;2.6400000000000006;0.0
1248.0;21.875;2.52;0.0
1249.5;22.425;1.7200000000000002;0.0
1251.0;21.525;5.78;0.0
1252.5;19.475;4.84;0.0
1254.0;19.5;1.8;0.0
1255.5;22.0;2.7199999999999998;0.0
1257.0;20.075;4.180000000000001;0.0
1258.5;17.875;4.1000000000000005;0.0
1260.0;24.9;1.6600000000000001;0.0
1261.5;22.475;3.7000000000000006;0.0
1263.0;17.975;3.2;0.0
1264.5;17.475;4.840000000000001;0.0
1266.0;22.45;1.5799999999999998;0.0
1267.5;26.6;1.5799999999999998;0.0
1269.0;22.275;4.7;0.0
1270.5;17.325;6.1000000000000005;0.0
1272.0;14.425;2.12;0.0
1273.5;20.2;3.12;0.0
1275.0;21.125;4.24;0.0
1276.5;14.975;4.160000000000001;0.0
1278.0;19.475;1.72;0.0
1279.5;17.65;4.9;0.0
1281.0;19.525;1.52;0.0
1282.5;12.9;0.72;0.0
1284.0;14.25;4.98;0.0
1285.5;12.85;1.92;0.0
1287.0;12.575;2.7800000000000002;0.0
1288.5;18.525;4.6;0.0
1290.0;19.15;5.7;0.0
1291.5;20.625;1.8;0.0
1293.0;18.075;2.2;0.0
1294.5;20.85;1.92;0.0
1296.0;20.2;1.7799999999999998;0.0
1297.5;18.0;5.0;0.0
1299.0;24.55;1.6;0.0
1300.5;25.375;2.34;0.0
1302.0;17.375;4.66;0.0
1303.5;19.725;2.84;0.0
1305.0;17.625;1.6;0.0
1306.5;19.475;3.7800000000000002;0.0
1308.0;17.175;2.2;0.0
1309.5;25.225;3.3200000000000003;0.0
1311.0;23.825;5.180000000000001;0.0
1312.5;16.9;4.180000000000001;0.0
1314.0;17.575;4.220000000000001;0.0
1315.5;21.175;5.380000000000001;0.0
1317.0;19.85;4.9799999999999995;0.0
1318.5;18.175;4.58;0.0
1320.0;16.7;5.44;0.0
1321.5;19.875;1.06;0.0
1323.0;14.825;5.040000000000001;0.0
1324.5;21.65;5.200000000000001;0.0
1326.0;17.275;3.6800000000000006;0.0
1327.5;14.65;4.180000000000001;0.0
1329.0;18.625;5.0200000000000005;0.0
1330.5;18.225;3.3800000000000003;0.0
1332.0;18.775;6.44;0.0
1333.5;18.975;4.24;0.0
1335.0;18.275;2.04;0.0
1336.5;14.1;5.16;0.0
1338.0;21.9;1.7200000000000002;0.0
1339.5;18.175;2.6;0.0
1341.0;15.5;1.6600000000000001;0.0
1342.5;20.775;3.8600000000000003;0.0
1344.0;18.7;1.9;0.0
1345.5;15.9;4.640000000000001;0.0
1347.0;15.65;0.86;0.0
1348.5;20.625;2.38;0.0
1350.0;21.45;4.800000000000001;0.0
1351.5;14.675;1.9000000000000004;0.0
1353.0;15.425;5.779999999999999;0.0
1354.5;12.7;2.3200000000000003;0.0
1356.0;17.475;1.9800000000000004;0.0
1357.5;20.75;5.360000000000001;0.0
1359.0;20.3;3.5;0.0
1360.5;18.55;1.2;0.0
1362.0;15.45;1.6;0.0
1363.5;25.6;2.0;0.0
1365.0;23.175;4.700000000000001;0.0
1366.5;20.25;6.380000000000001;0.0
1368.0;18.45;1.0;0.0
1369.5;18.875;1.72;0.0
1371.0;18.725;3.72;0.0
1372.5;23.2;1.7799999999999998;0.0
1374.0;24.325;1.86;0.0
1375.5;17.025;3.4400000000000004;0.0
1377.0;18.5;1.6600000000000001;0.0
1378.5;15.825;3.0;0.0
1380.0;22.5;1.52;0.0
1381.5;22.475;3.5200000000000005;0.0
1383.0;19.65;1.7200000000000002;0.0
1384.5;21.65;3.3000000000000007;0.0
1386.0;22.975;4.92;0.0
1387.5;18.05;4.96;0.0
1389.0;20.5;4.0;0.0
1390.5;19.225;4.92;0.0
1392.0;18.6;3.8600000000000003;0.0
1393.5;17.25;3.7000000000000006;0.0
1395.0;19.175;2.82;0.0
1396.5;16.0;2.8400000000000007;0.0
1398.0;20.3;2.2600000000000002;0.0
1399.5;23.575;3.500000000000001;0.0
1401.0;18.825;3.0;0.0
1402.5;15.925;3.4;0.0
1404.0;18.8;2.5599999999999996;0.0
1405.5;15.9;2.12;0.0
1407.0;17.3;5.180000000000001;0.0
1408.5;19.625;1.8399999999999999;0.0
1410.0;22.025;2.72;0.0
1411.5;23.25;4.86;0.0
1413.0;19.25;1.7800000000000005;0.0
1414.5;14.625;3.8;0.0
1416.0;16.35;4.32;0.0
1417.5;16.625;1.3199999999999998;0.0
1419.0;20.6;7.039999999999999;0.0
1420.5;22.6;2.7;0.0
1422.0;18.475;2.46;0.0
1423.5;21.15;4.12;0.0
1425.0;18.95;1.92;0.0
1426.5;23.5;4.5200000000000005;0.0
1428.0;17.725;3.3600000000000003;0.0
1429.5;19.5;3.0400000000000005;0.0
1431.0;19.8;3.2600000000000002;0.0
1432.5;23.225;1.9799999999999998;0.0
1434.0;17.525;3.0;0.0
1435.5;21.15;2.9800000000000004;0.0
1437.0;18.075;5.2;0.0
1438.5;20.85;1.72;0.0
1440.0;15.725;2.3200000000000003;0.0
1441.5;17.15;5.300000000000001;0.0
1443.0;21.675;1.46;0.0
1444.5;17.275;1.86;0.0
1446.0;19.9;2.58;0.0
1447.5;19.4;0.72;0.0
1449.0;16.55;3.9;0.0
1450.5;24.225;4.6;0.0
1452.0;22.075;1.26;0.0
1453.5;23.375;6.5;0.0
1455.0;20.825;4.82;0.0
1456.5;20.925;3.1800000000000006;0.0
1458.0;19.5;1.4;0.0
1459.5;15.325;4.64;0.0
1461.0;16.975;1.86;0.0
1462.5;17.675;6.580000000000001;0.0
1464.0;19.7;1.6600000000000001;0.0
1465.5;16.225;1.7799999999999998;0.0
1467.0;14.45;4.5200000000000005;0.0
1468.5;14.425;3.9;0.0
1470.0;18.475;2.8600000000000003;0.0
1471.5;19.775;3.9799999999999995;0.0
1473.0;15.825;5.5600000000000005;0.0
1474.5;15.525;5.420000000000001;0.0
1476.0;17.1;2.1;0.0
1477.5;16.525;0.26;0.0
1479.0;20.075;1.0;0.0
1480.5;19.0;1.1199999999999999;0.0
1482.0;22.175;2.6;0.0
1483.5;21.125;3.2600000000000002;0.0
1485.0;20.25;4.5200000000000005;0.0
1486.5;20.25;3.06;0.0
1488.0;16.675;6.5;0.0
1489.5;18.875;5.080000000000001;0.0
1491.0;21.975;2.32;0.0
1492.5;22.05;1.6600000000000001;0.0
1494.0;16.175;1.8;0.0
1495.5;19.425;2.2;0.0
1497.0;20.85;2.12;0.0
1498.5;19.575;1.8;0.0
1500.0;22.275;1.78;0.0
1501.5;22.275;5.32;0.0
1503.0;23.725;2.46;0.0
1504.5;21.025;2.7;0.0
1506.0;21.9;7.280000000000001;0.0
1507.5;16.175;2.5200000000000005;0.0
1509.0;21.875;1.6600000000000001;0.0
1510.5;19.65;1.98;0.0
1512.0;20.575;2.06;0.0
1513.5;23.925;4.0;0.0
1515.0;16.5;2.66;0.0
1516.5;19.625;2.92;0.0
1518.0;15.825;2.3200000000000003;0.0
1519.5;19.475;0.9199999999999999;0.0
1521.0;20.975;3.44;0.0
1522.5;17.075;1.7799999999999998;0.0
1524.0;17.7;3.9799999999999995;0.0
1525.5;22.8;4.0600000000000005;0.0
1527.0;20.6;3.6399999999999997;0.0
1528.5;19.15;1.1199999999999999;0.0
1530.0;12.475;2.12;0.0
1531.5;15.325;6.24;0.0
1533.0;15.675;1.72;0.0
1534.5;21.075;2.24;0.0
1536.0;22.925;3.4;0.0
1537.5;19.775;2.72;0.0
1539.0;19.75;5.64;0.0
1540.5;16.175;2.66;0.0
1542.0;19.9;5.44;0.0
1543.5;17.2;4.9;0.0
1545.0;16.9;2.06;0.0
1546.5;15.6;3.84;0.0
1548.0;24.125;3.9800000000000004;0.0
1549.5;19.0;2.6399999999999997;0.0
1551.0;19.15;2.78;0.0
1552.5;18.1;1.86;0.0
1554.0;17.425;2.8;0.0
1555.5;18.525;3.66;0.0
1557.0;18.75;3.12;0.0
1558.5;22.15;8.36;0.0
1560.0;19.425;1.1199999999999999;0.0
1561.5;22.725;3.1;0.0
1563.0;17.625;3.3800000000000003;0.0
1564.5;16.925;3.0200000000000005;0.0
1566.0;17.375;1.72;0.0
1567.5;17.025;2.6399999999999997;0.0
1569.0;21.6;3.66;0.0
1570.5;14.825;2.9799999999999995;0.0
1572.0;18.275;3.2400000000000007;0.0
1573.5;19.2;5.840000000000001;0.0
1575.0;14.725;2.52;0.0
1576.5;18.7;1.46;0.0
1578.0;11.45;2.6;0.0
1579.5;17.425;0.8;0.0
1581.0;16.2;4.16;0.0
1582.5;19.025;1.3199999999999998;0.0
1584.0;19.975;4.86;0.0
1585.5;19.4;4.1;0.0
1587.0;20.1;2.9799999999999995;0.0
1588.5;20.225;3.9200000000000004;0.0
1590.0;16.15;1.92;0.0
1591.5;20.35;1.7799999999999998;0.0
1593.0;20.675;2.9200000000000004;0.0
1594.5;19.725;3.5800000000000005;0.0
1596.0;18.15;4.640000000000001;0.0
1597.5;17.8;2.72;0.0
1599.0;18.525;3.3800000000000003;0.0
1600.5;15.675;4.300000000000001;0.0
1602.0;19.375;4.180000000000001;0.0
1603.5;22.0;5.360000000000001;0.0
1605.0;14.8;1.8399999999999999;0.0
1606.5;20.025;6.3;0.0
1608.0;24.625;5.04;0.0
1609.5;20.95;5.620000000000001;0.0
1611.0;18.4;4.0;0.0
1612.5;20.9;2.7800000000000002;0.0
1614.0;20.375;5.720000000000001;0.0
1615.5;22.75;1.7;0.0
1617.0;17.55;2.4400000000000004;0.0
1618.5;19.575;3.3200000000000003;0.0
1620.0;16.775;5.92;0.0
1621.5;23.15;1.44;0.0
1623.0;18.475;5.180000000000001;0.0
1624.5;16.85;4.720000000000001;0.0
1626.0;14.7;4.4;0.0
1627.5;14.375;1.44;0.0
1629.0;14.925;2.44;0.0
1630.5;17.7;2.6;0.0
1632.0;14.05;3.12;0.0
1633.5;18.125;3.3600000000000003;0.0
1635.0;17.725;1.46;0.0
1636.5;12.05;3.06;0.0
1638.0;15.4;1.6600000000000001;0.0
1639.5;14.675;3.7800000000000002;0.0
1641.0;22.125;7.780000000000001;0.0
1642.5;18.175;3.18;0.0
1644.0;15.125;5.960000000000001;0.0
1645.5;16.65;3.2399999999999998;0.0
1647.0;17.925;5.16;0.0
1648.5;13.575;2.9;0.0
1650.0;14.225;2.64;0.0
1651.5;19.075;6.76;0.0
1653.0;24.325;3.5;0.0
1654.5;18.75;5.380000000000001;0.0
1656.0;17.325;4.58;0.0
1657.5;20.35;7.160000000000001;0.0
1659.0;17.675;1.86;0.0
1660.5;18.525;6.580000000000001;0.0
1662.0;18.225;3.2399999999999998;0.0
1663.5;20.55;5.380000000000001;0.0
1665.0;15.075;5.9;0.0
1666.5;18.575;2.12;0.0
1668.0;18.375;1.4;0.0
1669.5;22.65;2.06;0.0
1671.0;21.3;1.6;0.0
1672.5;26.15;3.3200000000000003;0.0
1674.0;23.2;0.26;0.0
1675.5;21.4;2.06;0.0
1677.0;19.65;6.040000000000001;0.0
1678.5;18.55;1.06;0.0
1680.0;19.55;1.9;0.0
1681.5;18.225;2.32;0.0
1683.0;15.475;2.78;0.0
1684.5;19.525;3.38;0.0
1686.0;14.75;2.4;0.0
1687.5;14.8;6.1000000000000005;0.0
1689.0;15.925;3.9799999999999995;0.0
1690.5;18.375;3.78;0.0
1692.0;22.075;1.72;0.0
1693.5;24.95;2.4;0.0
1695.0;22.65;3.5400000000000005;0.0
1696.5;17.65;1.52;0.0
1698.0;15.85;4.720000000000001;0.0
1699.5;16.925;2.06;0.0
1701.0;19.55;0.86;0.0
1702.5;22.425;3.620000000000001;0.0
1704.0;22.775;1.5799999999999998;0.0
1705.5;15.0;0.86;0.0
1707.0;25.45;3.08;0.0
1708.5;22.375;2.12;0.0
1710.0;15.175;4.840000000000001;0.0
1711.5;15.525;4.5;0.0
1713.0;18.725;4.300000000000001;0.0
1714.5;16.175;4.180000000000001;0.0
1716.0;17.925;2.12;0.0
1717.5;18.2;1.06;0.0
1719.0;19.075;2.4;0.0
1720.5;15.7;2.46;0.0
1722.0;11.875;2.6;0.0
1723.5;15.8;4.84;0.0
1725.0;21.05;2.66;0.0
1726.5;17.3;1.46;0.0
1728.0;15.475;5.040000000000001;0.0
1729.5;11.85;1.9200000000000004;0.0
1731.0;17.525;2.7600000000000007;0.0
1732.5;18.45;2.38;0.0
1734.0;15.65;6.1000000000000005;0.0
1735.5;15.3;1.3199999999999998;0.0
1737.0;17.925;1.98;0.0
1738.5;19.425;2.66;0.0
1740.0;20.375;1.72;0.0
1741.5;17.55;3.4200000000000004;0.0
1743.0;18.6;1.64;0.0
1744.5;18.825;0.6599999999999999;0.0
1746.0;14.625;2.900000000000001;0.0
1747.5;16.45;0.78;0.0
1749.0;16.05;1.7200000000000002;0.0
1750.5;17.5;2.5800000000000005;0.0
1752.0;19.625;1.92;0.0
1753.5;15.275;1.46;0.0
1755.0;12.55;4.5600000000000005;0.0
1756.5;14.25;3.5;0.0
1758.0;19.35;2.44;0.0
1759.5;20.3;1.9200000000000004;0.0
1761.0;19.675;2.7800000000000002;0.0
1762.5;19.975;3.8400000000000007;0.0
1764.0;19.75;5.180000000000001;0.0
1765.5;14.425;2.2399999999999998;0.0
1767.0;18.725;2.1;0.0
1768.5;15.675;1.78;0.0
1770.0;15.9;2.78;0.0
1771.5;20.65;2.92;0.0
1773.0;22.275;4.92;0.0
1774.5;15.325;3.38;0.0
1776.0;15.7;2.06;0.0
1777.5;24.65;1.4;0.0
1779.0;20.5;2.66;0.0
1780.5;17.15;3.0400000000000005;0.0
1782.0;19.25;1.26;0.0
1783.5;13.225;5.98;0.0
1785.0;20.175;2.12;0.0
1786.5;17.65;0.72;0.0
1788.0;18.675;5.0600000000000005;0.0
1789.5;14.3;4.82;0.0
1791.0;19.35;1.3199999999999998;0.0
1792.5;20.9;2.5799999999999996;0.0
1794.0;20.875;3.02;0.0
1795.5;22.65;6.92;0.0
1797.0;20.6;3.4;0.0
1798.5;22.925;2.8600000000000003;0.0
1800.0;16.525;3.2400000000000007;0.0
1801.5;16.625;1.8;0.0
1803.0;17.1;3.0400000000000005;0.0
1804.5;19.2;2.66;0.0
1806.0;20.425;3.12;0.0
1807.5;18.8;4.220000000000001;0.0
1809.0;20.025;2.960000000000001;0.0
1810.5;19.025;4.24;0.0
1812.0;16.8;4.76;0.0
1813.5;18.85;4.58;0.0
1815.0;18.2;3.5799999999999996;0.0
1816.5;20.6;3.5800000000000005;0.0
1818.0;18.625;3.72;0.0
1819.5;15.55;6.7;0.0
1821.0;20.2;6.640000000000001;0.0
1822.5;15.65;5.380000000000001;0.0
1824.0;18.65;3.84;0.0
1825.5;18.825;4.84;0.0
1827.0;24.825;5.840000000000001;0.0
1828.5;22.65;6.300000000000001;0.0
1830.0;23.05;3.5200000000000005;0.0
1831.5;22.4;1.9;0.0
1833.0;18.825;2.7600000000000002;0.0
1834.5;18.775;2.84;0.0
1836.0;17.775;2.7800000000000002;0.0
1837.5;21.05;1.52;0.0
1839.0;18.25;3.9800000000000004;0.0
1840.5;27.15;5.1;0.0
1842.0;16.975;1.9200000000000004;0.0
1843.5;18.3;4.76;0.0
1845.0;14.8;2.52;0.0
1846.5;15.475;1.2;0.0
1848.0;19.55;1.4;0.0
1849.5;21.825;1.9799999999999998;0.0
1851.0;21.325;2.32;0.0
1852.5;19.975;10.059999999999999;0.0
1854.0;17.25;2.18;0.0
1855.5;17.9;1.72;0.0
1857.0;17.2;2.3800000000000003;0.0
1858.5;21.375;2.72;0.0
1860.0;18.425;4.16;0.0
1861.5;20.15;4.86;0.0
1863.0;21.0;4.98;0.0
1864.5;14.925;3.900000000000001;0.0
1866.0;18.0;0.6;0.0
1867.5;15.425;2.3200000000000003;0.0
1869.0;14.3;4.720000000000001;0.0
1870.5;19.975;5.64;0.0
1872.0;22.875;2.06;0.0
1873.5;17.1;4.040000000000001;0.0
1875.0;17.475;5.620000000000001;0.0
1876.5;16.875;1.72;0.0
1878.0;17.175;2.7800000000000002;0.0
1879.5;22.125;2.7199999999999998;0.0
1881.0;25.35;3.1800000000000006;0.0
1882.5;16.1;1.92;0.0
1884.0;21.625;1.2;0.0
1885.5;16.325;2.0;0.0
1887.0;18.45;2.6;0.0
1888.5;17.9;3.1;0.0
1890.0;11.5;5.32;0.0
1891.5;16.7;2.06;0.0
1893.0;22.425;3.12;0.0
1894.5;19.4;4.760000000000001;0.0
1896.0;21.2;5.3;0.0
1897.5;15.65;8.459999999999999;0.0
1899.0;15.3;2.12;0.0
1900.5;19.85;1.44;0.0
1902.0;19.225;2.58;0.0
1903.5;21.625;0.86;0.0
1905.0;16.375;2.46;0.0
1906.5;19.75;2.12;0.0
1908.0;14.725;1.52;0.0
1909.5;13.625;1.6600000000000001;0.0
1911.0;16.825;4.12;0.0
1912.5;18.4;4.38;0.0
1914.0;18.725;3.0400000000000005;0.0
1915.5;21.675;1.7800000000000005;0.0
1917.0;23.075;2.18;0.0
1918.5;14.675;1.44;0.0
1920.0;16.55;2.8;0.0
1921.5;16.1;5.32;0.0
1923.0;18.775;1.7;0.0
1924.5;17.875;2.7;0.0
1926.0;20.2;2.2;0.0
1927.5;16.75;2.5800000000000005;0.0
1929.0;22.7;4.300000000000001;0.0
1930.5;21.375;3.78;0.0
1932.0;15.625;2.5799999999999996;0.0
1933.5;18.375;2.38;0.0
1935.0;21.225;5.62;0.0
1936.5;19.375;2.12;0.0
1938.0;17.775;3.72;0.0
1939.5;13.925;2.06;0.0
1941.0;15.75;4.38;0.0
1942.5;18.15;6.5;0.0
1944.0;21.425;1.3199999999999998;0.0
1945.5;19.075;2.8600000000000003;0.0
1947.0;19.95;1.26;0.0
1948.5;13.925;3.3800000000000003;0.0
1950.0;17.55;4.500000000000001;0.0
1951.5;15.25;2.12;0.0
1953.0;18.15;1.3199999999999998;0.0
1954.5;18.5;2.72;0.0
1956.0;18.15;4.76;0.0
1957.5;19.45;2.2600000000000002;0.0
1959.0;16.625;3.12;0.0
1960.5;18.75;3.2600000000000002;0.0
1962.0;18.625;3.6400000000000006;0.0
1963.5;18.475;2.12;0.0
1965.0;16.8;4.78;0.0
1966.5;19.375;7.24;0.0
1968.0;18.6;1.8;0.0
1969.5;18.775;2.7600000000000007;0.0
1971.0;17.125;2.8400000000000007;0.0
1972.5;14.275;1.1199999999999999;0.0
1974.0;22.55;1.26;0.0
1975.5;23.975;1.72;0.0
1977.0;21.875;1.4;0.0
1978.5;17.975;6.459999999999999;0.0
1980.0;19.725;5.62;0.0
1981.5;23.9;1.7799999999999998;0.0
1983.0;22.15;4.700000000000001;0.0
1984.5;18.275;4.0600000000000005;0.0
1986.0;17.75;3.0200000000000005;0.0
1987.5;15.4;1.38;0.0
1989.0;16.6;2.5;0.0
1990.5;14.8;1.92;0.0
1992.0;21.125;5.540000000000001;0.0
1993.5;16.15;2.96;0.0
1995.0;14.95;4.720000000000001;0.0
1996.5;14.975;6.760000000000001;0.0
1998.0;14.7;2.4;0.0
1999.5;20.5;6.4;0.0
2001.0;17.45;3.9200000000000004;0.0
2002.5;19.45;5.18;0.0
2004.0;13.925;5.44;0.0
2005.5;18.875;4.86;0.0
2007.0;19.0;2.2;0.0
2008.5;21.65;1.9;0.0
2010.0;16.65;1.38;0.0
2011.5;14.675;2.3200000000000003;0.0
2013.0;20.725;2.76;0.0
2014.5;21.525;4.58;0.0
2016.0;22.625;4.720000000000001;0.0
2017.5;21.45;3.84;0.0
2019.0;16.575;5.160000000000001;0.0
2020.5;17.575;3.5800000000000005;0.0
2022.0;16.375;1.8;0.0
2023.5;20.775;3.2;0.0
2025.0;17.825;1.2999999999999998;0.0
2026.5;13.075;1.3199999999999998;0.0
2028.0;14.25;1.52;0.0
2029.5;18.35;0.9799999999999999;0.0
2031.0;24.925;4.9;0.0
2032.5;22.725;2.3800000000000003;0.0
2034.0;17.65;1.92;0.0
2035.5;18.425;1.3800000000000001;0.0
2037.0;17.275;3.12;0.0
2038.5;16.35;3.5200000000000005;0.0
2040.0;19.9;3.7;0.0
2041.5;19.325;2.9799999999999995;0.0
2043.0;20.95;3.04;0.0
2044.5;16.525;1.9799999999999998;0.0
2046.0;18.9;3.0;0.0
2047.5;18.325;3.66;0.0
2049.0;18.125;1.72;0.0
2050.5;13.95;5.220000000000001;0.0
2052.0;20.8;3.3000000000000007;0.0
2053.5;21.5;4.04;0.0
2055.0;18.175;5.140000000000001;0.0
2056.5;19.825;0.86;0.0
2058.0;19.975;3.3200000000000003;0.0
2059.5;24.725;2.06;0.0
2061.0;22.15;2.1800000000000006;0.0
2062.5;18.5;3.12;0.0
2064.0;18.4;3.0400000000000005;0.0
2065.5;18.525;3.06;0.0
2067.0;14.525;3.4;0.0
2068.5;16.625;4.9;0.0
2070.0;23.2;2.8400000000000007;0.0
2071.5;17.225;2.3800000000000003;0.0
2073.0;18.35;2.44;0.0
2074.5;16.625;4.180000000000001;0.0
2076.0;18.575;2.06;0.0
2077.5;17.325;5.340000000000001;0.0
2079.0;16.0;2.7800000000000002;0.0
2080.5;20.65;1.7799999999999998;0.0
2082.0;23.3;4.1400000000000015;0.0
2083.5;20.45;3.2600000000000002;0.0
2085.0;18.95;4.24;0.0
2086.5;13.85;2.6399999999999997;0.0
2088.0;19.85;2.06;0.0
2089.5;16.025;3.12;0.0
2091.0;19.375;1.26;0.0
2092.5;18.95;0.86;0.0
2094.0;17.125;1.46;0.0
2095.5;19.775;3.0;0.0
2097.0;17.625;3.5200000000000005;0.0
2098.5;19.95;1.1199999999999999;0.0
2100.0;16.8;2.7600000000000002;0.0
2101.5;15.825;3.3200000000000003;0.0
2103.0;19.9;4.86;0.0
2104.5;15.9;5.500000000000001;0.0
2106.0;22.225;1.44;0.0
2107.5;16.05;1.52;0.0
2109.0;15.45;2.12;0.0
2110.5;18.85;0.7799999999999999;0.0
2112.0;13.375;3.2399999999999998;0.0
2113.5;19.1;4.3;0.0
2115.0;22.05;4.26;0.0
2116.5;12.4;1.98;0.0
2118.0;19.375;5.46;0.0
2119.5;18.95;2.5799999999999996;0.0
2121.0;16.825;6.58;0.0
2122.5;20.725;2.1;0.0
2124.0;14.925;2.04;0.0
2125.5;16.475;1.46;0.0
2127.0;23.325;1.46;0.0
2128.5;20.525;4.26;0.0
2130.0;9.35;3.9200000000000004;0.0
2131.5;15.75;3.62;0.0
2133.0;18.375;2.52;0.0
2134.5;23.45;6.640000000000001;0.0
2136.0;18.25;3.560000000000001;0.0
2137.5;21.0;3.62;0.0
2139.0;23.15;3.8400000000000007;0.0
2140.5;16.325;2.46;0.0
2142.0;18.825;3.5200000000000005;0.0
2143.5;23.325;1.18;0.0
2145.0;20.1;1.7799999999999998;0.0
2146.5;17.1;1.72;0.0
2148.0;18.475;1.26;0.0
2149.5;19.775;1.64;0.0
2151.0;18.675;7.040000000000001;0.0
2152.5;14.925;4.32;0.0
2154.0;11.8;4.220000000000001;0.0
2155.5;18.8;3.56;0.0
2157.0;15.0;4.46;0.0
2158.5;15.375;1.2999999999999998;0.0
2160.0;18.575;2.8600000000000003;0.0
2161.5;20.25;5.6;0.0
2163.0;22.825;3.9799999999999995;0.0
2164.5;24.95;4.58;0.0
2166.0;25.5;5.86;0.0
2167.5;20.45;1.92;0.0
2169.0;15.825;2.0;0.0
2170.5;18.825;1.7;0.0
2172.0;15.675;2.32;0.0
2173.5;16.975;5.36;0.0
2175.0;17.05;2.9000000000000004;0.0
2176.5;19.425;3.5800000000000005;0.0
2178.0;22.0;1.26;0.0
2179.5;16.675;2.72;0.0
2181.0;16.9;5.78;0.0
2182.5;19.05;4.720000000000001;0.0
2184.0;24.5;2.52;0.0
2185.5;18.0;3.8600000000000003;0.0
2187.0;17.175;3.4400000000000004;0.0
2188.5;24.725;2.32;0.0
2190.0;19.375;4.5200000000000005;0.0
2191.5;20.1;3.900000000000001;0.0
2193.0;16.55;1.6600000000000001;0.0
2194.5;23.975;2.06;0.0
2196.0;17.85;2.06;0.0
2197.5;17.35;1.7799999999999998;0.0
2199.0;20.225;4.5;0.0
2200.5;22.6;1.78;0.0
2202.0;14.625;3.12;0.0
2203.5;17.7;5.1;0.0
2205.0;19.2;1.46;0.0
2206.5;19.8;3.22;0.0
2208.0;14.0;2.4;0.0
2209.5;17.175;1.4;0.0
2211.0;16.4;2.66;0.0
2212.5;14.825;2.12;0.0
2214.0;24.125;5.0600000000000005;0.0
2215.5;19.8;2.4;0.0
2217.0;24.325;1.52;0.0
2218.5;20.4;3.6;0.0
2220.0;17.25;1.86;0.0
2221.5;17.875;5.16;0.0
2223.0;16.1;0.4;0.0
2224.5;20.625;1.6600000000000001;0.0
2226.0;17.375;2.8600000000000003;0.0
2227.5;16.975;1.6600000000000001;0.0
2229.0;19.15;1.5799999999999998;0.0
2230.5;16.825;2.2399999999999998;0.0
2232.0;15.25;5.86;0.0
2233.5;20.1;4.779999999999999;0.0
2235.0;19.1;3.6800000000000006;0.0
2236.5;21.9;2.8600000000000003;0.0
2238.0;18.8;4.7;0.0
2239.5;20.575;6.659999999999999;0.0
2241.0;20.375;4.720000000000001;0.0
2242.5;20.375;5.32;0.0
2244.0;22.925;2.2400000000000007;0.0
2245.5;18.1;1.7800000000000005;0.0
2247.0;17.675;1.46;0.0
2248.5;12.575;3.04;0.0
2250.0;14.075;3.5200000000000005;0.0
2251.5;13.575;3.2399999999999998;0.0
2253.0;20.15;1.52;0.0
2254.5;17.075;4.58;0.0
2256.0;17.975;1.9;0.0
2257.5;15.625;1.06;0.0
2259.0;19.65;1.8;0.0
2260.5;19.175;2.0;0.0
2262.0;23.225;2.06;0.0
2263.5;20.475;1.5799999999999998;0.0
2265.0;17.25;2.72;0.0
2266.5;15.4;3.3200000000000003;0.0
2268.0;24.85;4.6;0.0
2269.5;18.175;4.5600000000000005;0.0
2271.0;12.825;1.86;0.0
2272.5;20.825;3.72;0.0
2274.0;14.125;2.18;0.0
2275.5;16.875;7.340000000000001;0.0
2277.0;18.55;1.6600000000000001;0.0
2278.5;15.75;3.8600000000000003;0.0
2280.0;22.325;1.9200000000000004;0.0
2281.5;18.275;4.86;0.0
2283.0;18.625;1.1199999999999999;0.0
2284.5;19.8;3.12;0.0
2286.0;17.05;2.2399999999999998;0.0
2287.5;17.85;2.7800000000000002;0.0
2289.0;18.4;2.1799999999999997;0.0
2290.5;22.3;5.380000000000001;0.0
2292.0;20.675;5.160000000000001;0.0
2293.5;20.8;4.720000000000001;0.0
2295.0;20.225;1.2399999999999998;0.0
2296.5;14.85;6.24;0.0
2298.0;16.775;3.12;0.0
2299.5;20.45;2.3200000000000003;0.0
2301.0;17.05;5.36;0.0
2302.5;16.7;3.1800000000000006;0.0
2304.0;18.975;6.26;0.0
2305.5;18.8;2.2600000000000002;0.0
2307.0;20.05;4.0600000000000005;0.0
2308.5;14.975;2.98;0.0
2310.0;18.325;2.3800000000000003;0.0
2311.5;19.125;1.52;0.0
2313.0;15.575;3.12;0.0
2314.5;17.35;6.280000000000001;0.0
2316.0;20.325;5.96;0.0
2317.5;19.25;3.2;0.0
2319.0;16.1;2.2600000000000002;0.0
2320.5;17.3;3.3200000000000003;0.0
2322.0;17.25;2.18;0.0
2323.5;16.625;1.0;0.0
2325.0;18.25;17.879999999999995;0.0
2326.5;17.375;3.3800000000000003;0.0
2328.0;19.725;3.72;0.0
2329.5;21.425;5.3;0.0
2331.0;25.025;3.1800000000000006;0.0
2332.5;23.125;3.5200000000000005;0.0
2334.0;14.575;5.540000000000001;0.0
2335.5;17.725;1.7799999999999998;0.0
2337.0;15.175;2.9200000000000004;0.0
2338.5;19.175;2.9800000000000004;0.0
2340.0;21.7;1.5799999999999998;0.0
2341.5;18.35;2.2600000000000002;0.0
2343.0;21.425;3.44;0.0
2344.5;20.075;5.020000000000001;0.0
2346.0;20.075;5.12;0.0
2347.5;17.2;3.9800000000000004;0.0
2349.0;19.875;4.1000000000000005;0.0
2350.5;20.475;4.500000000000001;0.0
2352.0;18.275;2.06;0.0
2353.5;23.55;4.3;0.0
2355.0;21.4;2.66;0.0
2356.5;20.425;2.1799999999999997;0.0
2358.0;21.65;1.2;0.0
2359.5;18.725;1.46;0.0
2361.0;19.85;2.12;0.0
2362.5;18.9;3.1799999999999997;0.0
2364.0;18.425;2.12;0.0
2365.5;17.175;3.16;0.0
2367.0;15.25;0.8;0.0
2368.5;19.425;3.06;0.0
2370.0;18.425;6.460000000000001;0.0
2371.5;19.875;3.06;0.0
2373.0;19.825;3.0200000000000005;0.0
2374.5;14.85;4.640000000000001;0.0
2376.0;14.8;3.5799999999999996;0.0
2377.5;15.775;4.700000000000001;0.0
2379.0;21.3;5.620000000000001;0.0
2380.5;18.65;2.1800000000000006;0.0
2382.0;21.35;1.06;0.0
2383.5;14.875;2.4;0.0
2385.0;16.7;2.1800000000000006;0.0
2386.5;14.75;4.98;0.0
2388.0;17.125;2.2600000000000002;0.0
2389.5;24.5;2.2600000000000002;0.0
2391.0;18.775;2.46;0.0
2392.5;21.3;2.66;0.0
2394.0;15.325;0.12;0.0
2395.5;17.95;4.840000000000001;0.0
2397.0;16.125;4.58;0.0
2398.5;19.975;1.8;0.0
2400.0;16.175;4.760000000000001;0.0
2401.5;18.0;5.16;0.0
2403.0;17.625;3.7800000000000002;0.0
2404.5;15.1;6.780000000000001;0.0
2406.0;20.625;6.1;0.0
2407.5;21.5;3.5200000000000005;0.0
2409.0;16.325;4.12;0.0
2410.5;14.575;2.4;0.0
2412.0;13.925;0.6599999999999999;0.0
2413.5;17.625;4.42;0.0
2415.0;22.6;3.6399999999999997;0.0
2416.5;20.575;3.2400000000000007;0.0
2418.0;20.3;7.5;0.0
2419.5;19.925;1.9200000000000004;0.0
2421.0;18.375;1.5799999999999998;0.0
2422.5;21.15;2.92;0.0
2424.0;21.15;4.6;0.0
2425.5;16.35;4.86;0.0
2427.0;18.5;5.32;0.0
2428.5;20.3;1.5799999999999998;0.0
2430.0;17.875;2.6399999999999997;0.0
2431.5;20.1;3.78;0.0
2433.0;22.3;1.1199999999999999;0.0
2434.5;16.975;1.1800000000000002;0.0
2436.0;22.35;1.06;0.0
2437.5;20.45;2.38;0.0
2439.0;19.275;3.44;0.0
2440.5;24.275;3.46;0.0
2442.0;20.175;0.7799999999999999;0.0
2443.5;22.625;2.3800000000000003;0.0
2445.0;19.65;4.12;0.0
2446.5;16.525;1.9200000000000004;0.0
2448.0;21.1;3.12;0.0
2449.5;17.925;3.6;0.0
2451.0;20.125;2.0400000000000005;0.0
2452.5;20.375;2.3200000000000003;0.0
2454.0;20.0;3.4800000000000004;0.0
2455.5;17.15;3.66;0.0
2457.0;14.75;1.3199999999999998;0.0
2458.5;19.375;1.6600000000000001;0.0
2460.0;18.675;1.52;0.0
2461.5;21.175;4.9;0.0
2463.0;23.475;2.4;0.0
2464.5;18.8;3.1400000000000006;0.0
2466.0;18.975;3.4800000000000004;0.0
2467.5;18.475;2.78;0.0
2469.0;20.7;6.380000000000001;0.0
2470.5;22.175;3.500000000000001;0.0
2472.0;24.05;5.24;0.0
2473.5;17.4;2.8600000000000003;0.0
2475.0;18.8;2.0;0.0
2476.5;16.65;2.9800000000000004;0.0
2478.0;15.9;5.840000000000001;0.0
2479.5;17.2;7.459999999999999;0.0
2481.0;17.025;1.6;0.0
2482.5;16.8;6.0600000000000005;0.0
2484.0;17.525;3.12;0.0
2485.5;16.35;1.06;0.0
2487.0;16.4;6.44;0.0
2488.5;15.275;2.32;0.0
2490.0;13.55;2.06;0.0
2491.5;11.875;2.5200000000000005;0.0
2493.0;19.25;4.98;0.0
2494.5;17.9;4.840000000000001;0.0
2496.0;12.8;1.8399999999999999;0.0
2497.5;16.7;2.5200000000000005;0.0
2499.0;17.925;2.38;0.0
2500.5;16.175;1.2399999999999998;0.0
2502.0;22.125;3.5200000000000005;0.0
2503.5;22.425;1.18;0.0
2505.0;18.625;2.38;0.0
2506.5;18.6;2.9200000000000004;0.0
2508.0;15.25;3.9200000000000004;0.0
2509.5;20.425;2.3000000000000007;0.0
2511.0;21.225;3.3000000000000007;0.0
2512.5;16.275;1.8;0.0
2514.0;15.55;3.9400000000000004;0.0
2515.5;25.35;2.9200000000000004;0.0
2517.0;20.575;1.52;0.0
2518.5;14.8;2.38;0.0
2520.0;17.25;3.8600000000000003;0.0
2521.5;19.125;7.040000000000001;0.0
2523.0;16.225;2.7199999999999998;0.0
2524.5;18.775;2.72;0.0
2526.0;21.775;5.220000000000001;0.0
2527.5;14.85;3.04;0.0
2529.0;16.75;3.8800000000000003;0.0
2530.5;21.05;3.12;0.0
2532.0;20.625;1.72;0.0
2533.5;21.575;2.8600000000000003;0.0
2535.0;21.925;6.180000000000001;0.0
2536.5;23.075;6.840000000000001;0.0
2538.0;15.25;4.1000000000000005;0.0
2539.5;19.325;3.3800000000000003;0.0
2541.0;19.8;2.1;0.0
2542.5;18.85;4.44;0.0
2544.0;15.0;6.980000000000001;0.0
2545.5;18.8;2.2;0.0
2547.0;17.45;3.9200000000000004;0.0
2548.5;22.4;7.92;0.0
2550.0;18.5;5.24;0.0
2551.5;20.0;3.2600000000000002;0.0
2553.0;21.675;1.86;0.0
2554.5;18.725;2.92;0.0
2556.0;19.325;3.9;0.0
2557.5;18.175;3.66;0.0
2559.0;18.9;6.780000000000001;0.0
2560.5;18.45;2.52;0.0
2562.0;15.875;5.020000000000001;0.0
2563.5;14.075;5.58;0.0
2565.0;15.425;2.9800000000000004;0.0
2566.5;19.225;4.66;0.0
2568.0;18.0;1.7799999999999998;0.0
2569.5;18.95;7.3;0.0
2571.0;21.375;2.5200000000000005;0.0
2572.5;17.975;0.8;0.0
2574.0;21.15;0.4;0.0
2575.5;19.975;2.4;0.0
2577.0;20.0;1.52;0.0
2578.5;18.65;1.6;0.0
2580.0;13.075;2.06;0.0
2581.5;17.575;3.06;0.0
2583.0;17.075;1.06;0.0
2584.5;19.05;4.1;0.0
2586.0;22.0;4.720000000000001;0.0
2587.5;17.675;4.0200000000000005;0.0
2589.0;17.625;3.4;0.0
2590.5;18.525;4.0600000000000005;0.0
2592.0;21.45;2.72;0.0
2593.5;17.475;1.3199999999999998;0.0
2595.0;19.825;3.8;0.0
2596.5;13.675;1.52;0.0
2598.0;16.025;3.12;0.0
2599.5;22.925;4.86;0.0
2601.0;20.675;1.06;0.0
2602.5;14.95;1.9799999999999998;0.0
2604.0;22.45;2.52;0.0
2605.5;16.075;9.440000000000001;0.0
2607.0;20.575;3.6400000000000006;0.0
2608.5;18.875;1.52;0.0
2610.0;16.125;3.84;0.0
2611.5;18.95;3.66;0.0
2613.0;22.875;4.5600000000000005;0.0
2614.5;16.65;1.2;0.0
2616.0;14.825;3.3800000000000003;0.0
2617.5;22.9;3.44;0.0
2619.0;15.675;2.8600000000000003;0.0
2620.5;17.15;2.7800000000000002;0.0
2622.0;15.425;3.4400000000000004;0.0
2623.5;18.275;1.3199999999999998;0.0
2625.0;19.5;3.8;0.0
2626.5;19.325;3.1800000000000006;0.0
2628.0;15.825;3.9799999999999995;0.0
2629.5;18.225;5.760000000000001;0.0
2631.0;18.275;1.2;0.0
2632.5;14.275;1.9200000000000004;0.0
2634.0;19.675;5.3;0.0
2635.5;19.525;1.72;0.0
2637.0;20.275;1.7200000000000002;0.0
2638.5;21.675;1.78;0.0
2640.0;19.75;4.12;0.0
2641.5;19.05;3.560000000000001;0.0
2643.0;14.5;4.12;0.0
2644.5;13.35;1.52;0.0
2646.0;13.325;3.46;0.0
2647.5;17.925;2.46;0.0
2649.0;18.875;2.2;0.0
2650.5;20.85;2.8;0.0
2652.0;16.1;1.9200000000000004;0.0
2653.5;15.15;2.44;0.0
2655.0;18.45;5.380000000000001;0.0
2656.5;22.375;1.48;0.0
2658.0;24.45;4.220000000000001;0.0
2659.5;22.3;4.300000000000001;0.0
2661.0;17.7;3.2400000000000007;0.0
2662.5;17.5;5.220000000000001;0.0
2664.0;19.95;3.8400000000000007;0.0
2665.5;17.15;5.58;0.0
2667.0;19.725;1.72;0.0
2668.5;19.4;3.0;0.0
2670.0;14.3;3.1800000000000006;0.0
2671.5;12.8;2.7600000000000002;0.0
2673.0;15.8;1.0;0.0
2674.5;18.85;3.72;0.0
2676.0;16.7;3.8600000000000003;0.0
2677.5;18.725;5.44;0.0
2679.0;18.05;3.06;0.0
2680.5;14.8;4.44;0.0
2682.0;17.925;3.4400000000000004;0.0
2683.5;22.025;1.3199999999999998;0.0
2685.0;18.9;1.46;0.0
2686.5;19.525;4.18;0.0
2688.0;22.9;4.4399999999999995;0.0
2689.5;20.175;1.2;0.0
2691.0;18.85;1.4;0.0
2692.5;19.3;4.180000000000001;0.0
2694.0;14.975;4.26;0.0
2695.5;15.75;2.5800000000000005;0.0
2697.0;19.225;2.56;0.0
2698.5;17.075;2.9;0.0
2700.0;18.75;4.840000000000001;0.0
2701.5;18.325;4.5200000000000005;0.0
2703.0;19.675;1.24;0.0
2704.5;19.325;2.12;0.0
2706.0;19.55;4.78;0.0
2707.5;17.15;3.0;0.0
2709.0;20.925;3.9800000000000004;0.0
2710.5;17.825;2.7800000000000002;0.0
2712.0;16.9;2.24;0.0
2713.5;23.425;1.04;0.0
2715.0;24.8;0.6;0.0
2716.5;23.325;2.46;0.0
2718.0;15.5;0.9199999999999999;0.0
2719.5;19.025;5.0200000000000005;0.0
2721.0;18.225;0.9799999999999999;0.0
2722.5;15.475;2.7800000000000002;0.0
2724.0;19.65;3.04;0.0
2725.5;16.775;1.86;0.0
2727.0;20.225;1.6600000000000001;0.0
2728.5;18.875;4.9799999999999995;0.0
2730.0;17.975;2.12;0.0
2731.5;16.125;1.2;0.0
2733.0;20.6;5.5200000000000005;0.0
2734.5;18.3;4.94;0.0
2736.0;16.95;1.72;0.0
2737.5;19.05;1.8;0.0
2739.0;18.925;3.3200000000000003;0.0
2740.5;19.825;4.12;0.0
2742.0;22.05;6.040000000000001;0.0
2743.5;18.8;2.84;0.0
2745.0;20.975;5.44;0.0
2746.5;19.5;4.4;0.0
2748.0;21.35;1.46;0.0
2749.5;18.7;2.8600000000000003;0.0
2751.0;16.175;2.9200000000000004;0.0
2752.5;17.675;0.7799999999999999;0.0
2754.0;17.85;2.7199999999999998;0.0
2755.5;19.75;4.42;0.0
2757.0;21.15;1.06;0.0
2758.5;13.475;1.9799999999999998;0.0
2760.0;20.35;1.1199999999999999;0.0
2761.5;21.55;1.18;0.0
2763.0;21.225;5.16;0.0
2764.5;19.55;4.18;0.0
2766.0;18.325;2.66;0.0
2767.5;19.9;1.8;0.0
2769.0;15.425;1.6;0.0
2770.5;20.325;1.72;0.0
2772.0;19.575;2.0;0.0
2773.5;20.625;4.0200000000000005;0.0
2775.0;19.4;5.82;0.0
2776.5;15.625;7.32;0.0
2778.0;18.825;4.58;0.0
2779.5;22.85;1.18;0.0
2781.0;15.45;2.3200000000000003;0.0
2782.5;19.175;4.300000000000001;0.0
2784.0;19.05;2.8600000000000003;0.0
2785.5;17.4;2.06;0.0
2787.0;22.325;2.0;0.0
2788.5;26.65;3.9200000000000004;0.0
2790.0;16.3;3.18;0.0
2791.5;19.1;1.5799999999999998;0.0
2793.0;16.425;8.02;0.0
2794.5;15.625;0.8;0.0
2796.0;16.25;3.3600000000000008;0.0
2797.5;17.75;1.8399999999999999;0.0
2799.0;20.525;3.3000000000000007;0.0
2800.5;16.625;2.8;0.0
2802.0;14.75;2.6399999999999997;0.0
2803.5;22.025;4.44;0.0
2805.0;27.1;4.4;0.0
2806.5;19.225;4.32;0.0
2808.0;21.1;1.2;0.0
2809.5;18.5;1.92;0.0
2811.0;19.1;4.0;0.0
2812.5;19.45;2.1800000000000006;0.0
2814.0;14.175;1.52;0.0
2815.5;22.25;1.1199999999999999;0.0
2817.0;18.55;5.040000000000001;0.0
2818.5;20.65;2.0;0.0
2820.0;20.575;2.92;0.0
2821.5;20.875;3.3;0.0
2823.0;17.425;2.9200000000000004;0.0
2824.5;17.4;3.7;0.0
2826.0;22.725;2.2600000000000002;0.0
2827.5;19.725;3.7599999999999993;0.0
2829.0;13.8;6.760000000000001;0.0
2830.5;16.175;4.720000000000001;0.0
2832.0;15.65;4.24;0.0
2833.5;18.55;4.18;0.0
2835.0;19.8;3.8400000000000007;0.0
2836.5;25.175;2.6400000000000006;0.0
2838.0;12.675;4.24;0.0
2839.5;18.7;4.9;0.0
2841.0;15.0;3.900000000000001;0.0
2842.5;18.725;1.5799999999999998;0.0
2844.0;19.75;3.6400000000000006;0.0
2845.5;23.95;6.980000000000001;0.0
2847.0;20.625;3.66;0.0
2848.5;19.825;2.2;0.0
2850.0;20.525;1.0;0.0
2851.5;18.825;6.639999999999999;0.0
2853.0;18.075;6.340000000000002;0.0
2854.5;19.4;1.06;0.0
2856.0;19.9;2.2;0.0
2857.5;20.95;2.8400000000000007;0.0
2859.0;17.4;4.5600000000000005;0.0
2860.5;21.125;1.52;0.0
2862.0;15.95;4.6800000000000015;0.0
2863.5;12.95;5.160000000000001;0.0
2865.0;14.075;3.72;0.0
2866.5;23.15;1.9799999999999998;0.0
2868.0;26.675;3.9800000000000004;0.0
2869.5;19.65;1.3199999999999998;0.0
2871.0;17.75;4.0;0.0
2872.5;19.675;3.7600000000000002;0.0
2874.0;20.125;0.45999999999999996;0.0
2875.5;16.025;4.0600000000000005;0.0
2877.0;18.025;1.6600000000000001;0.0
2878.5;21.0;2.7000000000000006;0.0
2880.0;19.85;5.040000000000001;0.0
2881.5;19.1;5.880000000000001;0.0
2883.0;19.275;4.98;0.0
2884.5;18.1;1.5799999999999998;0.0
2886.0;21.625;1.9600000000000002;0.0
2887.5;22.375;2.5799999999999996;0.0
2889.0;11.25;1.4;0.0
2890.5;19.125;3.44;0.0
2892.0;21.475;2.8;0.0
2893.5;19.25;5.16;0.0
2895.0;19.275;1.6600000000000001;0.0
2896.5;24.6;6.28;0.0
2898.0;23.0;3.9200000000000004;0.0
2899.5;21.15;5.420000000000001;0.0
2901.0;13.575;2.2600000000000002;0.0
2902.5;16.175;2.36;0.0
2904.0;19.175;1.52;0.0
2905.5;18.325;3.7800000000000002;0.0
2907.0;18.05;2.32;0.0
2908.5;24.975;1.72;0.0
2910.0;21.575;3.5800000000000005;0.0
2911.5;15.6;2.32;0.0
2913.0;22.825;1.3199999999999998;0.0
2914.5;23.075;4.78;0.0
2916.0;18.975;3.3200000000000003;0.0
2917.5;20.45;6.380000000000001;0.0
2919.0;20.875;1.52;0.0
2920.5;18.9;1.0399999999999998;0.0
2922.0;21.55;4.5200000000000005;0.0
2923.5;24.7;5.9;0.0
2925.0;19.45;4.700000000000001;0.0
2926.5;17.1;1.72;0.0
2928.0;15.75;2.66;0.0
2929.5;14.925;3.8400000000000007;0.0
2931.0;18.375;3.7;0.0
2932.5;18.05;1.6600000000000001;0.0
2934.0;21.45;2.9200000000000004;0.0
2935.5;18.95;2.8400000000000003;0.0
2937.0;17.5;2.64;0.0
2938.5;16.025;5.12;0.0
2940.0;17.7;1.46;0.0
2941.5;17.175;2.12;0.0
2943.0;18.65;2.84;0.0
2944.5;17.125;1.7799999999999998;0.0
2946.0;20.05;3.0400000000000005;0.0
2947.5;19.05;1.92;0.0
2949.0;17.375;3.9200000000000004;0.0
2950.5;16.75;2.7199999999999998;0.0
2952.0;16.65;3.3800000000000003;0.0
2953.5;13.875;3.72;0.0
2955.0;12.575;3.38;0.0
2956.5;15.55;2.7;0.0
2958.0;15.775;1.52;0.0
2959.5;19.625;4.5200000000000005;0.0
2961.0;18.175;2.5200000000000005;0.0
2962.5;17.65;4.12;0.0
2964.0;13.2;2.4400000000000004;0.0
2965.5;20.05;1.2;0.0
2967.0;20.475;5.24;0.0
2968.5;19.825;7.6;0.0
2970.0;18.125;1.6600000000000001;0.0
2971.5;15.475;6.24;0.0
2973.0;17.7;4.040000000000001;0.0
2974.5;18.3;2.62;0.0
2976.0;17.725;3.7800000000000002;0.0
2977.5;16.1;1.72;0.0
2979.0;14.05;6.5600000000000005;0.0
2980.5;22.6;2.06;0.0
2982.0;22.8;1.1;0.0
2983.5;20.0;1.9200000000000004;0.0
2985.0;20.2;1.46;0.0
2986.5;17.775;7.640000000000001;0.0
2988.0;19.05;2.8600000000000003;0.0
2989.5;19.35;2.84;0.0
2991.0;18.9;4.58;0.0
2992.5;18.0;6.659999999999999;0.0
2994.0;17.05;5.1000000000000005;0.0
2995.5;18.375;9.919999999999996;0.0
2997.0;17.35;3.500000000000001;0.0
2998.5;20.15;2.5800000000000005;0.0
3000.0;16.9;5.32;0.0
3001.5;17.95;4.48;0.0
3003.0;17.95;5.500000000000001;0.0
3004.5;24.875;0.9799999999999999;0.0
3006.0;21.025;1.38;0.0
3007.5;20.325;3.3200000000000003;0.0
3009.0;14.85;1.92;0.0
3010.5;19.175;3.1800000000000006;0.0
3012.0;20.05;3.5800000000000005;0.0
3013.5;16.475;1.46;0.0
3015.0;23.05;2.66;0.0
3016.5;19.65;2.04;0.0
3018.0;21.45;1.86;0.0
3019.5;19.5;4.720000000000001;0.0
3021.0;18.95;4.24;0.0
3022.5;23.95;5.5200000000000005;0.0
3024.0;17.625;4.2;0.0
3025.5;13.975;4.500000000000001;0.0
3027.0;22.925;1.26;0.0
3028.5;18.675;3.7800000000000002;0.0
3030.0;21.325;3.1800000000000006;0.0
3031.5;19.65;1.52;0.0
3033.0;16.625;7.0;0.0
3034.5;21.925;1.9200000000000004;0.0
3036.0;19.2;4.32;0.0
3037.5;24.1;3.7600000000000002;0.0
3039.0;21.0;3.7800000000000002;0.0
3040.5;20.15;4.12;0.0
3042.0;23.625;1.46;0.0
3043.5;22.725;1.4;0.0
3045.0;25.675;3.1600000000000006;0.0
3046.5;19.1;2.1799999999999997;0.0
3048.0;20.0;3.5200000000000005;0.0
3049.5;15.95;2.1799999999999997;0.0
3051.0;13.75;2.8600000000000003;0.0
3052.5;10.95;3.06;0.0
3054.0;13.075;1.46;0.0
3055.5;20.6;2.1;0.0
3057.0;12.35;4.040000000000001;0.0
3058.5;16.475;3.04;0.0
3060.0;20.275;2.9800000000000004;0.0
3061.5;17.375;3.3200000000000003;0.0
3063.0;18.275;1.86;0.0
3064.5;16.6;3.12;0.0
3066.0;20.55;1.72;0.0
3067.5;25.1;1.2;0.0
3069.0;21.225;2.5800000000000005;0.0
3070.5;19.225;1.52;0.0
3072.0;18.25;1.9200000000000004;0.0
3073.5;18.275;1.92;0.0
3075.0;17.6;1.8;0.0
3076.5;15.725;3.1;0.0
3078.0;15.125;3.4;0.0
3079.5;18.825;1.98;0.0
3081.0;18.175;6.62;0.0
3082.5;20.8;2.7;0.0
3084.0;21.725;4.98;0.0
3085.5;14.575;3.9800000000000004;0.0
3087.0;14.825;2.2;0.0
3088.5;13.875;0.9799999999999999;0.0
3090.0;14.0;3.78;0.0
3091.5;18.95;1.78;0.0
3093.0;15.125;2.32;0.0
3094.5;17.525;5.44;0.0
3096.0;20.3;5.44;0.0
3097.5;17.275;0.8;0.0
3099.0;15.875;6.5200000000000005;0.0
3100.5;18.0;1.8;0.0
3102.0;13.975;1.4;0.0
3103.5;16.65;1.06;0.0
3105.0;19.2;4.2;0.0
3106.5;15.5;4.9;0.0
3108.0;19.3;2.44;0.0
3109.5;23.625;4.5;0.0
3111.0;16.825;2.8600000000000003;0.0
3112.5;18.5;1.6600000000000001;0.0
3114.0;20.825;2.3;0.0
3115.5;13.375;3.900000000000001;0.0
3117.0;19.35;5.66;0.0
3118.5;21.75;3.3200000000000003;0.0
3120.0;18.575;1.1199999999999999;0.0
3121.5;19.3;2.1800000000000006;0.0
3123.0;12.325;3.6;0.0
3124.5;16.925;4.12;0.0
3126.0;21.975;6.08;0.0
3127.5;20.3;1.92;0.0
3129.0;14.575;1.0;0.0
3130.5;18.75;4.720000000000001;0.0
3132.0;14.125;2.06;0.0
3133.5;19.55;3.06;0.0
3135.0;16.25;0.12;0.0
3136.5;20.4;5.5200000000000005;0.0
3138.0;17.075;6.960000000000001;0.0
3139.5;22.175;1.26;0.0
3141.0;16.9;1.72;0.0
3142.5;17.4;3.78;0.0
3144.0;22.9;1.6600000000000001;0.0
3145.5;16.975;1.06;0.0
3147.0;19.175;4.7;0.0
3148.5;21.05;6.7;0.0
3150.0;17.925;3.3200000000000003;0.0
3151.5;16.65;2.8400000000000007;0.0
3153.0;17.55;1.86;0.0
3154.5;17.2;5.360000000000001;0.0
3156.0;18.8;1.7;0.0
3157.5;16.35;3.46;0.0
3159.0;19.125;2.92;0.0
3160.5;18.6;5.24;0.0
3162.0;15.25;1.64;0.0
3163.5;17.65;4.32;0.0
3165.0;19.55;0.6599999999999999;0.0
3166.5;20.575;5.1;0.0
3168.0;19.85;0.86;0.0
3169.5;20.925;4.12;0.0
3171.0;22.65;6.44;0.0
3172.5;19.975;2.96;0.0
3174.0;17.275;4.840000000000001;0.0
3175.5;22.9;4.96;0.0
3177.0;21.3;2.7600000000000007;0.0
3178.5;18.925;1.9799999999999998;0.0
3180.0;19.25;2.1799999999999997;0.0
3181.5;22.275;2.6;0.0
3183.0;17.875;3.6400000000000006;0.0
3184.5;27.65;3.56;0.0
3186.0;21.25;1.3199999999999998;0.0
3187.5;16.075;1.7799999999999998;0.0
3189.0;21.95;2.8600000000000003;0.0
3190.5;18.425;2.46;0.0
3192.0;16.675;3.5799999999999996;0.0
3193.5;13.925;3.5200000000000005;0.0
3195.0;22.3;1.78;0.0
3196.5;22.275;3.12;0.0
3198.0;17.3;3.2399999999999998;0.0
3199.5;15.9;1.5799999999999998;0.0
3201.0;17.0;6.74;0.0
3202.5;17.325;5.9;0.0
3204.0;20.175;3.12;0.0
3205.5;18.8;4.779999999999999;0.0
3207.0;23.5;3.3000000000000007;0.0
3208.5;16.5;3.5799999999999996;0.0
3210.0;19.75;3.2;0.0
3211.5;19.55;1.7799999999999998;0.0
3213.0;17.0;1.5799999999999998;0.0
3214.5;16.3;4.16;0.0
3216.0;19.325;4.640000000000001;0.0
3217.5;22.1;6.5200000000000005;0.0
3219.0;22.85;1.86;0.0
3220.5;20.95;1.6600000000000001;0.0
3222.0;17.625;5.700000000000001;0.0
3223.5;17.05;6.7;0.0
3225.0;17.375;2.9;0.0
3226.5;17.35;1.52;0.0
3228.0;18.725;2.3200000000000003;0.0
3229.5;17.025;4.1000000000000005;0.0
3231.0;18.4;1.52;0.0
3232.5;20.175;3.8;0.0
3234.0;15.925;3.2399999999999998;0.0
3235.5;21.35;5.640000000000001;0.0
3237.0;21.1;3.12;0.0
3238.5;17.075;3.1800000000000006;0.0
3240.0;14.925;5.32;0.0
3241.5;17.675;3.5800000000000005;0.0
3243.0;15.675;4.840000000000001;0.0
3244.5;15.25;2.6;0.0
3246.0;18.775;4.5200000000000005;0.0
3247.5;17.4;5.44;0.0
3249.0;20.375;3.06;0.0
3250.5;19.725;4.540000000000001;0.0
3252.0;13.375;3.6;0.0
3253.5;15.925;1.72;0.0
3255.0;19.7;3.5799999999999996;0.0
3256.5;15.625;3.5200000000000005;0.0
3258.0;19.45;4.5600000000000005;0.0
3259.5;19.175;4.66;0.0
3261.0;19.3;3.9800000000000004;0.0
3262.5;19.7;0.72;0.0
3264.0;20.65;5.58;0.0
3265.5;11.625;3.66;0.0
3267.0;13.475;5.700000000000001;0.0
3268.5;18.65;6.12;0.0
3270.0;16.825;3.9800000000000004;0.0
3271.5;13.625;2.46;0.0
3273.0;17.85;1.52;0.0
3274.5;18.925;1.8399999999999999;0.0
3276.0;17.25;2.9800000000000004;0.0
3277.5;16.65;3.5800000000000005;0.0
3279.0;17.65;2.9200000000000004;0.0
3280.5;19.95;1.8199999999999996;0.0
3282.0;17.925;3.8400000000000007;0.0
3283.5;19.625;2.28;0.0
3285.0;19.9;1.6600000000000001;0.0
3286.5;17.8;2.06;0.0
3288.0;17.275;1.5799999999999998;0.0
3289.5;17.075;4.5;0.0
3291.0;24.275;1.52;0.0
3292.5;25.075;3.84;0.0
3294.0;22.425;5.1;0.0
3295.5;23.175;5.78;0.0
3297.0;20.85;2.84;0.0
3298.5;15.9;1.9200000000000004;0.0
3300.0;20.35;4.540000000000001;0.0
3301.5;25.325;1.6;0.0
3303.0;21.325;4.0600000000000005;0.0
3304.5;18.325;3.9200000000000004;0.0
3306.0;19.25;2.5200000000000005;0.0
3307.5;15.925;2.06;0.0
3309.0;13.775;1.92;0.0
3310.5;15.25;3.18;0.0
3312.0;20.275;1.7800000000000005;0.0
3313.5;15.925;1.26;0.0
3315.0;19.825;3.1799999999999997;0.0
3316.5;16.9;4.0600000000000005;0.0
3318.0;14.65;2.2399999999999998;0.0
3319.5;17.1;3.06;0.0
3321.0;14.375;0.45999999999999996;0.0
3322.5;20.1;3.9799999999999995;0.0
3324.0;16.8;1.8;0.0
3325.5;15.125;3.12;0.0
3327.0;18.55;1.6;0.0
3328.5;18.175;3.06;0.0
3330.0;16.5;3.3200000000000003;0.0
3331.5;19.725;1.6600000000000001;0.0
3333.0;20.075;0.86;0.0
3334.5;20.525;0.9799999999999999;0.0
3336.0;23.575;1.6600000000000001;0.0
3337.5;18.05;4.62;0.0
3339.0;19.15;1.72;0.0
3340.5;20.55;3.22;0.0
3342.0;18.6;3.6400000000000006;0.0
3343.5;16.75;2.4;0.0
3345.0;20.0;2.46;0.0
3346.5;20.9;2.0;0.0
3348.0;18.125;5.180000000000001;0.0
3349.5;20.075;3.3200000000000003;0.0
3351.0;17.4;4.840000000000001;0.0
3352.5;16.9;3.0200000000000005;0.0
3354.0;13.275;3.44;0.0
3355.5;16.325;3.8200000000000003;0.0
3357.0;16.425;5.220000000000001;0.0
3358.5;14.275;5.180000000000001;0.0
3360.0;15.425;4.58;0.0
3361.5;18.225;2.92;0.0
3363.0;19.1;6.0200000000000005;0.0
3364.5;20.7;1.7200000000000002;0.0
3366.0;18.75;6.5;0.0
3367.5;18.375;1.5599999999999998;0.0
3369.0;18.425;1.86;0.0
3370.5;20.875;1.5799999999999998;0.0
3372.0;18.35;2.8600000000000003;0.0
3373.5;20.65;2.44;0.0
3375.0;18.525;3.4200000000000004;0.0
3376.5;18.5;3.5800000000000005;0.0
3378.0;19.075;1.3199999999999998;0.0
3379.5;18.75;5.64;0.0
3381.0;19.775;5.0600000000000005;0.0
3382.5;13.6;2.52;0.0
3384.0;14.375;4.760000000000001;0.0
3385.5;22.225;2.2399999999999998;0.0
3387.0;21.5;2.06;0.0
3388.5;19.9;4.720000000000001;0.0
3390.0;22.5;3.16;0.0
3391.5;18.4;2.5800000000000005;0.0
3393.0;21.65;5.300000000000001;0.0
3394.5;24.35;2.6;0.0
3396.0;16.65;1.2399999999999998;0.0
3397.5;19.475;1.06;0.0
3399.0;17.1;3.3000000000000007;0.0
3400.5;20.8;1.1199999999999999;0.0
3402.0;21.275;1.52;0.0
3403.5;18.95;1.3199999999999998;0.0
3405.0;14.975;4.46;0.0
3406.5;20.45;4.18;0.0
3408.0;15.15;2.960000000000001;0.0
3409.5;13.525;3.900000000000001;0.0
3411.0;15.05;0.86;0.0
3412.5;21.075;4.58;0.0
3414.0;20.9;3.5799999999999996;0.0
3415.5;15.325;1.26;0.0
3417.0;16.85;2.4;0.0
3418.5;17.825;3.7000000000000006;0.0
3420.0;19.625;5.180000000000001;0.0
3421.5;20.075;3.44;0.0
3423.0;19.025;2.2;0.0
3424.5;17.775;1.92;0.0
3426.0;17.5;1.86;0.0
3427.5;14.1;0.6599999999999999;0.0
3429.0;15.55;1.0999999999999999;0.0
3430.5;19.675;1.1199999999999999;0.0
3432.0;16.725;2.52;0.0
3433.5;17.35;2.38;0.0
3435.0;17.35;1.6;0.0
3436.5;19.95;2.6;0.0
3438.0;18.375;4.8;0.0
3439.5;19.825;1.6600000000000001;0.0
3441.0;20.8;2.52;0.0
3442.5;22.9;6.220000000000001;0.0
3444.0;13.2;4.78;0.0
3445.5;19.475;4.220000000000001;0.0
3447.0;12.7;4.760000000000001;0.0
3448.5;20.625;4.7;0.0
3450.0;20.575;4.16;0.0
3451.5;18.25;3.900000000000001;0.0
3453.0;17.1;1.1199999999999999;0.0
3454.5;16.925;1.5799999999999998;0.0
3456.0;22.15;2.7;0.0
3457.5;17.85;1.3199999999999998;0.0
3459.0;20.925;5.92;0.0
3460.5;16.275;2.3200000000000003;0.0
3462.0;15.825;7.38;0.0
3463.5;21.2;2.62;0.0
3465.0;22.05;4.38;0.0
3466.5;21.5;0.6599999999999999;0.0
3468.0;16.75;4.1;0.0
3469.5;14.4;2.7;0.0
3471.0;16.75;2.6;0.0
3472.5;18.75;5.300000000000001;0.0
3474.0;13.7;0.8;0.0
3475.5;15.0;6.420000000000002;0.0
3477.0;17.25;3.1800000000000006;0.0
3478.5;19.8;1.46;0.0
3480.0;20.45;4.5200000000000005;0.0
3481.5;15.625;2.3200000000000003;0.0
3483.0;17.7;1.6;0.0
3484.5;16.5;6.42;0.0
3486.0;18.85;2.46;0.0
3487.5;13.975;1.26;0.0
3489.0;16.25;1.4;0.0
3490.5;21.575;5.32;0.0
3492.0;16.5;1.52;0.0
3493.5;21.6;1.9800000000000004;0.0
3495.0;16.175;3.0;0.0
3496.5;12.45;3.3200000000000003;0.0
3498.0;14.375;5.3;0.0
3499.5;19.475;0.5199999999999999;0.0
3501.0;13.275;2.2399999999999998;0.0
3502.5;17.55;8.019999999999998;0.0
3504.0;16.85;6.24;0.0
3505.5;16.525;1.52;0.0
3507.0;22.75;3.9200000000000004;0.0
3508.5;20.4;2.92;0.0
3510.0;18.825;5.38;0.0
3511.5;18.55;2.06;0.0
3513.0;18.55;1.2;0.0
3514.5;11.75;3.1;0.0
3516.0;17.75;4.180000000000001;0.0
3517.5;17.525;1.9200000000000004;0.0
3519.0;21.625;5.1;0.0
3520.5;18.65;5.7;0.0
3522.0;15.55;2.6399999999999997;0.0
3523.5;16.275;3.38;0.0
3525.0;14.625;1.86;0.0
3526.5;21.925;1.3800000000000001;0.0
3528.0;19.425;2.7199999999999998;0.0
3529.5;16.275;0.6599999999999999;0.0
3531.0;17.675;2.56;0.0
3532.5;20.7;3.02;0.0
3534.0;16.675;2.72;0.0
3535.5;16.125;1.6600000000000001;0.0
3537.0;23.025;7.1800000000000015;0.0
3538.5;17.7;4.98;0.0
3540.0;14.475;1.38;0.0
3541.5;17.775;6.5;0.0
3543.0;16.4;1.06;0.0
3544.5;16.325;4.160000000000001;0.0
3546.0;23.575;2.3000000000000007;0.0
3547.5;17.325;3.5;0.0
3549.0;20.575;4.78;0.0
3550.5;18.775;5.0600000000000005;0.0
3552.0;18.125;2.9800000000000004;0.0
3553.5;15.15;1.46;0.0
3555.0;19.275;2.3;0.0
3556.5;16.75;3.3200000000000003;0.0
3558.0;15.075;4.760000000000001;0.0
3559.5;20.475;1.9600000000000002;0.0
3561.0;18.075;1.6600000000000001;0.0
3562.5;20.9;2.46;0.0
3564.0;21.675;2.2;0.0
3565.5;13.475;5.24;0.0
3567.0;19.925;1.9799999999999998;0.0
3568.5;18.45;2.96;0.0
3570.0;19.175;4.840000000000001;0.0
3571.5;16.45;7.119999999999999;0.0
3573.0;17.625;2.4799999999999995;0.0
3574.5;20.55;2.96;0.0
3576.0;14.65;5.180000000000001;0.0
3577.5;18.225;1.78;0.0
3579.0;20.475;3.72;0.0
3580.5;18.55;3.0400000000000005;0.0
3582.0;18.525;1.52;0.0
3583.5;20.15;2.12;0.0
3585.0;16.825;3.6400000000000006;0.0
3586.5;14.325;5.04;0.0
3588.0;11.175;1.4;0.0
3589.5;14.6;3.4200000000000004;0.0
3591.0;14.925;4.12;0.0
3592.5;20.575;3.8200000000000003;0.0
3594.0;18.375;5.26;0.0
3595.5;20.85;1.06;0.0
3597.0;18.475;1.6;0.0
3598.5;18.05;1.26;0.0
