#auto generated file!
1.5;0.0;0.0;0.0
3.0;0.0;0.0;0.0
4.5;0.0;0.0;0.0
6.0;0.0;0.0;0.0
7.5;0.0;0.0;0.0
9.0;0.0;0.0;0.0
10.5;0.25;0.0;0.0
12.0;10.95;0.0;0.0
13.5;16.425;2.0;0.0
15.0;20.7;1.0;0.0
16.5;21.175;2.78;0.0
18.0;21.275;3.3600000000000003;0.0
19.5;21.8;5.14;0.0
21.0;27.875;4.420000000000001;0.0
22.5;27.775;5.46;0.0
24.0;26.35;3.5800000000000005;0.0
25.5;23.05;6.7;0.0
27.0;33.625;10.079999999999998;0.0
28.5;27.15;5.44;0.0
30.0;26.9;10.459999999999999;0.0
31.5;28.65;10.04;0.0
33.0;28.425;3.5800000000000005;0.0
34.5;28.225;11.939999999999998;0.0
36.0;28.275;9.18;0.0
37.5;25.025;7.92;0.0
39.0;27.125;5.720000000000001;0.0
40.5;28.125;4.720000000000001;0.0
42.0;30.825;2.7600000000000002;0.0
43.5;30.025;2.72;0.0
45.0;32.325;1.6600000000000001;0.0
46.5;28.1;2.72;0.0
48.0;22.975;6.380000000000001;0.0
49.5;27.05;8.16;0.0
51.0;25.925;13.239999999999998;0.0
52.5;28.225;2.7600000000000002;0.0
54.0;25.125;6.9;0.0
55.5;24.625;7.74;0.0
57.0;29.375;5.180000000000001;0.0
58.5;26.8;4.779999999999999;0.0
60.0;30.25;4.4;0.0
61.5;27.8;3.2400000000000007;0.0
63.0;27.475;7.159999999999999;0.0
64.5;28.05;3.9800000000000004;0.0
66.0;25.925;6.44;0.0
67.5;28.875;2.2399999999999998;0.0
69.0;27.15;2.2399999999999998;0.0
70.5;26.7;2.8400000000000003;0.0
72.0;28.25;14.3;0.0
73.5;32.275;6.720000000000001;0.0
75.0;27.9;8.16;0.0
76.5;27.25;9.219999999999999;0.0
78.0;28.975;5.180000000000001;0.0
79.5;30.1;7.140000000000001;0.0
81.0;27.9;6.640000000000001;0.0
82.5;27.925;6.200000000000001;0.0
84.0;24.025;6.9799999999999995;0.0
85.5;25.65;8.78;0.0
87.0;26.65;4.32;0.0
88.5;30.275;11.279999999999998;0.0
90.0;27.275;8.940000000000001;0.0
91.5;24.525;7.7;0.0
93.0;25.225;5.32;0.0
94.5;27.375;21.240000000000002;0.0
96.0;24.65;5.32;0.0
97.5;27.375;8.040000000000001;0.0
99.0;23.3;10.2;0.0
100.5;26.25;8.760000000000002;0.0
102.0;23.4;12.54;0.0
103.5;28.175;10.1;0.0
105.0;27.1;6.220000000000001;0.0
106.5;32.65;8.6;0.0
108.0;30.425;10.02;0.0
109.5;28.2;3.8400000000000007;0.0
111.0;30.575;11.899999999999999;0.0
112.5;26.875;5.860000000000001;0.0
114.0;28.625;1.7200000000000002;0.0
115.5;29.6;4.220000000000001;0.0
117.0;28.25;8.559999999999999;0.0
118.5;28.1;6.0600000000000005;0.0
120.0;35.125;4.82;0.0
121.5;29.2;6.380000000000001;0.0
123.0;30.35;5.86;0.0
124.5;30.775;4.98;0.0
126.0;31.25;3.72;0.0
127.5;28.125;3.7800000000000002;0.0
129.0;29.75;8.76;0.0
130.5;27.6;6.88;0.0
132.0;26.075;6.300000000000001;0.0
133.5;30.375;8.58;0.0
135.0;30.525;3.7600000000000002;0.0
136.5;26.225;7.459999999999999;0.0
138.0;26.875;6.6;0.0
139.5;25.025;9.64;0.0
141.0;22.9;8.5;0.0
142.5;31.9;5.46;0.0
144.0;27.225;5.720000000000001;0.0
145.5;26.9;6.980000000000001;0.0
147.0;26.025;3.3600000000000003;0.0
148.5;23.85;4.26;0.0
150.0;26.575;3.72;0.0
151.5;29.6;7.18;0.0
153.0;23.875;8.86;0.0
154.5;25.275;8.659999999999998;0.0
156.0;25.725;5.26;0.0
157.5;24.925;4.3;0.0
159.0;30.625;10.459999999999999;0.0
160.5;28.75;6.840000000000001;0.0
162.0;25.95;3.1599999999999997;0.0
163.5;25.8;4.5200000000000005;0.0
165.0;27.3;6.980000000000001;0.0
166.5;26.225;7.0200000000000005;0.0
168.0;24.6;7.62;0.0
169.5;28.475;7.5600000000000005;0.0
171.0;30.425;5.36;0.0
172.5;26.875;5.0200000000000005;0.0
174.0;26.35;8.64;0.0
175.5;26.875;12.059999999999997;0.0
177.0;30.65;7.639999999999999;0.0
178.5;30.525;8.84;0.0
180.0;22.3;5.720000000000001;0.0
181.5;24.075;5.44;0.0
183.0;24.7;3.8200000000000003;0.0
184.5;27.05;5.160000000000001;0.0
186.0;27.75;6.62;0.0
187.5;27.0;6.380000000000001;0.0
189.0;25.45;10.319999999999999;0.0
190.5;28.05;5.04;0.0
192.0;25.2;5.380000000000001;0.0
193.5;27.975;5.360000000000001;0.0
195.0;26.025;8.819999999999997;0.0
196.5;30.6;6.42;0.0
198.0;26.925;3.8600000000000003;0.0
199.5;27.125;5.28;0.0
201.0;27.0;7.339999999999998;0.0
202.5;25.0;10.84;0.0
204.0;30.9;9.98;0.0
205.5;28.1;5.12;0.0
207.0;28.575;7.619999999999999;0.0
208.5;22.15;9.36;0.0
210.0;33.6;6.1;0.0
211.5;28.075;5.86;0.0
213.0;29.45;7.340000000000001;0.0
214.5;27.9;4.84;0.0
216.0;23.7;0.72;0.0
217.5;26.0;9.36;0.0
219.0;25.05;9.6;0.0
220.5;25.15;9.879999999999999;0.0
222.0;27.05;5.180000000000001;0.0
223.5;25.175;12.499999999999998;0.0
225.0;28.35;11.719999999999997;0.0
226.5;26.875;7.32;0.0
228.0;25.85;7.640000000000001;0.0
229.5;24.9;8.579999999999998;0.0
231.0;30.425;6.640000000000001;0.0
232.5;25.05;8.46;0.0
234.0;26.925;7.42;0.0
235.5;27.05;6.5;0.0
237.0;29.0;6.32;0.0
238.5;25.4;5.78;0.0
240.0;24.85;4.86;0.0
241.5;24.325;7.780000000000001;0.0
243.0;27.25;13.319999999999999;0.0
244.5;26.5;4.24;0.0
246.0;26.55;8.34;0.0
247.5;27.375;2.6;0.0
249.0;23.675;7.0200000000000005;0.0
250.5;24.725;2.78;0.0
252.0;24.825;8.42;0.0
253.5;29.65;4.5600000000000005;0.0
255.0;27.975;5.700000000000001;0.0
256.5;26.675;5.620000000000001;0.0
258.0;30.05;2.5800000000000005;0.0
259.5;25.5;8.1;0.0
261.0;27.6;5.279999999999999;0.0
262.5;27.2;7.619999999999999;0.0
264.0;29.95;9.48;0.0
265.5;24.95;4.720000000000001;0.0
267.0;24.975;9.48;0.0
268.5;22.725;6.5;0.0
270.0;29.3;7.5;0.0
271.5;28.5;5.040000000000001;0.0
273.0;25.525;6.540000000000001;0.0
274.5;25.3;6.040000000000001;0.0
276.0;24.675;10.36;0.0
277.5;26.6;3.3000000000000007;0.0
279.0;28.625;4.880000000000001;0.0
280.5;28.25;8.86;0.0
282.0;29.675;7.3199999999999985;0.0
283.5;28.9;6.380000000000001;0.0
285.0;22.9;1.6600000000000001;0.0
286.5;28.2;6.3;0.0
288.0;23.025;0.0;0.0
289.5;27.15;3.9;0.0
291.0;26.275;7.280000000000001;0.0
292.5;23.525;10.180000000000001;0.0
294.0;28.1;7.739999999999999;0.0
295.5;25.35;8.3;0.0
297.0;31.375;8.379999999999999;0.0
298.5;24.3;3.2399999999999998;0.0
300.0;27.7;5.840000000000001;0.0
301.5;27.325;7.12;0.0
303.0;25.1;8.959999999999999;0.0
304.5;26.4;7.879999999999998;0.0
306.0;28.025;10.36;0.0
307.5;25.525;7.299999999999999;0.0
309.0;23.2;13.239999999999998;0.0
310.5;30.2;5.6000000000000005;0.0
312.0;27.3;3.4400000000000004;0.0
313.5;24.975;9.999999999999998;0.0
315.0;27.4;8.579999999999998;0.0
316.5;26.0;3.5800000000000005;0.0
318.0;24.7;11.34;0.0
319.5;24.875;7.779999999999999;0.0
321.0;28.225;3.38;0.0
322.5;27.7;11.479999999999999;0.0
324.0;25.775;10.16;0.0
325.5;23.5;8.42;0.0
327.0;25.475;5.0600000000000005;0.0
328.5;27.1;12.639999999999999;0.0
330.0;28.8;8.7;0.0
331.5;26.15;4.48;0.0
333.0;27.225;7.44;0.0
334.5;26.525;7.719999999999999;0.0
336.0;28.525;3.900000000000001;0.0
337.5;27.2;8.2;0.0
339.0;25.7;1.44;0.0
340.5;27.425;3.680000000000001;0.0
342.0;27.4;5.1;0.0
343.5;26.225;6.08;0.0
345.0;27.2;9.079999999999997;0.0
346.5;25.85;0.0;0.0
348.0;28.8;7.44;0.0
349.5;27.675;4.44;0.0
351.0;24.125;10.64;0.0
352.5;22.55;4.500000000000001;0.0
354.0;24.925;12.08;0.0
355.5;28.05;6.620000000000002;0.0
357.0;30.1;7.040000000000001;0.0
358.5;26.35;3.9200000000000004;0.0
360.0;27.025;3.06;0.0
361.5;25.575;10.239999999999998;0.0
363.0;26.575;6.58;0.0
364.5;24.725;1.8399999999999999;0.0
366.0;27.575;10.039999999999997;0.0
367.5;27.45;6.92;0.0
369.0;26.4;11.719999999999995;0.0
370.5;30.8;3.9800000000000004;0.0
372.0;27.425;12.139999999999999;0.0
373.5;25.075;4.220000000000001;0.0
375.0;24.775;6.9799999999999995;0.0
376.5;29.925;5.660000000000001;0.0
378.0;25.0;11.139999999999997;0.0
379.5;24.95;6.44;0.0
381.0;26.025;8.459999999999999;0.0
382.5;27.65;5.78;0.0
384.0;27.975;6.24;0.0
385.5;22.875;5.58;0.0
387.0;25.625;9.2;0.0
388.5;22.95;0.0;0.0
390.0;22.325;6.5600000000000005;0.0
391.5;27.475;11.6;0.0
393.0;28.875;5.78;0.0
394.5;27.725;6.640000000000001;0.0
396.0;27.4;8.38;0.0
397.5;27.175;8.5;0.0
399.0;26.625;8.5;0.0
400.5;28.15;5.1000000000000005;0.0
402.0;29.1;5.94;0.0
403.5;29.7;9.360000000000001;0.0
405.0;24.325;2.52;0.0
406.5;26.225;5.36;0.0
408.0;25.575;6.7;0.0
409.5;25.3;2.8600000000000003;0.0
411.0;27.775;9.079999999999998;0.0
412.5;27.325;7.24;0.0
414.0;28.2;6.5200000000000005;0.0
415.5;24.75;8.3;0.0
417.0;29.1;4.720000000000001;0.0
418.5;26.275;8.0;0.0
420.0;24.95;9.44;0.0
421.5;27.825;11.259999999999996;0.0
423.0;29.0;20.979999999999997;0.0
424.5;25.75;7.18;0.0
426.0;25.6;6.28;0.0
427.5;27.275;7.12;0.0
429.0;26.325;3.9799999999999995;0.0
430.5;28.45;7.459999999999999;0.0
432.0;27.475;7.44;0.0
433.5;28.65;7.519999999999999;0.0
435.0;26.95;4.720000000000001;0.0
436.5;29.725;7.58;0.0
438.0;29.25;4.86;0.0
439.5;25.925;6.919999999999999;0.0
441.0;25.025;8.7;0.0
442.5;28.65;7.8199999999999985;0.0
444.0;27.825;5.040000000000001;0.0
445.5;30.15;3.9200000000000004;0.0
447.0;27.6;2.9200000000000004;0.0
448.5;24.475;6.380000000000001;0.0
450.0;28.075;6.380000000000001;0.0
451.5;26.85;3.6400000000000006;0.0
453.0;28.6;6.040000000000001;0.0
454.5;25.15;7.1;0.0
456.0;29.6;8.299999999999999;0.0
457.5;29.575;10.979999999999999;0.0
459.0;24.15;9.88;0.0
460.5;22.2;12.62;0.0
462.0;29.975;13.599999999999998;0.0
463.5;27.175;4.5600000000000005;0.0
465.0;30.825;5.12;0.0
466.5;28.325;8.16;0.0
468.0;26.85;4.4399999999999995;0.0
469.5;27.975;8.3;0.0
471.0;26.475;6.959999999999999;0.0
472.5;27.95;5.0600000000000005;0.0
474.0;30.075;5.640000000000001;0.0
475.5;25.15;7.6800000000000015;0.0
477.0;25.8;8.7;0.0
478.5;26.5;9.24;0.0
480.0;27.7;8.16;0.0
481.5;24.85;9.16;0.0
483.0;29.175;6.28;0.0
484.5;26.15;5.2;0.0
486.0;27.425;7.840000000000001;0.0
487.5;27.3;9.239999999999998;0.0
489.0;27.025;5.380000000000001;0.0
490.5;27.675;7.1;0.0
492.0;31.7;4.5;0.0
493.5;25.15;4.260000000000002;0.0
495.0;29.25;5.700000000000001;0.0
496.5;25.55;12.18;0.0
498.0;24.725;5.08;0.0
499.5;28.675;7.9799999999999995;0.0
501.0;30.475;8.62;0.0
502.5;23.325;7.9399999999999995;0.0
504.0;27.975;6.880000000000001;0.0
505.5;22.75;5.660000000000002;0.0
507.0;29.7;3.78;0.0
508.5;30.15;4.720000000000001;0.0
510.0;27.825;11.139999999999997;0.0
511.5;26.675;7.879999999999998;0.0
513.0;29.225;7.62;0.0
514.5;29.2;4.0200000000000005;0.0
516.0;28.85;5.880000000000001;0.0
517.5;26.65;10.02;0.0
519.0;26.45;4.78;0.0
520.5;26.325;4.9399999999999995;0.0
522.0;28.975;15.659999999999997;0.0
523.5;27.15;13.36;0.0
525.0;29.55;7.879999999999998;0.0
526.5;29.95;2.7199999999999998;0.0
528.0;26.075;7.3;0.0
529.5;27.4;8.48;0.0
531.0;27.775;4.58;0.0
532.5;24.825;11.739999999999997;0.0
534.0;29.2;7.340000000000001;0.0
535.5;34.85;3.72;0.0
537.0;29.35;7.339999999999999;0.0
538.5;28.8;11.079999999999998;0.0
540.0;26.75;13.779999999999996;0.0
541.5;26.425;7.599999999999999;0.0
543.0;25.425;13.239999999999998;0.0
544.5;27.7;5.24;0.0
546.0;28.15;7.44;0.0
547.5;28.375;5.0;0.0
549.0;29.075;7.679999999999998;0.0
550.5;28.825;4.98;0.0
552.0;32.3;7.839999999999999;0.0
553.5;26.65;9.9;0.0
555.0;25.5;6.480000000000001;0.0
556.5;29.8;4.159999999999999;0.0
558.0;28.9;3.5200000000000005;0.0
559.5;30.375;6.380000000000001;0.0
561.0;27.175;11.179999999999998;0.0
562.5;28.325;10.619999999999997;0.0
564.0;26.3;6.880000000000001;0.0
565.5;27.1;6.0600000000000005;0.0
567.0;29.15;3.7600000000000002;0.0
568.5;29.475;9.98;0.0
570.0;28.175;4.880000000000001;0.0
571.5;28.175;9.24;0.0
573.0;28.1;3.7800000000000002;0.0
574.5;26.225;5.180000000000001;0.0
576.0;26.4;6.720000000000001;0.0
577.5;23.95;5.9;0.0
579.0;24.55;4.720000000000001;0.0
580.5;28.125;9.76;0.0
582.0;30.5;7.24;0.0
583.5;31.025;4.9;0.0
585.0;26.275;7.9799999999999995;0.0
586.5;27.05;13.539999999999997;0.0
588.0;25.025;14.919999999999998;0.0
589.5;25.65;4.12;0.0
591.0;26.05;8.999999999999998;0.0
592.5;25.65;3.04;0.0
594.0;27.1;9.459999999999999;0.0
595.5;27.475;10.859999999999998;0.0
597.0;26.675;4.9;0.0
598.5;27.4;8.3;0.0
600.0;27.725;3.44;0.0
601.5;28.525;6.5600000000000005;0.0
603.0;28.675;2.9200000000000004;0.0
604.5;30.7;3.8;0.0
606.0;26.0;8.120000000000001;0.0
607.5;27.825;7.38;0.0
609.0;27.5;4.48;0.0
610.5;23.775;4.700000000000001;0.0
612.0;27.475;8.48;0.0
613.5;29.9;8.8;0.0
615.0;26.3;2.2;0.0
616.5;28.7;4.140000000000001;0.0
618.0;28.325;7.2;0.0
619.5;26.325;5.040000000000001;0.0
621.0;27.775;5.36;0.0
622.5;29.3;17.54;0.0
624.0;28.075;7.140000000000001;0.0
625.5;26.775;4.620000000000001;0.0
627.0;31.425;3.1799999999999997;0.0
628.5;26.05;5.66;0.0
630.0;26.35;10.1;0.0
631.5;27.275;8.14;0.0
633.0;24.7;8.0;0.0
634.5;28.275;5.76;0.0
636.0;26.1;4.640000000000001;0.0
637.5;25.025;8.74;0.0
639.0;29.0;7.719999999999999;0.0
640.5;26.85;5.140000000000001;0.0
642.0;29.4;6.340000000000001;0.0
643.5;29.475;6.26;0.0
645.0;31.475;3.44;0.0
646.5;30.2;5.04;0.0
648.0;28.125;8.259999999999998;0.0
649.5;22.9;2.4;0.0
651.0;29.85;8.220000000000002;0.0
652.5;25.225;10.3;0.0
654.0;27.175;5.32;0.0
655.5;29.75;6.720000000000001;0.0
657.0;30.3;12.799999999999999;0.0
658.5;26.675;12.339999999999998;0.0
660.0;24.125;4.16;0.0
661.5;27.075;8.139999999999999;0.0
663.0;26.325;2.66;0.0
664.5;29.7;7.480000000000001;0.0
666.0;30.375;6.640000000000001;0.0
667.5;31.35;0.0;0.0
669.0;27.55;10.02;0.0
670.5;28.175;3.8;0.0
672.0;29.05;0.0;0.0
673.5;29.925;9.919999999999998;0.0
675.0;25.3;4.78;0.0
676.5;27.825;7.5600000000000005;0.0
678.0;31.95;5.24;0.0
679.5;30.125;8.959999999999999;0.0
681.0;23.975;5.62;0.0
682.5;25.475;7.7200000000000015;0.0
684.0;26.35;6.080000000000001;0.0
685.5;28.425;7.5600000000000005;0.0
687.0;26.35;12.34;0.0
688.5;27.275;5.020000000000001;0.0
690.0;32.775;4.680000000000001;0.0
691.5;24.725;8.820000000000002;0.0
693.0;28.5;5.32;0.0
694.5;27.975;3.6400000000000006;0.0
696.0;30.225;7.719999999999999;0.0
697.5;31.9;10.1;0.0
699.0;29.575;4.24;0.0
700.5;29.225;4.12;0.0
702.0;29.175;13.34;0.0
703.5;29.175;7.5600000000000005;0.0
705.0;26.85;9.58;0.0
706.5;26.525;7.7;0.0
708.0;33.275;5.8;0.0
709.5;26.675;0.4;0.0
711.0;25.875;9.12;0.0
712.5;25.25;8.32;0.0
714.0;26.625;5.220000000000001;0.0
715.5;28.55;5.08;0.0
717.0;25.4;2.12;0.0
718.5;25.875;6.840000000000001;0.0
720.0;28.125;4.92;0.0
721.5;25.8;12.299999999999999;0.0
723.0;28.625;4.48;0.0
724.5;28.25;7.839999999999998;0.0
726.0;27.825;4.08;0.0
727.5;23.875;8.540000000000001;0.0
729.0;24.275;7.219999999999999;0.0
730.5;27.975;5.180000000000001;0.0
732.0;26.15;7.82;0.0
733.5;23.05;7.919999999999999;0.0
735.0;27.45;3.9200000000000004;0.0
736.5;28.525;10.739999999999998;0.0
738.0;28.075;6.04;0.0
739.5;25.45;7.24;0.0
741.0;26.05;8.540000000000001;0.0
742.5;27.95;5.84;0.0
744.0;28.75;3.1799999999999997;0.0
745.5;25.975;8.16;0.0
747.0;24.45;8.3;0.0
748.5;30.35;4.78;0.0
750.0;28.6;6.840000000000001;0.0
751.5;22.075;10.66;0.0
753.0;29.625;4.040000000000001;0.0
754.5;30.85;7.5600000000000005;0.0
756.0;31.275;3.8;0.0
757.5;21.725;3.2;0.0
759.0;30.525;8.040000000000001;0.0
760.5;27.35;12.34;0.0
762.0;27.9;4.18;0.0
763.5;26.075;4.840000000000001;0.0
765.0;26.1;10.219999999999997;0.0
766.5;28.0;9.479999999999999;0.0
768.0;27.325;1.8;0.0
769.5;25.1;5.1;0.0
771.0;31.75;4.96;0.0
772.5;30.825;4.160000000000001;0.0
774.0;30.9;6.580000000000001;0.0
775.5;30.05;10.8;0.0
777.0;30.3;5.5600000000000005;0.0
778.5;25.325;3.78;0.0
780.0;25.45;6.580000000000001;0.0
781.5;27.775;3.88;0.0
783.0;32.3;11.559999999999999;0.0
784.5;28.925;10.14;0.0
786.0;26.825;3.4400000000000004;0.0
787.5;30.55;11.420000000000002;0.0
789.0;29.825;3.7800000000000002;0.0
790.5;29.4;8.38;0.0
792.0;25.275;5.700000000000001;0.0
793.5;29.75;7.5;0.0
795.0;27.65;13.659999999999997;0.0
796.5;28.975;10.159999999999998;0.0
798.0;28.925;7.88;0.0
799.5;33.75;6.840000000000001;0.0
801.0;24.675;9.08;0.0
802.5;28.325;3.5800000000000005;0.0
804.0;29.0;5.6;0.0
805.5;26.45;6.460000000000001;0.0
807.0;25.15;5.58;0.0
808.5;26.825;12.919999999999998;0.0
810.0;32.05;4.74;0.0
811.5;30.85;4.98;0.0
813.0;24.575;4.840000000000001;0.0
814.5;23.3;7.3;0.0
816.0;22.825;6.220000000000001;0.0
817.5;28.225;5.5200000000000005;0.0
819.0;27.1;7.2200000000000015;0.0
820.5;30.875;7.720000000000001;0.0
822.0;29.8;4.12;0.0
823.5;21.85;7.0200000000000005;0.0
825.0;27.85;10.279999999999998;0.0
826.5;28.925;3.44;0.0
828.0;25.6;7.759999999999998;0.0
829.5;28.6;10.919999999999996;0.0
831.0;27.1;8.779999999999998;0.0
832.5;25.275;7.18;0.0
834.0;30.725;5.9;0.0
835.5;31.525;7.9;0.0
837.0;28.825;9.42;0.0
838.5;23.4;6.859999999999999;0.0
840.0;28.55;5.840000000000001;0.0
841.5;22.75;4.760000000000001;0.0
843.0;25.025;11.559999999999999;0.0
844.5;30.725;17.7;0.0
846.0;26.975;7.7;0.0
847.5;29.0;6.859999999999999;0.0
849.0;25.475;7.1800000000000015;0.0
850.5;33.55;4.32;0.0
852.0;27.925;8.399999999999999;0.0
853.5;24.05;4.32;0.0
855.0;25.8;10.419999999999998;0.0
856.5;29.35;7.779999999999999;0.0
858.0;28.85;8.32;0.0
859.5;29.05;2.72;0.0
861.0;26.975;5.98;0.0
862.5;28.225;1.6;0.0
864.0;25.875;10.48;0.0
865.5;26.625;26.139999999999997;0.0
867.0;28.15;13.02;0.0
868.5;30.375;7.760000000000001;0.0
870.0;31.1;2.8600000000000003;0.0
871.5;29.125;8.02;0.0
873.0;28.675;7.959999999999999;0.0
874.5;27.075;3.8400000000000007;0.0
876.0;27.425;12.34;0.0
877.5;27.5;13.62;0.0
879.0;30.25;5.44;0.0
880.5;25.825;6.420000000000002;0.0
882.0;31.95;7.12;0.0
883.5;27.775;6.24;0.0
885.0;29.35;4.880000000000001;0.0
886.5;30.325;7.4799999999999995;0.0
888.0;24.175;5.340000000000001;0.0
889.5;24.1;7.799999999999999;0.0
891.0;29.25;8.34;0.0
892.5;23.9;6.0600000000000005;0.0
894.0;27.95;5.640000000000001;0.0
895.5;23.825;3.5800000000000005;0.0
897.0;26.425;9.879999999999999;0.0
898.5;23.725;10.559999999999999;0.0
900.0;29.525;7.08;0.0
901.5;27.325;4.2;0.0
903.0;29.3;4.66;0.0
904.5;28.575;2.52;0.0
906.0;27.05;9.459999999999999;0.0
907.5;28.875;8.84;0.0
909.0;32.125;6.1;0.0
910.5;24.075;9.999999999999996;0.0
912.0;25.375;8.7;0.0
913.5;31.125;7.040000000000001;0.0
915.0;27.475;5.6;0.0
916.5;26.4;5.98;0.0
918.0;22.25;6.1;0.0
919.5;28.375;4.92;0.0
921.0;27.65;5.620000000000001;0.0
922.5;28.7;4.1;0.0
924.0;26.7;7.08;0.0
925.5;24.95;11.04;0.0
927.0;29.0;6.7;0.0
928.5;26.425;3.06;0.0
930.0;26.375;10.219999999999999;0.0
931.5;28.275;5.04;0.0
933.0;26.85;9.739999999999998;0.0
934.5;27.075;2.8400000000000007;0.0
936.0;28.925;4.32;0.0
937.5;29.775;8.879999999999999;0.0
939.0;26.675;12.42;0.0
940.5;29.1;8.56;0.0
942.0;27.625;2.1799999999999997;0.0
943.5;26.325;7.56;0.0
945.0;28.925;0.0;0.0
946.5;25.375;5.620000000000001;0.0
948.0;26.825;9.279999999999998;0.0
949.5;28.075;7.779999999999999;0.0
951.0;25.55;6.26;0.0
952.5;30.2;3.9200000000000004;0.0
954.0;24.6;6.200000000000001;0.0
955.5;23.975;12.959999999999999;0.0
957.0;25.9;5.26;0.0
958.5;25.225;5.48;0.0
960.0;28.125;4.0200000000000005;0.0
961.5;27.65;9.259999999999998;0.0
963.0;32.775;3.400000000000001;0.0
964.5;28.225;9.32;0.0
966.0;22.775;9.739999999999998;0.0
967.5;27.6;9.080000000000002;0.0
969.0;27.625;8.679999999999998;0.0
970.5;28.475;8.76;0.0
972.0;24.7;2.9200000000000004;0.0
973.5;29.6;9.499999999999996;0.0
975.0;26.5;8.219999999999997;0.0
976.5;24.525;4.94;0.0
978.0;31.4;4.660000000000002;0.0
979.5;24.475;6.74;0.0
981.0;24.3;8.419999999999998;0.0
982.5;21.925;13.759999999999996;0.0
984.0;23.125;11.36;0.0
985.5;26.525;6.5200000000000005;0.0
987.0;25.725;4.040000000000001;0.0
988.5;24.825;5.300000000000001;0.0
990.0;30.125;9.62;0.0
991.5;28.55;11.42;0.0
993.0;28.775;11.419999999999998;0.0
994.5;25.025;9.02;0.0
996.0;27.325;6.82;0.0
997.5;24.175;9.940000000000001;0.0
999.0;26.275;4.840000000000001;0.0
1000.5;27.275;3.9200000000000004;0.0
1002.0;26.825;10.999999999999998;0.0
1003.5;26.45;10.180000000000001;0.0
1005.0;28.275;5.040000000000001;0.0
1006.5;24.675;5.640000000000001;0.0
1008.0;26.225;6.82;0.0
1009.5;28.625;7.26;0.0
1011.0;25.6;10.459999999999997;0.0
1012.5;31.45;8.3;0.0
1014.0;25.5;7.8199999999999985;0.0
1015.5;26.375;12.139999999999999;0.0
1017.0;29.15;4.840000000000001;0.0
1018.5;29.175;4.78;0.0
1020.0;27.425;8.26;0.0
1021.5;23.225;6.720000000000001;0.0
1023.0;23.25;8.1;0.0
1024.5;22.675;4.880000000000001;0.0
1026.0;25.175;8.24;0.0
1027.5;25.35;11.22;0.0
1029.0;26.5;9.959999999999997;0.0
1030.5;24.525;5.24;0.0
1032.0;25.85;9.3;0.0
1033.5;30.2;3.8600000000000003;0.0
1035.0;23.9;7.780000000000001;0.0
1036.5;30.425;5.180000000000001;0.0
1038.0;26.825;6.640000000000001;0.0
1039.5;27.225;5.42;0.0
1041.0;26.65;3.4400000000000004;0.0
1042.5;27.425;3.5200000000000005;0.0
1044.0;23.45;6.720000000000001;0.0
1045.5;26.125;9.54;0.0
1047.0;28.275;8.58;0.0
1048.5;26.15;8.0;0.0
1050.0;26.55;10.799999999999999;0.0
1051.5;25.675;11.279999999999998;0.0
1053.0;28.275;10.199999999999998;0.0
1054.5;27.7;4.360000000000001;0.0
1056.0;26.575;6.380000000000001;0.0
1057.5;28.675;8.34;0.0
1059.0;28.1;13.259999999999996;0.0
1060.5;24.0;9.859999999999996;0.0
1062.0;25.375;3.84;0.0
1063.5;27.025;10.719999999999997;0.0
1065.0;27.225;8.48;0.0
1066.5;26.2;3.1000000000000005;0.0
1068.0;26.675;8.799999999999999;0.0
1069.5;26.05;5.46;0.0
1071.0;28.65;6.159999999999999;0.0
1072.5;23.525;7.58;0.0
1074.0;28.975;7.279999999999999;0.0
1075.5;25.425;6.1000000000000005;0.0
1077.0;29.3;10.219999999999999;0.0
1078.5;26.425;3.6399999999999997;0.0
1080.0;25.25;5.960000000000001;0.0
1081.5;28.4;5.700000000000001;0.0
1083.0;29.825;5.42;0.0
1084.5;26.175;7.06;0.0
1086.0;27.975;9.120000000000001;0.0
1087.5;29.3;6.180000000000001;0.0
1089.0;25.5;9.099999999999998;0.0
1090.5;28.65;5.3;0.0
1092.0;26.0;4.7;0.0
1093.5;28.075;7.8;0.0
1095.0;27.4;7.5600000000000005;0.0
1096.5;24.8;0.0;0.0
1098.0;28.475;3.8;0.0
1099.5;27.4;2.2;0.0
1101.0;27.575;5.720000000000001;0.0
1102.5;28.05;9.540000000000001;0.0
1104.0;22.45;0.0;0.0
1105.5;20.7;10.36;0.0
1107.0;31.975;3.5200000000000005;0.0
1108.5;27.45;3.6400000000000006;0.0
1110.0;27.9;8.1;0.0
1111.5;25.7;5.82;0.0
1113.0;29.175;6.5200000000000005;0.0
1114.5;27.1;4.46;0.0
1116.0;26.725;7.879999999999998;0.0
1117.5;28.05;8.58;0.0
1119.0;26.35;9.02;0.0
1120.5;24.975;5.700000000000001;0.0
1122.0;27.275;4.46;0.0
1123.5;28.9;3.06;0.0
1125.0;24.125;10.180000000000001;0.0
1126.5;27.825;7.9;0.0
1128.0;27.35;8.5;0.0
1129.5;27.25;4.04;0.0
1131.0;26.775;8.1;0.0
1132.5;23.0;11.459999999999999;0.0
1134.0;27.625;10.099999999999998;0.0
1135.5;25.55;8.379999999999999;0.0
1137.0;27.275;8.899999999999999;0.0
1138.5;29.275;5.32;0.0
1140.0;28.1;3.3200000000000003;0.0
1141.5;29.45;8.02;0.0
1143.0;25.925;3.7600000000000002;0.0
1144.5;23.9;12.419999999999998;0.0
1146.0;27.25;4.32;0.0
1147.5;27.05;8.7;0.0
1149.0;28.0;7.540000000000001;0.0
1150.5;26.025;6.840000000000001;0.0
1152.0;27.75;11.219999999999999;0.0
1153.5;29.2;0.0;0.0
1155.0;22.95;5.220000000000001;0.0
1156.5;22.325;7.7799999999999985;0.0
1158.0;25.625;8.76;0.0
1159.5;28.55;6.779999999999999;0.0
1161.0;27.55;4.020000000000001;0.0
1162.5;23.45;4.420000000000001;0.0
1164.0;27.025;3.9200000000000004;0.0
1165.5;27.6;7.419999999999999;0.0
1167.0;26.65;3.900000000000001;0.0
1168.5;27.95;8.52;0.0
1170.0;28.9;7.9;0.0
1171.5;30.05;4.0600000000000005;0.0
1173.0;27.825;5.720000000000001;0.0
1174.5;26.475;5.92;0.0
1176.0;27.325;4.380000000000001;0.0
1177.5;25.0;9.079999999999998;0.0
1179.0;26.925;16.979999999999997;0.0
1180.5;27.225;5.840000000000001;0.0
1182.0;24.35;6.839999999999999;0.0
1183.5;26.075;10.62;0.0
1185.0;31.75;5.300000000000001;0.0
1186.5;27.775;7.12;0.0
1188.0;28.075;3.9200000000000004;0.0
1189.5;29.05;8.180000000000001;0.0
1191.0;29.325;6.380000000000001;0.0
1192.5;28.1;6.62;0.0
1194.0;30.15;0.72;0.0
1195.5;26.075;4.16;0.0
1197.0;27.125;4.76;0.0
1198.5;32.65;5.420000000000001;0.0
1200.0;25.875;6.640000000000001;0.0
1201.5;27.15;10.56;0.0
1203.0;27.9;6.720000000000001;0.0
1204.5;30.25;2.84;0.0
1206.0;27.2;12.259999999999998;0.0
1207.5;31.2;11.019999999999998;0.0
1209.0;29.475;9.139999999999999;0.0
1210.5;28.9;6.38;0.0
1212.0;29.95;12.499999999999998;0.0
1213.5;25.15;8.76;0.0
1215.0;28.275;3.78;0.0
1216.5;25.25;4.76;0.0
1218.0;25.6;11.239999999999998;0.0
1219.5;27.2;7.8;0.0
1221.0;27.675;7.080000000000001;0.0
1222.5;27.875;6.340000000000001;0.0
1224.0;24.875;6.040000000000001;0.0
1225.5;27.875;11.8;0.0
1227.0;27.175;8.819999999999999;0.0
1228.5;25.65;4.5200000000000005;0.0
1230.0;25.575;9.799999999999997;0.0
1231.5;27.85;7.939999999999998;0.0
1233.0;30.05;5.28;0.0
1234.5;29.675;8.64;0.0
1236.0;25.275;7.840000000000001;0.0
1237.5;26.625;3.4800000000000004;0.0
1239.0;28.175;11.099999999999998;0.0
1240.5;25.175;3.22;0.0
1242.0;26.825;7.1;0.0
1243.5;27.15;4.82;0.0
1245.0;29.65;2.66;0.0
1246.5;27.75;5.12;0.0
1248.0;25.3;4.5200000000000005;0.0
1249.5;29.9;4.3;0.0
1251.0;27.125;1.9600000000000004;0.0
1252.5;28.65;5.18;0.0
1254.0;25.525;1.46;0.0
1255.5;30.85;10.499999999999996;0.0
1257.0;29.625;3.44;0.0
1258.5;30.25;10.999999999999998;0.0
1260.0;28.875;9.819999999999999;0.0
1261.5;27.1;6.0200000000000005;0.0
1263.0;31.2;5.680000000000001;0.0
1264.5;22.575;4.820000000000001;0.0
1266.0;28.9;18.380000000000003;0.0
1267.5;26.45;5.180000000000001;0.0
1269.0;22.725;7.159999999999999;0.0
1270.5;27.4;9.5;0.0
1272.0;29.35;2.84;0.0
1273.5;30.475;10.7;0.0
1275.0;27.425;4.180000000000001;0.0
1276.5;27.55;5.640000000000001;0.0
1278.0;26.2;11.9;0.0
1279.5;27.85;5.32;0.0
1281.0;27.15;7.999999999999997;0.0
1282.5;26.75;5.700000000000001;0.0
1284.0;25.725;4.9;0.0
1285.5;27.725;8.639999999999999;0.0
1287.0;27.45;9.16;0.0
1288.5;28.7;6.04;0.0
1290.0;30.15;7.9;0.0
1291.5;27.75;9.379999999999999;0.0
1293.0;28.875;5.940000000000001;0.0
1294.5;29.425;10.1;0.0
1296.0;25.4;8.3;0.0
1297.5;27.7;1.6;0.0
1299.0;31.175;3.8200000000000003;0.0
1300.5;26.45;8.459999999999999;0.0
1302.0;28.55;3.3800000000000003;0.0
1303.5;27.75;2.9800000000000004;0.0
1305.0;32.625;8.080000000000002;0.0
1306.5;28.125;6.720000000000001;0.0
1308.0;29.5;6.060000000000001;0.0
1309.5;27.825;4.58;0.0
1311.0;28.775;11.799999999999995;0.0
1312.5;29.25;7.719999999999999;0.0
1314.0;28.675;6.28;0.0
1315.5;28.7;7.020000000000001;0.0
1317.0;27.725;6.959999999999999;0.0
1318.5;28.35;8.7;0.0
1320.0;30.575;2.06;0.0
1321.5;29.125;4.44;0.0
1323.0;26.325;3.44;0.0
1324.5;26.65;12.659999999999998;0.0
1326.0;29.1;6.5;0.0
1327.5;33.375;9.580000000000002;0.0
1329.0;30.7;6.36;0.0
1330.5;28.15;4.640000000000001;0.0
1332.0;27.825;7.140000000000001;0.0
1333.5;24.825;6.220000000000001;0.0
1335.0;28.7;3.9800000000000004;0.0
1336.5;28.0;8.92;0.0
1338.0;28.975;8.82;0.0
1339.5;27.125;5.82;0.0
1341.0;27.425;6.42;0.0
1342.5;26.475;7.24;0.0
1344.0;27.375;4.8;0.0
1345.5;27.225;0.6;0.0
1347.0;28.8;10.079999999999998;0.0
1348.5;27.975;8.76;0.0
1350.0;27.225;10.1;0.0
1351.5;31.3;9.239999999999998;0.0
1353.0;25.55;9.540000000000001;0.0
1354.5;27.725;3.2;0.0
1356.0;27.8;5.720000000000001;0.0
1357.5;31.8;6.720000000000001;0.0
1359.0;24.525;7.999999999999998;0.0
1360.5;25.625;5.640000000000001;0.0
1362.0;29.1;12.12;0.0
1363.5;26.6;5.5200000000000005;0.0
1365.0;27.225;8.139999999999997;0.0
1366.5;31.2;5.26;0.0
1368.0;30.3;2.66;0.0
1369.5;28.775;6.659999999999999;0.0
1371.0;28.375;5.92;0.0
1372.5;30.1;8.040000000000001;0.0
1374.0;26.825;6.200000000000001;0.0
1375.5;27.75;5.1;0.0
1377.0;24.525;8.819999999999999;0.0
1378.5;23.75;7.540000000000001;0.0
1380.0;29.05;7.640000000000001;0.0
1381.5;28.675;3.3600000000000008;0.0
1383.0;31.35;9.120000000000001;0.0
1384.5;27.9;10.599999999999998;0.0
1386.0;26.825;10.219999999999999;0.0
1387.5;24.975;3.66;0.0
1389.0;29.025;7.760000000000001;0.0
1390.5;28.175;5.720000000000001;0.0
1392.0;22.025;6.420000000000002;0.0
1393.5;29.15;5.82;0.0
1395.0;28.525;9.059999999999999;0.0
1396.5;32.8;1.6600000000000001;0.0
1398.0;25.425;10.62;0.0
1399.5;27.525;5.3;0.0
1401.0;22.95;5.700000000000001;0.0
1402.5;27.25;8.780000000000001;0.0
1404.0;26.725;9.559999999999999;0.0
1405.5;25.975;6.580000000000001;0.0
1407.0;28.275;7.4799999999999995;0.0
1408.5;28.15;3.3200000000000003;0.0
1410.0;30.45;5.26;0.0
1411.5;28.1;9.62;0.0
1413.0;24.425;3.3200000000000003;0.0
1414.5;26.275;8.0;0.0
1416.0;25.875;4.0600000000000005;0.0
1417.5;25.85;9.419999999999998;0.0
1419.0;29.8;4.340000000000001;0.0
1420.5;25.55;10.98;0.0
1422.0;26.725;7.8199999999999985;0.0
1423.5;29.6;7.540000000000001;0.0
1425.0;26.825;5.500000000000001;0.0
1426.5;26.45;7.9399999999999995;0.0
1428.0;26.075;11.12;0.0
1429.5;27.425;5.300000000000001;0.0
1431.0;27.675;5.46;0.0
1432.5;26.45;5.76;0.0
1434.0;29.55;8.08;0.0
1435.5;28.125;5.36;0.0
1437.0;28.375;7.859999999999999;0.0
1438.5;25.65;5.820000000000001;0.0
1440.0;30.35;3.9200000000000004;0.0
1441.5;28.425;7.4399999999999995;0.0
1443.0;29.25;8.979999999999999;0.0
1444.5;26.925;10.639999999999999;0.0
1446.0;27.325;4.44;0.0
1447.5;27.025;9.619999999999997;0.0
1449.0;27.6;9.540000000000001;0.0
1450.5;26.75;4.24;0.0
1452.0;28.65;11.219999999999999;0.0
1453.5;30.825;9.219999999999999;0.0
1455.0;28.675;7.6;0.0
1456.5;24.375;3.2;0.0
1458.0;28.5;3.3200000000000003;0.0
1459.5;25.0;6.380000000000001;0.0
1461.0;28.5;6.859999999999999;0.0
1462.5;25.8;0.0;0.0
1464.0;27.625;11.239999999999998;0.0
1465.5;28.075;4.32;0.0
1467.0;27.95;6.859999999999999;0.0
1468.5;26.5;11.539999999999997;0.0
1470.0;25.375;9.34;0.0
1471.5;29.85;3.8600000000000003;0.0
1473.0;26.9;4.58;0.0
1474.5;29.55;10.419999999999998;0.0
1476.0;26.25;4.5;0.0
1477.5;29.45;7.780000000000001;0.0
1479.0;25.775;2.0;0.0
1480.5;27.375;10.299999999999999;0.0
1482.0;28.5;7.720000000000001;0.0
1483.5;29.225;7.079999999999998;0.0
1485.0;23.925;5.700000000000001;0.0
1486.5;27.1;7.18;0.0
1488.0;28.175;4.840000000000001;0.0
1489.5;31.75;6.3;0.0
1491.0;24.075;5.000000000000001;0.0
1492.5;29.2;4.92;0.0
1494.0;25.375;10.6;0.0
1495.5;27.6;2.7800000000000002;0.0
1497.0;28.3;5.180000000000001;0.0
1498.5;23.425;8.1;0.0
1500.0;30.6;5.380000000000001;0.0
1501.5;28.8;7.3199999999999985;0.0
1503.0;25.35;13.059999999999999;0.0
1504.5;27.875;4.36;0.0
1506.0;29.475;5.040000000000001;0.0
1507.5;26.775;5.640000000000001;0.0
1509.0;23.0;20.519999999999996;0.0
1510.5;25.025;8.080000000000002;0.0
1512.0;31.725;8.219999999999999;0.0
1513.5;25.65;2.7800000000000002;0.0
1515.0;31.0;6.360000000000001;0.0
1516.5;31.675;8.339999999999998;0.0
1518.0;26.2;3.2;0.0
1519.5;26.375;4.12;0.0
1521.0;25.775;6.300000000000001;0.0
1522.5;29.9;4.5200000000000005;0.0
1524.0;28.175;6.9;0.0
1525.5;23.8;9.879999999999999;0.0
1527.0;28.45;6.840000000000001;0.0
1528.5;27.8;8.919999999999998;0.0
1530.0;25.775;4.7;0.0
1531.5;26.3;5.98;0.0
1533.0;28.475;5.880000000000001;0.0
1534.5;28.975;3.2400000000000007;0.0
1536.0;28.575;2.44;0.0
1537.5;27.275;5.26;0.0
1539.0;27.225;7.140000000000001;0.0
1540.5;29.25;9.84;0.0
1542.0;29.95;12.440000000000001;0.0
1543.5;26.35;4.5;0.0
1545.0;28.725;8.219999999999999;0.0
1546.5;29.075;8.780000000000001;0.0
1548.0;27.4;5.24;0.0
1549.5;27.925;10.7;0.0
1551.0;29.725;12.239999999999998;0.0
1552.5;28.0;4.380000000000001;0.0
1554.0;23.775;9.200000000000001;0.0
1555.5;27.375;10.1;0.0
1557.0;30.3;3.66;0.0
1558.5;28.1;11.04;0.0
1560.0;28.475;6.4;0.0
1561.5;28.45;7.580000000000001;0.0
1563.0;25.175;7.340000000000001;0.0
1564.5;27.625;7.959999999999999;0.0
1566.0;22.8;7.8199999999999985;0.0
1567.5;28.35;5.740000000000001;0.0
1569.0;29.45;7.840000000000001;0.0
1570.5;26.575;8.3;0.0
1572.0;28.325;5.540000000000001;0.0
1573.5;24.975;8.64;0.0
1575.0;28.625;7.1800000000000015;0.0
1576.5;27.5;6.58;0.0
1578.0;29.375;10.78;0.0
1579.5;24.55;7.040000000000001;0.0
1581.0;26.55;7.24;0.0
1582.5;26.775;3.46;0.0
1584.0;31.275;4.58;0.0
1585.5;28.9;6.020000000000001;0.0
1587.0;30.6;4.2;0.0
1588.5;26.35;10.54;0.0
1590.0;28.125;6.9;0.0
1591.5;29.0;6.660000000000001;0.0
1593.0;25.775;6.960000000000001;0.0
1594.5;25.525;7.640000000000001;0.0
1596.0;26.5;7.0;0.0
1597.5;26.75;5.160000000000001;0.0
1599.0;28.4;3.9800000000000004;0.0
1600.5;26.975;4.32;0.0
1602.0;26.575;3.6399999999999997;0.0
1603.5;25.9;6.840000000000001;0.0
1605.0;25.95;4.3;0.0
1606.5;26.8;6.58;0.0
1608.0;26.95;3.4200000000000004;0.0
1609.5;26.075;4.58;0.0
1611.0;29.6;7.959999999999999;0.0
1612.5;25.675;2.52;0.0
1614.0;28.5;2.8400000000000003;0.0
1615.5;29.475;7.12;0.0
1617.0;23.0;7.140000000000001;0.0
1618.5;24.6;4.5600000000000005;0.0
1620.0;26.425;5.26;0.0
1621.5;27.425;8.42;0.0
1623.0;26.55;6.480000000000001;0.0
1624.5;28.175;8.959999999999999;0.0
1626.0;25.875;6.720000000000001;0.0
1627.5;26.25;7.9;0.0
1629.0;25.675;2.52;0.0
1630.5;27.725;11.32;0.0
1632.0;28.7;6.180000000000001;0.0
1633.5;26.775;4.5200000000000005;0.0
1635.0;26.425;11.76;0.0
1636.5;26.275;9.1;0.0
1638.0;25.375;9.16;0.0
1639.5;26.45;4.66;0.0
1641.0;27.825;9.580000000000002;0.0
1642.5;25.3;12.12;0.0
1644.0;23.65;9.559999999999999;0.0
1645.5;26.875;5.840000000000001;0.0
1647.0;27.0;5.160000000000001;0.0
1648.5;24.75;8.280000000000001;0.0
1650.0;20.925;10.559999999999997;0.0
1651.5;26.025;11.12;0.0
1653.0;28.625;9.24;0.0
1654.5;26.85;3.38;0.0
1656.0;30.2;9.959999999999999;0.0
1657.5;24.6;5.3;0.0
1659.0;26.2;5.58;0.0
1660.5;28.65;9.36;0.0
1662.0;26.825;7.220000000000001;0.0
1663.5;26.1;4.12;0.0
1665.0;28.3;8.72;0.0
1666.5;28.075;4.92;0.0
1668.0;28.975;6.0;0.0
1669.5;26.5;6.780000000000001;0.0
1671.0;22.025;9.66;0.0
1672.5;27.525;6.960000000000001;0.0
1674.0;29.275;4.2;0.0
1675.5;27.9;7.880000000000001;0.0
1677.0;24.0;9.76;0.0
1678.5;26.3;5.0200000000000005;0.0
1680.0;26.575;8.940000000000001;0.0
1681.5;23.525;5.840000000000001;0.0
1683.0;23.225;14.16;0.0
1684.5;23.5;10.219999999999999;0.0
1686.0;29.2;3.06;0.0
1687.5;26.4;7.919999999999997;0.0
1689.0;28.8;7.5200000000000005;0.0
1690.5;30.375;6.859999999999999;0.0
1692.0;28.15;8.14;0.0
1693.5;28.825;9.419999999999998;0.0
1695.0;25.85;1.7799999999999998;0.0
1696.5;29.15;14.16;0.0
1698.0;28.225;5.58;0.0
1699.5;31.15;6.28;0.0
1701.0;21.625;2.2600000000000002;0.0
1702.5;27.8;7.480000000000001;0.0
1704.0;25.7;3.46;0.0
1705.5;24.925;9.279999999999998;0.0
1707.0;27.5;4.92;0.0
1708.5;27.25;8.899999999999999;0.0
1710.0;24.75;7.080000000000001;0.0
1711.5;29.325;5.4399999999999995;0.0
1713.0;28.325;4.540000000000001;0.0
1714.5;23.2;6.9799999999999995;0.0
1716.0;28.8;8.819999999999997;0.0
1717.5;21.5;5.520000000000001;0.0
1719.0;24.575;6.600000000000001;0.0
1720.5;31.725;5.300000000000001;0.0
1722.0;29.3;6.5;0.0
1723.5;27.1;6.92;0.0
1725.0;24.6;8.34;0.0
1726.5;24.875;2.46;0.0
1728.0;28.35;20.699999999999996;0.0
1729.5;31.225;5.020000000000001;0.0
1731.0;25.625;5.88;0.0
1732.5;28.3;7.26;0.0
1734.0;20.9;6.42;0.0
1735.5;25.175;5.6800000000000015;0.0
1737.0;29.4;4.58;0.0
1738.5;28.9;6.56;0.0
1740.0;26.325;6.540000000000001;0.0
1741.5;26.325;2.38;0.0
1743.0;30.1;7.44;0.0
1744.5;22.45;7.9799999999999995;0.0
1746.0;23.275;9.959999999999999;0.0
1747.5;24.275;4.3;0.0
1749.0;28.65;1.8;0.0
1750.5;26.45;6.640000000000001;0.0
1752.0;28.3;3.9800000000000004;0.0
1753.5;24.875;0.4;0.0
1755.0;30.275;4.04;0.0
1756.5;31.625;5.86;0.0
1758.0;26.075;5.1;0.0
1759.5;28.375;9.04;0.0
1761.0;26.4;6.5;0.0
1762.5;33.075;4.840000000000001;0.0
1764.0;27.6;8.940000000000001;0.0
1765.5;26.625;7.5;0.0
1767.0;26.775;8.399999999999999;0.0
1768.5;28.675;5.26;0.0
1770.0;24.45;9.799999999999999;0.0
1771.5;26.375;8.059999999999999;0.0
1773.0;28.775;7.76;0.0
1774.5;26.75;3.7600000000000007;0.0
1776.0;27.075;6.340000000000002;0.0
1777.5;25.275;8.98;0.0
1779.0;20.125;6.880000000000001;0.0
1780.5;25.025;6.5600000000000005;0.0
1782.0;25.525;3.44;0.0
1783.5;28.475;1.9800000000000004;0.0
1785.0;30.0;5.640000000000001;0.0
1786.5;24.675;11.559999999999999;0.0
1788.0;24.2;6.1000000000000005;0.0
1789.5;25.75;10.02;0.0
1791.0;27.35;8.579999999999998;0.0
1792.5;27.775;7.1;0.0
1794.0;27.125;13.459999999999997;0.0
1795.5;27.1;5.9799999999999995;0.0
1797.0;26.175;7.139999999999999;0.0
1798.5;24.875;8.060000000000002;0.0
1800.0;27.75;5.520000000000001;0.0
1801.5;29.075;9.059999999999999;0.0
1803.0;28.275;6.780000000000001;0.0
1804.5;32.2;3.72;0.0
1806.0;27.8;9.68;0.0
1807.5;29.85;5.3;0.0
1809.0;25.65;12.02;0.0
1810.5;29.35;2.66;0.0
1812.0;25.05;8.34;0.0
1813.5;28.55;7.06;0.0
1815.0;27.4;5.640000000000001;0.0
1816.5;30.275;8.3;0.0
1818.0;27.35;5.26;0.0
1819.5;23.725;7.9799999999999995;0.0
1821.0;26.7;3.3400000000000007;0.0
1822.5;27.875;1.2;0.0
1824.0;26.65;11.699999999999998;0.0
1825.5;27.525;5.720000000000001;0.0
1827.0;30.425;4.66;0.0
1828.5;25.225;7.640000000000001;0.0
1830.0;29.45;6.24;0.0
1831.5;26.95;5.66;0.0
1833.0;29.275;4.92;0.0
1834.5;26.2;1.26;0.0
1836.0;24.875;9.959999999999999;0.0
1837.5;25.45;2.46;0.0
1839.0;29.775;11.76;0.0
1840.5;24.15;5.7;0.0
1842.0;26.65;7.1;0.0
1843.5;27.325;9.64;0.0
1845.0;22.475;8.86;0.0
1846.5;27.25;6.980000000000001;0.0
1848.0;23.575;3.8600000000000003;0.0
1849.5;24.525;2.7199999999999998;0.0
1851.0;25.8;11.279999999999998;0.0
1852.5;28.55;7.38;0.0
1854.0;22.0;7.479999999999999;0.0
1855.5;26.55;6.44;0.0
1857.0;25.125;2.8800000000000003;0.0
1858.5;24.65;12.74;0.0
1860.0;26.0;7.959999999999999;0.0
1861.5;22.925;8.68;0.0
1863.0;24.45;8.559999999999999;0.0
1864.5;25.8;12.459999999999997;0.0
1866.0;27.925;1.06;0.0
1867.5;28.7;10.879999999999999;0.0
1869.0;27.075;8.859999999999998;0.0
1870.5;27.15;6.780000000000001;0.0
1872.0;28.15;4.8;0.0
1873.5;26.925;5.24;0.0
1875.0;25.55;9.599999999999998;0.0
1876.5;26.75;6.9799999999999995;0.0
1878.0;28.7;10.559999999999999;0.0
1879.5;27.15;4.1000000000000005;0.0
1881.0;26.875;8.98;0.0
1882.5;24.575;8.52;0.0
1884.0;24.825;7.719999999999999;0.0
1885.5;26.4;6.74;0.0
1887.0;23.675;10.219999999999999;0.0
1888.5;29.375;8.64;0.0
1890.0;31.2;9.999999999999998;0.0
1891.5;27.325;10.3;0.0
1893.0;26.225;5.38;0.0
1894.5;25.825;7.519999999999999;0.0
1896.0;25.75;7.239999999999999;0.0
1897.5;29.05;3.500000000000001;0.0
1899.0;26.4;7.999999999999998;0.0
1900.5;29.3;6.180000000000001;0.0
1902.0;23.15;9.079999999999998;0.0
1903.5;30.2;7.42;0.0
1905.0;22.65;5.300000000000001;0.0
1906.5;25.75;13.339999999999998;0.0
1908.0;31.95;4.640000000000001;0.0
1909.5;25.0;10.239999999999998;0.0
1911.0;28.45;8.339999999999998;0.0
1912.5;29.775;9.34;0.0
1914.0;24.425;6.360000000000001;0.0
1915.5;27.0;8.339999999999998;0.0
1917.0;29.075;4.46;0.0
1918.5;27.425;28.459999999999997;0.0
1920.0;24.775;8.9;0.0
1921.5;28.125;7.760000000000001;0.0
1923.0;30.2;15.159999999999997;0.0
1924.5;24.9;7.24;0.0
1926.0;25.35;13.679999999999998;0.0
1927.5;28.025;8.76;0.0
1929.0;28.2;9.36;0.0
1930.5;29.175;6.300000000000001;0.0
1932.0;25.25;4.86;0.0
1933.5;31.0;8.1;0.0
1935.0;28.175;5.12;0.0
1936.5;26.2;9.36;0.0
1938.0;26.875;7.3;0.0
1939.5;25.775;2.38;0.0
1941.0;20.7;9.279999999999998;0.0
1942.5;25.875;5.84;0.0
1944.0;28.5;9.399999999999997;0.0
1945.5;26.05;7.219999999999999;0.0
1947.0;25.325;10.3;0.0
1948.5;26.675;6.300000000000001;0.0
1950.0;27.675;2.7800000000000002;0.0
1951.5;25.925;6.840000000000001;0.0
1953.0;29.425;7.6;0.0
1954.5;24.575;4.720000000000001;0.0
1956.0;28.9;8.8;0.0
1957.5;24.325;10.16;0.0
1959.0;27.65;6.6800000000000015;0.0
1960.5;26.675;5.4399999999999995;0.0
1962.0;24.325;9.319999999999999;0.0
1963.5;24.4;12.52;0.0
1965.0;27.9;11.139999999999997;0.0
1966.5;25.1;12.599999999999998;0.0
1968.0;27.45;9.34;0.0
1969.5;28.2;12.199999999999998;0.0
1971.0;27.3;2.96;0.0
1972.5;24.425;7.359999999999999;0.0
1974.0;23.3;5.5600000000000005;0.0
1975.5;28.275;3.5800000000000005;0.0
1977.0;27.525;7.279999999999999;0.0
1978.5;27.6;3.8600000000000003;0.0
1980.0;25.425;6.74;0.0
1981.5;28.35;5.500000000000002;0.0
1983.0;25.425;10.48;0.0
1984.5;26.175;9.5;0.0
1986.0;29.125;7.339999999999998;0.0
1987.5;32.35;7.540000000000001;0.0
1989.0;27.05;4.380000000000001;0.0
1990.5;31.675;7.3;0.0
1992.0;26.5;4.92;0.0
1993.5;28.825;4.4;0.0
1995.0;26.2;10.979999999999999;0.0
1996.5;27.325;10.3;0.0
1998.0;28.125;5.78;0.0
1999.5;24.325;5.8;0.0
2001.0;25.1;5.700000000000001;0.0
2002.5;28.025;6.780000000000001;0.0
2004.0;26.925;11.359999999999996;0.0
2005.5;22.325;9.24;0.0
2007.0;24.9;8.580000000000002;0.0
2008.5;26.425;13.719999999999999;0.0
2010.0;27.725;5.220000000000001;0.0
2011.5;30.025;5.24;0.0
2013.0;26.25;7.139999999999999;0.0
2014.5;30.475;7.639999999999999;0.0
2016.0;27.225;6.779999999999999;0.0
2017.5;25.125;4.16;0.0
2019.0;26.425;2.66;0.0
2020.5;30.625;7.019999999999999;0.0
2022.0;25.2;10.659999999999997;0.0
2023.5;23.975;5.48;0.0
2025.0;23.3;5.340000000000001;0.0
2026.5;23.225;6.24;0.0
2028.0;24.375;4.42;0.0
2029.5;30.225;7.3;0.0
2031.0;27.9;6.74;0.0
2032.5;28.1;5.78;0.0
2034.0;30.225;4.98;0.0
2035.5;29.15;4.700000000000001;0.0
2037.0;27.725;7.4;0.0
2038.5;29.275;3.9800000000000004;0.0
2040.0;30.325;8.419999999999998;0.0
2041.5;30.025;7.26;0.0
2043.0;26.9;3.6;0.0
2044.5;26.525;8.16;0.0
2046.0;26.425;7.76;0.0
2047.5;29.85;5.0600000000000005;0.0
2049.0;29.2;9.419999999999998;0.0
2050.5;28.55;4.500000000000001;0.0
2052.0;28.875;5.26;0.0
2053.5;27.9;4.66;0.0
2055.0;29.25;9.319999999999999;0.0
2056.5;30.15;4.640000000000001;0.0
2058.0;28.675;8.440000000000001;0.0
2059.5;28.35;12.719999999999999;0.0
2061.0;29.0;7.539999999999999;0.0
2062.5;30.525;7.24;0.0
2064.0;27.525;5.98;0.0
2065.5;28.35;7.24;0.0
2067.0;30.275;8.3;0.0
2068.5;28.325;3.3200000000000003;0.0
2070.0;26.725;13.599999999999998;0.0
2071.5;28.45;6.44;0.0
2073.0;29.575;2.96;0.0
2074.5;29.275;4.9;0.0
2076.0;28.775;9.239999999999998;0.0
2077.5;26.475;3.12;0.0
2079.0;28.775;5.46;0.0
2080.5;29.375;7.2;0.0
2082.0;29.125;6.880000000000001;0.0
2083.5;28.575;10.739999999999998;0.0
2085.0;26.7;5.46;0.0
2086.5;30.525;13.059999999999997;0.0
2088.0;28.8;5.42;0.0
2089.5;27.55;10.179999999999998;0.0
2091.0;25.05;7.24;0.0
2092.5;28.5;10.3;0.0
2094.0;24.7;5.640000000000001;0.0
2095.5;26.3;9.18;0.0
2097.0;24.4;8.8;0.0
2098.5;26.475;8.5;0.0
2100.0;24.75;6.0;0.0
2101.5;26.65;9.26;0.0
2103.0;27.375;7.3;0.0
2104.5;30.125;11.360000000000001;0.0
2106.0;27.55;3.0800000000000005;0.0
2107.5;28.725;10.059999999999999;0.0
2109.0;29.45;7.219999999999999;0.0
2110.5;26.975;6.0;0.0
2112.0;27.675;6.300000000000001;0.0
2113.5;31.3;7.32;0.0
2115.0;27.175;4.46;0.0
2116.5;29.1;6.36;0.0
2118.0;24.1;4.12;0.0
2119.5;28.625;4.140000000000001;0.0
2121.0;31.025;6.5200000000000005;0.0
2122.5;27.825;5.26;0.0
2124.0;28.125;11.479999999999999;0.0
2125.5;28.05;10.219999999999999;0.0
2127.0;29.025;7.539999999999999;0.0
2128.5;25.35;3.9800000000000004;0.0
2130.0;28.875;2.18;0.0
2131.5;26.275;3.66;0.0
2133.0;26.225;3.3600000000000003;0.0
2134.5;28.075;15.280000000000001;0.0
2136.0;28.925;6.040000000000001;0.0
2137.5;25.725;11.959999999999997;0.0
2139.0;25.975;6.04;0.0
2140.5;24.325;5.760000000000001;0.0
2142.0;30.575;7.159999999999999;0.0
2143.5;30.075;7.959999999999998;0.0
2145.0;24.825;5.32;0.0
2146.5;25.525;5.840000000000001;0.0
2148.0;26.725;6.300000000000001;0.0
2149.5;28.8;9.379999999999999;0.0
2151.0;27.075;12.34;0.0
2152.5;27.925;6.3;0.0
2154.0;32.85;3.72;0.0
2155.5;26.875;1.06;0.0
2157.0;30.325;3.3800000000000003;0.0
2158.5;27.75;5.32;0.0
2160.0;25.775;9.279999999999998;0.0
2161.5;29.65;3.2;0.0
2163.0;28.175;8.799999999999997;0.0
2164.5;28.225;9.22;0.0
2166.0;24.425;6.540000000000001;0.0
2167.5;26.825;7.739999999999999;0.0
2169.0;27.125;4.46;0.0
2170.5;28.35;8.919999999999998;0.0
2172.0;27.075;7.879999999999998;0.0
2173.5;26.925;2.7600000000000002;0.0
2175.0;25.125;5.76;0.0
2176.5;29.425;13.420000000000002;0.0
2178.0;26.6;4.78;0.0
2179.5;28.275;12.08;0.0
2181.0;28.0;5.7;0.0
2182.5;26.35;5.6;0.0
2184.0;29.225;6.7;0.0
2185.5;22.225;4.160000000000001;0.0
2187.0;25.275;6.08;0.0
2188.5;27.325;13.419999999999998;0.0
2190.0;27.025;10.239999999999998;0.0
2191.5;29.025;9.36;0.0
2193.0;26.45;7.06;0.0
2194.5;30.625;10.16;0.0
2196.0;28.9;7.419999999999999;0.0
2197.5;25.6;9.439999999999996;0.0
2199.0;30.175;6.340000000000001;0.0
2200.5;26.775;7.5;0.0
2202.0;26.75;9.419999999999998;0.0
2203.5;29.55;7.7200000000000015;0.0
2205.0;27.925;11.979999999999997;0.0
2206.5;26.2;7.42;0.0
2208.0;23.4;8.42;0.0
2209.5;27.225;8.16;0.0
2211.0;31.725;13.040000000000001;0.0
2212.5;28.775;6.140000000000001;0.0
2214.0;29.025;6.9;0.0
2215.5;26.275;5.960000000000001;0.0
2217.0;26.575;3.84;0.0
2218.5;26.6;4.92;0.0
2220.0;29.15;6.62;0.0
2221.5;24.275;6.6800000000000015;0.0
2223.0;27.325;6.5600000000000005;0.0
2224.5;25.55;9.120000000000001;0.0
2226.0;28.925;7.959999999999998;0.0
2227.5;27.15;7.4799999999999995;0.0
2229.0;30.175;6.32;0.0
2230.5;25.625;7.38;0.0
2232.0;27.825;10.2;0.0
2233.5;26.275;12.1;0.0
2235.0;30.3;8.780000000000001;0.0
2236.5;27.925;8.319999999999999;0.0
2238.0;26.825;11.079999999999998;0.0
2239.5;25.85;5.5200000000000005;0.0
2241.0;27.8;4.46;0.0
2242.5;26.475;0.0;0.0
2244.0;28.775;5.340000000000001;0.0
2245.5;27.575;6.460000000000001;0.0
2247.0;26.9;3.0200000000000005;0.0
2248.5;25.65;6.180000000000001;0.0
2250.0;30.425;6.7;0.0
2251.5;30.85;10.319999999999999;0.0
2253.0;27.825;7.44;0.0
2254.5;28.475;7.4;0.0
2256.0;29.05;11.359999999999998;0.0
2257.5;26.575;0.0;0.0
2259.0;30.375;8.1;0.0
2260.5;28.725;7.2;0.0
2262.0;27.2;9.139999999999997;0.0
2263.5;24.975;3.8800000000000003;0.0
2265.0;30.7;7.360000000000001;0.0
2266.5;27.725;8.7;0.0
2268.0;24.95;4.42;0.0
2269.5;27.525;6.880000000000001;0.0
2271.0;25.725;5.44;0.0
2272.5;30.55;6.640000000000001;0.0
2274.0;28.125;11.879999999999999;0.0
2275.5;25.5;10.0;0.0
2277.0;28.625;10.959999999999999;0.0
2278.5;23.05;10.559999999999999;0.0
2280.0;27.85;12.779999999999998;0.0
2281.5;27.6;0.45999999999999996;0.0
2283.0;25.1;10.639999999999999;0.0
2284.5;26.9;2.9200000000000004;0.0
2286.0;29.325;8.62;0.0
2287.5;23.95;3.8600000000000008;0.0
2289.0;23.65;9.9;0.0
2290.5;24.95;5.3;0.0
2292.0;25.9;6.5;0.0
2293.5;28.125;6.24;0.0
2295.0;29.95;5.040000000000001;0.0
2296.5;27.375;6.880000000000001;0.0
2298.0;28.975;5.98;0.0
2299.5;27.325;5.48;0.0
2301.0;29.05;12.86;0.0
2302.5;28.75;6.62;0.0
2304.0;29.625;11.620000000000001;0.0
2305.5;25.725;7.26;0.0
2307.0;27.325;10.54;0.0
2308.5;29.8;3.5800000000000005;0.0
2310.0;26.8;7.460000000000001;0.0
2311.5;25.125;2.8800000000000003;0.0
2313.0;31.05;6.76;0.0
2314.5;29.6;9.540000000000001;0.0
2316.0;28.8;6.220000000000001;0.0
2317.5;23.575;2.72;0.0
2319.0;26.6;8.599999999999998;0.0
2320.5;29.425;9.379999999999999;0.0
2322.0;26.6;5.200000000000001;0.0
2323.5;25.15;6.360000000000001;0.0
2325.0;27.4;6.640000000000001;0.0
2326.5;27.0;7.9;0.0
2328.0;26.775;7.640000000000001;0.0
2329.5;25.475;5.0200000000000005;0.0
2331.0;26.575;4.0;0.0
2332.5;26.775;14.059999999999997;0.0
2334.0;26.025;5.360000000000001;0.0
2335.5;26.925;4.300000000000001;0.0
2337.0;23.8;7.26;0.0
2338.5;27.475;7.540000000000001;0.0
2340.0;26.1;8.34;0.0
2341.5;27.525;5.1000000000000005;0.0
2343.0;28.475;10.079999999999998;0.0
2344.5;29.625;5.300000000000002;0.0
2346.0;26.425;8.859999999999998;0.0
2347.5;21.975;6.44;0.0
2349.0;22.375;3.9;0.0
2350.5;25.825;8.040000000000001;0.0
2352.0;26.65;5.340000000000002;0.0
2353.5;26.5;7.42;0.0
2355.0;26.9;13.639999999999997;0.0
2356.5;27.15;9.54;0.0
2358.0;28.65;4.5200000000000005;0.0
2359.5;27.825;8.0;0.0
2361.0;28.45;9.0;0.0
2362.5;29.1;9.819999999999999;0.0
2364.0;25.125;11.979999999999999;0.0
2365.5;30.45;14.059999999999999;0.0
2367.0;29.45;5.500000000000001;0.0
2368.5;27.825;11.32;0.0
2370.0;27.75;10.099999999999998;0.0
2371.5;25.35;3.7600000000000007;0.0
2373.0;26.475;10.139999999999999;0.0
2374.5;27.525;5.32;0.0
2376.0;27.675;8.6;0.0
2377.5;27.325;7.040000000000001;0.0
2379.0;26.8;9.359999999999998;0.0
2380.5;29.45;8.32;0.0
2382.0;28.075;11.499999999999998;0.0
2383.5;25.95;11.239999999999998;0.0
2385.0;24.875;4.98;0.0
2386.5;28.875;7.24;0.0
2388.0;25.425;9.099999999999998;0.0
2389.5;28.925;4.9;0.0
2391.0;27.475;4.92;0.0
2392.5;27.175;2.06;0.0
2394.0;24.525;10.940000000000001;0.0
2395.5;28.575;6.220000000000001;0.0
2397.0;22.575;7.82;0.0
2398.5;25.75;6.16;0.0
2400.0;26.1;9.18;0.0
2401.5;26.25;8.52;0.0
2403.0;25.2;5.32;0.0
2404.5;27.075;7.119999999999999;0.0
2406.0;29.925;3.8200000000000003;0.0
2407.5;27.15;13.439999999999998;0.0
2409.0;30.075;4.74;0.0
2410.5;26.025;10.440000000000001;0.0
2412.0;27.425;9.899999999999999;0.0
2413.5;27.425;6.220000000000001;0.0
2415.0;27.3;3.46;0.0
2416.5;27.1;10.36;0.0
2418.0;23.225;5.36;0.0
2419.5;27.975;4.5200000000000005;0.0
2421.0;28.8;4.380000000000001;0.0
2422.5;26.65;6.44;0.0
2424.0;26.7;6.24;0.0
2425.5;27.15;7.840000000000001;0.0
2427.0;26.95;8.34;0.0
2428.5;28.25;3.96;0.0
2430.0;27.8;8.059999999999999;0.0
2431.5;26.95;6.32;0.0
2433.0;30.15;4.540000000000001;0.0
2434.5;30.95;3.72;0.0
2436.0;26.725;16.759999999999998;0.0
2437.5;26.85;6.880000000000001;0.0
2439.0;25.7;7.360000000000001;0.0
2440.5;31.9;8.36;0.0
2442.0;29.825;4.32;0.0
2443.5;29.975;8.24;0.0
2445.0;25.55;9.879999999999999;0.0
2446.5;25.45;4.779999999999999;0.0
2448.0;29.95;6.719999999999999;0.0
2449.5;24.525;9.1;0.0
2451.0;27.6;6.300000000000001;0.0
2452.5;26.025;6.6800000000000015;0.0
2454.0;30.55;9.959999999999999;0.0
2455.5;27.925;4.92;0.0
2457.0;30.45;6.640000000000001;0.0
2458.5;27.325;9.379999999999999;0.0
2460.0;26.175;2.9200000000000004;0.0
2461.5;25.725;6.92;0.0
2463.0;30.125;8.1;0.0
2464.5;31.575;5.5600000000000005;0.0
2466.0;30.0;9.02;0.0
2467.5;30.25;9.739999999999998;0.0
2469.0;29.775;4.640000000000001;0.0
2470.5;24.075;5.58;0.0
2472.0;27.625;2.72;0.0
2473.5;25.475;2.3800000000000003;0.0
2475.0;25.55;7.719999999999999;0.0
2476.5;24.375;6.7799999999999985;0.0
2478.0;29.175;4.5600000000000005;0.0
2479.5;25.35;8.64;0.0
2481.0;30.425;8.34;0.0
2482.5;29.0;7.12;0.0
2484.0;30.725;1.8400000000000003;0.0
2485.5;33.15;8.120000000000001;0.0
2487.0;27.225;11.2;0.0
2488.5;27.175;4.300000000000001;0.0
2490.0;26.5;7.639999999999999;0.0
2491.5;25.225;10.26;0.0
2493.0;29.175;4.24;0.0
2494.5;27.925;4.5;0.0
2496.0;29.775;4.04;0.0
2497.5;29.6;5.28;0.0
2499.0;30.375;6.980000000000001;0.0
2500.5;28.475;3.2;0.0
2502.0;26.85;2.72;0.0
2503.5;29.9;9.66;0.0
2505.0;28.825;9.42;0.0
2506.5;28.65;4.86;0.0
2508.0;27.025;7.420000000000002;0.0
2509.5;27.3;7.939999999999998;0.0
2511.0;26.575;11.339999999999998;0.0
2512.5;23.95;12.879999999999999;0.0
2514.0;28.575;7.7399999999999975;0.0
2515.5;28.325;8.999999999999996;0.0
2517.0;29.7;11.559999999999999;0.0
2518.5;27.4;3.9799999999999995;0.0
2520.0;29.25;6.0600000000000005;0.0
2521.5;24.4;8.7;0.0
2523.0;29.875;7.620000000000002;0.0
2524.5;29.45;5.9;0.0
2526.0;30.075;7.56;0.0
2527.5;31.3;3.04;0.0
2529.0;28.75;6.7;0.0
2530.5;27.325;7.239999999999999;0.0
2532.0;25.8;13.279999999999998;0.0
2533.5;26.875;11.539999999999996;0.0
2535.0;30.525;9.2;0.0
2536.5;23.75;11.319999999999999;0.0
2538.0;27.275;9.7;0.0
2539.5;29.85;5.5200000000000005;0.0
2541.0;29.175;9.199999999999998;0.0
2542.5;25.75;7.359999999999998;0.0
2544.0;29.675;8.559999999999999;0.0
2545.5;26.725;6.360000000000001;0.0
2547.0;28.525;6.1000000000000005;0.0
2548.5;28.225;2.58;0.0
2550.0;28.775;9.3;0.0
2551.5;26.675;7.360000000000001;0.0
2553.0;27.925;5.5;0.0
2554.5;24.075;9.5;0.0
2556.0;22.975;5.1400000000000015;0.0
2557.5;29.125;7.220000000000001;0.0
2559.0;27.225;9.219999999999999;0.0
2560.5;28.525;10.199999999999998;0.0
2562.0;24.95;6.300000000000001;0.0
2563.5;24.05;6.600000000000001;0.0
2565.0;30.55;3.9200000000000004;0.0
2566.5;26.4;6.340000000000001;0.0
2568.0;31.775;3.66;0.0
2569.5;26.425;0.0;0.0
2571.0;27.475;5.720000000000001;0.0
2572.5;30.525;7.720000000000001;0.0
2574.0;29.375;5.76;0.0
2575.5;30.675;7.239999999999999;0.0
2577.0;25.8;7.3;0.0
2578.5;30.525;4.48;0.0
2580.0;24.725;3.72;0.0
2581.5;27.575;3.12;0.0
2583.0;26.3;4.040000000000001;0.0
2584.5;25.9;9.12;0.0
2586.0;28.225;9.36;0.0
2587.5;28.025;4.18;0.0
2589.0;26.8;2.38;0.0
2590.5;26.375;4.5600000000000005;0.0
2592.0;28.3;3.6800000000000006;0.0
2593.5;26.875;6.580000000000001;0.0
2595.0;28.875;5.640000000000001;0.0
2596.5;29.5;6.459999999999999;0.0
2598.0;27.325;4.720000000000001;0.0
2599.5;24.65;5.84;0.0
2601.0;31.85;5.78;0.0
2602.5;27.35;6.300000000000001;0.0
2604.0;27.325;12.719999999999999;0.0
2605.5;28.875;7.820000000000002;0.0
2607.0;27.725;5.86;0.0
2608.5;24.575;4.960000000000001;0.0
2610.0;28.05;10.62;0.0
2611.5;27.925;4.040000000000001;0.0
2613.0;29.9;7.0200000000000005;0.0
2614.5;29.025;13.280000000000001;0.0
2616.0;26.825;6.420000000000002;0.0
2617.5;29.075;3.5200000000000005;0.0
2619.0;24.15;6.94;0.0
2620.5;26.325;6.08;0.0
2622.0;26.9;11.539999999999997;0.0
2623.5;26.475;6.9;0.0
2625.0;28.05;9.76;0.0
2626.5;31.925;5.98;0.0
2628.0;26.75;8.76;0.0
2629.5;26.35;7.980000000000001;0.0
2631.0;26.8;13.4;0.0
2632.5;26.225;6.840000000000001;0.0
2634.0;26.175;9.6;0.0
2635.5;24.15;7.139999999999999;0.0
2637.0;29.025;4.380000000000001;0.0
2638.5;30.65;4.9;0.0
2640.0;31.15;3.62;0.0
2641.5;32.35;9.919999999999998;0.0
2643.0;23.725;6.640000000000001;0.0
2644.5;25.85;14.499999999999996;0.0
2646.0;22.75;8.1;0.0
2647.5;30.775;4.78;0.0
2649.0;32.875;5.44;0.0
2650.5;27.075;6.300000000000001;0.0
2652.0;27.9;9.139999999999999;0.0
2653.5;32.025;3.9800000000000004;0.0
2655.0;26.325;5.66;0.0
2656.5;29.975;9.98;0.0
2658.0;24.325;5.380000000000001;0.0
2659.5;25.825;6.980000000000001;0.0
2661.0;28.65;2.5200000000000005;0.0
2662.5;30.55;8.4;0.0
2664.0;24.925;6.9;0.0
2665.5;26.575;9.16;0.0
2667.0;27.25;4.0;0.0
2668.5;29.875;6.960000000000001;0.0
2670.0;29.75;7.040000000000001;0.0
2671.5;29.4;5.0600000000000005;0.0
2673.0;29.675;7.0200000000000005;0.0
2674.5;26.475;4.86;0.0
2676.0;23.125;4.4799999999999995;0.0
2677.5;26.7;11.26;0.0
2679.0;29.8;6.360000000000001;0.0
2680.5;30.35;9.580000000000002;0.0
2682.0;28.225;4.5200000000000005;0.0
2683.5;30.7;4.720000000000001;0.0
2685.0;27.2;6.140000000000001;0.0
2686.5;29.025;3.9800000000000004;0.0
2688.0;27.05;6.300000000000001;0.0
2689.5;28.125;7.859999999999999;0.0
2691.0;26.5;5.380000000000001;0.0
2692.5;27.35;5.26;0.0
2694.0;25.275;3.9200000000000004;0.0
2695.5;32.55;8.04;0.0
2697.0;30.0;9.219999999999997;0.0
2698.5;27.4;7.0600000000000005;0.0
2700.0;26.55;11.059999999999999;0.0
2701.5;28.025;4.840000000000001;0.0
2703.0;28.725;6.44;0.0
2704.5;30.75;5.0;0.0
2706.0;25.5;4.24;0.0
2707.5;29.9;4.4;0.0
2709.0;26.7;5.44;0.0
2710.5;26.4;10.739999999999998;0.0
2712.0;24.325;6.760000000000001;0.0
2713.5;25.375;5.500000000000001;0.0
2715.0;33.3;3.3200000000000003;0.0
2716.5;28.45;11.1;0.0
2718.0;27.725;6.719999999999999;0.0
2719.5;27.575;7.840000000000001;0.0
2721.0;27.4;4.78;0.0
2722.5;27.05;8.120000000000001;0.0
2724.0;29.975;4.16;0.0
2725.5;21.55;11.599999999999998;0.0
2727.0;23.275;11.02;0.0
2728.5;27.9;8.219999999999999;0.0
2730.0;28.375;9.5;0.0
2731.5;28.05;6.460000000000001;0.0
2733.0;28.325;5.46;0.0
2734.5;26.225;7.68;0.0
2736.0;30.25;9.139999999999997;0.0
2737.5;28.0;3.4;0.0
2739.0;26.525;9.379999999999999;0.0
2740.5;27.3;7.4799999999999995;0.0
2742.0;25.075;4.000000000000001;0.0
2743.5;26.225;6.760000000000001;0.0
2745.0;30.025;7.7399999999999975;0.0
2746.5;25.55;8.100000000000001;0.0
2748.0;28.975;4.960000000000001;0.0
2749.5;26.525;3.9800000000000004;0.0
2751.0;30.475;0.0;0.0
2752.5;28.625;6.9;0.0
2754.0;26.875;11.44;0.0
2755.5;23.625;7.1;0.0
2757.0;28.95;7.7;0.0
2758.5;28.5;16.74;0.0
2760.0;25.5;11.979999999999999;0.0
2761.5;30.875;8.92;0.0
2763.0;29.075;3.9799999999999995;0.0
2764.5;28.925;4.2;0.0
2766.0;27.325;5.820000000000001;0.0
2767.5;27.275;14.619999999999996;0.0
2769.0;22.35;6.62;0.0
2770.5;28.575;11.08;0.0
2772.0;29.65;6.9799999999999995;0.0
2773.5;25.6;3.72;0.0
2775.0;26.75;9.179999999999998;0.0
2776.5;23.75;8.64;0.0
2778.0;24.775;3.3200000000000003;0.0
2779.5;27.55;7.679999999999998;0.0
2781.0;27.475;6.32;0.0
2782.5;31.025;8.319999999999999;0.0
2784.0;27.975;5.96;0.0
2785.5;23.4;5.300000000000001;0.0
2787.0;28.575;5.0200000000000005;0.0
2788.5;26.45;4.78;0.0
2790.0;24.525;2.06;0.0
2791.5;28.9;3.7800000000000002;0.0
2793.0;28.65;7.1800000000000015;0.0
2794.5;28.6;4.5200000000000005;0.0
2796.0;27.35;11.639999999999997;0.0
2797.5;26.725;9.14;0.0
2799.0;26.3;7.5;0.0
2800.5;28.5;9.92;0.0
2802.0;27.4;5.42;0.0
2803.5;27.125;7.679999999999998;0.0
2805.0;27.0;6.9;0.0
2806.5;29.0;7.92;0.0
2808.0;27.675;2.7;0.0
2809.5;29.325;8.44;0.0
2811.0;22.7;6.380000000000001;0.0
2812.5;24.6;6.92;0.0
2814.0;28.8;4.640000000000001;0.0
2815.5;25.2;8.62;0.0
2817.0;28.05;10.54;0.0
2818.5;28.825;7.3;0.0
2820.0;28.275;5.44;0.0
2821.5;31.625;4.84;0.0
2823.0;24.425;5.620000000000001;0.0
2824.5;29.075;4.74;0.0
2826.0;28.25;7.92;0.0
2827.5;28.85;7.68;0.0
2829.0;30.525;4.26;0.0
2830.5;28.525;3.4200000000000004;0.0
2832.0;25.4;8.1;0.0
2833.5;31.75;4.26;0.0
2835.0;25.675;12.599999999999998;0.0
2836.5;28.475;6.62;0.0
2838.0;31.6;7.9799999999999995;0.0
2839.5;30.225;3.66;0.0
2841.0;23.925;6.9;0.0
2842.5;23.5;8.3;0.0
2844.0;29.125;9.46;0.0
2845.5;31.425;7.4;0.0
2847.0;24.875;9.079999999999998;0.0
2848.5;30.675;7.219999999999999;0.0
2850.0;25.375;8.899999999999999;0.0
2851.5;27.225;3.9799999999999995;0.0
2853.0;29.225;7.299999999999999;0.0
2854.5;26.4;8.339999999999998;0.0
2856.0;30.775;6.040000000000001;0.0
2857.5;28.725;0.0;0.0
2859.0;32.825;2.8400000000000007;0.0
2860.5;26.75;6.360000000000001;0.0
2862.0;28.525;6.1000000000000005;0.0
2863.5;26.95;4.12;0.0
2865.0;26.25;4.660000000000002;0.0
2866.5;26.4;7.380000000000001;0.0
2868.0;24.775;10.159999999999998;0.0
2869.5;25.925;7.780000000000001;0.0
2871.0;25.875;7.9;0.0
2872.5;25.05;8.7;0.0
2874.0;27.375;7.380000000000001;0.0
2875.5;27.025;5.12;0.0
2877.0;26.7;9.239999999999998;0.0
2878.5;25.225;10.200000000000001;0.0
2880.0;26.45;6.42;0.0
2881.5;28.875;5.48;0.0
2883.0;24.05;8.799999999999997;0.0
2884.5;23.525;6.0600000000000005;0.0
2886.0;28.125;6.7;0.0
2887.5;28.55;11.34;0.0
2889.0;22.15;9.2;0.0
2890.5;24.775;9.739999999999998;0.0
2892.0;30.525;3.9800000000000004;0.0
2893.5;25.025;8.16;0.0
2895.0;25.025;11.5;0.0
2896.5;29.425;5.680000000000001;0.0
2898.0;28.675;0.0;0.0
2899.5;29.0;5.16;0.0
2901.0;30.525;9.959999999999999;0.0
2902.5;26.725;8.62;0.0
2904.0;29.3;5.5600000000000005;0.0
2905.5;24.025;5.380000000000001;0.0
2907.0;26.45;8.040000000000001;0.0
2908.5;30.65;8.12;0.0
2910.0;25.475;9.76;0.0
2911.5;27.2;5.24;0.0
2913.0;27.775;6.640000000000001;0.0
2914.5;26.25;7.140000000000001;0.0
2916.0;29.8;5.8;0.0
2917.5;25.625;8.559999999999999;0.0
2919.0;29.725;7.6800000000000015;0.0
2920.5;28.625;6.9;0.0
2922.0;30.925;8.38;0.0
2923.5;26.875;3.5800000000000005;0.0
2925.0;27.7;7.18;0.0
2926.5;28.9;4.8;0.0
2928.0;23.825;13.259999999999996;0.0
2929.5;25.65;6.040000000000001;0.0
2931.0;27.275;6.08;0.0
2932.5;27.875;6.4;0.0
2934.0;24.45;4.960000000000001;0.0
2935.5;25.9;10.339999999999998;0.0
2937.0;25.4;7.239999999999999;0.0
2938.5;22.325;4.840000000000001;0.0
2940.0;24.7;7.540000000000001;0.0
2941.5;27.425;9.12;0.0
2943.0;28.325;6.260000000000001;0.0
2944.5;28.4;13.859999999999996;0.0
2946.0;26.675;10.680000000000001;0.0
2947.5;28.3;6.2;0.0
2949.0;26.5;9.5;0.0
2950.5;25.4;7.08;0.0
2952.0;27.9;3.8400000000000007;0.0
2953.5;25.7;4.260000000000001;0.0
2955.0;27.825;4.58;0.0
2956.5;24.65;12.319999999999999;0.0
2958.0;29.225;7.9399999999999995;0.0
2959.5;26.05;4.5200000000000005;0.0
2961.0;28.8;3.8600000000000003;0.0
2962.5;25.725;8.739999999999998;0.0
2964.0;28.35;6.120000000000002;0.0
2965.5;26.5;7.9;0.0
2967.0;26.025;12.879999999999999;0.0
2968.5;26.7;3.62;0.0
2970.0;27.525;7.040000000000001;0.0
2971.5;26.975;3.2600000000000002;0.0
2973.0;24.775;10.139999999999999;0.0
2974.5;21.25;7.38;0.0
2976.0;24.9;4.38;0.0
2977.5;26.925;8.9;0.0
2979.0;24.625;4.24;0.0
2980.5;19.6;2.06;0.0
2982.0;25.85;7.360000000000001;0.0
2983.5;23.9;3.7;0.0
2985.0;29.775;1.46;0.0
2986.5;25.675;13.219999999999999;0.0
2988.0;26.9;7.5600000000000005;0.0
2989.5;25.025;9.939999999999998;0.0
2991.0;26.925;5.760000000000001;0.0
2992.5;27.325;3.62;0.0
2994.0;28.225;7.839999999999999;0.0
2995.5;27.45;3.820000000000001;0.0
2997.0;29.625;5.1000000000000005;0.0
2998.5;23.85;3.3000000000000007;0.0
3000.0;25.725;7.299999999999999;0.0
3001.5;28.85;6.459999999999999;0.0
3003.0;30.875;4.84;0.0
3004.5;26.75;8.48;0.0
3006.0;26.575;10.059999999999999;0.0
3007.5;25.0;6.12;0.0
3009.0;30.1;4.8;0.0
3010.5;29.625;9.239999999999998;0.0
3012.0;31.4;7.499999999999998;0.0
3013.5;24.425;20.259999999999998;0.0
3015.0;26.55;2.38;0.0
3016.5;27.05;7.840000000000001;0.0
3018.0;25.025;2.44;0.0
3019.5;25.6;8.2;0.0
3021.0;29.3;7.06;0.0
3022.5;25.85;13.14;0.0
3024.0;29.325;8.9;0.0
3025.5;25.125;9.559999999999997;0.0
3027.0;31.85;8.679999999999998;0.0
3028.5;25.6;10.079999999999998;0.0
3030.0;27.375;5.360000000000001;0.0
3031.5;26.325;12.879999999999999;0.0
3033.0;28.55;6.459999999999999;0.0
3034.5;31.525;5.48;0.0
3036.0;26.55;9.379999999999999;0.0
3037.5;28.275;4.58;0.0
3039.0;27.45;5.26;0.0
3040.5;29.225;5.5;0.0
3042.0;27.4;4.12;0.0
3043.5;26.125;6.92;0.0
3045.0;22.65;3.9799999999999995;0.0
3046.5;23.625;14.999999999999996;0.0
3048.0;25.4;7.5;0.0
3049.5;29.325;6.959999999999999;0.0
3051.0;23.075;7.080000000000001;0.0
3052.5;22.225;10.12;0.0
3054.0;27.425;2.46;0.0
3055.5;26.675;5.840000000000001;0.0
3057.0;26.05;6.9;0.0
3058.5;29.4;4.960000000000001;0.0
3060.0;31.15;6.160000000000001;0.0
3061.5;25.125;2.12;0.0
3063.0;28.175;2.9;0.0
3064.5;27.75;9.7;0.0
3066.0;27.65;9.419999999999998;0.0
3067.5;25.5;6.620000000000002;0.0
3069.0;28.05;7.5;0.0
3070.5;29.3;8.22;0.0
3072.0;27.3;5.720000000000001;0.0
3073.5;27.975;9.16;0.0
3075.0;25.925;3.9200000000000004;0.0
3076.5;27.975;6.1400000000000015;0.0
3078.0;29.675;7.480000000000001;0.0
3079.5;25.975;9.82;0.0
3081.0;26.275;7.380000000000001;0.0
3082.5;28.175;7.880000000000001;0.0
3084.0;28.925;11.199999999999998;0.0
3085.5;25.0;9.760000000000002;0.0
3087.0;25.225;10.84;0.0
3088.5;26.675;4.720000000000001;0.0
3090.0;26.675;8.34;0.0
3091.5;24.725;6.1;0.0
3093.0;23.15;7.06;0.0
3094.5;24.425;7.44;0.0
3096.0;27.125;9.86;0.0
3097.5;25.85;4.78;0.0
3099.0;26.2;7.0200000000000005;0.0
3100.5;26.8;6.4;0.0
3102.0;27.5;7.720000000000001;0.0
3103.5;26.45;4.840000000000001;0.0
3105.0;27.3;7.94;0.0
3106.5;26.7;7.42;0.0
3108.0;25.875;5.4;0.0
3109.5;30.35;7.160000000000001;0.0
3111.0;29.725;7.9;0.0
3112.5;24.875;8.299999999999999;0.0
3114.0;28.825;7.2;0.0
3115.5;26.9;5.1000000000000005;0.0
3117.0;28.725;7.420000000000002;0.0
3118.5;28.475;7.659999999999999;0.0
3120.0;30.75;1.9200000000000004;0.0
3121.5;29.625;11.259999999999996;0.0
3123.0;28.6;7.640000000000001;0.0
3124.5;25.925;4.4;0.0
3126.0;22.925;7.5600000000000005;0.0
3127.5;28.3;7.26;0.0
3129.0;29.375;7.460000000000001;0.0
3130.5;29.95;9.36;0.0
3132.0;25.025;3.6400000000000006;0.0
3133.5;27.6;6.460000000000003;0.0
3135.0;25.575;9.459999999999997;0.0
3136.5;27.725;5.500000000000001;0.0
3138.0;26.975;9.999999999999996;0.0
3139.5;26.925;7.2;0.0
3141.0;27.625;9.18;0.0
3142.5;25.0;7.76;0.0
3144.0;28.175;6.300000000000001;0.0
3145.5;29.2;3.960000000000001;0.0
3147.0;27.85;8.84;0.0
3148.5;27.125;6.780000000000001;0.0
3150.0;27.075;7.380000000000001;0.0
3151.5;23.75;8.34;0.0
3153.0;23.525;8.8;0.0
3154.5;29.725;7.720000000000001;0.0
3156.0;26.25;9.02;0.0
3157.5;26.825;19.119999999999997;0.0
3159.0;25.875;5.500000000000001;0.0
3160.5;28.0;4.640000000000001;0.0
3162.0;27.425;8.620000000000001;0.0
3163.5;27.625;7.8;0.0
3165.0;24.35;4.840000000000001;0.0
3166.5;24.675;6.340000000000001;0.0
3168.0;26.8;9.2;0.0
3169.5;29.725;5.48;0.0
3171.0;23.525;7.420000000000002;0.0
3172.5;27.3;7.12;0.0
3174.0;26.525;3.3800000000000003;0.0
3175.5;27.825;8.52;0.0
3177.0;26.575;6.000000000000001;0.0
3178.5;26.2;8.0;0.0
3180.0;25.325;5.1000000000000005;0.0
3181.5;25.125;6.220000000000001;0.0
3183.0;29.25;5.840000000000001;0.0
3184.5;29.8;7.739999999999999;0.0
3186.0;27.325;8.220000000000002;0.0
3187.5;29.875;9.499999999999998;0.0
3189.0;25.5;8.26;0.0
3190.5;26.275;5.940000000000001;0.0
3192.0;27.875;8.999999999999998;0.0
3193.5;28.05;8.3;0.0
3195.0;31.75;9.319999999999999;0.0
3196.5;28.3;6.580000000000001;0.0
3198.0;32.025;5.58;0.0
3199.5;23.025;9.24;0.0
3201.0;27.125;8.339999999999998;0.0
3202.5;27.925;8.999999999999998;0.0
3204.0;26.65;3.3600000000000003;0.0
3205.5;28.3;12.379999999999999;0.0
3207.0;28.95;6.919999999999999;0.0
3208.5;29.2;6.459999999999999;0.0
3210.0;33.675;8.780000000000001;0.0
3211.5;26.2;8.24;0.0
3213.0;24.425;7.419999999999999;0.0
3214.5;28.6;6.9799999999999995;0.0
3216.0;25.475;10.399999999999999;0.0
3217.5;25.7;7.159999999999999;0.0
3219.0;29.35;6.000000000000001;0.0
3220.5;26.9;9.12;0.0
3222.0;29.875;13.259999999999996;0.0
3223.5;28.9;7.719999999999999;0.0
3225.0;25.85;6.640000000000001;0.0
3226.5;23.35;8.5;0.0
3228.0;27.1;4.78;0.0
3229.5;27.05;5.66;0.0
3231.0;29.0;0.0;0.0
3232.5;28.325;9.94;0.0
3234.0;26.3;0.0;0.0
3235.5;29.05;5.280000000000001;0.0
3237.0;28.85;7.039999999999999;0.0
3238.5;19.95;6.5200000000000005;0.0
3240.0;29.825;7.220000000000001;0.0
3241.5;29.4;6.42;0.0
3243.0;32.325;10.02;0.0
3244.5;32.575;4.200000000000001;0.0
3246.0;28.3;5.24;0.0
3247.5;24.775;8.36;0.0
3249.0;29.425;5.0600000000000005;0.0
3250.5;30.425;6.76;0.0
3252.0;26.15;8.5;0.0
3253.5;25.225;10.459999999999997;0.0
3255.0;26.05;4.32;0.0
3256.5;25.075;4.480000000000001;0.0
3258.0;28.95;11.299999999999999;0.0
3259.5;23.825;4.220000000000001;0.0
3261.0;30.6;5.28;0.0
3262.5;28.775;10.979999999999999;0.0
3264.0;25.4;6.1000000000000005;0.0
3265.5;26.075;2.8600000000000003;0.0
3267.0;29.025;6.180000000000001;0.0
3268.5;25.85;11.499999999999998;0.0
3270.0;29.925;4.12;0.0
3271.5;28.025;7.879999999999998;0.0
3273.0;28.85;12.219999999999997;0.0
3274.5;27.225;6.040000000000001;0.0
3276.0;28.325;5.300000000000001;0.0
3277.5;27.875;1.72;0.0
3279.0;28.875;8.599999999999998;0.0
3280.5;26.5;11.5;0.0
3282.0;29.025;9.879999999999999;0.0
3283.5;30.1;4.720000000000001;0.0
3285.0;27.925;3.6800000000000006;0.0
3286.5;30.775;8.2;0.0
3288.0;28.625;5.380000000000001;0.0
3289.5;25.8;9.18;0.0
3291.0;25.175;5.300000000000001;0.0
3292.5;24.275;9.799999999999999;0.0
3294.0;26.225;5.9;0.0
3295.5;26.35;2.7800000000000002;0.0
3297.0;28.175;8.760000000000002;0.0
3298.5;26.95;5.12;0.0
3300.0;28.95;2.36;0.0
3301.5;22.1;11.02;0.0
3303.0;26.0;9.899999999999999;0.0
3304.5;26.525;7.18;0.0
3306.0;29.7;9.279999999999998;0.0
3307.5;25.1;11.68;0.0
3309.0;28.0;9.38;0.0
3310.5;28.525;5.779999999999999;0.0
3312.0;31.85;11.44;0.0
3313.5;28.525;4.280000000000001;0.0
3315.0;29.275;9.479999999999999;0.0
3316.5;28.3;6.040000000000001;0.0
3318.0;26.45;9.419999999999998;0.0
3319.5;27.425;3.5800000000000005;0.0
3321.0;28.4;5.880000000000001;0.0
3322.5;29.225;4.82;0.0
3324.0;29.6;5.620000000000001;0.0
3325.5;29.975;9.18;0.0
3327.0;28.725;6.36;0.0
3328.5;32.35;2.9799999999999995;0.0
3330.0;27.825;5.460000000000002;0.0
3331.5;29.8;2.8;0.0
3333.0;25.1;9.639999999999997;0.0
3334.5;27.375;8.32;0.0
3336.0;26.825;6.1;0.0
3337.5;31.05;9.479999999999999;0.0
3339.0;23.975;3.820000000000001;0.0
3340.5;29.5;5.16;0.0
3342.0;28.025;9.219999999999999;0.0
3343.5;26.875;7.58;0.0
3345.0;27.8;8.780000000000001;0.0
3346.5;27.575;8.219999999999999;0.0
3348.0;26.075;5.38;0.0
3349.5;28.525;1.06;0.0
3351.0;26.55;6.26;0.0
3352.5;29.075;6.040000000000001;0.0
3354.0;24.725;9.62;0.0
3355.5;28.175;6.760000000000001;0.0
3357.0;28.9;5.66;0.0
3358.5;30.325;8.999999999999998;0.0
3360.0;25.65;6.7;0.0
3361.5;27.2;9.419999999999998;0.0
3363.0;30.15;5.820000000000001;0.0
3364.5;24.65;4.32;0.0
3366.0;30.725;3.38;0.0
3367.5;27.1;7.08;0.0
3369.0;29.25;8.559999999999999;0.0
3370.5;24.125;13.059999999999999;0.0
3372.0;28.65;8.24;0.0
3373.5;30.375;10.299999999999999;0.0
3375.0;30.25;6.56;0.0
3376.5;28.85;10.5;0.0
3378.0;27.0;14.02;0.0
3379.5;26.675;3.3600000000000003;0.0
3381.0;26.85;7.62;0.0
3382.5;27.35;10.3;0.0
3384.0;27.325;13.66;0.0
3385.5;27.075;15.38;0.0
3387.0;28.25;2.1799999999999997;0.0
3388.5;25.1;6.5600000000000005;0.0
3390.0;29.75;6.000000000000001;0.0
3391.5;33.25;5.420000000000001;0.0
3393.0;27.0;13.079999999999998;0.0
3394.5;26.375;8.36;0.0
3396.0;26.975;7.420000000000002;0.0
3397.5;23.525;11.599999999999998;0.0
3399.0;27.025;7.719999999999999;0.0
3400.5;27.775;5.200000000000001;0.0
3402.0;25.825;9.42;0.0
3403.5;31.175;7.760000000000001;0.0
3405.0;27.375;6.92;0.0
3406.5;30.125;5.46;0.0
3408.0;26.35;8.02;0.0
3409.5;29.2;8.84;0.0
3411.0;24.075;4.82;0.0
3412.5;27.075;6.760000000000001;0.0
3414.0;28.65;4.84;0.0
3415.5;32.45;5.200000000000001;0.0
3417.0;28.55;3.4800000000000004;0.0
3418.5;25.025;8.079999999999998;0.0
3420.0;29.5;4.46;0.0
3421.5;27.875;6.76;0.0
3423.0;25.45;10.359999999999996;0.0
3424.5;29.6;7.380000000000001;0.0
3426.0;30.225;6.540000000000001;0.0
3427.5;27.05;5.9;0.0
3429.0;27.325;4.46;0.0
3430.5;27.4;8.98;0.0
3432.0;24.25;4.42;0.0
3433.5;25.35;6.300000000000001;0.0
3435.0;26.525;4.380000000000001;0.0
3436.5;22.45;11.519999999999998;0.0
3438.0;29.425;7.9;0.0
3439.5;28.35;0.0;0.0
3441.0;28.575;11.799999999999999;0.0
3442.5;27.225;5.4;0.0
3444.0;27.2;1.18;0.0
3445.5;25.225;2.5;0.0
3447.0;27.475;9.16;0.0
3448.5;27.725;5.48;0.0
3450.0;30.65;6.16;0.0
3451.5;27.85;11.139999999999997;0.0
3453.0;28.575;3.9800000000000004;0.0
3454.5;27.65;6.92;0.0
3456.0;28.5;7.540000000000001;0.0
3457.5;24.85;7.859999999999999;0.0
3459.0;31.85;14.26;0.0
3460.5;24.0;0.0;0.0
3462.0;31.35;7.239999999999999;0.0
3463.5;27.5;6.699999999999998;0.0
3465.0;26.375;5.380000000000001;0.0
3466.5;24.6;5.12;0.0
3468.0;28.05;8.38;0.0
3469.5;27.575;3.1799999999999997;0.0
3471.0;29.075;9.659999999999998;0.0
3472.5;27.65;5.1;0.0
3474.0;29.9;5.9;0.0
3475.5;26.975;4.04;0.0
3477.0;23.45;4.5;0.0
3478.5;31.5;9.14;0.0
3480.0;26.3;1.46;0.0
3481.5;30.15;4.66;0.0
3483.0;29.9;7.220000000000001;0.0
3484.5;29.45;5.9;0.0
3486.0;28.675;6.1400000000000015;0.0
3487.5;31.1;2.6;0.0
3489.0;26.625;9.16;0.0
3490.5;23.75;6.420000000000002;0.0
3492.0;27.5;7.42;0.0
3493.5;26.125;8.5;0.0
3495.0;30.15;5.720000000000001;0.0
3496.5;25.425;1.06;0.0
3498.0;26.825;7.88;0.0
3499.5;29.75;8.739999999999998;0.0
3501.0;21.025;7.640000000000001;0.0
3502.5;29.35;8.6;0.0
3504.0;28.325;9.22;0.0
3505.5;27.475;6.720000000000001;0.0
3507.0;27.2;9.419999999999998;0.0
3508.5;27.275;5.5200000000000005;0.0
3510.0;27.25;9.119999999999997;0.0
3511.5;32.025;6.380000000000001;0.0
3513.0;24.4;10.159999999999998;0.0
3514.5;26.85;9.379999999999999;0.0
3516.0;28.775;7.859999999999999;0.0
3517.5;27.075;4.46;0.0
3519.0;25.475;4.420000000000001;0.0
3520.5;29.525;9.219999999999999;0.0
3522.0;23.175;1.1199999999999999;0.0
3523.5;28.725;6.659999999999999;0.0
3525.0;32.15;8.58;0.0
3526.5;25.875;5.78;0.0
3528.0;25.75;11.979999999999999;0.0
3529.5;29.85;5.26;0.0
3531.0;26.575;7.1;0.0
3532.5;29.975;7.88;0.0
3534.0;27.05;9.939999999999998;0.0
3535.5;26.3;6.840000000000001;0.0
3537.0;28.85;9.12;0.0
3538.5;29.325;2.1799999999999997;0.0
3540.0;28.325;7.7;0.0
3541.5;25.25;7.1;0.0
3543.0;26.4;6.020000000000001;0.0
3544.5;28.15;6.4;0.0
3546.0;27.95;5.76;0.0
3547.5;26.3;7.9;0.0
3549.0;25.9;6.92;0.0
3550.5;25.1;5.640000000000001;0.0
3552.0;28.3;3.5800000000000005;0.0
3553.5;27.65;8.98;0.0
3555.0;26.2;6.380000000000001;0.0
3556.5;28.175;6.220000000000001;0.0
3558.0;28.6;7.820000000000002;0.0
3559.5;27.4;2.12;0.0
3561.0;28.375;6.200000000000001;0.0
3562.5;27.0;14.599999999999998;0.0
3564.0;29.625;5.98;0.0
3565.5;32.9;6.32;0.0
3567.0;28.975;7.06;0.0
3568.5;30.35;6.360000000000001;0.0
3570.0;27.875;8.02;0.0
3571.5;23.85;0.0;0.0
3573.0;27.825;5.360000000000001;0.0
3574.5;27.125;7.580000000000001;0.0
3576.0;27.15;3.04;0.0
3577.5;30.65;3.7800000000000002;0.0
3579.0;29.725;8.219999999999999;0.0
3580.5;30.75;7.0200000000000005;0.0
3582.0;26.65;3.46;0.0
3583.5;28.125;1.7;0.0
3585.0;27.8;8.879999999999999;0.0
3586.5;27.125;7.459999999999999;0.0
3588.0;28.575;6.5200000000000005;0.0
3589.5;27.3;5.9;0.0
3591.0;27.425;3.3600000000000003;0.0
3592.5;26.5;7.359999999999999;0.0
3594.0;29.725;7.24;0.0
3595.5;30.1;2.3200000000000003;0.0
3597.0;30.65;3.420000000000001;0.0
3598.5;23.7;9.239999999999998;0.0
