#auto generated file!
1.5;0.0;0.0;0.0
3.0;0.0;0.0;0.0
4.5;0.0;0.0;0.0
6.0;0.0;0.0;0.0
7.5;0.0;0.0;0.0
9.0;0.0;0.0;0.0
10.5;0.25;0.0;0.0
12.0;2.0;0.0;0.0
13.5;4.9;0.0;0.0
15.0;7.8;0.0;0.0
16.5;13.5;0.0;0.0
18.0;10.675;0.0;0.0
19.5;15.475;0.06;0.0
21.0;13.925;1.26;0.0
22.5;14.5;0.2;0.0
24.0;10.9;0.0;0.0
25.5;14.6;0.2;0.0
27.0;15.525;0.86;0.0
28.5;16.775;1.1199999999999999;0.0
30.0;15.0;0.8;0.0
31.5;15.325;0.86;0.0
33.0;9.225;0.0;0.0
34.5;13.725;1.06;0.0
36.0;15.25;0.2;0.0
37.5;13.575;0.45999999999999996;0.0
39.0;16.625;0.26;0.0
40.5;18.9;0.45999999999999996;0.0
42.0;16.725;0.86;0.0
43.5;15.45;1.0;0.0
45.0;13.25;0.0;0.0
46.5;14.525;0.5199999999999999;0.0
48.0;9.675;0.0;0.0
49.5;13.65;0.18;0.0
51.0;14.85;0.8;0.0
52.5;15.825;0.8;0.0
54.0;14.15;1.2;0.0
55.5;14.075;0.4;0.0
57.0;17.275;0.0;0.0
58.5;13.075;0.0;0.0
60.0;16.1;0.38;0.0
61.5;12.425;0.4;0.0
63.0;15.875;1.46;0.0
64.5;12.6;0.0;0.0
66.0;14.875;1.0;0.0
67.5;15.575;1.38;0.0
69.0;12.525;0.0;0.0
70.5;13.775;0.4;0.0
72.0;11.325;0.0;0.0
73.5;14.1;1.2;0.0
75.0;17.225;0.0;0.0
76.5;13.05;0.0;0.0
78.0;13.9;0.0;0.0
79.5;16.225;0.6;0.0
81.0;12.675;0.6;0.0
82.5;11.125;0.0;0.0
84.0;11.725;0.0;0.0
85.5;14.95;0.8;0.0
87.0;14.075;0.4;0.0
88.5;17.675;0.4;0.0
90.0;17.1;0.4;0.0
91.5;15.3;0.4;0.0
93.0;12.375;0.8;0.0
94.5;12.8;0.0;0.0
96.0;13.8;0.0;0.0
97.5;14.5;0.0;0.0
99.0;14.825;0.8;0.0
100.5;18.5;0.4;0.0
102.0;16.95;0.4;0.0
103.5;15.525;0.9799999999999999;0.0
105.0;13.375;0.0;0.0
106.5;14.75;0.2;0.0
108.0;12.9;0.2;0.0
109.5;13.175;0.0;0.0
111.0;16.0;0.06;0.0
112.5;12.45;0.0;0.0
114.0;12.575;0.0;0.0
115.5;12.5;0.0;0.0
117.0;13.175;0.2;0.0
118.5;12.175;0.0;0.0
120.0;11.325;1.2;0.0
121.5;15.775;0.45999999999999996;0.0
123.0;14.925;0.0;0.0
124.5;13.925;0.0;0.0
126.0;14.0;0.4;0.0
127.5;16.15;0.2;0.0
129.0;14.625;0.2;0.0
130.5;12.725;0.0;0.0
132.0;12.55;0.8;0.0
133.5;13.85;0.0;0.0
135.0;15.25;0.0;0.0
136.5;13.775;0.0;0.0
138.0;14.925;1.0;0.0
139.5;12.975;0.0;0.0
141.0;13.325;0.0;0.0
142.5;12.225;0.4;0.0
144.0;14.125;0.0;0.0
145.5;11.7;0.0;0.0
147.0;14.325;0.0;0.0
148.5;14.85;1.1199999999999999;0.0
150.0;16.0;1.6;0.0
151.5;13.6;0.5199999999999999;0.0
153.0;14.35;0.0;0.0
154.5;13.125;0.0;0.0
156.0;12.975;0.4;0.0
157.5;11.575;0.0;0.0
159.0;14.55;0.0;0.0
160.5;13.55;0.0;0.0
162.0;14.675;0.2;0.0
163.5;14.075;0.2;0.0
165.0;15.575;0.0;0.0
166.5;13.45;0.8;0.0
168.0;12.8;0.0;0.0
169.5;12.4;0.0;0.0
171.0;13.2;0.0;0.0
172.5;13.2;0.2;0.0
174.0;14.975;0.6599999999999999;0.0
175.5;16.05;0.0;0.0
177.0;15.65;0.0;0.0
178.5;15.55;2.2;0.0
180.0;13.2;0.0;0.0
181.5;15.1;0.0;0.0
183.0;16.0;0.4;0.0
184.5;13.65;0.4;0.0
186.0;12.5;0.4;0.0
187.5;13.45;0.06;0.0
189.0;14.425;1.0;0.0
190.5;15.925;0.5799999999999998;0.0
192.0;13.425;0.4;0.0
193.5;14.375;0.6;0.0
195.0;15.7;1.52;0.0
196.5;15.3;1.6600000000000001;0.0
198.0;14.075;1.0;0.0
199.5;12.15;0.0;0.0
201.0;10.975;0.0;0.0
202.5;12.975;0.4;0.0
204.0;15.35;0.2;0.0
205.5;14.025;0.4;0.0
207.0;15.275;1.3199999999999998;0.0
208.5;12.6;0.0;0.0
210.0;13.95;0.0;0.0
211.5;14.425;0.4;0.0
213.0;16.725;1.46;0.0
214.5;14.025;0.0;0.0
216.0;15.325;0.26;0.0
217.5;16.35;0.0;0.0
219.0;17.9;0.4;0.0
220.5;16.075;0.2;0.0
222.0;16.05;1.52;0.0
223.5;13.4;0.2;0.0
225.0;14.075;0.6599999999999999;0.0
226.5;15.775;0.4;0.0
228.0;13.225;0.8;0.0
229.5;15.925;0.0;0.0
231.0;14.8;0.26;0.0
232.5;15.225;0.2;0.0
234.0;12.325;0.2;0.0
235.5;14.325;0.0;0.0
237.0;13.825;0.2;0.0
238.5;16.125;0.4;0.0
240.0;17.05;1.46;0.0
241.5;16.025;1.0;0.0
243.0;15.075;1.6;0.0
244.5;14.4;0.0;0.0
246.0;14.775;0.0;0.0
247.5;13.825;0.0;0.0
249.0;15.175;0.4;0.0
250.5;13.575;0.6;0.0
252.0;14.75;0.0;0.0
253.5;12.325;0.8;0.0
255.0;12.725;0.0;0.0
256.5;15.95;0.0;0.0
258.0;15.425;1.0;0.0
259.5;14.375;0.72;0.0
261.0;13.725;0.12;0.0
262.5;14.4;0.6;0.0
264.0;15.35;1.46;0.0
265.5;11.25;0.4;0.0
267.0;13.7;0.4;0.0
268.5;11.825;0.12;0.0
270.0;12.325;0.0;0.0
271.5;12.825;0.0;0.0
273.0;18.0;1.2;0.0
274.5;11.625;0.0;0.0
276.0;15.15;0.0;0.0
277.5;12.175;0.0;0.0
279.0;13.925;0.6;0.0
280.5;12.275;0.0;0.0
282.0;13.9;0.06;0.0
283.5;14.225;0.2;0.0
285.0;12.0;0.4;0.0
286.5;14.35;0.0;0.0
288.0;14.15;0.0;0.0
289.5;11.975;0.0;0.0
291.0;16.175;0.6599999999999999;0.0
292.5;14.625;1.6;0.0
294.0;14.9;0.86;0.0
295.5;14.275;0.06;0.0
297.0;15.225;1.0;0.0
298.5;12.425;0.0;0.0
300.0;12.225;0.6599999999999999;0.0
301.5;15.25;0.72;0.0
303.0;15.025;1.06;0.0
304.5;15.575;0.4;0.0
306.0;15.325;0.86;0.0
307.5;13.525;0.32;0.0
309.0;18.95;0.4;0.0
310.5;13.65;0.06;0.0
312.0;13.925;1.0;0.0
313.5;12.375;0.0;0.0
315.0;15.425;0.0;0.0
316.5;11.15;0.0;0.0
318.0;12.95;0.06;0.0
319.5;12.95;0.2;0.0
321.0;13.975;0.6;0.0
322.5;15.025;0.0;0.0
324.0;16.425;0.0;0.0
325.5;13.275;0.0;0.0
327.0;13.375;0.6;0.0
328.5;14.175;0.8;0.0
330.0;16.325;0.4;0.0
331.5;13.15;0.0;0.0
333.0;15.45;0.5199999999999999;0.0
334.5;13.325;0.06;0.0
336.0;16.6;0.86;0.0
337.5;15.025;2.3200000000000003;0.0
339.0;12.875;0.4;0.0
340.5;12.1;1.0;0.0
342.0;12.6;0.0;0.0
343.5;13.7;0.0;0.0
345.0;15.75;0.0;0.0
346.5;15.075;0.6;0.0
348.0;12.725;0.0;0.0
349.5;12.25;0.0;0.0
351.0;14.05;0.0;0.0
352.5;16.25;0.06;0.0
354.0;13.6;0.0;0.0
355.5;13.525;0.8;0.0
357.0;15.925;2.2;0.0
358.5;11.775;0.0;0.0
360.0;14.275;0.4;0.0
361.5;16.425;0.4;0.0
363.0;15.075;0.0;0.0
364.5;12.7;0.2;0.0
366.0;12.625;0.0;0.0
367.5;15.675;0.4;0.0
369.0;14.525;0.6;0.0
370.5;15.45;1.06;0.0
372.0;14.075;0.0;0.0
373.5;12.175;0.0;0.0
375.0;15.725;0.4;0.0
376.5;14.375;0.0;0.0
378.0;15.175;1.4;0.0
379.5;15.6;1.4;0.0
381.0;16.85;0.6;0.0
382.5;13.75;0.0;0.0
384.0;15.1;0.8;0.0
385.5;15.625;0.6599999999999999;0.0
387.0;14.75;0.2;0.0
388.5;16.275;0.26;0.0
390.0;15.625;0.06;0.0
391.5;16.65;0.6599999999999999;0.0
393.0;12.85;0.72;0.0
394.5;13.85;0.4;0.0
396.0;15.275;0.0;0.0
397.5;15.75;0.2;0.0
399.0;14.225;0.0;0.0
400.5;14.5;0.0;0.0
402.0;15.525;0.0;0.0
403.5;15.45;1.0;0.0
405.0;14.75;0.06;0.0
406.5;14.725;0.4;0.0
408.0;14.225;0.0;0.0
409.5;13.2;0.26;0.0
411.0;16.5;0.2;0.0
412.5;19.1;0.2;0.0
414.0;17.8;1.0;0.0
415.5;14.275;1.2;0.0
417.0;14.325;0.0;0.0
418.5;15.375;0.4;0.0
420.0;15.825;0.0;0.0
421.5;13.8;0.4;0.0
423.0;13.125;0.6;0.0
424.5;12.025;0.0;0.0
426.0;13.6;1.6;0.0
427.5;13.7;0.0;0.0
429.0;11.225;0.0;0.0
430.5;10.8;0.0;0.0
432.0;16.725;0.0;0.0
433.5;13.95;0.0;0.0
435.0;13.75;0.0;0.0
436.5;16.05;0.4;0.0
438.0;15.925;0.06;0.0
439.5;13.4;0.06;0.0
441.0;15.275;1.4;0.0
442.5;13.675;0.0;0.0
444.0;17.575;0.38;0.0
445.5;13.425;0.0;0.0
447.0;14.525;0.0;0.0
448.5;14.45;0.0;0.0
450.0;16.05;1.86;0.0
451.5;13.1;0.0;0.0
453.0;14.6;0.4;0.0
454.5;13.85;0.0;0.0
456.0;15.075;1.18;0.0
457.5;16.4;1.0;0.0
459.0;15.4;1.46;0.0
460.5;15.95;0.2;0.0
462.0;16.225;0.0;0.0
463.5;15.225;0.4;0.0
465.0;15.95;0.26;0.0
466.5;14.275;0.0;0.0
468.0;16.375;0.4;0.0
469.5;17.025;0.06;0.0
471.0;17.425;0.6;0.0
472.5;14.35;0.0;0.0
474.0;14.75;0.6;0.0
475.5;12.025;0.0;0.0
477.0;16.35;0.06;0.0
478.5;14.375;0.6;0.0
480.0;16.6;1.6;0.0
481.5;12.925;0.2;0.0
483.0;12.55;0.4;0.0
484.5;13.85;0.6;0.0
486.0;15.575;0.4;0.0
487.5;12.0;0.0;0.0
489.0;13.35;0.18;0.0
490.5;15.175;1.0;0.0
492.0;15.6;0.0;0.0
493.5;15.3;0.0;0.0
495.0;12.95;0.5199999999999999;0.0
496.5;17.325;1.4;0.0
498.0;17.05;0.4;0.0
499.5;15.95;0.8;0.0
501.0;13.8;0.0;0.0
502.5;12.325;0.0;0.0
504.0;13.525;0.2;0.0
505.5;18.575;0.0;0.0
507.0;13.9;0.8;0.0
508.5;13.35;0.0;0.0
510.0;15.5;0.6;0.0
511.5;12.875;0.0;0.0
513.0;16.525;2.18;0.0
514.5;12.0;0.0;0.0
516.0;13.95;0.4;0.0
517.5;14.575;0.8;0.0
519.0;10.825;0.0;0.0
520.5;12.3;0.0;0.0
522.0;13.7;0.86;0.0
523.5;12.075;0.0;0.0
525.0;14.275;0.8;0.0
526.5;13.175;0.0;0.0
528.0;12.725;0.6599999999999999;0.0
529.5;13.525;0.0;0.0
531.0;15.725;0.4;0.0
532.5;14.15;0.0;0.0
534.0;13.825;0.52;0.0
535.5;10.325;0.0;0.0
537.0;15.75;0.2;0.0
538.5;15.1;1.26;0.0
540.0;13.5;0.0;0.0
541.5;16.35;0.5199999999999999;0.0
543.0;13.15;0.0;0.0
544.5;13.625;0.0;0.0
546.0;12.825;0.0;0.0
547.5;13.35;1.0;0.0
549.0;12.175;0.0;0.0
550.5;14.825;0.0;0.0
552.0;14.25;0.6;0.0
553.5;14.075;0.4;0.0
555.0;13.575;0.6;0.0
556.5;12.375;1.8;0.0
558.0;14.45;0.6;0.0
559.5;14.325;0.0;0.0
561.0;16.125;1.2;0.0
562.5;16.75;1.06;0.0
564.0;13.2;0.4;0.0
565.5;12.8;0.5199999999999999;0.0
567.0;13.875;0.45999999999999996;0.0
568.5;13.525;1.0;0.0
570.0;13.5;0.6;0.0
571.5;14.8;1.26;0.0
573.0;14.1;0.0;0.0
574.5;13.6;0.0;0.0
576.0;15.075;0.6599999999999999;0.0
577.5;12.775;0.0;0.0
579.0;13.625;0.0;0.0
580.5;15.15;0.0;0.0
582.0;15.6;0.0;0.0
583.5;10.6;0.0;0.0
585.0;12.825;0.8;0.0
586.5;14.95;1.2;0.0
588.0;15.925;0.0;0.0
589.5;14.25;0.4;0.0
591.0;14.925;1.8;0.0
592.5;13.825;0.9199999999999999;0.0
594.0;15.625;0.8;0.0
595.5;13.4;0.8;0.0
597.0;13.725;0.32;0.0
598.5;14.325;0.2;0.0
600.0;15.2;0.4;0.0
601.5;14.425;1.0;0.0
603.0;13.875;0.0;0.0
604.5;14.75;0.0;0.0
606.0;14.225;0.2;0.0
607.5;13.575;0.45999999999999996;0.0
609.0;14.975;0.0;0.0
610.5;12.975;0.0;0.0
612.0;13.475;0.0;0.0
613.5;15.6;0.6599999999999999;0.0
615.0;13.6;0.0;0.0
616.5;12.975;0.2;0.0
618.0;17.45;1.06;0.0
619.5;12.85;0.0;0.0
621.0;12.85;0.0;0.0
622.5;13.925;0.0;0.0
624.0;13.975;0.2;0.0
625.5;15.025;0.0;0.0
627.0;12.525;0.0;0.0
628.5;13.975;0.6;0.0
630.0;16.35;2.38;0.0
631.5;15.15;0.4;0.0
633.0;17.3;0.4;0.0
634.5;14.675;0.0;0.0
636.0;16.825;0.06;0.0
637.5;16.6;0.4;0.0
639.0;17.15;0.4;0.0
640.5;15.475;0.06;0.0
642.0;15.175;0.2;0.0
643.5;15.35;0.86;0.0
645.0;15.975;0.06;0.0
646.5;15.475;0.8;0.0
648.0;14.625;0.2;0.0
649.5;12.85;1.0;0.0
651.0;13.225;0.2;0.0
652.5;13.325;0.2;0.0
654.0;12.475;0.8;0.0
655.5;14.5;0.6;0.0
657.0;15.475;0.0;0.0
658.5;14.3;0.8;0.0
660.0;13.1;0.8;0.0
661.5;13.575;0.0;0.0
663.0;13.575;0.06;0.0
664.5;13.8;0.0;0.0
666.0;12.825;0.0;0.0
667.5;14.175;0.4;0.0
669.0;12.05;0.0;0.0
670.5;14.175;0.0;0.0
672.0;15.55;0.0;0.0
673.5;15.6;0.4;0.0
675.0;14.175;0.0;0.0
676.5;15.225;0.8;0.0
678.0;15.775;0.6;0.0
679.5;17.1;0.4;0.0
681.0;12.65;0.0;0.0
682.5;13.65;0.32;0.0
684.0;13.525;0.4;0.0
685.5;13.4;1.5799999999999998;0.0
687.0;11.625;0.0;0.0
688.5;14.6;0.0;0.0
690.0;13.65;0.8;0.0
691.5;10.775;0.0;0.0
693.0;12.775;0.0;0.0
694.5;14.775;0.2;0.0
696.0;13.125;0.0;0.0
697.5;16.775;0.0;0.0
699.0;17.3;0.9799999999999999;0.0
700.5;13.175;0.0;0.0
702.0;13.9;0.4;0.0
703.5;16.725;0.6599999999999999;0.0
705.0;13.375;0.06;0.0
706.5;13.4;0.6;0.0
708.0;17.075;0.4;0.0
709.5;13.85;0.0;0.0
711.0;14.475;0.8;0.0
712.5;12.85;0.0;0.0
714.0;16.375;0.0;0.0
715.5;12.0;0.0;0.0
717.0;10.725;0.0;0.0
718.5;14.2;0.72;0.0
720.0;15.6;0.4;0.0
721.5;13.625;0.0;0.0
723.0;12.7;0.0;0.0
724.5;12.1;0.0;0.0
726.0;13.375;0.4;0.0
727.5;16.075;0.0;0.0
729.0;14.075;0.6;0.0
730.5;13.725;0.4;0.0
732.0;12.85;0.8;0.0
733.5;10.5;0.0;0.0
735.0;15.55;1.06;0.0
736.5;13.975;0.5199999999999999;0.0
738.0;13.6;0.0;0.0
739.5;14.125;0.4;0.0
741.0;13.45;0.2;0.0
742.5;12.075;0.0;0.0
744.0;14.5;0.0;0.0
745.5;14.05;1.0;0.0
747.0;13.35;0.4;0.0
748.5;16.15;1.2;0.0
750.0;12.725;0.0;0.0
751.5;14.925;0.0;0.0
753.0;14.2;0.12;0.0
754.5;12.9;0.0;0.0
756.0;15.125;0.0;0.0
757.5;13.575;0.0;0.0
759.0;15.1;0.4;0.0
760.5;16.225;0.6;0.0
762.0;14.775;0.32;0.0
763.5;16.05;0.4;0.0
765.0;12.075;0.0;0.0
766.5;14.6;0.0;0.0
768.0;12.275;0.0;0.0
769.5;13.675;0.0;0.0
771.0;12.05;0.5799999999999998;0.0
772.5;12.975;0.0;0.0
774.0;14.15;2.6;0.0
775.5;15.5;0.0;0.0
777.0;14.05;0.6;0.0
778.5;14.7;0.38;0.0
780.0;13.45;0.8;0.0
781.5;13.525;0.0;0.0
783.0;13.65;0.32;0.0
784.5;14.95;0.2;0.0
786.0;14.775;0.4;0.0
787.5;12.675;0.0;0.0
789.0;13.1;0.0;0.0
790.5;15.4;0.0;0.0
792.0;14.75;0.26;0.0
793.5;14.85;0.0;0.0
795.0;14.05;1.86;0.0
796.5;13.75;0.0;0.0
798.0;13.65;0.8399999999999999;0.0
799.5;13.85;0.2;0.0
801.0;16.35;0.06;0.0
802.5;16.675;0.6599999999999999;0.0
804.0;11.025;0.0;0.0
805.5;13.575;0.06;0.0
807.0;14.825;0.0;0.0
808.5;15.05;0.6;0.0
810.0;14.7;0.4;0.0
811.5;14.525;0.0;0.0
813.0;14.675;0.0;0.0
814.5;16.65;0.6599999999999999;0.0
816.0;12.775;0.0;0.0
817.5;14.775;0.24;0.0
819.0;14.65;0.4;0.0
820.5;13.35;0.5199999999999999;0.0
822.0;13.35;0.0;0.0
823.5;11.1;0.0;0.0
825.0;13.425;0.0;0.0
826.5;13.75;0.0;0.0
828.0;13.25;0.6599999999999999;0.0
829.5;16.85;0.0;0.0
831.0;14.275;0.8;0.0
832.5;12.975;0.0;0.0
834.0;12.675;0.0;0.0
835.5;16.975;1.2;0.0
837.0;15.075;0.0;0.0
838.5;11.5;0.2;0.0
840.0;14.2;1.2;0.0
841.5;13.975;0.4;0.0
843.0;13.425;0.8;0.0
844.5;17.675;0.8;0.0
846.0;11.0;0.0;0.0
847.5;11.475;0.4;0.0
849.0;15.525;0.4;0.0
850.5;17.025;0.9199999999999999;0.0
852.0;17.85;0.4;0.0
853.5;11.9;0.0;0.0
855.0;12.975;0.0;0.0
856.5;11.8;0.0;0.0
858.0;17.275;2.06;0.0
859.5;13.9;0.2;0.0
861.0;12.375;0.0;0.0
862.5;14.075;0.0;0.0
864.0;17.55;0.86;0.0
865.5;15.225;0.6;0.0
867.0;13.225;0.2;0.0
868.5;15.025;0.4;0.0
870.0;12.775;0.0;0.0
871.5;15.0;0.0;0.0
873.0;13.75;0.32;0.0
874.5;11.625;0.0;0.0
876.0;13.4;1.3199999999999998;0.0
877.5;15.225;0.0;0.0
879.0;16.95;0.6;0.0
880.5;16.775;0.4;0.0
882.0;15.8;0.0;0.0
883.5;13.5;1.2;0.0
885.0;13.175;0.0;0.0
886.5;11.65;0.2;0.0
888.0;13.925;0.6;0.0
889.5;15.7;0.2;0.0
891.0;11.475;0.0;0.0
892.5;14.175;0.86;0.0
894.0;14.0;0.6;0.0
895.5;14.925;0.0;0.0
897.0;13.675;0.0;0.0
898.5;14.75;0.0;0.0
900.0;14.525;0.8;0.0
901.5;14.25;0.0;0.0
903.0;9.5;0.0;0.0
904.5;12.975;0.0;0.0
906.0;18.175;0.4;0.0
907.5;13.85;0.4;0.0
909.0;9.425;0.0;0.0
910.5;15.35;1.6;0.0
912.0;14.925;0.0;0.0
913.5;16.575;0.5799999999999998;0.0
915.0;15.925;1.0;0.0
916.5;14.175;0.0;0.0
918.0;12.9;0.0;0.0
919.5;16.325;0.4;0.0
921.0;13.55;0.6;0.0
922.5;15.825;0.0;0.0
924.0;12.5;0.0;0.0
925.5;12.975;0.8;0.0
927.0;14.325;0.0;0.0
928.5;12.5;0.0;0.0
930.0;15.5;0.0;0.0
931.5;11.85;0.0;0.0
933.0;14.9;0.32;0.0
934.5;15.825;0.6;0.0
936.0;14.575;0.4;0.0
937.5;15.9;0.0;0.0
939.0;13.2;1.0;0.0
940.5;13.275;0.0;0.0
942.0;14.35;0.0;0.0
943.5;14.8;0.4;0.0
945.0;11.025;0.0;0.0
946.5;14.55;1.0;0.0
948.0;14.0;0.26;0.0
949.5;16.825;0.0;0.0
951.0;14.275;0.0;0.0
952.5;14.85;0.86;0.0
954.0;14.075;0.4;0.0
955.5;17.6;0.0;0.0
957.0;14.325;0.0;0.0
958.5;13.075;0.4;0.0
960.0;13.475;0.0;0.0
961.5;14.6;2.04;0.0
963.0;14.55;0.12;0.0
964.5;13.15;0.4;0.0
966.0;14.05;0.0;0.0
967.5;13.55;0.0;0.0
969.0;16.925;0.4;0.0
970.5;15.85;1.0;0.0
972.0;14.65;0.0;0.0
973.5;13.575;0.2;0.0
975.0;11.575;0.0;0.0
976.5;14.2;0.06;0.0
978.0;13.3;0.0;0.0
979.5;12.725;0.0;0.0
981.0;10.5;0.4;0.0
982.5;13.8;0.0;0.0
984.0;15.2;0.0;0.0
985.5;12.225;0.2;0.0
987.0;12.375;0.4;0.0
988.5;11.75;1.1199999999999999;0.0
990.0;12.1;0.0;0.0
991.5;15.45;0.2;0.0
993.0;14.65;0.4;0.0
994.5;14.825;0.4;0.0
996.0;16.175;1.0;0.0
997.5;12.675;0.0;0.0
999.0;12.95;0.4;0.0
1000.5;13.05;0.06;0.0
1002.0;16.25;0.6599999999999999;0.0
1003.5;17.575;1.0;0.0
1005.0;16.725;0.8;0.0
1006.5;13.575;0.0;0.0
1008.0;11.625;0.0;0.0
1009.5;15.825;0.4;0.0
1011.0;14.1;0.0;0.0
1012.5;14.225;1.1199999999999999;0.0
1014.0;12.425;0.0;0.0
1015.5;15.875;2.2;0.0
1017.0;15.475;1.6600000000000001;0.0
1018.5;13.45;0.0;0.0
1020.0;12.425;0.6;0.0
1021.5;12.525;0.8;0.0
1023.0;13.75;0.6;0.0
1024.5;12.475;0.0;0.0
1026.0;14.15;0.0;0.0
1027.5;15.7;0.0;0.0
1029.0;15.0;1.0;0.0
1030.5;17.0;1.2;0.0
1032.0;15.225;0.5799999999999998;0.0
1033.5;15.075;0.0;0.0
1035.0;12.35;0.0;0.0
1036.5;14.9;0.86;0.0
1038.0;15.3;0.4;0.0
1039.5;16.425;1.3199999999999998;0.0
1041.0;15.425;0.6599999999999999;0.0
1042.5;15.825;0.86;0.0
1044.0;14.175;0.0;0.0
1045.5;15.6;0.06;0.0
1047.0;13.25;0.0;0.0
1048.5;13.025;0.8;0.0
1050.0;12.925;0.6599999999999999;0.0
1051.5;15.25;0.45999999999999996;0.0
1053.0;13.925;0.0;0.0
1054.5;13.425;0.4;0.0
1056.0;12.15;0.0;0.0
1057.5;15.775;0.8;0.0
1059.0;14.675;0.0;0.0
1060.5;14.75;0.0;0.0
1062.0;13.175;0.0;0.0
1063.5;15.425;0.0;0.0
1065.0;12.675;0.4;0.0
1066.5;14.325;0.4;0.0
1068.0;13.375;0.45999999999999996;0.0
1069.5;12.55;0.0;0.0
1071.0;13.875;0.8400000000000001;0.0
1072.5;13.15;0.4;0.0
1074.0;12.725;0.2;0.0
1075.5;15.875;0.06;0.0
1077.0;15.35;0.0;0.0
1078.5;12.9;0.0;0.0
1080.0;14.1;0.0;0.0
1081.5;16.5;0.0;0.0
1083.0;14.55;0.24;0.0
1084.5;11.05;0.4;0.0
1086.0;13.925;0.12;0.0
1087.5;16.75;1.2;0.0
1089.0;14.475;0.0;0.0
1090.5;15.525;0.8;0.0
1092.0;12.8;0.0;0.0
1093.5;14.225;0.4;0.0
1095.0;15.025;0.2;0.0
1096.5;16.85;0.06;0.0
1098.0;14.75;0.32;0.0
1099.5;14.275;0.0;0.0
1101.0;11.9;0.0;0.0
1102.5;14.65;0.4;0.0
1104.0;13.675;0.06;0.0
1105.5;11.15;0.4;0.0
1107.0;14.35;0.2;0.0
1108.5;13.975;1.06;0.0
1110.0;12.975;0.06;0.0
1111.5;15.925;0.9800000000000001;0.0
1113.0;17.075;0.6;0.0
1114.5;13.9;0.45999999999999996;0.0
1116.0;14.575;0.2;0.0
1117.5;16.55;1.0;0.0
1119.0;14.875;0.86;0.0
1120.5;13.3;0.4;0.0
1122.0;11.125;0.0;0.0
1123.5;17.425;0.18;0.0
1125.0;16.0;0.6;0.0
1126.5;12.925;0.4;0.0
1128.0;11.925;1.0;0.0
1129.5;15.175;0.0;0.0
1131.0;13.15;0.0;0.0
1132.5;11.825;0.0;0.0
1134.0;17.55;0.6;0.0
1135.5;16.325;1.0399999999999998;0.0
1137.0;12.1;0.8;0.0
1138.5;16.3;0.2;0.0
1140.0;13.3;0.06;0.0
1141.5;15.4;0.0;0.0
1143.0;14.2;0.0;0.0
1144.5;15.675;0.6;0.0
1146.0;19.4;1.72;0.0
1147.5;14.525;0.2;0.0
1149.0;13.45;0.2;0.0
1150.5;12.375;0.0;0.0
1152.0;15.35;0.4;0.0
1153.5;13.4;0.2;0.0
1155.0;13.85;0.0;0.0
1156.5;17.3;0.6;0.0
1158.0;12.6;0.0;0.0
1159.5;12.9;0.2;0.0
1161.0;12.675;0.0;0.0
1162.5;15.425;0.06;0.0
1164.0;16.125;0.0;0.0
1165.5;13.125;0.0;0.0
1167.0;15.225;1.0;0.0
1168.5;15.075;0.0;0.0
1170.0;16.05;0.8;0.0
1171.5;13.15;0.4;0.0
1173.0;14.025;0.6599999999999999;0.0
1174.5;16.5;0.72;0.0
1176.0;11.6;0.0;0.0
1177.5;14.5;0.0;0.0
1179.0;16.1;0.06;0.0
1180.5;16.625;1.2;0.0
1182.0;13.85;0.4;0.0
1183.5;13.925;0.2;0.0
1185.0;15.15;0.0;0.0
1186.5;15.0;0.8;0.0
1188.0;12.3;0.0;0.0
1189.5;17.9;1.52;0.0
1191.0;15.0;0.5199999999999999;0.0
1192.5;13.35;0.0;0.0
1194.0;14.9;0.0;0.0
1195.5;16.0;0.9799999999999999;0.0
1197.0;10.675;0.0;0.0
1198.5;13.6;1.4;0.0
1200.0;13.675;0.06;0.0
1201.5;15.675;1.06;0.0
1203.0;11.175;0.0;0.0
1204.5;16.85;0.0;0.0
1206.0;16.175;0.6;0.0
1207.5;13.3;0.8;0.0
1209.0;14.025;0.45999999999999996;0.0
1210.5;14.625;0.2;0.0
1212.0;14.75;0.72;0.0
1213.5;13.45;0.4;0.0
1215.0;14.825;0.0;0.0
1216.5;15.35;0.0;0.0
1218.0;13.0;0.0;0.0
1219.5;14.75;0.8;0.0
1221.0;15.45;1.52;0.0
1222.5;14.2;0.4;0.0
1224.0;14.3;0.6599999999999999;0.0
1225.5;15.575;0.4;0.0
1227.0;13.4;0.4;0.0
1228.5;16.25;0.06;0.0
1230.0;11.975;0.0;0.0
1231.5;15.65;0.06;0.0
1233.0;14.525;0.8;0.0
1234.5;13.775;0.0;0.0
1236.0;13.9;0.4;0.0
1237.5;14.625;0.0;0.0
1239.0;11.925;0.0;0.0
1240.5;16.15;0.26;0.0
1242.0;11.725;0.0;0.0
1243.5;14.975;0.8;0.0
1245.0;13.8;0.0;0.0
1246.5;14.0;0.0;0.0
1248.0;12.35;0.8;0.0
1249.5;12.325;0.6;0.0
1251.0;15.425;0.45999999999999996;0.0
1252.5;13.825;0.45999999999999996;0.0
1254.0;13.025;0.0;0.0
1255.5;15.9;1.4;0.0
1257.0;10.725;0.0;0.0
1258.5;13.575;0.8;0.0
1260.0;11.75;0.0;0.0
1261.5;13.45;0.8;0.0
1263.0;14.05;0.4;0.0
1264.5;14.5;0.4;0.0
1266.0;14.15;0.4;0.0
1267.5;11.375;0.0;0.0
1269.0;13.05;0.0;0.0
1270.5;14.2;0.0;0.0
1272.0;16.8;0.6;0.0
1273.5;13.775;0.0;0.0
1275.0;15.375;0.4;0.0
1276.5;10.0;0.0;0.0
1278.0;15.55;0.8;0.0
1279.5;15.6;0.0;0.0
1281.0;19.95;0.12;0.0
1282.5;13.6;0.0;0.0
1284.0;14.825;0.0;0.0
1285.5;13.15;0.0;0.0
1287.0;15.575;0.8;0.0
1288.5;12.475;0.0;0.0
1290.0;17.125;0.0;0.0
1291.5;20.325;0.6599999999999999;0.0
1293.0;14.175;0.4;0.0
1294.5;13.95;0.2;0.0
1296.0;13.825;0.0;0.0
1297.5;13.775;0.38;0.0
1299.0;16.85;0.6;0.0
1300.5;14.0;0.0;0.0
1302.0;14.075;0.4;0.0
1303.5;13.45;0.0;0.0
1305.0;13.3;0.0;0.0
1306.5;13.8;0.8;0.0
1308.0;13.825;0.0;0.0
1309.5;14.025;0.86;0.0
1311.0;15.625;0.4;0.0
1312.5;12.675;0.0;0.0
1314.0;15.05;0.26;0.0
1315.5;12.85;0.0;0.0
1317.0;14.175;0.4;0.0
1318.5;12.525;0.0;0.0
1320.0;17.175;0.32;0.0
1321.5;13.825;0.0;0.0
1323.0;12.475;0.0;0.0
1324.5;11.45;0.0;0.0
1326.0;17.2;0.6;0.0
1327.5;15.425;0.0;0.0
1329.0;17.425;0.32;0.0
1330.5;13.1;0.8;0.0
1332.0;14.925;0.45999999999999996;0.0
1333.5;12.675;0.0;0.0
1335.0;16.325;0.9199999999999999;0.0
1336.5;13.65;0.0;0.0
1338.0;14.725;0.0;0.0
1339.5;15.05;1.38;0.0
1341.0;13.575;0.4;0.0
1342.5;18.85;0.2;0.0
1344.0;16.65;1.2;0.0
1345.5;15.1;0.4;0.0
1347.0;15.475;0.06;0.0
1348.5;11.925;0.4;0.0
1350.0;12.675;0.0;0.0
1351.5;14.4;0.8;0.0
1353.0;15.15;0.4;0.0
1354.5;12.0;0.4;0.0
1356.0;15.825;1.86;0.0
1357.5;17.675;0.0;0.0
1359.0;13.875;0.4;0.0
1360.5;15.7;0.2;0.0
1362.0;14.975;0.86;0.0
1363.5;12.45;0.4;0.0
1365.0;13.275;0.0;0.0
1366.5;11.175;0.0;0.0
1368.0;10.825;0.0;0.0
1369.5;13.4;0.0;0.0
1371.0;13.975;0.0;0.0
1372.5;15.45;1.4;0.0
1374.0;12.175;0.8;0.0
1375.5;14.225;0.0;0.0
1377.0;12.75;0.0;0.0
1378.5;14.5;0.9199999999999999;0.0
1380.0;15.275;0.8;0.0
1381.5;14.65;0.4;0.0
1383.0;16.175;0.45999999999999996;0.0
1384.5;13.15;0.26;0.0
1386.0;12.825;0.4;0.0
1387.5;15.925;0.0;0.0
1389.0;10.925;0.2;0.0
1390.5;16.65;0.2;0.0
1392.0;16.075;0.0;0.0
1393.5;13.8;0.2;0.0
1395.0;14.9;0.8;0.0
1396.5;13.65;1.1199999999999999;0.0
1398.0;15.475;0.6;0.0
1399.5;12.75;0.0;0.0
1401.0;13.775;0.0;0.0
1402.5;15.2;0.4;0.0
1404.0;17.325;0.4;0.0
1405.5;15.075;0.8;0.0
1407.0;17.375;0.8;0.0
1408.5;14.275;0.06;0.0
1410.0;16.525;0.4;0.0
1411.5;11.975;0.2;0.0
1413.0;13.525;1.1199999999999999;0.0
1414.5;13.7;0.0;0.0
1416.0;15.175;0.6;0.0
1417.5;12.825;0.0;0.0
1419.0;17.575;0.4;0.0
1420.5;16.325;0.0;0.0
1422.0;14.35;0.0;0.0
1423.5;14.575;0.4;0.0
1425.0;12.75;0.0;0.0
1426.5;13.35;1.46;0.0
1428.0;16.175;0.4;0.0
1429.5;14.875;0.45999999999999996;0.0
1431.0;11.425;0.0;0.0
1432.5;11.8;0.0;0.0
1434.0;14.6;1.4;0.0
1435.5;14.25;0.0;0.0
1437.0;12.875;0.8;0.0
1438.5;13.7;0.0;0.0
1440.0;12.2;0.4;0.0
1441.5;13.25;0.0;0.0
1443.0;17.3;0.06;0.0
1444.5;14.025;0.0;0.0
1446.0;15.125;0.0;0.0
1447.5;13.775;0.8;0.0
1449.0;16.175;0.6599999999999999;0.0
1450.5;12.875;0.0;0.0
1452.0;13.875;0.0;0.0
1453.5;15.15;0.6;0.0
1455.0;14.875;0.0;0.0
1456.5;13.175;0.26;0.0
1458.0;14.05;0.6;0.0
1459.5;14.55;0.0;0.0
1461.0;14.65;0.2;0.0
1462.5;16.2;0.6;0.0
1464.0;13.475;0.2;0.0
1465.5;10.4;0.0;0.0
1467.0;16.875;1.7200000000000002;0.0
1468.5;15.325;0.6;0.0
1470.0;14.6;0.0;0.0
1471.5;13.575;0.0;0.0
1473.0;13.775;0.06;0.0
1474.5;12.6;1.4;0.0
1476.0;13.575;0.0;0.0
1477.5;14.125;0.8;0.0
1479.0;13.9;0.8;0.0
1480.5;16.75;0.0;0.0
1482.0;14.675;0.0;0.0
1483.5;18.5;0.12;0.0
1485.0;12.45;0.0;0.0
1486.5;12.825;0.0;0.0
1488.0;15.325;0.0;0.0
1489.5;17.6;1.4;0.0
1491.0;16.45;0.6;0.0
1492.5;10.825;0.4;0.0
1494.0;14.325;1.2;0.0
1495.5;14.5;0.0;0.0
1497.0;13.925;0.0;0.0
1498.5;11.875;0.0;0.0
1500.0;16.075;0.4;0.0
1501.5;15.175;0.6;0.0
1503.0;13.925;0.45999999999999996;0.0
1504.5;16.0;0.0;0.0
1506.0;13.125;0.06;0.0
1507.5;15.475;0.0;0.0
1509.0;15.45;0.0;0.0
1510.5;12.825;0.0;0.0
1512.0;13.425;0.6;0.0
1513.5;17.275;0.6;0.0
1515.0;16.55;1.1599999999999997;0.0
1516.5;17.325;0.45999999999999996;0.0
1518.0;16.825;1.0;0.0
1519.5;13.875;0.2;0.0
1521.0;14.275;0.0;0.0
1522.5;15.35;0.0;0.0
1524.0;16.6;0.2;0.0
1525.5;13.5;0.0;0.0
1527.0;13.375;0.0;0.0
1528.5;15.35;0.45999999999999996;0.0
1530.0;13.475;0.4;0.0
1531.5;13.6;1.6;0.0
1533.0;12.475;0.0;0.0
1534.5;15.9;0.0;0.0
1536.0;12.9;0.0;0.0
1537.5;17.925;0.86;0.0
1539.0;13.575;0.0;0.0
1540.5;13.975;0.4;0.0
1542.0;14.575;0.0;0.0
1543.5;17.8;1.06;0.0
1545.0;13.325;0.86;0.0
1546.5;14.75;2.0;0.0
1548.0;15.7;0.8;0.0
1549.5;17.0;0.4;0.0
1551.0;13.45;2.0;0.0
1552.5;14.95;0.2;0.0
1554.0;12.825;0.0;0.0
1555.5;13.675;1.4;0.0
1557.0;15.5;1.1199999999999999;0.0
1558.5;16.775;0.8;0.0
1560.0;13.025;0.9799999999999999;0.0
1561.5;12.1;0.0;0.0
1563.0;13.075;0.0;0.0
1564.5;16.2;1.0;0.0
1566.0;14.075;0.0;0.0
1567.5;14.175;0.0;0.0
1569.0;15.6;1.4;0.0
1570.5;14.6;0.8;0.0
1572.0;14.45;0.0;0.0
1573.5;15.425;0.2;0.0
1575.0;13.025;0.0;0.0
1576.5;12.75;0.4;0.0
1578.0;16.275;0.45999999999999996;0.0
1579.5;14.075;0.06;0.0
1581.0;13.85;0.8;0.0
1582.5;14.05;0.0;0.0
1584.0;12.15;0.0;0.0
1585.5;12.95;0.2;0.0
1587.0;14.525;1.0;0.0
1588.5;14.6;0.8;0.0
1590.0;14.425;0.72;0.0
1591.5;12.425;0.0;0.0
1593.0;12.75;0.2;0.0
1594.5;12.625;0.0;0.0
1596.0;12.775;1.18;0.0
1597.5;12.7;0.0;0.0
1599.0;15.35;0.26;0.0
1600.5;16.425;0.8;0.0
1602.0;14.2;0.0;0.0
1603.5;14.425;0.0;0.0
1605.0;14.1;0.6399999999999999;0.0
1606.5;15.875;1.06;0.0
1608.0;17.325;0.8;0.0
1609.5;14.775;0.0;0.0
1611.0;15.225;1.46;0.0
1612.5;16.3;0.0;0.0
1614.0;15.1;0.4;0.0
1615.5;16.175;2.0;0.0
1617.0;13.675;0.4;0.0
1618.5;12.275;0.2;0.0
1620.0;14.175;0.18;0.0
1621.5;16.025;1.0;0.0
1623.0;13.4;0.2;0.0
1624.5;13.875;1.5799999999999998;0.0
1626.0;14.25;0.0;0.0
1627.5;14.15;0.0;0.0
1629.0;16.625;0.4;0.0
1630.5;13.65;0.0;0.0
1632.0;9.4;0.0;0.0
1633.5;11.8;0.0;0.0
1635.0;15.8;0.2;0.0
1636.5;14.3;0.0;0.0
1638.0;13.3;0.4;0.0
1639.5;14.775;0.0;0.0
1641.0;18.05;1.0;0.0
1642.5;12.525;0.8;0.0
1644.0;11.825;0.0;0.0
1645.5;13.15;0.2;0.0
1647.0;16.875;0.0;0.0
1648.5;14.025;0.0;0.0
1650.0;15.125;0.6;0.0
1651.5;16.375;0.9199999999999999;0.0
1653.0;11.3;0.0;0.0
1654.5;10.375;0.0;0.0
1656.0;13.925;0.6599999999999999;0.0
1657.5;13.775;0.06;0.0
1659.0;14.5;0.86;0.0
1660.5;13.4;0.0;0.0
1662.0;12.5;0.2;0.0
1663.5;14.75;0.2;0.0
1665.0;13.675;0.0;0.0
1666.5;13.775;1.0;0.0
1668.0;16.725;1.4;0.0
1669.5;13.725;0.18;0.0
1671.0;17.3;0.0;0.0
1672.5;14.525;0.5800000000000001;0.0
1674.0;15.5;0.45999999999999996;0.0
1675.5;11.125;0.0;0.0
1677.0;16.025;0.4;0.0
1678.5;13.475;0.5199999999999999;0.0
1680.0;12.325;0.0;0.0
1681.5;12.775;0.4;0.0
1683.0;16.125;0.0;0.0
1684.5;13.5;0.5199999999999999;0.0
1686.0;14.3;0.0;0.0
1687.5;15.575;0.4;0.0
1689.0;15.35;1.0999999999999999;0.0
1690.5;16.35;0.0;0.0
1692.0;14.5;0.45999999999999996;0.0
1693.5;12.95;0.0;0.0
1695.0;14.25;0.0;0.0
1696.5;13.275;0.4;0.0
1698.0;12.4;0.4;0.0
1699.5;14.575;0.0;0.0
1701.0;13.925;0.0;0.0
1702.5;11.925;0.0;0.0
1704.0;15.325;0.2;0.0
1705.5;15.0;0.0;0.0
1707.0;19.025;0.0;0.0
1708.5;16.35;1.3199999999999998;0.0
1710.0;13.65;0.0;0.0
1711.5;13.375;0.0;0.0
1713.0;13.4;0.0;0.0
1714.5;12.1;0.0;0.0
1716.0;17.025;1.52;0.0
1717.5;13.325;0.4;0.0
1719.0;15.275;0.45999999999999996;0.0
1720.5;14.45;0.0;0.0
1722.0;14.3;0.4;0.0
1723.5;16.225;0.2;0.0
1725.0;14.45;0.6;0.0
1726.5;15.875;0.0;0.0
1728.0;17.85;0.4;0.0
1729.5;15.575;0.32;0.0
1731.0;16.675;0.4;0.0
1732.5;15.625;0.2;0.0
1734.0;15.175;0.45999999999999996;0.0
1735.5;12.175;0.8;0.0
1737.0;10.9;0.0;0.0
1738.5;14.775;1.38;0.0
1740.0;15.05;0.2;0.0
1741.5;15.1;0.0;0.0
1743.0;13.05;1.0;0.0
1744.5;12.45;0.0;0.0
1746.0;13.875;0.6599999999999999;0.0
1747.5;12.8;0.6599999999999999;0.0
1749.0;15.9;0.5199999999999999;0.0
1750.5;12.2;0.86;0.0
1752.0;12.55;0.0;0.0
1753.5;15.25;0.8;0.0
1755.0;13.95;0.8;0.0
1756.5;17.5;0.4;0.0
1758.0;13.175;0.0;0.0
1759.5;15.825;1.3199999999999998;0.0
1761.0;13.35;0.0;0.0
1762.5;15.3;0.52;0.0
1764.0;14.7;0.6599999999999999;0.0
1765.5;12.975;0.4;0.0
1767.0;15.6;0.0;0.0
1768.5;14.325;0.0;0.0
1770.0;14.9;0.06;0.0
1771.5;17.2;0.4;0.0
1773.0;11.725;0.4;0.0
1774.5;13.425;0.8;0.0
1776.0;16.2;0.12;0.0
1777.5;15.075;0.26;0.0
1779.0;14.65;0.0;0.0
1780.5;15.7;1.6600000000000001;0.0
1782.0;12.35;0.0;0.0
1783.5;17.1;0.0;0.0
1785.0;13.125;0.0;0.0
1786.5;17.8;1.2;0.0
1788.0;11.825;0.0;0.0
1789.5;13.075;1.0;0.0
1791.0;13.625;0.8;0.0
1792.5;14.825;1.2;0.0
1794.0;13.75;0.4;0.0
1795.5;12.225;0.2;0.0
1797.0;15.575;0.0;0.0
1798.5;13.8;0.0;0.0
1800.0;15.575;0.12;0.0
1801.5;12.5;0.0;0.0
1803.0;12.975;0.0;0.0
1804.5;13.525;0.4;0.0
1806.0;16.525;0.26;0.0
1807.5;16.45;1.2;0.0
1809.0;13.625;0.0;0.0
1810.5;11.9;0.4;0.0
1812.0;10.4;0.0;0.0
1813.5;15.3;0.0;0.0
1815.0;11.7;1.0;0.0
1816.5;15.15;1.06;0.0
1818.0;13.95;0.0;0.0
1819.5;12.3;0.0;0.0
1821.0;14.9;0.0;0.0
1822.5;12.45;0.4;0.0
1824.0;13.75;0.6399999999999999;0.0
1825.5;15.35;1.2399999999999998;0.0
1827.0;15.95;0.4;0.0
1828.5;10.925;0.0;0.0
1830.0;14.9;0.0;0.0
1831.5;11.975;0.0;0.0
1833.0;15.375;0.4;0.0
1834.5;14.0;0.8;0.0
1836.0;12.05;0.4;0.0
1837.5;15.575;1.26;0.0
1839.0;15.4;0.06;0.0
1840.5;14.475;0.26;0.0
1842.0;14.175;0.0;0.0
1843.5;15.15;0.4;0.0
1845.0;11.025;0.0;0.0
1846.5;12.65;0.0;0.0
1848.0;13.75;0.12;0.0
1849.5;10.7;0.0;0.0
1851.0;15.25;0.2;0.0
1852.5;12.45;0.2;0.0
1854.0;15.1;1.52;0.0
1855.5;11.45;0.2;0.0
1857.0;15.325;0.6399999999999999;0.0
1858.5;17.5;1.8;0.0
1860.0;13.5;0.0;0.0
1861.5;16.075;0.06;0.0
1863.0;14.475;0.6;0.0
1864.5;13.425;0.2;0.0
1866.0;14.675;0.8;0.0
1867.5;15.4;0.0;0.0
1869.0;13.5;0.6;0.0
1870.5;16.025;0.12;0.0
1872.0;13.775;0.0;0.0
1873.5;9.6;0.0;0.0
1875.0;15.0;0.4;0.0
1876.5;11.9;0.06;0.0
1878.0;13.925;0.86;0.0
1879.5;12.525;0.2;0.0
1881.0;14.475;0.52;0.0
1882.5;12.875;0.2;0.0
1884.0;15.975;0.4;0.0
1885.5;15.425;0.06;0.0
1887.0;16.325;0.6599999999999999;0.0
1888.5;15.825;0.4;0.0
1890.0;15.625;0.8;0.0
1891.5;16.75;0.4;0.0
1893.0;15.575;0.4;0.0
1894.5;12.5;0.0;0.0
1896.0;14.15;0.2;0.0
1897.5;13.675;0.0;0.0
1899.0;11.375;0.0;0.0
1900.5;13.3;0.06;0.0
1902.0;14.95;0.8;0.0
1903.5;14.65;0.45999999999999996;0.0
1905.0;12.05;0.0;0.0
1906.5;13.825;1.2;0.0
1908.0;15.625;0.86;0.0
1909.5;12.0;0.4;0.0
1911.0;17.475;1.26;0.0
1912.5;14.4;0.0;0.0
1914.0;14.85;0.0;0.0
1915.5;12.75;0.0;0.0
1917.0;14.75;0.0;0.0
1918.5;13.8;1.46;0.0
1920.0;14.575;1.0;0.0
1921.5;14.875;0.8;0.0
1923.0;15.425;0.6;0.0
1924.5;15.225;0.86;0.0
1926.0;14.4;0.0;0.0
1927.5;14.275;0.8;0.0
1929.0;15.0;0.12;0.0
1930.5;14.225;0.0;0.0
1932.0;16.95;0.4;0.0
1933.5;10.6;0.4;0.0
1935.0;13.175;0.0;0.0
1936.5;13.9;0.45999999999999996;0.0
1938.0;16.6;0.5799999999999998;0.0
1939.5;15.0;0.32;0.0
1941.0;14.075;0.45999999999999996;0.0
1942.5;13.0;0.0;0.0
1944.0;14.725;1.64;0.0
1945.5;13.925;0.0;0.0
1947.0;12.1;0.0;0.0
1948.5;14.0;0.26;0.0
1950.0;9.25;0.0;0.0
1951.5;13.5;0.0;0.0
1953.0;17.2;0.6;0.0
1954.5;15.025;0.2;0.0
1956.0;17.025;0.06;0.0
1957.5;12.95;0.0;0.0
1959.0;12.05;0.4;0.0
1960.5;15.525;0.26;0.0
1962.0;17.275;0.6;0.0
1963.5;15.45;0.18;0.0
1965.0;16.4;1.06;0.0
1966.5;14.05;0.5199999999999999;0.0
1968.0;14.5;1.2;0.0
1969.5;16.525;0.8;0.0
1971.0;14.35;0.0;0.0
1972.5;13.075;0.06;0.0
1974.0;14.325;0.0;0.0
1975.5;13.25;0.0;0.0
1977.0;15.3;0.2;0.0
1978.5;15.125;0.6;0.0
1980.0;11.2;0.0;0.0
1981.5;10.225;0.0;0.0
1983.0;14.65;1.2;0.0
1984.5;10.225;0.0;0.0
1986.0;12.025;0.4;0.0
1987.5;12.5;0.2;0.0
1989.0;10.075;0.0;0.0
1990.5;15.4;0.0;0.0
1992.0;12.225;0.4;0.0
1993.5;12.175;0.0;0.0
1995.0;12.075;0.0;0.0
1996.5;12.75;0.0;0.0
1998.0;15.275;1.6;0.0
1999.5;14.8;0.4;0.0
2001.0;14.4;0.06;0.0
2002.5;15.425;0.8;0.0
2004.0;14.975;0.0;0.0
2005.5;12.475;1.0;0.0
2007.0;15.525;1.26;0.0
2008.5;15.25;0.0;0.0
2010.0;15.025;0.0;0.0
2011.5;12.975;0.4;0.0
2013.0;15.75;0.4;0.0
2014.5;11.65;0.0;0.0
2016.0;13.9;0.4;0.0
2017.5;12.1;0.0;0.0
2019.0;10.5;0.0;0.0
2020.5;11.625;2.0;0.0
2022.0;12.875;0.0;0.0
2023.5;11.775;0.0;0.0
2025.0;11.6;0.06;0.0
2026.5;13.15;0.0;0.0
2028.0;14.225;0.6;0.0
2029.5;15.775;0.06;0.0
2031.0;16.55;0.86;0.0
2032.5;14.825;0.0;0.0
2034.0;12.025;0.0;0.0
2035.5;14.35;0.0;0.0
2037.0;16.3;0.06;0.0
2038.5;14.125;1.8;0.0
2040.0;13.325;0.86;0.0
2041.5;14.4;0.8;0.0
2043.0;11.9;0.2;0.0
2044.5;14.225;0.0;0.0
2046.0;13.675;0.12;0.0
2047.5;12.125;0.0;0.0
2049.0;17.925;0.0;0.0
2050.5;14.875;0.0;0.0
2052.0;11.025;0.0;0.0
2053.5;16.1;0.4;0.0
2055.0;15.275;0.6;0.0
2056.5;13.725;2.1800000000000006;0.0
2058.0;13.975;0.4;0.0
2059.5;16.425;0.8;0.0
2061.0;13.825;0.45999999999999996;0.0
2062.5;11.7;0.0;0.0
2064.0;13.925;0.6;0.0
2065.5;14.175;0.4;0.0
2067.0;12.9;0.0;0.0
2068.5;16.375;0.0;0.0
2070.0;14.05;0.4;0.0
2071.5;14.925;0.4;0.0
2073.0;13.625;0.0;0.0
2074.5;13.625;0.45999999999999996;0.0
2076.0;15.05;1.2;0.0
2077.5;11.425;0.0;0.0
2079.0;12.75;0.9199999999999999;0.0
2080.5;16.425;0.5799999999999998;0.0
2082.0;13.3;0.0;0.0
2083.5;16.825;0.9799999999999999;0.0
2085.0;11.45;0.0;0.0
2086.5;15.0;0.8;0.0
2088.0;13.7;1.18;0.0
2089.5;16.125;1.0;0.0
2091.0;14.85;0.6;0.0
2092.5;15.35;0.38;0.0
2094.0;12.625;0.0;0.0
2095.5;15.65;0.0;0.0
2097.0;16.025;0.45999999999999996;0.0
2098.5;15.9;0.18;0.0
2100.0;15.35;0.2;0.0
2101.5;15.0;1.2;0.0
2103.0;13.1;0.0;0.0
2104.5;12.375;0.0;0.0
2106.0;14.975;0.0;0.0
2107.5;12.975;0.0;0.0
2109.0;15.175;0.4;0.0
2110.5;14.675;0.0;0.0
2112.0;13.45;0.06;0.0
2113.5;16.75;0.2;0.0
2115.0;14.525;0.0;0.0
2116.5;15.575;0.0;0.0
2118.0;16.125;0.06;0.0
2119.5;14.25;0.0;0.0
2121.0;13.275;0.0;0.0
2122.5;15.75;0.4;0.0
2124.0;14.0;0.45999999999999996;0.0
2125.5;12.45;0.0;0.0
2127.0;13.825;0.0;0.0
2128.5;12.875;0.0;0.0
2130.0;12.25;0.0;0.0
2131.5;16.55;0.4;0.0
2133.0;14.375;0.86;0.0
2134.5;12.3;0.0;0.0
2136.0;12.875;0.0;0.0
2137.5;16.95;1.0;0.0
2139.0;17.55;0.4;0.0
2140.5;14.65;0.0;0.0
2142.0;15.25;0.45999999999999996;0.0
2143.5;14.175;0.8;0.0
2145.0;13.225;0.45999999999999996;0.0
2146.5;12.475;0.12;0.0
2148.0;14.2;0.0;0.0
2149.5;12.125;0.8;0.0
2151.0;13.625;0.0;0.0
2152.5;16.675;0.8;0.0
2154.0;14.75;0.18;0.0
2155.5;15.9;0.8;0.0
2157.0;15.65;0.06;0.0
2158.5;14.475;0.8;0.0
2160.0;16.25;0.6599999999999999;0.0
2161.5;14.925;0.8;0.0
2163.0;14.175;1.0;0.0
2164.5;14.0;0.8;0.0
2166.0;15.075;0.0;0.0
2167.5;12.55;0.0;0.0
2169.0;14.7;0.2;0.0
2170.5;13.225;1.0;0.0
2172.0;13.1;0.0;0.0
2173.5;15.6;0.0;0.0
2175.0;13.95;0.4;0.0
2176.5;15.05;0.8;0.0
2178.0;16.575;0.2;0.0
2179.5;14.725;0.0;0.0
2181.0;12.625;0.0;0.0
2182.5;11.725;0.06;0.0
2184.0;14.075;0.0;0.0
2185.5;15.25;0.0;0.0
2187.0;12.65;0.0;0.0
2188.5;13.05;0.5199999999999999;0.0
2190.0;14.85;1.1199999999999999;0.0
2191.5;13.025;0.0;0.0
2193.0;16.775;0.24;0.0
2194.5;13.825;0.8;0.0
2196.0;15.45;0.4;0.0
2197.5;14.275;0.0;0.0
2199.0;15.85;0.0;0.0
2200.5;15.75;0.2;0.0
2202.0;14.325;2.3200000000000003;0.0
2203.5;15.425;0.45999999999999996;0.0
2205.0;13.5;0.8;0.0
2206.5;14.05;0.0;0.0
2208.0;11.625;0.0;0.0
2209.5;15.075;0.0;0.0
2211.0;16.1;0.45999999999999996;0.0
2212.5;13.1;0.2;0.0
2214.0;17.1;0.0;0.0
2215.5;15.0;0.4;0.0
2217.0;13.775;0.0;0.0
2218.5;11.525;0.0;0.0
2220.0;13.675;0.45999999999999996;0.0
2221.5;12.55;0.12;0.0
2223.0;15.675;0.0;0.0
2224.5;13.35;0.8;0.0
2226.0;14.5;0.4;0.0
2227.5;14.5;0.8;0.0
2229.0;13.9;0.0;0.0
2230.5;15.375;0.26;0.0
2232.0;12.725;0.0;0.0
2233.5;13.75;0.8;0.0
2235.0;15.025;0.4;0.0
2236.5;14.6;0.6;0.0
2238.0;11.75;0.0;0.0
2239.5;12.85;0.2;0.0
2241.0;15.675;0.4;0.0
2242.5;15.8;0.06;0.0
2244.0;13.825;0.2;0.0
2245.5;13.325;0.4;0.0
2247.0;12.35;0.0;0.0
2248.5;14.75;0.4;0.0
2250.0;11.85;1.0;0.0
2251.5;16.9;0.0;0.0
2253.0;13.025;0.8;0.0
2254.5;15.45;0.6;0.0
2256.0;15.25;0.06;0.0
2257.5;14.825;0.6599999999999999;0.0
2259.0;14.675;0.2;0.0
2260.5;13.85;0.0;0.0
2262.0;12.7;0.6;0.0
2263.5;11.7;0.0;0.0
2265.0;12.725;0.0;0.0
2266.5;14.3;0.4;0.0
2268.0;13.5;0.0;0.0
2269.5;13.75;0.4;0.0
2271.0;12.95;0.0;0.0
2272.5;14.925;0.4;0.0
2274.0;16.875;0.64;0.0
2275.5;14.8;0.0;0.0
2277.0;16.975;1.26;0.0
2278.5;16.225;0.4;0.0
2280.0;14.825;1.2;0.0
2281.5;14.225;0.0;0.0
2283.0;15.625;0.8;0.0
2284.5;17.125;1.0;0.0
2286.0;15.45;0.4;0.0
2287.5;15.75;0.4;0.0
2289.0;15.375;0.5799999999999998;0.0
2290.5;12.7;0.0;0.0
2292.0;13.575;0.26;0.0
2293.5;14.85;0.6599999999999999;0.0
2295.0;12.275;0.0;0.0
2296.5;13.65;0.0;0.0
2298.0;15.825;0.2;0.0
2299.5;16.95;0.45999999999999996;0.0
2301.0;16.175;0.86;0.0
2302.5;14.75;1.2;0.0
2304.0;16.7;0.6;0.0
2305.5;15.55;0.4;0.0
2307.0;13.05;0.4;0.0
2308.5;14.3;0.0;0.0
2310.0;15.525;0.6599999999999999;0.0
2311.5;12.675;0.0;0.0
2313.0;15.575;0.2;0.0
2314.5;14.675;0.4;0.0
2316.0;15.175;0.4;0.0
2317.5;15.4;0.0;0.0
2319.0;14.975;0.4;0.0
2320.5;13.8;0.0;0.0
2322.0;13.35;0.0;0.0
2323.5;15.525;0.8;0.0
2325.0;15.55;0.8;0.0
2326.5;15.0;1.3199999999999998;0.0
2328.0;11.75;0.0;0.0
2329.5;13.5;0.0;0.0
2331.0;14.125;0.0;0.0
2332.5;12.9;0.0;0.0
2334.0;16.0;0.0;0.0
2335.5;15.725;0.12;0.0
2337.0;13.375;1.2;0.0
2338.5;12.475;0.2;0.0
2340.0;15.475;0.26;0.0
2341.5;15.25;0.0;0.0
2343.0;16.0;1.72;0.0
2344.5;14.075;0.8;0.0
2346.0;12.075;0.4;0.0
2347.5;8.675;0.0;0.0
2349.0;8.925;0.0;0.0
2350.5;14.1;0.0;0.0
2352.0;15.45;1.2;0.0
2353.5;13.95;0.0;0.0
2355.0;15.1;0.4;0.0
2356.5;10.6;0.0;0.0
2358.0;14.45;0.4;0.0
2359.5;17.9;0.45999999999999996;0.0
2361.0;12.925;0.0;0.0
2362.5;15.275;1.5799999999999998;0.0
2364.0;13.225;0.0;0.0
2365.5;17.575;0.0;0.0
2367.0;16.575;0.8;0.0
2368.5;18.075;0.9799999999999999;0.0
2370.0;15.725;0.0;0.0
2371.5;14.575;0.0;0.0
2373.0;14.8;1.06;0.0
2374.5;12.925;0.0;0.0
2376.0;15.025;0.4;0.0
2377.5;16.1;0.0;0.0
2379.0;16.175;0.0;0.0
2380.5;12.5;0.0;0.0
2382.0;15.95;0.26;0.0
2383.5;17.8;1.4;0.0
2385.0;15.65;0.0;0.0
2386.5;13.6;0.6;0.0
2388.0;15.85;0.06;0.0
2389.5;15.95;0.6;0.0
2391.0;16.075;0.4;0.0
2392.5;15.925;0.06;0.0
2394.0;14.325;0.4;0.0
2395.5;14.5;0.4;0.0
2397.0;13.25;0.0;0.0
2398.5;11.3;0.0;0.0
2400.0;14.75;0.6599999999999999;0.0
2401.5;12.8;0.4;0.0
2403.0;12.725;0.0;0.0
2404.5;14.7;0.12;0.0
2406.0;15.175;0.06;0.0
2407.5;14.85;0.86;0.0
2409.0;12.15;0.0;0.0
2410.5;15.675;2.2600000000000002;0.0
2412.0;16.25;0.0;0.0
2413.5;17.65;0.8;0.0
2415.0;15.275;0.8;0.0
2416.5;13.925;1.0;0.0
2418.0;12.175;0.4;0.0
2419.5;11.425;0.0;0.0
2421.0;15.025;0.6;0.0
2422.5;15.825;0.4;0.0
2424.0;13.375;0.0;0.0
2425.5;14.025;1.06;0.0
2427.0;14.2;0.6;0.0
2428.5;14.725;0.0;0.0
2430.0;15.225;0.4;0.0
2431.5;13.675;0.2;0.0
2433.0;15.025;0.0;0.0
2434.5;16.425;0.4;0.0
2436.0;15.85;1.26;0.0
2437.5;16.7;0.2;0.0
2439.0;13.85;0.4;0.0
2440.5;15.4;0.4;0.0
2442.0;14.35;0.0;0.0
2443.5;13.9;0.0;0.0
2445.0;15.875;0.0;0.0
2446.5;13.3;0.0;0.0
2448.0;15.65;0.52;0.0
2449.5;14.45;0.0;0.0
2451.0;13.975;1.2;0.0
2452.5;12.075;0.8;0.0
2454.0;16.575;0.8;0.0
2455.5;12.3;0.0;0.0
2457.0;14.0;0.4;0.0
2458.5;14.3;0.8;0.0
2460.0;12.075;0.0;0.0
2461.5;12.7;0.0;0.0
2463.0;17.25;1.78;0.0
2464.5;14.35;0.12;0.0
2466.0;17.65;0.45999999999999996;0.0
2467.5;14.825;0.4;0.0
2469.0;12.5;0.0;0.0
2470.5;15.25;0.4;0.0
2472.0;18.1;0.4;0.0
2473.5;15.7;0.0;0.0
2475.0;14.225;0.72;0.0
2476.5;16.275;0.0;0.0
2478.0;16.75;0.26;0.0
2479.5;16.575;0.6399999999999999;0.0
2481.0;14.0;0.0;0.0
2482.5;17.0;1.8;0.0
2484.0;15.8;0.26;0.0
2485.5;13.775;0.2;0.0
2487.0;14.375;1.0;0.0
2488.5;15.4;0.45999999999999996;0.0
2490.0;11.1;0.0;0.0
2491.5;15.075;1.2;0.0
2493.0;14.25;0.4;0.0
2494.5;14.7;0.4;0.0
2496.0;13.5;0.2;0.0
2497.5;14.0;0.0;0.0
2499.0;14.45;0.06;0.0
2500.5;15.525;0.4;0.0
2502.0;16.6;0.26;0.0
2503.5;15.775;0.0;0.0
2505.0;15.575;1.26;0.0
2506.5;17.6;0.0;0.0
2508.0;12.725;0.0;0.0
2509.5;16.125;0.6;0.0
2511.0;15.275;2.0;0.0
2512.5;19.275;1.2;0.0
2514.0;12.8;0.4;0.0
2515.5;13.85;0.0;0.0
2517.0;14.9;0.06;0.0
2518.5;16.125;0.2;0.0
2520.0;13.725;0.0;0.0
2521.5;13.925;0.2;0.0
2523.0;14.4;1.0;0.0
2524.5;12.775;0.0;0.0
2526.0;11.225;0.0;0.0
2527.5;17.9;0.4;0.0
2529.0;15.025;1.06;0.0
2530.5;12.975;0.0;0.0
2532.0;14.15;0.0;0.0
2533.5;15.575;0.2;0.0
2535.0;15.325;0.2;0.0
2536.5;11.5;0.0;0.0
2538.0;10.3;0.2;0.0
2539.5;13.475;0.0;0.0
2541.0;13.425;0.8;0.0
2542.5;14.075;0.2;0.0
2544.0;16.125;0.4;0.0
2545.5;15.675;0.0;0.0
2547.0;15.95;0.72;0.0
2548.5;13.925;0.8;0.0
2550.0;12.675;0.0;0.0
2551.5;17.325;0.4;0.0
2553.0;14.225;0.0;0.0
2554.5;12.95;0.8;0.0
2556.0;10.325;0.45999999999999996;0.0
2557.5;16.025;1.6600000000000001;0.0
2559.0;15.75;0.06;0.0
2560.5;13.775;0.0;0.0
2562.0;13.65;0.12;0.0
2563.5;14.5;0.0;0.0
2565.0;13.575;0.4;0.0
2566.5;12.625;0.6;0.0
2568.0;15.575;0.0;0.0
2569.5;14.575;0.06;0.0
2571.0;13.925;0.0;0.0
2572.5;16.35;0.12;0.0
2574.0;13.175;0.0;0.0
2575.5;15.9;1.4;0.0
2577.0;10.975;0.0;0.0
2578.5;14.775;0.8;0.0
2580.0;12.625;0.06;0.0
2581.5;15.25;0.45999999999999996;0.0
2583.0;14.825;0.4;0.0
2584.5;13.375;1.0;0.0
2586.0;14.65;0.0;0.0
2587.5;14.85;0.6;0.0
2589.0;14.325;0.78;0.0
2590.5;16.1;0.4;0.0
2592.0;12.125;0.4;0.0
2593.5;12.95;0.0;0.0
2595.0;15.275;0.2;0.0
2596.5;13.425;0.8;0.0
2598.0;16.85;0.0;0.0
2599.5;14.375;0.0;0.0
2601.0;12.975;0.0;0.0
2602.5;16.375;1.46;0.0
2604.0;15.075;0.2;0.0
2605.5;13.7;0.8;0.0
2607.0;13.175;2.2;0.0
2608.5;15.425;0.06;0.0
2610.0;15.5;0.0;0.0
2611.5;12.875;0.0;0.0
2613.0;16.475;0.0;0.0
2614.5;14.6;1.0;0.0
2616.0;14.0;0.06;0.0
2617.5;12.35;0.0;0.0
2619.0;14.9;0.8;0.0
2620.5;10.975;0.4;0.0
2622.0;15.35;0.8;0.0
2623.5;17.075;1.0399999999999998;0.0
2625.0;15.05;0.4;0.0
2626.5;15.05;0.18;0.0
2628.0;15.925;0.8;0.0
2629.5;15.025;0.4;0.0
2631.0;13.325;0.4;0.0
2632.5;17.55;0.6599999999999999;0.0
2634.0;13.65;0.0;0.0
2635.5;13.65;0.32;0.0
2637.0;13.275;0.0;0.0
2638.5;15.175;0.0;0.0
2640.0;15.275;0.0;0.0
2641.5;15.3;1.06;0.0
2643.0;14.425;0.0;0.0
2644.5;13.475;0.8;0.0
2646.0;15.775;0.86;0.0
2647.5;13.975;0.8;0.0
2649.0;14.825;0.4;0.0
2650.5;15.9;0.4;0.0
2652.0;14.025;0.0;0.0
2653.5;13.775;0.0;0.0
2655.0;13.9;0.2;0.0
2656.5;13.675;0.12;0.0
2658.0;14.875;0.4;0.0
2659.5;13.15;0.0;0.0
2661.0;14.6;0.0;0.0
2662.5;12.825;0.0;0.0
2664.0;14.9;1.18;0.0
2665.5;11.925;0.0;0.0
2667.0;12.35;0.0;0.0
2668.5;15.9;0.5199999999999999;0.0
2670.0;17.25;0.8;0.0
2671.5;15.525;0.86;0.0
2673.0;12.0;0.0;0.0
2674.5;14.55;0.4;0.0
2676.0;15.35;0.06;0.0
2677.5;14.0;1.0;0.0
2679.0;15.75;0.0;0.0
2680.5;13.125;0.0;0.0
2682.0;13.2;0.0;0.0
2683.5;15.9;0.86;0.0
2685.0;12.6;0.0;0.0
2686.5;12.25;0.0;0.0
2688.0;16.125;0.8;0.0
2689.5;14.575;1.06;0.0
2691.0;15.5;0.0;0.0
2692.5;12.825;0.8;0.0
2694.0;13.75;0.06;0.0
2695.5;17.025;1.0399999999999998;0.0
2697.0;13.25;1.6;0.0
2698.5;15.325;0.0;0.0
2700.0;15.475;0.0;0.0
2701.5;14.875;0.4;0.0
2703.0;14.5;0.06;0.0
2704.5;12.9;0.8;0.0
2706.0;15.6;0.4;0.0
2707.5;12.7;0.0;0.0
2709.0;14.025;0.45999999999999996;0.0
2710.5;11.975;0.0;0.0
2712.0;14.1;0.0;0.0
2713.5;16.1;0.4;0.0
2715.0;15.175;0.8;0.0
2716.5;15.95;0.2;0.0
2718.0;14.2;0.0;0.0
2719.5;14.325;0.0;0.0
2721.0;15.275;0.0;0.0
2722.5;16.25;0.0;0.0
2724.0;12.275;0.0;0.0
2725.5;13.45;0.2;0.0
2727.0;15.15;1.6;0.0
2728.5;17.275;1.26;0.0
2730.0;14.4;0.26;0.0
2731.5;12.425;0.0;0.0
2733.0;10.85;0.0;0.0
2734.5;15.425;0.06;0.0
2736.0;13.25;0.8;0.0
2737.5;16.0;1.6;0.0
2739.0;13.45;1.2;0.0
2740.5;14.225;0.8;0.0
2742.0;12.325;0.0;0.0
2743.5;11.975;0.0;0.0
2745.0;14.6;0.0;0.0
2746.5;13.875;0.0;0.0
2748.0;15.0;0.0;0.0
2749.5;15.1;1.6;0.0
2751.0;13.775;0.4;0.0
2752.5;16.075;0.8;0.0
2754.0;16.1;0.06;0.0
2755.5;13.25;0.0;0.0
2757.0;13.675;1.2;0.0
2758.5;15.8;0.2;0.0
2760.0;12.775;0.4;0.0
2761.5;15.5;1.1199999999999999;0.0
2763.0;13.9;0.0;0.0
2764.5;15.425;0.4;0.0
2766.0;12.675;0.4;0.0
2767.5;12.325;0.0;0.0
2769.0;13.375;0.45999999999999996;0.0
2770.5;14.525;1.2;0.0
2772.0;16.725;0.0;0.0
2773.5;14.275;0.0;0.0
2775.0;11.8;0.0;0.0
2776.5;14.4;0.06;0.0
2778.0;12.35;0.0;0.0
2779.5;12.5;0.4;0.0
2781.0;17.275;1.26;0.0
2782.5;12.425;0.7799999999999999;0.0
2784.0;11.75;0.4;0.0
2785.5;14.1;0.0;0.0
2787.0;12.35;0.0;0.0
2788.5;12.7;0.2;0.0
2790.0;18.025;0.0;0.0
2791.5;15.675;1.0;0.0
2793.0;13.8;0.0;0.0
2794.5;12.525;0.0;0.0
2796.0;14.6;1.46;0.0
2797.5;12.525;0.0;0.0
2799.0;13.25;0.0;0.0
2800.5;17.075;0.6;0.0
2802.0;13.6;0.86;0.0
2803.5;13.125;0.86;0.0
2805.0;14.05;0.4;0.0
2806.5;14.25;0.0;0.0
2808.0;13.675;0.4;0.0
2809.5;14.875;0.4;0.0
2811.0;15.25;0.4;0.0
2812.5;16.025;0.0;0.0
2814.0;12.975;0.0;0.0
2815.5;14.4;0.0;0.0
2817.0;16.75;0.06;0.0
2818.5;15.6;1.0;0.0
2820.0;13.65;0.0;0.0
2821.5;12.0;0.2;0.0
2823.0;14.35;0.0;0.0
2824.5;15.075;0.6;0.0
2826.0;15.825;1.0;0.0
2827.5;14.675;0.0;0.0
2829.0;13.35;0.0;0.0
2830.5;11.25;1.4;0.0
2832.0;13.2;0.4;0.0
2833.5;17.85;0.6599999999999999;0.0
2835.0;14.225;0.4;0.0
2836.5;13.75;0.4;0.0
2838.0;15.1;0.45999999999999996;0.0
2839.5;14.85;0.9199999999999999;0.0
2841.0;17.55;0.4;0.0
2842.5;16.175;0.4;0.0
2844.0;14.375;0.86;0.0
2845.5;13.825;0.4;0.0
2847.0;14.15;1.52;0.0
2848.5;13.45;0.0;0.0
2850.0;12.125;0.0;0.0
2851.5;16.2;0.4;0.0
2853.0;14.1;0.0;0.0
2854.5;16.3;0.26;0.0
2856.0;15.85;0.0;0.0
2857.5;16.325;0.6;0.0
2859.0;13.4;0.0;0.0
2860.5;15.925;0.0;0.0
2862.0;15.25;0.9199999999999999;0.0
2863.5;15.375;0.8;0.0
2865.0;13.1;0.2;0.0
2866.5;11.5;0.0;0.0
2868.0;12.7;1.2;0.0
2869.5;13.8;0.4;0.0
2871.0;11.175;0.0;0.0
2872.5;13.0;0.6;0.0
2874.0;13.125;0.0;0.0
2875.5;14.025;0.0;0.0
2877.0;14.3;0.2;0.0
2878.5;14.1;1.4;0.0
2880.0;14.15;0.6;0.0
2881.5;15.775;0.4;0.0
2883.0;14.9;0.0;0.0
2884.5;13.175;0.6;0.0
2886.0;14.125;0.8;0.0
2887.5;15.4;0.2;0.0
2889.0;14.25;0.86;0.0
2890.5;12.05;0.0;0.0
2892.0;14.35;0.0;0.0
2893.5;17.225;0.0;0.0
2895.0;14.425;1.0;0.0
2896.5;14.6;0.4;0.0
2898.0;16.375;0.38;0.0
2899.5;12.95;0.0;0.0
2901.0;17.5;0.8;0.0
2902.5;11.45;0.0;0.0
2904.0;14.325;0.0;0.0
2905.5;14.175;0.6599999999999999;0.0
2907.0;10.425;0.0;0.0
2908.5;11.7;0.0;0.0
2910.0;16.1;0.0;0.0
2911.5;13.675;0.0;0.0
2913.0;15.225;0.26;0.0
2914.5;13.75;0.0;0.0
2916.0;15.9;1.46;0.0
2917.5;13.725;0.2;0.0
2919.0;15.675;0.72;0.0
2920.5;14.825;1.6600000000000001;0.0
2922.0;13.675;0.0;0.0
2923.5;14.6;0.4;0.0
2925.0;14.55;0.0;0.0
2926.5;11.0;0.0;0.0
2928.0;12.475;0.4;0.0
2929.5;12.6;0.8;0.0
2931.0;13.575;0.4;0.0
2932.5;14.25;0.0;0.0
2934.0;14.5;0.0;0.0
2935.5;12.175;0.8;0.0
2937.0;16.35;0.0;0.0
2938.5;13.575;0.06;0.0
2940.0;15.475;0.32;0.0
2941.5;13.025;0.0;0.0
2943.0;14.95;1.0;0.0
2944.5;15.425;0.4;0.0
2946.0;16.1;0.38;0.0
2947.5;12.25;0.0;0.0
2949.0;13.325;0.4;0.0
2950.5;14.85;0.0;0.0
2952.0;13.3;0.12;0.0
2953.5;14.15;0.0;0.0
2955.0;14.05;0.6;0.0
2956.5;11.2;0.0;0.0
2958.0;15.1;0.4;0.0
2959.5;13.225;0.0;0.0
2961.0;13.825;0.26;0.0
2962.5;12.325;0.0;0.0
2964.0;14.35;0.2;0.0
2965.5;13.0;0.0;0.0
2967.0;14.45;0.2;0.0
2968.5;18.325;0.6599999999999999;0.0
2970.0;12.175;0.0;0.0
2971.5;12.15;0.0;0.0
2973.0;14.6;2.06;0.0
2974.5;11.7;0.0;0.0
2976.0;15.025;0.6;0.0
2977.5;15.225;0.4;0.0
2979.0;14.9;0.0;0.0
2980.5;14.875;0.0;0.0
2982.0;12.925;0.0;0.0
2983.5;12.7;1.0;0.0
2985.0;13.4;0.0;0.0
2986.5;16.625;0.86;0.0
2988.0;14.7;0.0;0.0
2989.5;13.675;0.4;0.0
2991.0;14.5;0.6;0.0
2992.5;11.65;0.0;0.0
2994.0;14.8;0.6;0.0
2995.5;15.65;0.0;0.0
2997.0;14.875;0.8;0.0
2998.5;10.925;0.4;0.0
3000.0;15.35;0.0;0.0
3001.5;15.525;0.5199999999999999;0.0
3003.0;13.525;0.0;0.0
3004.5;16.175;0.0;0.0
3006.0;18.075;0.2;0.0
3007.5;13.4;0.0;0.0
3009.0;14.075;0.5799999999999998;0.0
3010.5;18.425;1.52;0.0
3012.0;13.9;0.8;0.0
3013.5;14.325;0.0;0.0
3015.0;16.025;0.6599999999999999;0.0
3016.5;16.35;0.72;0.0
3018.0;11.0;0.0;0.0
3019.5;14.525;0.5199999999999999;0.0
3021.0;12.85;0.6;0.0
3022.5;15.5;0.0;0.0
3024.0;13.825;0.0;0.0
3025.5;14.95;0.0;0.0
3027.0;17.7;0.8;0.0
3028.5;15.55;0.8;0.0
3030.0;13.225;1.2;0.0
3031.5;13.725;0.8;0.0
3033.0;16.075;1.2;0.0
3034.5;12.1;0.4;0.0
3036.0;10.425;0.0;0.0
3037.5;15.15;0.0;0.0
3039.0;13.1;0.0;0.0
3040.5;13.675;0.6;0.0
3042.0;16.525;0.6;0.0
3043.5;13.575;0.4;0.0
3045.0;11.925;0.0;0.0
3046.5;13.775;0.2;0.0
3048.0;12.375;0.0;0.0
3049.5;12.85;0.0;0.0
3051.0;13.725;0.26;0.0
3052.5;15.275;1.06;0.0
3054.0;14.55;0.0;0.0
3055.5;15.05;0.0;0.0
3057.0;13.525;0.2;0.0
3058.5;12.9;0.0;0.0
3060.0;15.25;0.4;0.0
3061.5;12.175;0.0;0.0
3063.0;14.775;0.06;0.0
3064.5;18.075;0.0;0.0
3066.0;13.125;0.0;0.0
3067.5;12.725;0.06;0.0
3069.0;14.325;0.4;0.0
3070.5;14.75;1.3199999999999998;0.0
3072.0;14.425;0.0;0.0
3073.5;12.975;0.0;0.0
3075.0;13.95;0.0;0.0
3076.5;16.325;1.46;0.0
3078.0;12.5;0.0;0.0
3079.5;17.125;1.2;0.0
3081.0;10.15;0.0;0.0
3082.5;14.2;0.06;0.0
3084.0;15.975;1.4;0.0
3085.5;15.875;0.0;0.0
3087.0;13.85;0.6;0.0
3088.5;14.9;1.3199999999999998;0.0
3090.0;17.075;0.4;0.0
3091.5;16.15;0.0;0.0
3093.0;12.65;0.0;0.0
3094.5;11.025;0.0;0.0
3096.0;15.075;0.0;0.0
3097.5;11.4;0.0;0.0
3099.0;18.025;0.0;0.0
3100.5;16.2;0.45999999999999996;0.0
3102.0;15.725;0.45999999999999996;0.0
3103.5;14.65;0.0;0.0
3105.0;16.15;0.26;0.0
3106.5;13.85;0.2;0.0
3108.0;13.65;0.0;0.0
3109.5;13.7;0.6;0.0
3111.0;15.6;0.0;0.0
3112.5;13.15;0.0;0.0
3114.0;14.05;0.4;0.0
3115.5;15.1;0.0;0.0
3117.0;13.2;0.0;0.0
3118.5;13.75;0.0;0.0
3120.0;16.675;0.0;0.0
3121.5;12.85;0.0;0.0
3123.0;15.275;0.0;0.0
3124.5;15.125;0.26;0.0
3126.0;11.75;0.0;0.0
3127.5;16.0;0.26;0.0
3129.0;12.825;0.0;0.0
3130.5;15.075;0.26;0.0
3132.0;15.0;0.0;0.0
3133.5;13.075;0.0;0.0
3135.0;16.675;0.0;0.0
3136.5;15.95;0.0;0.0
3138.0;13.525;2.0;0.0
3139.5;15.3;0.0;0.0
3141.0;17.325;0.45999999999999996;0.0
3142.5;13.825;0.0;0.0
3144.0;15.575;0.9199999999999999;0.0
3145.5;12.5;1.2;0.0
3147.0;15.9;0.8;0.0
3148.5;17.2;0.26;0.0
3150.0;14.325;0.0;0.0
3151.5;15.0;0.2;0.0
3153.0;14.55;0.2;0.0
3154.5;13.775;0.0;0.0
3156.0;14.875;1.0;0.0
3157.5;13.025;0.0;0.0
3159.0;14.7;0.6;0.0
3160.5;16.55;0.2;0.0
3162.0;14.8;0.45999999999999996;0.0
3163.5;13.675;1.0;0.0
3165.0;15.525;0.0;0.0
3166.5;13.075;0.0;0.0
3168.0;14.875;0.32;0.0
3169.5;15.55;1.72;0.0
3171.0;16.425;0.4;0.0
3172.5;14.65;0.4;0.0
3174.0;14.25;0.2;0.0
3175.5;15.075;1.2;0.0
3177.0;13.9;0.0;0.0
3178.5;12.075;0.4;0.0
3180.0;15.525;0.32;0.0
3181.5;13.075;0.0;0.0
3183.0;14.075;0.8;0.0
3184.5;13.25;1.6600000000000001;0.0
3186.0;15.925;0.0;0.0
3187.5;12.725;0.0;0.0
3189.0;15.1;0.0;0.0
3190.5;16.725;0.45999999999999996;0.0
3192.0;15.15;0.4;0.0
3193.5;15.425;0.2;0.0
3195.0;14.975;0.45999999999999996;0.0
3196.5;15.675;0.0;0.0
3198.0;14.1;0.0;0.0
3199.5;12.3;0.0;0.0
3201.0;11.675;0.0;0.0
3202.5;13.675;0.0;0.0
3204.0;14.85;0.45999999999999996;0.0
3205.5;15.65;1.26;0.0
3207.0;11.65;1.86;0.0
3208.5;12.1;0.4;0.0
3210.0;14.175;0.4;0.0
3211.5;14.95;0.6;0.0
3213.0;19.275;0.0;0.0
3214.5;15.975;0.4;0.0
3216.0;14.675;0.8;0.0
3217.5;15.65;0.4;0.0
3219.0;15.3;0.18;0.0
3220.5;14.85;0.2;0.0
3222.0;9.425;0.0;0.0
3223.5;17.125;0.4;0.0
3225.0;13.625;0.4;0.0
3226.5;14.775;0.06;0.0
3228.0;13.6;0.45999999999999996;0.0
3229.5;14.45;0.2;0.0
3231.0;18.05;0.8;0.0
3232.5;12.675;0.0;0.0
3234.0;13.3;0.8;0.0
3235.5;13.025;0.4;0.0
3237.0;13.475;1.2;0.0
3238.5;14.05;0.4;0.0
3240.0;15.925;0.9199999999999999;0.0
3241.5;15.025;0.6;0.0
3243.0;15.0;1.2;0.0
3244.5;17.5;0.8;0.0
3246.0;12.7;0.0;0.0
3247.5;11.825;0.0;0.0
3249.0;15.65;0.0;0.0
3250.5;15.7;0.9199999999999999;0.0
3252.0;16.35;1.0;0.0
3253.5;16.05;0.86;0.0
3255.0;14.65;0.0;0.0
3256.5;15.0;1.1199999999999999;0.0
3258.0;14.95;0.0;0.0
3259.5;13.9;0.6;0.0
3261.0;12.2;0.2;0.0
3262.5;12.425;0.45999999999999996;0.0
3264.0;13.9;0.0;0.0
3265.5;14.825;1.06;0.0
3267.0;13.35;0.0;0.0
3268.5;13.425;0.0;0.0
3270.0;12.375;0.4;0.0
3271.5;13.775;0.4;0.0
3273.0;16.4;1.46;0.0
3274.5;13.05;0.6;0.0
3276.0;14.75;0.45999999999999996;0.0
3277.5;9.35;0.0;0.0
3279.0;16.525;0.2;0.0
3280.5;13.125;0.4;0.0
3282.0;15.875;0.0;0.0
3283.5;11.55;0.0;0.0
3285.0;15.4;0.2;0.0
3286.5;14.1;0.4;0.0
3288.0;15.075;0.06;0.0
3289.5;12.15;0.0;0.0
3291.0;14.3;0.5199999999999999;0.0
3292.5;15.6;0.4;0.0
3294.0;13.575;0.0;0.0
3295.5;15.675;1.06;0.0
3297.0;16.425;0.8;0.0
3298.5;16.425;0.0;0.0
3300.0;14.225;1.26;0.0
3301.5;16.175;1.2;0.0
3303.0;14.5;1.6600000000000001;0.0
3304.5;13.85;0.0;0.0
3306.0;16.575;0.4;0.0
3307.5;11.675;0.0;0.0
3309.0;14.5;0.24;0.0
3310.5;13.4;1.0;0.0
3312.0;12.25;0.2;0.0
3313.5;15.65;0.06;0.0
3315.0;12.45;0.0;0.0
3316.5;14.025;0.0;0.0
3318.0;14.125;0.8;0.0
3319.5;16.775;0.06;0.0
3321.0;12.425;0.0;0.0
3322.5;12.125;0.4;0.0
3324.0;14.25;0.0;0.0
3325.5;13.825;0.0;0.0
3327.0;14.4;0.0;0.0
3328.5;13.075;0.0;0.0
3330.0;14.95;0.0;0.0
3331.5;13.725;0.0;0.0
3333.0;11.825;0.4;0.0
3334.5;14.975;1.0;0.0
3336.0;14.075;0.2;0.0
3337.5;14.725;0.8;0.0
3339.0;15.325;0.32;0.0
3340.5;14.15;0.6;0.0
3342.0;15.4;0.4;0.0
3343.5;13.975;0.0;0.0
3345.0;16.475;0.0;0.0
3346.5;14.0;0.8;0.0
3348.0;11.225;0.8;0.0
3349.5;14.4;0.86;0.0
3351.0;12.95;0.0;0.0
3352.5;14.675;0.2;0.0
3354.0;14.85;0.6599999999999999;0.0
3355.5;14.75;0.0;0.0
3357.0;15.5;0.2;0.0
3358.5;15.15;0.8;0.0
3360.0;13.825;0.2;0.0
3361.5;14.6;0.0;0.0
3363.0;13.4;0.0;0.0
3364.5;13.95;1.06;0.0
3366.0;11.875;0.0;0.0
3367.5;11.3;0.0;0.0
3369.0;14.15;0.0;0.0
3370.5;16.4;1.2;0.0
3372.0;14.05;0.6599999999999999;0.0
3373.5;16.025;0.4;0.0
3375.0;14.575;0.2;0.0
3376.5;17.25;0.45999999999999996;0.0
3378.0;14.875;0.0;0.0
3379.5;12.575;0.0;0.0
3381.0;13.2;0.0;0.0
3382.5;10.525;0.0;0.0
3384.0;15.675;0.5199999999999999;0.0
3385.5;12.95;0.4;0.0
3387.0;9.275;0.0;0.0
3388.5;12.65;0.0;0.0
3390.0;13.025;0.0;0.0
3391.5;16.35;0.86;0.0
3393.0;16.35;1.1199999999999999;0.0
3394.5;10.825;0.0;0.0
3396.0;14.725;0.0;0.0
3397.5;13.075;0.0;0.0
3399.0;16.825;1.9799999999999998;0.0
3400.5;14.15;0.0;0.0
3402.0;13.275;0.18;0.0
3403.5;12.8;0.0;0.0
3405.0;15.65;1.26;0.0
3406.5;13.375;0.0;0.0
3408.0;15.725;0.8;0.0
3409.5;12.65;0.45999999999999996;0.0
3411.0;11.0;0.0;0.0
3412.5;15.725;0.4;0.0
3414.0;16.1;1.2;0.0
3415.5;16.675;0.86;0.0
3417.0;11.475;0.0;0.0
3418.5;12.425;0.0;0.0
3420.0;13.0;0.0;0.0
3421.5;14.0;0.0;0.0
3423.0;16.45;0.45999999999999996;0.0
3424.5;16.0;1.06;0.0
3426.0;14.2;0.0;0.0
3427.5;14.1;1.2;0.0
3429.0;14.025;0.4;0.0
3430.5;13.225;0.0;0.0
3432.0;14.15;2.2;0.0
3433.5;12.5;0.4;0.0
3435.0;16.675;0.45999999999999996;0.0
3436.5;15.725;0.72;0.0
3438.0;13.475;0.2;0.0
3439.5;14.6;0.2;0.0
3441.0;15.75;1.5799999999999998;0.0
3442.5;13.1;0.0;0.0
3444.0;11.925;0.0;0.0
3445.5;14.35;0.5199999999999999;0.0
3447.0;15.3;1.2;0.0
3448.5;15.2;0.2;0.0
3450.0;16.125;0.4;0.0
3451.5;13.15;0.4;0.0
3453.0;13.5;1.1199999999999999;0.0
3454.5;13.875;0.0;0.0
3456.0;14.175;0.2;0.0
3457.5;15.325;0.0;0.0
3459.0;15.75;0.4;0.0
3460.5;12.7;0.9199999999999999;0.0
3462.0;11.1;0.2;0.0
3463.5;18.075;0.6599999999999999;0.0
3465.0;16.975;0.0;0.0
3466.5;15.4;0.4;0.0
3468.0;15.05;0.8;0.0
3469.5;14.275;0.0;0.0
3471.0;13.675;0.0;0.0
3472.5;17.1;0.4;0.0
3474.0;12.1;0.0;0.0
3475.5;14.375;0.4;0.0
3477.0;11.675;0.0;0.0
3478.5;16.65;0.8;0.0
3480.0;15.825;0.8400000000000001;0.0
3481.5;13.175;0.8;0.0
3483.0;14.15;0.9199999999999999;0.0
3484.5;14.275;0.4;0.0
3486.0;12.525;0.4;0.0
3487.5;10.05;0.0;0.0
3489.0;14.825;0.4;0.0
3490.5;14.475;0.6;0.0
3492.0;14.725;1.26;0.0
3493.5;14.425;0.4;0.0
3495.0;16.25;0.0;0.0
3496.5;15.475;0.26;0.0
3498.0;16.075;0.9199999999999999;0.0
3499.5;13.575;0.9800000000000001;0.0
3501.0;10.825;0.0;0.0
3502.5;13.875;0.0;0.0
3504.0;13.35;0.38;0.0
3505.5;18.5;0.06;0.0
3507.0;16.6;0.0;0.0
3508.5;13.225;0.6;0.0
3510.0;16.225;0.0;0.0
3511.5;15.6;0.0;0.0
3513.0;15.95;0.06;0.0
3514.5;15.425;0.0;0.0
3516.0;15.475;0.45999999999999996;0.0
3517.5;14.275;0.6599999999999999;0.0
3519.0;14.175;0.0;0.0
3520.5;17.225;0.5199999999999999;0.0
3522.0;13.75;0.0;0.0
3523.5;12.525;0.2;0.0
3525.0;15.05;0.0;0.0
3526.5;13.375;1.06;0.0
3528.0;14.6;1.0;0.0
3529.5;13.925;0.4;0.0
3531.0;15.3;0.0;0.0
3532.5;14.925;0.0;0.0
3534.0;13.575;0.0;0.0
3535.5;13.525;0.4;0.0
3537.0;12.325;0.0;0.0
3538.5;13.9;0.6;0.0
3540.0;11.375;0.0;0.0
3541.5;16.525;1.1199999999999999;0.0
3543.0;15.225;1.72;0.0
3544.5;14.4;0.32;0.0
3546.0;15.65;0.2;0.0
3547.5;14.125;0.4;0.0
3549.0;14.4;0.0;0.0
3550.5;16.6;0.8;0.0
3552.0;15.375;1.1199999999999999;0.0
3553.5;13.975;0.8;0.0
3555.0;13.975;0.0;0.0
3556.5;17.1;0.8;0.0
3558.0;16.95;0.8;0.0
3559.5;11.05;0.4;0.0
3561.0;13.925;0.0;0.0
3562.5;16.725;1.26;0.0
3564.0;15.075;0.6599999999999999;0.0
3565.5;15.575;0.2;0.0
3567.0;13.1;0.0;0.0
3568.5;14.125;0.0;0.0
3570.0;12.75;0.0;0.0
3571.5;12.95;0.0;0.0
3573.0;15.675;1.26;0.0
3574.5;9.4;0.0;0.0
3576.0;14.2;0.32;0.0
3577.5;15.125;0.0;0.0
3579.0;13.725;0.8;0.0
3580.5;13.5;0.06;0.0
3582.0;14.525;0.0;0.0
3583.5;13.475;0.8;0.0
3585.0;14.925;1.26;0.0
3586.5;14.3;0.0;0.0
3588.0;16.15;0.4;0.0
3589.5;14.825;0.2;0.0
3591.0;14.575;0.4;0.0
3592.5;13.85;0.06;0.0
3594.0;15.325;1.0;0.0
3595.5;17.6;1.8;0.0
3597.0;11.35;0.0;0.0
3598.5;15.925;0.26;0.0
