#auto generated file!
1.5;0.0;0.0;0.0
3.0;0.0;0.0;0.0
4.5;0.0;0.0;0.0
6.0;0.0;0.0;0.0
7.5;0.0;0.0;0.0
9.0;0.0;0.0;0.0
10.5;1.15;0.0;0.0
12.0;8.225;0.0;0.0
13.5;17.5;1.3199999999999998;0.0
15.0;17.25;1.86;0.0
16.5;20.35;2.3800000000000003;0.0
18.0;20.125;2.72;0.0
19.5;23.325;5.38;0.0
21.0;26.5;2.9;0.0
22.5;27.45;5.9;0.0
24.0;25.775;5.62;0.0
25.5;25.3;3.9;0.0
27.0;26.3;9.44;0.0
28.5;25.05;2.2600000000000002;0.0
30.0;26.775;4.46;0.0
31.5;27.35;5.040000000000001;0.0
33.0;25.4;6.000000000000001;0.0
34.5;23.05;2.68;0.0
36.0;26.9;2.16;0.0
37.5;29.975;5.960000000000001;0.0
39.0;25.875;4.92;0.0
40.5;24.175;0.6;0.0
42.0;24.6;8.14;0.0
43.5;25.975;4.380000000000001;0.0
45.0;30.8;4.720000000000001;0.0
46.5;28.15;2.6399999999999997;0.0
48.0;30.85;4.6800000000000015;0.0
49.5;30.35;9.419999999999998;0.0
51.0;26.375;2.04;0.0
52.5;28.35;3.8400000000000007;0.0
54.0;24.925;8.559999999999999;0.0
55.5;29.55;5.74;0.0
57.0;25.925;4.76;0.0
58.5;27.95;3.2600000000000002;0.0
60.0;25.3;8.3;0.0
61.5;29.225;4.98;0.0
63.0;26.225;1.26;0.0
64.5;26.825;3.9200000000000004;0.0
66.0;24.525;10.139999999999997;0.0
67.5;24.8;1.9;0.0
69.0;21.175;7.5600000000000005;0.0
70.5;23.575;2.5;0.0
72.0;26.05;9.62;0.0
73.5;23.775;6.82;0.0
75.0;24.2;7.159999999999999;0.0
76.5;25.375;6.040000000000001;0.0
78.0;27.075;2.9200000000000004;0.0
79.5;27.5;7.220000000000001;0.0
81.0;24.55;6.9;0.0
82.5;23.475;6.220000000000001;0.0
84.0;27.025;3.9800000000000004;0.0
85.5;19.6;4.160000000000001;0.0
87.0;26.6;5.08;0.0
88.5;21.6;8.72;0.0
90.0;25.175;6.4799999999999995;0.0
91.5;26.45;8.16;0.0
93.0;27.925;5.4;0.0
94.5;26.725;5.5600000000000005;0.0
96.0;24.9;6.94;0.0
97.5;28.1;5.12;0.0
99.0;19.275;2.62;0.0
100.5;24.175;5.040000000000001;0.0
102.0;26.475;8.339999999999998;0.0
103.5;23.75;7.44;0.0
105.0;23.65;4.640000000000001;0.0
106.5;25.575;4.48;0.0
108.0;29.775;4.38;0.0
109.5;23.525;4.760000000000001;0.0
111.0;25.325;5.840000000000001;0.0
112.5;25.775;3.9800000000000004;0.0
114.0;21.925;4.44;0.0
115.5;23.525;2.500000000000001;0.0
117.0;26.225;6.32;0.0
118.5;28.475;5.58;0.0
120.0;25.4;7.720000000000001;0.0
121.5;24.15;3.8600000000000003;0.0
123.0;23.475;5.380000000000001;0.0
124.5;25.325;6.42;0.0
126.0;19.85;8.280000000000001;0.0
127.5;27.875;5.820000000000001;0.0
129.0;24.825;4.58;0.0
130.5;25.55;7.080000000000001;0.0
132.0;23.9;5.4399999999999995;0.0
133.5;24.95;5.46;0.0
135.0;24.9;8.76;0.0
136.5;24.45;5.460000000000001;0.0
138.0;21.95;8.1;0.0
139.5;27.2;3.2399999999999998;0.0
141.0;25.95;2.46;0.0
142.5;29.825;6.220000000000001;0.0
144.0;27.775;3.44;0.0
145.5;24.15;2.38;0.0
147.0;24.5;5.6;0.0
148.5;25.9;9.24;0.0
150.0;25.325;5.300000000000001;0.0
151.5;25.775;10.16;0.0
153.0;27.15;5.8;0.0
154.5;26.85;6.959999999999999;0.0
156.0;25.825;3.1000000000000005;0.0
157.5;25.925;6.4799999999999995;0.0
159.0;27.775;5.0;0.0
160.5;23.375;4.44;0.0
162.0;25.925;6.7;0.0
163.5;25.275;5.12;0.0
165.0;21.275;6.720000000000001;0.0
166.5;26.0;6.42;0.0
168.0;24.425;7.340000000000001;0.0
169.5;25.825;6.980000000000001;0.0
171.0;26.8;6.0;0.0
172.5;26.075;3.6399999999999997;0.0
174.0;25.525;4.46;0.0
175.5;25.7;5.26;0.0
177.0;24.525;3.44;0.0
178.5;29.2;5.720000000000001;0.0
180.0;28.725;5.640000000000001;0.0
181.5;26.9;4.5200000000000005;0.0
183.0;22.75;4.44;0.0
184.5;22.35;7.3199999999999985;0.0
186.0;26.3;4.300000000000001;0.0
187.5;26.425;3.3200000000000003;0.0
189.0;22.05;5.960000000000001;0.0
190.5;25.45;6.3;0.0
192.0;28.375;7.06;0.0
193.5;24.4;4.700000000000001;0.0
195.0;29.275;7.540000000000001;0.0
196.5;25.525;5.280000000000001;0.0
198.0;26.9;6.140000000000001;0.0
199.5;24.95;7.12;0.0
201.0;25.45;5.5600000000000005;0.0
202.5;27.15;8.059999999999999;0.0
204.0;24.25;7.3;0.0
205.5;26.475;6.480000000000001;0.0
207.0;25.75;3.7000000000000006;0.0
208.5;27.3;3.9;0.0
210.0;25.525;5.0200000000000005;0.0
211.5;25.375;5.86;0.0
213.0;24.75;6.44;0.0
214.5;21.6;5.12;0.0
216.0;28.925;3.5200000000000005;0.0
217.5;27.675;5.160000000000001;0.0
219.0;23.225;8.319999999999999;0.0
220.5;26.475;5.6800000000000015;0.0
222.0;26.975;6.4;0.0
223.5;25.5;7.220000000000001;0.0
225.0;23.275;4.9;0.0
226.5;24.2;6.160000000000001;0.0
228.0;23.925;4.8;0.0
229.5;24.45;5.8;0.0
231.0;22.025;6.16;0.0
232.5;20.7;7.2200000000000015;0.0
234.0;25.55;5.1000000000000005;0.0
235.5;28.425;4.54;0.0
237.0;23.2;2.2600000000000002;0.0
238.5;23.6;9.16;0.0
240.0;25.35;5.84;0.0
241.5;28.0;6.82;0.0
243.0;28.25;4.28;0.0
244.5;27.025;4.760000000000001;0.0
246.0;21.6;3.9200000000000004;0.0
247.5;21.625;5.66;0.0
249.0;27.0;5.040000000000001;0.0
250.5;29.475;3.9799999999999995;0.0
252.0;25.9;4.380000000000001;0.0
253.5;26.3;5.840000000000001;0.0
255.0;23.675;2.5799999999999996;0.0
256.5;25.975;7.0200000000000005;0.0
258.0;26.675;5.98;0.0
259.5;24.875;5.360000000000001;0.0
261.0;22.225;8.1;0.0
262.5;23.35;5.720000000000001;0.0
264.0;26.175;6.24;0.0
265.5;26.55;2.44;0.0
267.0;25.425;8.059999999999999;0.0
268.5;24.05;4.840000000000001;0.0
270.0;26.425;6.94;0.0
271.5;22.475;5.4;0.0
273.0;25.825;5.0200000000000005;0.0
274.5;24.3;5.08;0.0
276.0;24.125;3.4400000000000004;0.0
277.5;27.225;8.34;0.0
279.0;25.425;7.42;0.0
280.5;25.475;6.28;0.0
282.0;27.95;2.6;0.0
283.5;27.0;6.080000000000001;0.0
285.0;26.35;9.079999999999998;0.0
286.5;28.3;6.040000000000001;0.0
288.0;23.375;5.320000000000001;0.0
289.5;25.3;5.32;0.0
291.0;26.1;4.680000000000001;0.0
292.5;26.225;4.64;0.0
294.0;28.1;3.7800000000000002;0.0
295.5;26.325;9.36;0.0
297.0;25.4;7.100000000000001;0.0
298.5;22.85;8.9;0.0
300.0;26.275;2.6;0.0
301.5;21.7;5.5600000000000005;0.0
303.0;21.2;6.58;0.0
304.5;26.625;4.140000000000001;0.0
306.0;25.225;3.7800000000000002;0.0
307.5;26.45;3.7;0.0
309.0;27.575;4.500000000000001;0.0
310.5;22.85;4.26;0.0
312.0;30.8;4.4;0.0
313.5;26.775;10.519999999999998;0.0
315.0;26.65;5.680000000000001;0.0
316.5;25.05;6.300000000000001;0.0
318.0;27.7;3.12;0.0
319.5;27.1;8.7;0.0
321.0;24.5;7.7;0.0
322.5;24.25;4.800000000000001;0.0
324.0;25.025;10.179999999999998;0.0
325.5;25.8;3.62;0.0
327.0;26.475;8.059999999999999;0.0
328.5;21.25;5.12;0.0
330.0;23.475;5.380000000000001;0.0
331.5;27.675;4.500000000000001;0.0
333.0;25.8;6.820000000000002;0.0
334.5;24.875;7.359999999999999;0.0
336.0;21.725;6.5200000000000005;0.0
337.5;24.7;5.0200000000000005;0.0
339.0;24.75;7.780000000000001;0.0
340.5;27.975;3.7600000000000007;0.0
342.0;28.525;4.98;0.0
343.5;28.375;4.700000000000001;0.0
345.0;25.375;8.98;0.0
346.5;26.475;7.8;0.0
348.0;27.875;3.9800000000000004;0.0
349.5;24.175;4.48;0.0
351.0;25.95;4.42;0.0
352.5;24.425;5.5600000000000005;0.0
354.0;25.625;5.7;0.0
355.5;24.475;9.879999999999999;0.0
357.0;23.925;5.2;0.0
358.5;30.525;5.840000000000001;0.0
360.0;22.5;8.0;0.0
361.5;26.45;4.5600000000000005;0.0
363.0;27.725;6.16;0.0
364.5;25.925;5.660000000000002;0.0
366.0;23.45;5.1000000000000005;0.0
367.5;23.075;6.88;0.0
369.0;24.225;8.5;0.0
370.5;26.725;7.839999999999999;0.0
372.0;25.2;4.6000000000000005;0.0
373.5;26.25;6.459999999999999;0.0
375.0;30.625;6.880000000000001;0.0
376.5;27.325;3.8400000000000007;0.0
378.0;24.95;3.96;0.0
379.5;22.4;5.24;0.0
381.0;23.975;3.8600000000000003;0.0
382.5;27.575;5.680000000000001;0.0
384.0;28.25;4.24;0.0
385.5;27.25;1.92;0.0
387.0;29.6;7.459999999999999;0.0
388.5;27.475;4.78;0.0
390.0;25.2;5.740000000000001;0.0
391.5;23.475;2.38;0.0
393.0;26.2;6.08;0.0
394.5;28.0;2.5200000000000005;0.0
396.0;28.3;9.219999999999999;0.0
397.5;30.2;4.5;0.0
399.0;27.15;10.76;0.0
400.5;27.2;5.040000000000001;0.0
402.0;24.8;6.280000000000001;0.0
403.5;24.55;6.32;0.0
405.0;23.7;8.86;0.0
406.5;25.225;4.38;0.0
408.0;25.4;1.7799999999999998;0.0
409.5;26.175;5.24;0.0
411.0;22.55;5.94;0.0
412.5;27.875;9.959999999999997;0.0
414.0;20.8;9.54;0.0
415.5;24.625;5.540000000000001;0.0
417.0;26.45;4.040000000000001;0.0
418.5;22.1;4.180000000000001;0.0
420.0;26.95;7.92;0.0
421.5;24.925;4.94;0.0
423.0;22.7;4.1;0.0
424.5;26.575;8.6;0.0
426.0;25.2;3.46;0.0
427.5;28.375;7.519999999999999;0.0
429.0;29.45;3.1799999999999997;0.0
430.5;27.275;8.779999999999998;0.0
432.0;29.05;7.24;0.0
433.5;24.875;8.819999999999999;0.0
435.0;29.45;4.640000000000001;0.0
436.5;28.25;5.0;0.0
438.0;27.975;4.0600000000000005;0.0
439.5;26.05;7.5;0.0
441.0;25.6;4.960000000000001;0.0
442.5;25.775;7.26;0.0
444.0;27.525;4.880000000000001;0.0
445.5;26.2;5.78;0.0
447.0;22.125;5.64;0.0
448.5;23.65;6.16;0.0
450.0;24.1;4.58;0.0
451.5;26.225;7.9;0.0
453.0;28.375;4.840000000000001;0.0
454.5;25.45;2.66;0.0
456.0;25.625;5.180000000000001;0.0
457.5;25.25;3.7600000000000002;0.0
459.0;29.9;9.12;0.0
460.5;29.725;4.5200000000000005;0.0
462.0;23.375;1.2399999999999998;0.0
463.5;28.225;2.8400000000000007;0.0
465.0;25.875;1.0;0.0
466.5;27.125;6.5;0.0
468.0;25.375;6.300000000000001;0.0
469.5;26.55;7.140000000000001;0.0
471.0;26.975;2.8;0.0
472.5;27.6;6.220000000000001;0.0
474.0;26.2;8.24;0.0
475.5;25.45;3.2600000000000002;0.0
477.0;27.7;4.1400000000000015;0.0
478.5;25.825;4.24;0.0
480.0;26.45;5.32;0.0
481.5;28.8;6.360000000000001;0.0
483.0;26.375;4.64;0.0
484.5;23.65;4.98;0.0
486.0;22.5;8.32;0.0
487.5;25.7;5.82;0.0
489.0;24.75;3.78;0.0
490.5;26.75;2.8600000000000003;0.0
492.0;27.325;5.1000000000000005;0.0
493.5;26.1;8.719999999999999;0.0
495.0;25.325;4.86;0.0
496.5;28.525;4.880000000000001;0.0
498.0;26.775;7.08;0.0
499.5;22.125;5.380000000000001;0.0
501.0;26.25;3.8400000000000007;0.0
502.5;28.45;4.78;0.0
504.0;20.85;7.44;0.0
505.5;28.4;7.879999999999998;0.0
507.0;25.05;6.32;0.0
508.5;23.375;7.960000000000001;0.0
510.0;25.725;5.98;0.0
511.5;27.6;4.04;0.0
513.0;24.525;4.840000000000001;0.0
514.5;24.625;6.960000000000001;0.0
516.0;30.5;5.840000000000001;0.0
517.5;26.275;2.7800000000000002;0.0
519.0;26.175;5.76;0.0
520.5;27.875;8.58;0.0
522.0;23.45;4.42;0.0
523.5;25.175;10.319999999999999;0.0
525.0;25.925;8.5;0.0
526.5;25.6;4.840000000000001;0.0
528.0;27.775;3.6400000000000006;0.0
529.5;23.1;5.180000000000001;0.0
531.0;27.35;3.22;0.0
532.5;28.85;3.46;0.0
534.0;26.225;6.020000000000001;0.0
535.5;26.525;2.7;0.0
537.0;25.575;3.3;0.0
538.5;23.4;4.5;0.0
540.0;26.325;10.32;0.0
541.5;28.5;4.779999999999999;0.0
543.0;28.45;1.6;0.0
544.5;25.325;1.9;0.0
546.0;29.55;5.5600000000000005;0.0
547.5;26.425;6.28;0.0
549.0;26.85;4.7;0.0
550.5;27.05;5.32;0.0
552.0;29.525;7.58;0.0
553.5;28.1;3.2400000000000007;0.0
555.0;26.525;6.380000000000001;0.0
556.5;27.525;6.220000000000001;0.0
558.0;24.35;5.220000000000001;0.0
559.5;29.925;8.059999999999999;0.0
561.0;25.075;3.900000000000001;0.0
562.5;22.575;4.680000000000001;0.0
564.0;27.35;3.9;0.0
565.5;27.9;7.1800000000000015;0.0
567.0;27.9;2.8600000000000003;0.0
568.5;31.125;3.66;0.0
570.0;26.65;8.0;0.0
571.5;25.8;8.059999999999999;0.0
573.0;23.925;5.5200000000000005;0.0
574.5;26.15;7.840000000000001;0.0
576.0;27.1;6.12;0.0
577.5;29.1;4.92;0.0
579.0;29.275;7.359999999999999;0.0
580.5;25.0;4.38;0.0
582.0;29.325;3.9200000000000004;0.0
583.5;25.45;5.24;0.0
585.0;24.95;5.480000000000001;0.0
586.5;22.7;4.1;0.0
588.0;24.35;4.94;0.0
589.5;24.075;7.840000000000001;0.0
591.0;24.4;4.28;0.0
592.5;27.725;3.8200000000000003;0.0
594.0;25.675;4.66;0.0
595.5;27.5;6.5;0.0
597.0;22.325;5.880000000000001;0.0
598.5;23.8;5.58;0.0
600.0;26.825;5.960000000000001;0.0
601.5;25.575;3.66;0.0
603.0;25.2;2.84;0.0
604.5;30.725;5.04;0.0
606.0;29.6;3.84;0.0
607.5;22.425;6.12;0.0
609.0;25.75;8.84;0.0
610.5;25.3;7.160000000000001;0.0
612.0;28.95;6.08;0.0
613.5;29.875;8.279999999999998;0.0
615.0;24.825;5.92;0.0
616.5;26.925;6.28;0.0
618.0;29.825;4.9;0.0
619.5;27.45;3.06;0.0
621.0;25.525;5.260000000000001;0.0
622.5;27.425;9.819999999999999;0.0
624.0;26.225;8.040000000000001;0.0
625.5;29.45;3.04;0.0
627.0;21.65;2.78;0.0
628.5;28.1;4.880000000000001;0.0
630.0;24.375;6.62;0.0
631.5;29.9;4.0;0.0
633.0;24.875;4.000000000000002;0.0
634.5;23.95;10.459999999999997;0.0
636.0;24.45;3.0800000000000005;0.0
637.5;24.975;5.000000000000001;0.0
639.0;24.9;8.719999999999995;0.0
640.5;26.425;3.96;0.0
642.0;23.775;6.12;0.0
643.5;25.25;6.300000000000001;0.0
645.0;28.5;5.12;0.0
646.5;27.25;5.000000000000002;0.0
648.0;25.675;6.160000000000001;0.0
649.5;26.05;3.18;0.0
651.0;25.05;4.0200000000000005;0.0
652.5;32.475;4.7;0.0
654.0;27.425;4.680000000000001;0.0
655.5;28.525;5.86;0.0
657.0;26.25;7.779999999999999;0.0
658.5;27.5;4.98;0.0
660.0;22.075;2.22;0.0
661.5;23.325;5.460000000000001;0.0
663.0;25.225;4.960000000000001;0.0
664.5;30.975;7.0200000000000005;0.0
666.0;23.1;6.460000000000001;0.0
667.5;25.125;7.979999999999999;0.0
669.0;27.025;3.72;0.0
670.5;26.3;5.220000000000001;0.0
672.0;24.575;4.48;0.0
673.5;25.025;3.1800000000000006;0.0
675.0;27.475;8.1;0.0
676.5;23.6;4.0600000000000005;0.0
678.0;23.675;6.020000000000001;0.0
679.5;24.175;4.960000000000001;0.0
681.0;23.25;3.2400000000000007;0.0
682.5;24.975;3.72;0.0
684.0;26.425;5.62;0.0
685.5;27.575;5.24;0.0
687.0;26.05;9.079999999999998;0.0
688.5;27.075;5.300000000000001;0.0
690.0;28.475;5.040000000000001;0.0
691.5;26.45;5.26;0.0
693.0;23.325;5.96;0.0
694.5;24.225;4.160000000000001;0.0
696.0;26.725;4.2;0.0
697.5;25.325;5.82;0.0
699.0;28.975;5.98;0.0
700.5;30.275;10.04;0.0
702.0;31.4;5.66;0.0
703.5;29.775;7.58;0.0
705.0;27.425;4.640000000000001;0.0
706.5;28.825;4.94;0.0
708.0;28.75;8.879999999999999;0.0
709.5;26.175;4.96;0.0
711.0;21.975;5.540000000000001;0.0
712.5;24.65;5.24;0.0
714.0;27.25;3.0;0.0
715.5;24.375;10.2;0.0
717.0;26.15;2.04;0.0
718.5;28.25;4.040000000000001;0.0
720.0;25.8;4.1;0.0
721.5;29.075;4.28;0.0
723.0;23.95;5.540000000000001;0.0
724.5;27.575;5.980000000000001;0.0
726.0;20.225;4.98;0.0
727.5;25.0;5.760000000000001;0.0
729.0;24.925;7.359999999999999;0.0
730.5;28.675;5.74;0.0
732.0;26.725;5.300000000000001;0.0
733.5;27.175;4.86;0.0
735.0;27.925;3.5200000000000005;0.0
736.5;26.425;7.3;0.0
738.0;28.15;6.480000000000001;0.0
739.5;25.9;4.7;0.0
741.0;24.675;4.380000000000001;0.0
742.5;28.125;3.5;0.0
744.0;26.4;6.74;0.0
745.5;22.4;6.92;0.0
747.0;20.675;6.42;0.0
748.5;25.625;5.960000000000001;0.0
750.0;29.375;10.899999999999999;0.0
751.5;25.225;3.8600000000000003;0.0
753.0;30.3;7.219999999999999;0.0
754.5;26.025;14.7;0.0
756.0;24.425;6.36;0.0
757.5;23.675;7.620000000000002;0.0
759.0;28.975;7.080000000000001;0.0
760.5;27.825;5.880000000000001;0.0
762.0;24.275;6.780000000000001;0.0
763.5;27.175;7.88;0.0
765.0;27.825;5.94;0.0
766.5;27.2;6.919999999999999;0.0
768.0;24.625;4.500000000000001;0.0
769.5;26.55;5.5200000000000005;0.0
771.0;23.725;5.840000000000001;0.0
772.5;28.2;3.34;0.0
774.0;26.15;4.5;0.0
775.5;25.85;5.840000000000001;0.0
777.0;27.6;4.040000000000001;0.0
778.5;30.95;6.880000000000001;0.0
780.0;28.975;9.059999999999999;0.0
781.5;29.175;6.7;0.0
783.0;26.25;2.3000000000000007;0.0
784.5;26.975;2.04;0.0
786.0;25.25;8.299999999999999;0.0
787.5;23.35;5.12;0.0
789.0;25.825;4.66;0.0
790.5;28.0;7.06;0.0
792.0;23.1;5.300000000000001;0.0
793.5;25.15;4.040000000000001;0.0
795.0;25.5;4.86;0.0
796.5;23.0;3.4400000000000004;0.0
798.0;29.725;4.4;0.0
799.5;24.6;7.3;0.0
801.0;27.175;7.9399999999999995;0.0
802.5;27.525;2.5;0.0
804.0;25.55;8.62;0.0
805.5;25.95;7.359999999999999;0.0
807.0;28.325;5.48;0.0
808.5;26.05;6.880000000000001;0.0
810.0;26.8;5.540000000000001;0.0
811.5;25.875;3.9799999999999995;0.0
813.0;26.825;5.46;0.0
814.5;26.65;7.8199999999999985;0.0
816.0;25.1;6.32;0.0
817.5;25.175;10.059999999999999;0.0
819.0;24.4;3.9800000000000004;0.0
820.5;26.75;5.040000000000001;0.0
822.0;27.025;9.76;0.0
823.5;27.05;1.9;0.0
825.0;28.125;6.200000000000001;0.0
826.5;28.55;7.06;0.0
828.0;27.1;9.26;0.0
829.5;30.175;2.2199999999999998;0.0
831.0;27.725;6.459999999999999;0.0
832.5;23.175;5.32;0.0
834.0;27.425;5.0600000000000005;0.0
835.5;29.8;3.2600000000000002;0.0
837.0;22.7;5.38;0.0
838.5;23.5;6.200000000000001;0.0
840.0;29.875;5.620000000000001;0.0
841.5;25.3;9.319999999999997;0.0
843.0;28.0;5.58;0.0
844.5;24.4;4.24;0.0
846.0;25.4;4.42;0.0
847.5;26.25;6.5;0.0
849.0;29.6;7.06;0.0
850.5;28.225;5.4;0.0
852.0;22.625;6.980000000000001;0.0
853.5;26.875;2.8600000000000003;0.0
855.0;29.375;4.32;0.0
856.5;29.875;8.559999999999999;0.0
858.0;29.2;5.5200000000000005;0.0
859.5;24.175;4.88;0.0
861.0;25.675;7.280000000000001;0.0
862.5;30.075;5.420000000000001;0.0
864.0;29.4;8.68;0.0
865.5;27.675;4.4;0.0
867.0;26.2;6.000000000000001;0.0
868.5;25.25;3.72;0.0
870.0;27.525;7.359999999999999;0.0
871.5;26.525;4.9399999999999995;0.0
873.0;23.6;6.5;0.0
874.5;28.725;3.620000000000001;0.0
876.0;26.975;7.1800000000000015;0.0
877.5;27.075;6.859999999999999;0.0
879.0;25.275;4.12;0.0
880.5;21.8;7.9;0.0
882.0;24.05;4.200000000000001;0.0
883.5;23.35;6.38;0.0
885.0;25.475;7.139999999999999;0.0
886.5;26.85;6.620000000000002;0.0
888.0;25.2;6.959999999999999;0.0
889.5;27.25;2.52;0.0
891.0;25.85;6.74;0.0
892.5;24.975;4.78;0.0
894.0;28.75;6.340000000000001;0.0
895.5;26.775;4.779999999999999;0.0
897.0;25.15;5.58;0.0
898.5;26.325;5.400000000000001;0.0
900.0;26.875;6.1;0.0
901.5;26.025;6.640000000000001;0.0
903.0;25.55;8.679999999999998;0.0
904.5;27.3;5.28;0.0
906.0;23.7;6.44;0.0
907.5;25.35;6.1000000000000005;0.0
909.0;25.975;4.04;0.0
910.5;24.45;7.859999999999999;0.0
912.0;24.575;4.58;0.0
913.5;23.975;4.0;0.0
915.0;21.075;5.04;0.0
916.5;25.625;7.6;0.0
918.0;27.075;6.340000000000001;0.0
919.5;25.425;5.5200000000000005;0.0
921.0;28.025;6.540000000000001;0.0
922.5;23.3;5.86;0.0
924.0;26.225;8.82;0.0
925.5;21.025;3.9400000000000013;0.0
927.0;26.525;4.96;0.0
928.5;22.175;4.220000000000001;0.0
930.0;23.05;5.32;0.0
931.5;24.5;7.3;0.0
933.0;27.4;3.8800000000000003;0.0
934.5;24.85;5.78;0.0
936.0;27.025;5.6;0.0
937.5;26.05;3.7800000000000002;0.0
939.0;26.975;6.7;0.0
940.5;25.5;8.559999999999999;0.0
942.0;21.75;3.5200000000000005;0.0
943.5;24.625;2.8600000000000003;0.0
945.0;27.675;3.66;0.0
946.5;26.825;8.16;0.0
948.0;26.175;6.300000000000001;0.0
949.5;22.75;4.58;0.0
951.0;25.275;5.48;0.0
952.5;23.15;5.220000000000001;0.0
954.0;23.525;6.000000000000002;0.0
955.5;23.575;3.3200000000000003;0.0
957.0;24.5;6.2;0.0
958.5;25.8;6.0200000000000005;0.0
960.0;24.45;11.26;0.0
961.5;27.625;4.18;0.0
963.0;27.2;2.7800000000000002;0.0
964.5;27.75;6.280000000000001;0.0
966.0;24.8;5.24;0.0
967.5;27.825;7.0;0.0
969.0;23.875;9.08;0.0
970.5;24.25;5.220000000000001;0.0
972.0;24.425;4.5200000000000005;0.0
973.5;22.75;5.24;0.0
975.0;26.05;7.840000000000001;0.0
976.5;27.7;3.9;0.0
978.0;28.95;4.380000000000001;0.0
979.5;28.05;6.640000000000001;0.0
981.0;24.4;3.66;0.0
982.5;26.75;6.26;0.0
984.0;22.65;5.540000000000001;0.0
985.5;24.625;7.5;0.0
987.0;25.575;4.500000000000001;0.0
988.5;24.65;3.7599999999999993;0.0
990.0;26.575;9.76;0.0
991.5;27.15;5.66;0.0
993.0;30.35;7.1;0.0
994.5;25.45;5.92;0.0
996.0;23.525;7.659999999999999;0.0
997.5;21.55;4.46;0.0
999.0;22.825;4.58;0.0
1000.5;25.85;7.5;0.0
1002.0;25.4;6.8;0.0
1003.5;27.075;6.659999999999999;0.0
1005.0;28.525;4.24;0.0
1006.5;25.05;7.32;0.0
1008.0;30.25;1.8399999999999999;0.0
1009.5;28.675;4.700000000000001;0.0
1011.0;27.6;5.1;0.0
1012.5;27.425;2.6800000000000006;0.0
1014.0;28.0;5.800000000000001;0.0
1015.5;27.675;3.7600000000000002;0.0
1017.0;29.4;5.14;0.0
1018.5;30.0;3.5200000000000005;0.0
1020.0;30.825;6.04;0.0
1021.5;25.525;2.2600000000000002;0.0
1023.0;25.1;6.540000000000001;0.0
1024.5;25.975;5.32;0.0
1026.0;23.675;6.5;0.0
1027.5;26.2;4.74;0.0
1029.0;29.225;4.92;0.0
1030.5;28.075;5.360000000000001;0.0
1032.0;28.75;3.3600000000000008;0.0
1033.5;24.675;7.220000000000001;0.0
1035.0;25.9;6.76;0.0
1036.5;29.175;3.1799999999999997;0.0
1038.0;24.5;2.58;0.0
1039.5;27.225;6.659999999999999;0.0
1041.0;23.075;7.26;0.0
1042.5;28.55;6.960000000000001;0.0
1044.0;29.15;4.880000000000001;0.0
1045.5;29.075;5.940000000000001;0.0
1047.0;24.95;9.5;0.0
1048.5;24.95;5.660000000000001;0.0
1050.0;24.475;6.840000000000001;0.0
1051.5;29.25;3.9;0.0
1053.0;26.025;6.500000000000002;0.0
1054.5;23.275;10.3;0.0
1056.0;25.85;5.36;0.0
1057.5;25.65;7.040000000000001;0.0
1059.0;25.55;6.840000000000001;0.0
1060.5;26.025;1.6600000000000001;0.0
1062.0;24.25;2.7800000000000002;0.0
1063.5;26.5;9.34;0.0
1065.0;23.925;3.8400000000000007;0.0
1066.5;27.15;3.9400000000000004;0.0
1068.0;30.2;3.46;0.0
1069.5;32.225;4.24;0.0
1071.0;29.575;4.5200000000000005;0.0
1072.5;23.65;4.36;0.0
1074.0;26.025;8.42;0.0
1075.5;21.85;6.000000000000001;0.0
1077.0;24.675;4.32;0.0
1078.5;24.475;3.3200000000000003;0.0
1080.0;26.0;4.0600000000000005;0.0
1081.5;26.575;0.9799999999999999;0.0
1083.0;24.75;10.999999999999998;0.0
1084.5;23.35;5.800000000000001;0.0
1086.0;25.975;2.8200000000000003;0.0
1087.5;24.425;4.7;0.0
1089.0;25.475;5.5600000000000005;0.0
1090.5;26.125;5.720000000000001;0.0
1092.0;23.75;6.340000000000001;0.0
1093.5;26.6;4.9;0.0
1095.0;26.175;2.2600000000000002;0.0
1096.5;25.125;5.78;0.0
1098.0;29.475;4.1000000000000005;0.0
1099.5;26.425;7.1;0.0
1101.0;25.325;2.3200000000000003;0.0
1102.5;23.2;4.960000000000001;0.0
1104.0;29.85;4.58;0.0
1105.5;29.45;5.78;0.0
1107.0;25.6;11.139999999999997;0.0
1108.5;25.05;3.9800000000000004;0.0
1110.0;28.2;6.76;0.0
1111.5;29.25;5.3;0.0
1113.0;27.725;3.9799999999999995;0.0
1114.5;23.2;4.46;0.0
1116.0;22.475;5.480000000000001;0.0
1117.5;23.35;7.6800000000000015;0.0
1119.0;25.425;5.500000000000001;0.0
1120.5;27.85;5.74;0.0
1122.0;22.175;6.44;0.0
1123.5;25.5;5.76;0.0
1125.0;26.9;7.220000000000001;0.0
1126.5;25.325;5.4;0.0
1128.0;23.55;3.8200000000000003;0.0
1129.5;26.25;5.720000000000001;0.0
1131.0;28.075;5.760000000000001;0.0
1132.5;24.775;4.340000000000001;0.0
1134.0;27.225;4.6;0.0
1135.5;27.325;6.1;0.0
1137.0;24.15;5.180000000000001;0.0
1138.5;24.3;4.6;0.0
1140.0;25.0;2.9800000000000004;0.0
1141.5;24.4;6.0600000000000005;0.0
1143.0;24.8;3.5;0.0
1144.5;22.95;4.58;0.0
1146.0;26.25;4.58;0.0
1147.5;26.1;6.4799999999999995;0.0
1149.0;23.0;8.08;0.0
1150.5;24.275;4.1800000000000015;0.0
1152.0;26.7;4.48;0.0
1153.5;28.45;4.26;0.0
1155.0;25.025;3.6;0.0
1156.5;25.2;14.159999999999997;0.0
1158.0;25.125;6.94;0.0
1159.5;28.65;4.9;0.0
1161.0;23.575;3.8400000000000007;0.0
1162.5;27.9;6.720000000000001;0.0
1164.0;23.875;6.040000000000001;0.0
1165.5;26.375;9.16;0.0
1167.0;27.025;0.5800000000000001;0.0
1168.5;28.275;2.1800000000000006;0.0
1170.0;25.45;7.159999999999999;0.0
1171.5;25.45;6.44;0.0
1173.0;26.55;9.48;0.0
1174.5;25.85;4.42;0.0
1176.0;28.45;4.24;0.0
1177.5;31.1;3.9799999999999995;0.0
1179.0;26.175;5.2;0.0
1180.5;28.05;6.340000000000001;0.0
1182.0;26.275;3.8600000000000003;0.0
1183.5;27.075;8.679999999999998;0.0
1185.0;22.35;7.959999999999999;0.0
1186.5;25.175;4.46;0.0
1188.0;24.9;5.880000000000001;0.0
1189.5;25.6;7.1;0.0
1191.0;24.65;10.44;0.0
1192.5;25.375;4.300000000000001;0.0
1194.0;29.35;7.18;0.0
1195.5;25.2;7.640000000000001;0.0
1197.0;28.875;3.520000000000001;0.0
1198.5;25.9;3.5;0.0
1200.0;25.225;6.920000000000002;0.0
1201.5;23.325;6.12;0.0
1203.0;25.975;5.48;0.0
1204.5;24.425;7.62;0.0
1206.0;20.275;2.0400000000000005;0.0
1207.5;24.55;4.820000000000001;0.0
1209.0;27.6;8.7;0.0
1210.5;25.0;6.040000000000001;0.0
1212.0;26.55;12.54;0.0
1213.5;25.675;7.74;0.0
1215.0;27.875;3.8800000000000003;0.0
1216.5;26.8;4.540000000000001;0.0
1218.0;30.925;7.5;0.0
1219.5;26.45;5.800000000000002;0.0
1221.0;28.825;8.779999999999998;0.0
1222.5;24.475;5.5;0.0
1224.0;26.675;6.780000000000001;0.0
1225.5;25.75;3.820000000000001;0.0
1227.0;26.4;7.68;0.0
1228.5;25.325;4.76;0.0
1230.0;25.2;6.08;0.0
1231.5;28.45;6.859999999999999;0.0
1233.0;22.475;5.040000000000001;0.0
1234.5;23.3;11.459999999999997;0.0
1236.0;24.9;4.5200000000000005;0.0
1237.5;30.175;8.02;0.0
1239.0;27.375;7.76;0.0
1240.5;26.75;7.480000000000001;0.0
1242.0;26.4;6.56;0.0
1243.5;28.025;7.339999999999999;0.0
1245.0;26.95;5.6;0.0
1246.5;23.3;2.960000000000001;0.0
1248.0;26.825;2.24;0.0
1249.5;24.075;3.820000000000001;0.0
1251.0;24.15;5.36;0.0
1252.5;23.875;7.6;0.0
1254.0;25.975;5.180000000000001;0.0
1255.5;27.575;6.7200000000000015;0.0
1257.0;29.375;6.28;0.0
1258.5;21.675;8.3;0.0
1260.0;24.7;4.8;0.0
1261.5;23.5;9.3;0.0
1263.0;24.3;9.3;0.0
1264.5;25.0;9.52;0.0
1266.0;25.45;4.720000000000001;0.0
1267.5;27.55;4.880000000000001;0.0
1269.0;26.925;4.9;0.0
1270.5;27.9;4.0600000000000005;0.0
1272.0;23.65;9.2;0.0
1273.5;23.15;7.040000000000001;0.0
1275.0;24.675;5.540000000000001;0.0
1276.5;28.325;4.6000000000000005;0.0
1278.0;26.2;3.920000000000001;0.0
1279.5;26.675;6.1;0.0
1281.0;29.225;6.2;0.0
1282.5;29.375;6.220000000000001;0.0
1284.0;25.15;3.5800000000000005;0.0
1285.5;23.425;7.6;0.0
1287.0;23.375;4.06;0.0
1288.5;23.175;8.620000000000001;0.0
1290.0;26.975;7.94;0.0
1291.5;31.4;4.220000000000001;0.0
1293.0;24.05;4.3;0.0
1294.5;28.675;10.899999999999997;0.0
1296.0;27.275;5.740000000000001;0.0
1297.5;24.225;7.380000000000001;0.0
1299.0;23.975;10.059999999999999;0.0
1300.5;27.025;6.5;0.0
1302.0;27.65;3.8400000000000007;0.0
1303.5;24.4;7.979999999999999;0.0
1305.0;25.7;4.62;0.0
1306.5;22.95;4.44;0.0
1308.0;22.9;4.5600000000000005;0.0
1309.5;24.5;6.5200000000000005;0.0
1311.0;26.475;8.379999999999999;0.0
1312.5;24.85;9.86;0.0
1314.0;26.25;4.78;0.0
1315.5;26.925;6.94;0.0
1317.0;28.5;5.300000000000001;0.0
1318.5;27.75;8.639999999999997;0.0
1320.0;22.75;4.64;0.0
1321.5;23.25;5.62;0.0
1323.0;23.4;9.08;0.0
1324.5;29.025;2.8;0.0
1326.0;26.575;5.8;0.0
1327.5;22.975;4.720000000000001;0.0
1329.0;24.85;6.9;0.0
1330.5;23.625;6.32;0.0
1332.0;25.15;4.760000000000001;0.0
1333.5;26.45;3.5200000000000005;0.0
1335.0;30.975;4.44;0.0
1336.5;25.55;5.0600000000000005;0.0
1338.0;22.825;7.06;0.0
1339.5;24.275;9.799999999999997;0.0
1341.0;28.125;7.9;0.0
1342.5;25.65;5.1000000000000005;0.0
1344.0;28.6;6.040000000000001;0.0
1345.5;28.225;7.980000000000001;0.0
1347.0;28.225;5.5200000000000005;0.0
1348.5;30.5;2.68;0.0
1350.0;32.725;4.84;0.0
1351.5;28.725;5.26;0.0
1353.0;28.2;6.180000000000001;0.0
1354.5;30.025;3.8400000000000007;0.0
1356.0;24.15;7.959999999999999;0.0
1357.5;26.875;4.46;0.0
1359.0;24.825;4.58;0.0
1360.5;22.55;8.179999999999998;0.0
1362.0;22.375;4.82;0.0
1363.5;23.0;6.980000000000001;0.0
1365.0;25.075;5.0600000000000005;0.0
1366.5;24.725;9.579999999999998;0.0
1368.0;26.775;3.12;0.0
1369.5;26.55;7.879999999999998;0.0
1371.0;27.7;5.5600000000000005;0.0
1372.5;25.3;4.500000000000001;0.0
1374.0;24.35;6.280000000000001;0.0
1375.5;25.35;4.84;0.0
1377.0;26.85;6.1000000000000005;0.0
1378.5;30.875;4.720000000000001;0.0
1380.0;27.35;7.939999999999998;0.0
1381.5;27.525;2.96;0.0
1383.0;22.325;5.680000000000001;0.0
1384.5;26.625;7.5;0.0
1386.0;25.85;7.980000000000001;0.0
1387.5;24.125;5.0600000000000005;0.0
1389.0;25.075;5.6800000000000015;0.0
1390.5;21.2;10.819999999999999;0.0
1392.0;24.875;2.0;0.0
1393.5;26.4;5.760000000000001;0.0
1395.0;22.525;5.1000000000000005;0.0
1396.5;31.7;6.7;0.0
1398.0;25.15;4.4399999999999995;0.0
1399.5;22.325;6.1000000000000005;0.0
1401.0;31.2;6.779999999999999;0.0
1402.5;27.625;3.3800000000000003;0.0
1404.0;26.9;6.540000000000001;0.0
1405.5;25.65;4.32;0.0
1407.0;25.125;3.84;0.0
1408.5;23.575;2.84;0.0
1410.0;28.025;5.58;0.0
1411.5;27.225;6.5600000000000005;0.0
1413.0;23.25;7.380000000000001;0.0
1414.5;24.6;7.640000000000001;0.0
1416.0;27.25;6.760000000000001;0.0
1417.5;28.525;4.6800000000000015;0.0
1419.0;25.9;3.7600000000000002;0.0
1420.5;24.875;3.9400000000000004;0.0
1422.0;26.85;5.220000000000001;0.0
1423.5;23.6;7.179999999999998;0.0
1425.0;21.6;5.500000000000001;0.0
1426.5;26.9;4.320000000000001;0.0
1428.0;27.15;5.260000000000001;0.0
1429.5;29.475;3.4400000000000004;0.0
1431.0;30.625;6.0200000000000005;0.0
1432.5;24.925;8.479999999999999;0.0
1434.0;23.4;8.56;0.0
1435.5;27.825;6.540000000000001;0.0
1437.0;26.525;3.4;0.0
1438.5;25.55;5.58;0.0
1440.0;25.4;6.44;0.0
1441.5;25.15;4.32;0.0
1443.0;22.075;10.7;0.0
1444.5;25.875;2.2600000000000002;0.0
1446.0;27.25;5.36;0.0
1447.5;26.475;5.44;0.0
1449.0;25.75;3.7600000000000002;0.0
1450.5;28.475;6.160000000000001;0.0
1452.0;28.975;3.84;0.0
1453.5;25.625;4.720000000000001;0.0
1455.0;24.85;6.220000000000001;0.0
1456.5;26.2;7.720000000000001;0.0
1458.0;27.275;4.3;0.0
1459.5;26.35;8.78;0.0
1461.0;28.675;8.059999999999999;0.0
1462.5;27.275;6.62;0.0
1464.0;25.475;5.58;0.0
1465.5;23.15;6.020000000000001;0.0
1467.0;26.2;4.3;0.0
1468.5;27.7;7.5;0.0
1470.0;27.9;7.8199999999999985;0.0
1471.5;19.85;2.9200000000000004;0.0
1473.0;24.6;5.82;0.0
1474.5;24.65;7.720000000000001;0.0
1476.0;28.65;10.12;0.0
1477.5;24.7;6.380000000000001;0.0
1479.0;27.3;2.9799999999999995;0.0
1480.5;26.05;2.7;0.0
1482.0;27.925;5.5200000000000005;0.0
1483.5;28.925;4.9;0.0
1485.0;26.175;5.32;0.0
1486.5;27.675;9.299999999999999;0.0
1488.0;23.35;6.780000000000001;0.0
1489.5;21.7;7.38;0.0
1491.0;25.65;5.640000000000001;0.0
1492.5;28.325;6.6;0.0
1494.0;26.125;7.1;0.0
1495.5;26.35;6.04;0.0
1497.0;28.8;8.319999999999999;0.0
1498.5;28.975;3.7800000000000002;0.0
1500.0;30.3;5.1;0.0
1501.5;30.55;5.340000000000001;0.0
1503.0;24.525;5.640000000000001;0.0
1504.5;22.975;5.32;0.0
1506.0;24.525;4.86;0.0
1507.5;33.425;7.159999999999999;0.0
1509.0;24.55;3.96;0.0
1510.5;28.325;3.06;0.0
1512.0;24.4;9.539999999999997;0.0
1513.5;26.825;5.66;0.0
1515.0;24.775;7.8199999999999985;0.0
1516.5;26.075;4.500000000000001;0.0
1518.0;26.1;5.760000000000001;0.0
1519.5;27.075;4.500000000000001;0.0
1521.0;23.55;8.419999999999998;0.0
1522.5;28.35;8.6;0.0
1524.0;21.9;5.96;0.0
1525.5;23.725;11.779999999999998;0.0
1527.0;23.925;6.420000000000002;0.0
1528.5;23.35;5.180000000000001;0.0
1530.0;24.775;5.500000000000001;0.0
1531.5;25.5;4.840000000000001;0.0
1533.0;23.3;5.180000000000001;0.0
1534.5;23.5;8.7;0.0
1536.0;23.675;6.5200000000000005;0.0
1537.5;24.225;5.1;0.0
1539.0;28.1;7.68;0.0
1540.5;27.975;4.46;0.0
1542.0;27.85;5.2;0.0
1543.5;25.15;5.5200000000000005;0.0
1545.0;24.8;4.18;0.0
1546.5;28.025;2.46;0.0
1548.0;27.675;6.08;0.0
1549.5;25.225;5.740000000000001;0.0
1551.0;23.075;2.8400000000000007;0.0
1552.5;23.3;5.1;0.0
1554.0;29.95;4.18;0.0
1555.5;22.275;11.94;0.0
1557.0;27.725;3.0;0.0
1558.5;25.825;4.94;0.0
1560.0;28.7;2.54;0.0
1561.5;28.4;4.4;0.0
1563.0;29.85;0.0;0.0
1564.5;26.875;5.08;0.0
1566.0;27.425;6.32;0.0
1567.5;23.15;6.300000000000001;0.0
1569.0;20.825;2.8600000000000003;0.0
1570.5;24.725;7.6;0.0
1572.0;25.875;6.12;0.0
1573.5;23.1;5.700000000000001;0.0
1575.0;28.8;3.4;0.0
1576.5;27.025;5.82;0.0
1578.0;27.475;3.560000000000001;0.0
1579.5;25.15;4.5200000000000005;0.0
1581.0;24.9;3.4200000000000004;0.0
1582.5;24.325;6.36;0.0
1584.0;23.925;5.380000000000001;0.0
1585.5;23.6;5.5600000000000005;0.0
1587.0;29.075;4.1400000000000015;0.0
1588.5;29.325;4.12;0.0
1590.0;26.975;3.12;0.0
1591.5;25.125;4.5600000000000005;0.0
1593.0;31.5;6.980000000000001;0.0
1594.5;28.725;7.62;0.0
1596.0;26.7;4.96;0.0
1597.5;29.75;4.5200000000000005;0.0
1599.0;23.75;4.12;0.0
1600.5;23.15;5.0600000000000005;0.0
1602.0;21.475;2.2600000000000002;0.0
1603.5;24.1;4.98;0.0
1605.0;28.175;5.24;0.0
1606.5;28.675;6.9;0.0
1608.0;25.775;3.900000000000001;0.0
1609.5;26.525;3.1;0.0
1611.0;27.175;1.9600000000000002;0.0
1612.5;25.3;5.700000000000001;0.0
1614.0;24.425;4.04;0.0
1615.5;26.9;6.619999999999999;0.0
1617.0;26.825;6.280000000000001;0.0
1618.5;22.325;6.5600000000000005;0.0
1620.0;25.975;8.3;0.0
1621.5;24.65;7.0;0.0
1623.0;24.65;4.500000000000001;0.0
1624.5;24.65;3.9200000000000004;0.0
1626.0;23.95;6.6;0.0
1627.5;28.65;4.38;0.0
1629.0;25.0;3.96;0.0
1630.5;25.825;3.06;0.0
1632.0;23.225;6.94;0.0
1633.5;26.2;8.0;0.0
1635.0;23.575;5.74;0.0
1636.5;25.45;6.459999999999999;0.0
1638.0;24.475;5.16;0.0
1639.5;25.475;5.300000000000001;0.0
1641.0;26.625;3.62;0.0
1642.5;24.9;6.160000000000001;0.0
1644.0;23.0;6.42;0.0
1645.5;24.775;4.92;0.0
1647.0;26.125;5.86;0.0
1648.5;24.375;5.640000000000001;0.0
1650.0;25.025;5.000000000000001;0.0
1651.5;25.025;6.960000000000001;0.0
1653.0;22.6;4.92;0.0
1654.5;30.075;4.0200000000000005;0.0
1656.0;26.125;5.300000000000001;0.0
1657.5;28.175;4.640000000000001;0.0
1659.0;29.475;4.840000000000001;0.0
1660.5;26.45;4.180000000000001;0.0
1662.0;25.575;4.98;0.0
1663.5;27.3;9.72;0.0
1665.0;25.125;5.36;0.0
1666.5;22.625;4.5600000000000005;0.0
1668.0;26.65;6.6800000000000015;0.0
1669.5;26.925;3.4;0.0
1671.0;25.175;6.540000000000001;0.0
1672.5;24.55;4.1;0.0
1674.0;23.025;5.080000000000001;0.0
1675.5;25.125;6.180000000000001;0.0
1677.0;27.2;6.820000000000002;0.0
1678.5;26.075;4.840000000000001;0.0
1680.0;28.725;5.340000000000002;0.0
1681.5;27.5;5.64;0.0
1683.0;25.525;5.620000000000001;0.0
1684.5;22.45;11.599999999999998;0.0
1686.0;28.125;7.879999999999998;0.0
1687.5;24.275;8.219999999999999;0.0
1689.0;21.925;7.7;0.0
1690.5;22.725;5.620000000000001;0.0
1692.0;26.575;4.32;0.0
1693.5;29.025;6.080000000000001;0.0
1695.0;23.325;7.640000000000001;0.0
1696.5;26.6;6.1000000000000005;0.0
1698.0;23.25;3.7600000000000002;0.0
1699.5;24.225;7.280000000000001;0.0
1701.0;24.15;3.78;0.0
1702.5;26.5;3.3;0.0
1704.0;25.75;5.44;0.0
1705.5;30.15;5.78;0.0
1707.0;22.35;3.3200000000000003;0.0
1708.5;22.75;5.58;0.0
1710.0;28.05;3.7600000000000002;0.0
1711.5;23.15;6.7;0.0
1713.0;26.575;3.1000000000000005;0.0
1714.5;26.275;5.32;0.0
1716.0;24.35;5.8;0.0
1717.5;25.975;6.300000000000001;0.0
1719.0;29.025;3.66;0.0
1720.5;23.775;7.56;0.0
1722.0;27.15;6.640000000000001;0.0
1723.5;29.025;3.66;0.0
1725.0;23.975;9.319999999999999;0.0
1726.5;26.6;5.840000000000001;0.0
1728.0;24.975;3.7;0.0
1729.5;22.95;2.46;0.0
1731.0;26.95;5.78;0.0
1732.5;21.125;5.58;0.0
1734.0;24.15;5.9;0.0
1735.5;26.175;2.900000000000001;0.0
1737.0;26.95;6.640000000000001;0.0
1738.5;25.975;1.64;0.0
1740.0;27.45;4.98;0.0
1741.5;22.2;7.1800000000000015;0.0
1743.0;24.925;5.24;0.0
1744.5;29.975;9.499999999999998;0.0
1746.0;27.925;4.180000000000001;0.0
1747.5;25.35;6.0200000000000005;0.0
1749.0;24.825;7.220000000000001;0.0
1750.5;21.65;4.660000000000001;0.0
1752.0;25.9;3.5799999999999996;0.0
1753.5;24.375;5.18;0.0
1755.0;24.3;5.12;0.0
1756.5;30.625;3.6800000000000006;0.0
1758.0;29.275;7.640000000000001;0.0
1759.5;27.3;6.74;0.0
1761.0;24.725;5.82;0.0
1762.5;28.675;5.78;0.0
1764.0;23.5;6.5;0.0
1765.5;26.725;5.32;0.0
1767.0;25.525;8.659999999999998;0.0
1768.5;24.725;5.24;0.0
1770.0;27.625;5.84;0.0
1771.5;23.4;7.139999999999999;0.0
1773.0;20.775;6.840000000000001;0.0
1774.5;26.875;4.32;0.0
1776.0;30.425;3.5200000000000005;0.0
1777.5;24.825;6.6800000000000015;0.0
1779.0;29.625;5.4;0.0
1780.5;26.975;6.94;0.0
1782.0;25.05;7.9799999999999995;0.0
1783.5;25.975;7.079999999999998;0.0
1785.0;27.65;4.880000000000001;0.0
1786.5;26.775;6.5600000000000005;0.0
1788.0;25.5;4.16;0.0
1789.5;24.075;5.340000000000001;0.0
1791.0;22.9;6.0600000000000005;0.0
1792.5;26.325;8.719999999999999;0.0
1794.0;24.225;3.84;0.0
1795.5;25.65;4.12;0.0
1797.0;27.9;3.5200000000000005;0.0
1798.5;24.075;3.2600000000000002;0.0
1800.0;23.575;7.620000000000002;0.0
1801.5;24.7;3.78;0.0
1803.0;27.95;7.38;0.0
1804.5;27.95;2.8400000000000007;0.0
1806.0;28.425;4.840000000000001;0.0
1807.5;27.6;4.9;0.0
1809.0;25.925;2.18;0.0
1810.5;27.025;3.2;0.0
1812.0;26.525;7.2200000000000015;0.0
1813.5;25.025;4.0600000000000005;0.0
1815.0;28.225;6.74;0.0
1816.5;25.275;5.0200000000000005;0.0
1818.0;26.65;4.18;0.0
1819.5;23.0;5.840000000000001;0.0
1821.0;29.975;5.4399999999999995;0.0
1822.5;28.575;4.24;0.0
1824.0;27.725;2.6399999999999997;0.0
1825.5;26.525;6.959999999999999;0.0
1827.0;24.2;8.02;0.0
1828.5;25.475;2.78;0.0
1830.0;28.825;7.12;0.0
1831.5;27.225;5.220000000000001;0.0
1833.0;27.3;3.3000000000000007;0.0
1834.5;25.525;3.72;0.0
1836.0;29.75;5.9;0.0
1837.5;26.05;4.1000000000000005;0.0
1839.0;26.725;5.960000000000001;0.0
1840.5;22.3;4.5200000000000005;0.0
1842.0;25.825;6.779999999999999;0.0
1843.5;23.25;3.4200000000000004;0.0
1845.0;24.725;2.9800000000000004;0.0
1846.5;25.9;7.739999999999999;0.0
1848.0;26.375;6.840000000000001;0.0
1849.5;21.0;3.12;0.0
1851.0;18.675;8.739999999999998;0.0
1852.5;29.575;7.819999999999998;0.0
1854.0;31.075;4.7;0.0
1855.5;27.625;3.8199999999999994;0.0
1857.0;29.325;4.44;0.0
1858.5;23.85;3.5800000000000005;0.0
1860.0;22.825;6.660000000000001;0.0
1861.5;29.75;6.1;0.0
1863.0;25.325;5.140000000000001;0.0
1864.5;24.1;5.8;0.0
1866.0;24.9;3.4200000000000004;0.0
1867.5;20.475;5.08;0.0
1869.0;24.55;8.2;0.0
1870.5;26.875;5.82;0.0
1872.0;29.75;4.040000000000001;0.0
1873.5;23.1;5.940000000000001;0.0
1875.0;26.85;4.12;0.0
1876.5;25.0;5.66;0.0
1878.0;27.225;7.639999999999999;0.0
1879.5;30.25;6.36;0.0
1881.0;29.425;5.44;0.0
1882.5;26.7;3.5200000000000005;0.0
1884.0;27.7;5.98;0.0
1885.5;25.625;4.36;0.0
1887.0;29.5;7.1800000000000015;0.0
1888.5;26.875;4.480000000000001;0.0
1890.0;26.7;4.760000000000001;0.0
1891.5;25.15;5.96;0.0
1893.0;29.775;4.7;0.0
1894.5;25.575;6.24;0.0
1896.0;25.375;2.1799999999999997;0.0
1897.5;25.025;3.38;0.0
1899.0;27.9;7.88;0.0
1900.5;28.4;2.9200000000000004;0.0
1902.0;27.05;5.92;0.0
1903.5;28.85;4.92;0.0
1905.0;26.95;4.880000000000001;0.0
1906.5;27.9;3.3600000000000003;0.0
1908.0;26.775;1.4;0.0
1909.5;28.1;4.78;0.0
1911.0;27.425;4.4;0.0
1912.5;25.9;4.86;0.0
1914.0;24.375;6.56;0.0
1915.5;26.5;5.78;0.0
1917.0;26.075;3.6399999999999997;0.0
1918.5;22.2;2.44;0.0
1920.0;21.7;4.660000000000001;0.0
1921.5;25.45;7.5;0.0
1923.0;21.8;5.2;0.0
1924.5;29.225;6.24;0.0
1926.0;27.9;5.46;0.0
1927.5;27.225;2.2399999999999998;0.0
1929.0;26.3;3.66;0.0
1930.5;27.625;6.540000000000001;0.0
1932.0;26.025;2.04;0.0
1933.5;27.25;9.84;0.0
1935.0;23.55;4.760000000000001;0.0
1936.5;28.625;7.280000000000001;0.0
1938.0;25.725;3.04;0.0
1939.5;24.95;4.9;0.0
1941.0;26.0;7.840000000000001;0.0
1942.5;25.15;2.6;0.0
1944.0;27.25;4.7;0.0
1945.5;29.275;6.26;0.0
1947.0;32.35;3.06;0.0
1948.5;25.6;4.5600000000000005;0.0
1950.0;27.475;5.46;0.0
1951.5;27.8;5.08;0.0
1953.0;27.6;3.4400000000000004;0.0
1954.5;27.75;5.9;0.0
1956.0;23.6;4.460000000000001;0.0
1957.5;26.4;6.6800000000000015;0.0
1959.0;25.6;3.4400000000000004;0.0
1960.5;29.05;7.780000000000001;0.0
1962.0;26.95;4.84;0.0
1963.5;25.975;5.0600000000000005;0.0
1965.0;26.8;4.86;0.0
1966.5;28.85;3.0;0.0
1968.0;21.05;5.340000000000002;0.0
1969.5;26.35;6.68;0.0
1971.0;25.45;6.640000000000001;0.0
1972.5;25.925;1.06;0.0
1974.0;26.775;8.68;0.0
1975.5;32.65;3.8600000000000003;0.0
1977.0;22.475;4.86;0.0
1978.5;23.625;5.040000000000001;0.0
1980.0;19.875;7.9799999999999995;0.0
1981.5;29.225;3.3600000000000003;0.0
1983.0;27.3;3.66;0.0
1984.5;29.775;6.26;0.0
1986.0;25.1;4.8;0.0
1987.5;29.975;3.9;0.0
1989.0;27.525;6.5;0.0
1990.5;30.325;4.380000000000001;0.0
1992.0;24.75;4.0600000000000005;0.0
1993.5;23.3;5.28;0.0
1995.0;22.675;7.879999999999998;0.0
1996.5;24.2;8.26;0.0
1998.0;24.125;5.46;0.0
1999.5;25.175;6.720000000000001;0.0
2001.0;23.2;0.0;0.0
2002.5;28.5;5.58;0.0
2004.0;26.725;6.380000000000001;0.0
2005.5;24.275;3.12;0.0
2007.0;26.35;6.9;0.0
2008.5;24.875;8.620000000000001;0.0
2010.0;26.75;6.1000000000000005;0.0
2011.5;30.1;3.06;0.0
2013.0;28.05;8.3;0.0
2014.5;27.65;5.9799999999999995;0.0
2016.0;24.675;3.7400000000000007;0.0
2017.5;25.55;5.0600000000000005;0.0
2019.0;22.95;5.760000000000001;0.0
2020.5;26.425;2.2;0.0
2022.0;27.175;9.879999999999999;0.0
2023.5;24.625;7.040000000000001;0.0
2025.0;27.325;4.700000000000001;0.0
2026.5;26.35;3.96;0.0
2028.0;29.6;4.140000000000001;0.0
2029.5;31.425;4.42;0.0
2031.0;23.85;4.7;0.0
2032.5;28.85;10.34;0.0
2034.0;29.925;7.76;0.0
2035.5;26.4;10.9;0.0
2037.0;21.0;6.44;0.0
2038.5;27.475;3.5800000000000005;0.0
2040.0;25.875;3.62;0.0
2041.5;28.625;6.320000000000002;0.0
2043.0;24.525;7.58;0.0
2044.5;21.8;5.32;0.0
2046.0;25.25;5.48;0.0
2047.5;22.225;4.140000000000001;0.0
2049.0;21.275;9.239999999999998;0.0
2050.5;26.075;2.66;0.0
2052.0;22.9;6.92;0.0
2053.5;24.775;7.640000000000001;0.0
2055.0;22.8;5.76;0.0
2056.5;28.7;7.0;0.0
2058.0;29.225;7.7;0.0
2059.5;26.25;8.18;0.0
2061.0;24.175;3.8199999999999994;0.0
2062.5;23.725;7.1800000000000015;0.0
2064.0;25.35;10.059999999999999;0.0
2065.5;25.625;7.74;0.0
2067.0;27.9;6.960000000000001;0.0
2068.5;25.975;4.3;0.0
2070.0;25.2;5.5;0.0
2071.5;24.5;3.96;0.0
2073.0;26.85;4.600000000000001;0.0
2074.5;26.7;6.080000000000001;0.0
2076.0;26.675;6.9799999999999995;0.0
2077.5;25.55;7.2;0.0
2079.0;25.2;6.160000000000001;0.0
2080.5;22.125;7.38;0.0
2082.0;26.625;5.92;0.0
2083.5;25.45;3.3200000000000003;0.0
2085.0;26.525;8.280000000000001;0.0
2086.5;25.475;5.5200000000000005;0.0
2088.0;28.475;6.220000000000001;0.0
2089.5;27.275;2.7600000000000002;0.0
2091.0;26.4;5.340000000000002;0.0
2092.5;24.325;5.779999999999999;0.0
2094.0;26.15;1.3199999999999998;0.0
2095.5;26.125;3.5;0.0
2097.0;24.8;6.6;0.0
2098.5;26.725;3.72;0.0
2100.0;21.775;2.8;0.0
2101.5;27.6;4.26;0.0
2103.0;24.425;5.4;0.0
2104.5;26.275;6.3;0.0
2106.0;27.775;3.9;0.0
2107.5;23.675;4.960000000000001;0.0
2109.0;25.775;4.92;0.0
2110.5;28.775;7.2399999999999975;0.0
2112.0;26.45;4.78;0.0
2113.5;21.475;8.16;0.0
2115.0;23.0;7.56;0.0
2116.5;23.45;7.06;0.0
2118.0;25.25;2.98;0.0
2119.5;23.375;3.620000000000001;0.0
2121.0;21.075;4.86;0.0
2122.5;21.55;3.62;0.0
2124.0;23.95;3.3000000000000007;0.0
2125.5;25.15;4.800000000000001;0.0
2127.0;26.075;4.800000000000001;0.0
2128.5;27.15;4.5;0.0
2130.0;21.9;4.720000000000001;0.0
2131.5;26.225;7.539999999999999;0.0
2133.0;29.45;3.4;0.0
2134.5;26.1;4.960000000000001;0.0
2136.0;24.875;3.96;0.0
2137.5;25.625;5.0600000000000005;0.0
2139.0;26.0;6.16;0.0
2140.5;23.375;4.1000000000000005;0.0
2142.0;21.275;5.300000000000001;0.0
2143.5;27.0;6.220000000000001;0.0
2145.0;28.475;7.760000000000001;0.0
2146.5;24.125;7.260000000000001;0.0
2148.0;25.525;5.180000000000001;0.0
2149.5;29.975;9.5;0.0
2151.0;21.15;3.4;0.0
2152.5;26.2;6.5;0.0
2154.0;27.425;4.480000000000001;0.0
2155.5;24.325;4.9799999999999995;0.0
2157.0;27.725;5.16;0.0
2158.5;25.2;5.420000000000001;0.0
2160.0;22.55;4.78;0.0
2161.5;26.2;7.719999999999999;0.0
2163.0;27.8;3.2800000000000002;0.0
2164.5;27.05;4.380000000000001;0.0
2166.0;28.725;5.340000000000001;0.0
2167.5;28.2;7.239999999999999;0.0
2169.0;23.95;6.0200000000000005;0.0
2170.5;26.425;5.76;0.0
2172.0;23.125;2.6799999999999997;0.0
2173.5;27.275;4.180000000000001;0.0
2175.0;25.975;9.440000000000001;0.0
2176.5;29.65;8.52;0.0
2178.0;26.575;4.86;0.0
2179.5;29.35;6.859999999999999;0.0
2181.0;25.55;6.1000000000000005;0.0
2182.5;25.225;8.879999999999999;0.0
2184.0;25.575;8.9;0.0
2185.5;27.075;7.6;0.0
2187.0;28.775;7.0200000000000005;0.0
2188.5;27.8;3.72;0.0
2190.0;26.975;4.9;0.0
2191.5;26.675;4.92;0.0
2193.0;27.575;7.68;0.0
2194.5;29.8;8.680000000000001;0.0
2196.0;27.5;4.86;0.0
2197.5;25.825;6.959999999999999;0.0
2199.0;24.5;1.9400000000000002;0.0
2200.5;23.725;6.44;0.0
2202.0;29.65;3.72;0.0
2203.5;27.3;3.0;0.0
2205.0;30.75;3.2600000000000002;0.0
2206.5;29.75;5.32;0.0
2208.0;24.975;5.480000000000001;0.0
2209.5;24.375;4.98;0.0
2211.0;27.525;3.4800000000000013;0.0
2212.5;29.275;5.48;0.0
2214.0;25.75;6.0600000000000005;0.0
2215.5;24.875;7.5200000000000005;0.0
2217.0;26.525;5.92;0.0
2218.5;23.775;4.880000000000001;0.0
2220.0;24.9;3.960000000000001;0.0
2221.5;25.875;12.019999999999998;0.0
2223.0;28.225;6.26;0.0
2224.5;25.65;2.66;0.0
2226.0;26.725;7.659999999999999;0.0
2227.5;28.875;7.220000000000001;0.0
2229.0;28.9;2.72;0.0
2230.5;23.125;6.7;0.0
2232.0;23.3;4.12;0.0
2233.5;28.275;8.02;0.0
2235.0;25.85;3.12;0.0
2236.5;24.45;7.1;0.0
2238.0;22.625;6.56;0.0
2239.5;27.1;6.980000000000001;0.0
2241.0;27.225;6.12;0.0
2242.5;29.325;3.3000000000000007;0.0
2244.0;23.8;5.92;0.0
2245.5;24.2;5.840000000000001;0.0
2247.0;29.0;5.380000000000001;0.0
2248.5;29.825;7.38;0.0
2250.0;25.05;6.88;0.0
2251.5;25.75;5.840000000000001;0.0
2253.0;21.075;2.5799999999999996;0.0
2254.5;21.975;5.78;0.0
2256.0;22.725;4.840000000000001;0.0
2257.5;22.575;5.66;0.0
2259.0;24.95;5.64;0.0
2260.5;25.25;6.300000000000001;0.0
2262.0;27.225;5.220000000000001;0.0
2263.5;25.025;8.199999999999998;0.0
2265.0;21.625;9.02;0.0
2266.5;27.35;8.479999999999999;0.0
2268.0;23.725;3.1;0.0
2269.5;25.475;9.84;0.0
2271.0;25.35;7.2200000000000015;0.0
2272.5;24.325;8.28;0.0
2274.0;24.025;3.1000000000000005;0.0
2275.5;25.25;5.500000000000001;0.0
2277.0;25.95;5.2;0.0
2278.5;23.225;6.600000000000001;0.0
2280.0;28.925;5.960000000000001;0.0
2281.5;27.725;3.5;0.0
2283.0;25.475;8.72;0.0
2284.5;22.025;5.0600000000000005;0.0
2286.0;22.7;4.66;0.0
2287.5;26.175;5.58;0.0
2289.0;26.975;4.9;0.0
2290.5;27.325;4.5;0.0
2292.0;26.425;4.1000000000000005;0.0
2293.5;26.15;9.219999999999999;0.0
2295.0;22.625;5.340000000000001;0.0
2296.5;23.675;6.3;0.0
2298.0;27.625;3.66;0.0
2299.5;24.175;9.16;0.0
2301.0;28.275;1.86;0.0
2302.5;25.65;6.94;0.0
2304.0;30.575;7.1;0.0
2305.5;25.95;4.340000000000001;0.0
2307.0;24.9;6.9;0.0
2308.5;27.45;9.339999999999998;0.0
2310.0;23.675;6.9;0.0
2311.5;26.15;3.12;0.0
2313.0;25.175;8.239999999999998;0.0
2314.5;26.375;7.12;0.0
2316.0;23.4;4.760000000000001;0.0
2317.5;27.2;4.8;0.0
2319.0;26.7;8.1;0.0
2320.5;28.2;5.5200000000000005;0.0
2322.0;24.625;4.58;0.0
2323.5;25.225;6.859999999999999;0.0
2325.0;27.375;4.94;0.0
2326.5;25.4;4.78;0.0
2328.0;21.7;4.380000000000001;0.0
2329.5;26.15;6.6800000000000015;0.0
2331.0;26.675;5.3;0.0
2332.5;25.275;6.36;0.0
2334.0;25.575;6.5;0.0
2335.5;24.3;5.160000000000001;0.0
2337.0;26.9;4.46;0.0
2338.5;28.0;6.760000000000001;0.0
2340.0;27.375;4.92;0.0
2341.5;28.375;3.06;0.0
2343.0;26.375;6.44;0.0
2344.5;30.025;6.26;0.0
2346.0;26.8;4.720000000000001;0.0
2347.5;27.875;8.02;0.0
2349.0;27.525;6.92;0.0
2350.5;24.0;8.3;0.0
2352.0;25.95;7.380000000000001;0.0
2353.5;25.125;3.9200000000000004;0.0
2355.0;25.65;3.9799999999999995;0.0
2356.5;26.725;8.419999999999998;0.0
2358.0;26.475;4.5200000000000005;0.0
2359.5;25.475;1.9799999999999998;0.0
2361.0;26.675;5.040000000000001;0.0
2362.5;25.025;9.62;0.0
2364.0;22.375;5.18;0.0
2365.5;24.625;4.16;0.0
2367.0;23.825;4.720000000000001;0.0
2368.5;25.175;10.379999999999997;0.0
2370.0;28.35;4.44;0.0
2371.5;28.775;4.180000000000001;0.0
2373.0;24.05;7.3;0.0
2374.5;25.875;6.1;0.0
2376.0;27.0;3.9200000000000004;0.0
2377.5;26.9;3.4200000000000004;0.0
2379.0;27.075;8.42;0.0
2380.5;24.775;3.3;0.0
2382.0;23.25;13.619999999999994;0.0
2383.5;22.1;4.5;0.0
2385.0;23.525;5.46;0.0
2386.5;23.675;4.120000000000001;0.0
2388.0;26.425;4.3;0.0
2389.5;27.975;7.26;0.0
2391.0;25.225;3.3200000000000003;0.0
2392.5;23.425;7.3;0.0
2394.0;25.225;7.06;0.0
2395.5;24.525;7.2;0.0
2397.0;24.875;6.180000000000001;0.0
2398.5;28.075;4.0;0.0
2400.0;28.425;7.760000000000001;0.0
2401.5;24.425;5.380000000000001;0.0
2403.0;25.55;5.6000000000000005;0.0
2404.5;24.6;4.640000000000001;0.0
2406.0;23.65;4.700000000000001;0.0
2407.5;24.25;6.780000000000001;0.0
2409.0;24.95;6.779999999999999;0.0
2410.5;27.575;3.22;0.0
2412.0;24.8;4.840000000000001;0.0
2413.5;28.85;5.98;0.0
2415.0;26.025;6.320000000000001;0.0
2416.5;27.175;3.96;0.0
2418.0;23.225;4.420000000000001;0.0
2419.5;27.25;6.140000000000001;0.0
2421.0;25.65;8.16;0.0
2422.5;26.375;0.45999999999999996;0.0
2424.0;26.575;4.32;0.0
2425.5;24.1;5.94;0.0
2427.0;28.95;5.86;0.0
2428.5;25.1;6.6800000000000015;0.0
2430.0;25.9;3.7000000000000006;0.0
2431.5;28.8;4.98;0.0
2433.0;27.025;3.5200000000000005;0.0
2434.5;27.925;6.92;0.0
2436.0;26.325;6.4;0.0
2437.5;27.2;5.360000000000001;0.0
2439.0;28.325;6.76;0.0
2440.5;26.575;5.12;0.0
2442.0;23.925;5.0600000000000005;0.0
2443.5;27.325;5.5600000000000005;0.0
2445.0;26.1;7.44;0.0
2446.5;25.5;5.44;0.0
2448.0;26.5;5.5600000000000005;0.0
2449.5;27.4;4.74;0.0
2451.0;25.1;5.5;0.0
2452.5;23.275;7.4799999999999995;0.0
2454.0;25.9;4.800000000000001;0.0
2455.5;23.675;6.300000000000001;0.0
2457.0;23.55;7.360000000000001;0.0
2458.5;25.475;5.160000000000001;0.0
2460.0;25.25;5.620000000000001;0.0
2461.5;27.325;7.459999999999999;0.0
2463.0;25.675;3.72;0.0
2464.5;21.825;7.959999999999999;0.0
2466.0;27.65;7.12;0.0
2467.5;25.425;4.5600000000000005;0.0
2469.0;25.675;2.8600000000000003;0.0
2470.5;27.8;4.180000000000001;0.0
2472.0;25.375;3.72;0.0
2473.5;26.85;4.62;0.0
2475.0;27.175;5.24;0.0
2476.5;23.75;5.24;0.0
2478.0;23.0;6.24;0.0
2479.5;28.925;4.0600000000000005;0.0
2481.0;29.3;5.880000000000001;0.0
2482.5;26.825;6.580000000000001;0.0
2484.0;23.475;6.18;0.0
2485.5;26.225;5.140000000000001;0.0
2487.0;26.975;6.980000000000001;0.0
2488.5;23.8;7.9;0.0
2490.0;24.525;9.58;0.0
2491.5;27.325;5.720000000000001;0.0
2493.0;23.675;6.42;0.0
2494.5;24.15;9.099999999999998;0.0
2496.0;24.2;4.44;0.0
2497.5;24.15;5.1000000000000005;0.0
2499.0;28.7;7.640000000000001;0.0
2500.5;28.725;2.66;0.0
2502.0;26.425;4.12;0.0
2503.5;25.675;3.78;0.0
2505.0;26.65;5.5600000000000005;0.0
2506.5;28.7;4.58;0.0
2508.0;27.225;8.36;0.0
2509.5;25.925;6.659999999999999;0.0
2511.0;31.375;7.5;0.0
2512.5;24.7;5.4399999999999995;0.0
2514.0;25.1;5.1000000000000005;0.0
2515.5;26.525;6.300000000000001;0.0
2517.0;25.225;6.760000000000001;0.0
2518.5;27.6;3.8400000000000007;0.0
2520.0;28.525;6.4;0.0
2521.5;23.825;4.480000000000001;0.0
2523.0;24.1;4.44;0.0
2524.5;26.125;8.26;0.0
2526.0;25.6;4.66;0.0
2527.5;29.425;3.0;0.0
2529.0;25.65;6.08;0.0
2530.5;27.825;6.2;0.0
2532.0;29.1;4.540000000000001;0.0
2533.5;25.125;8.020000000000001;0.0
2535.0;23.075;3.560000000000001;0.0
2536.5;25.325;4.220000000000001;0.0
2538.0;23.8;5.040000000000001;0.0
2539.5;24.0;6.080000000000001;0.0
2541.0;24.625;8.600000000000001;0.0
2542.5;31.675;4.5200000000000005;0.0
2544.0;27.8;6.1000000000000005;0.0
2545.5;23.275;6.639999999999999;0.0
2547.0;26.125;6.260000000000001;0.0
2548.5;28.25;5.779999999999999;0.0
2550.0;23.425;4.58;0.0
2551.5;26.4;8.34;0.0
2553.0;28.45;4.380000000000001;0.0
2554.5;24.625;4.7;0.0
2556.0;25.175;5.26;0.0
2557.5;27.125;8.14;0.0
2559.0;23.85;6.2;0.0
2560.5;27.975;4.58;0.0
2562.0;24.575;5.880000000000001;0.0
2563.5;28.325;4.840000000000001;0.0
2565.0;30.1;4.960000000000001;0.0
2566.5;29.7;5.12;0.0
2568.0;26.675;5.5200000000000005;0.0
2569.5;24.65;7.459999999999999;0.0
2571.0;30.1;7.220000000000001;0.0
2572.5;29.025;3.3599999999999994;0.0
2574.0;25.35;9.04;0.0
2575.5;27.5;2.66;0.0
2577.0;29.0;5.32;0.0
2578.5;29.3;4.0600000000000005;0.0
2580.0;26.65;5.160000000000001;0.0
2581.5;24.5;4.5600000000000005;0.0
2583.0;24.7;4.9;0.0
2584.5;28.575;5.9399999999999995;0.0
2586.0;28.0;6.0600000000000005;0.0
2587.5;25.75;7.739999999999999;0.0
2589.0;25.65;3.56;0.0
2590.5;25.4;5.6800000000000015;0.0
2592.0;23.5;4.86;0.0
2593.5;22.05;6.459999999999999;0.0
2595.0;27.4;10.419999999999998;0.0
2596.5;23.275;2.8;0.0
2598.0;26.2;10.72;0.0
2599.5;29.5;6.380000000000001;0.0
2601.0;27.9;5.5200000000000005;0.0
2602.5;25.2;4.1000000000000005;0.0
2604.0;27.725;6.26;0.0
2605.5;27.1;5.26;0.0
2607.0;27.925;5.26;0.0
2608.5;29.0;4.58;0.0
2610.0;25.475;7.640000000000001;0.0
2611.5;24.925;9.559999999999999;0.0
2613.0;24.725;3.3000000000000007;0.0
2614.5;24.15;8.600000000000001;0.0
2616.0;30.55;7.76;0.0
2617.5;27.7;2.2399999999999998;0.0
2619.0;26.225;5.680000000000001;0.0
2620.5;24.375;7.1800000000000015;0.0
2622.0;24.75;5.12;0.0
2623.5;27.35;4.140000000000001;0.0
2625.0;25.75;5.840000000000002;0.0
2626.5;25.425;6.720000000000001;0.0
2628.0;25.0;9.459999999999999;0.0
2629.5;27.225;4.48;0.0
2631.0;27.8;4.92;0.0
2632.5;29.575;6.340000000000001;0.0
2634.0;26.575;5.04;0.0
2635.5;25.6;4.66;0.0
2637.0;25.65;4.82;0.0
2638.5;26.675;6.24;0.0
2640.0;27.1;7.159999999999999;0.0
2641.5;25.425;5.24;0.0
2643.0;24.85;3.3800000000000003;0.0
2644.5;30.35;4.62;0.0
2646.0;28.375;3.7800000000000002;0.0
2647.5;24.8;8.7;0.0
2649.0;26.5;6.7;0.0
2650.5;24.225;3.8400000000000007;0.0
2652.0;27.175;1.86;0.0
2653.5;30.45;5.5200000000000005;0.0
2655.0;28.575;5.220000000000001;0.0
2656.5;24.925;6.4799999999999995;0.0
2658.0;29.25;5.0200000000000005;0.0
2659.5;25.5;4.58;0.0
2661.0;26.4;4.66;0.0
2662.5;24.6;4.840000000000001;0.0
2664.0;28.025;6.540000000000001;0.0
2665.5;25.875;6.760000000000001;0.0
2667.0;23.4;7.12;0.0
2668.5;25.4;7.220000000000001;0.0
2670.0;22.4;2.84;0.0
2671.5;25.325;4.92;0.0
2673.0;26.55;4.58;0.0
2674.5;26.475;2.46;0.0
2676.0;26.15;6.960000000000001;0.0
2677.5;23.975;7.459999999999999;0.0
2679.0;25.775;3.38;0.0
2680.5;25.6;4.0600000000000005;0.0
2682.0;23.85;8.34;0.0
2683.5;29.65;5.58;0.0
2685.0;26.15;7.5;0.0
2686.5;26.6;6.0600000000000005;0.0
2688.0;28.425;4.180000000000001;0.0
2689.5;28.025;8.4;0.0
2691.0;31.05;4.32;0.0
2692.5;30.025;4.58;0.0
2694.0;25.5;5.62;0.0
2695.5;23.875;8.219999999999999;0.0
2697.0;24.925;6.5600000000000005;0.0
2698.5;25.3;2.56;0.0
2700.0;23.75;2.2399999999999998;0.0
2701.5;25.8;4.040000000000001;0.0
2703.0;22.25;7.859999999999999;0.0
2704.5;25.725;7.719999999999999;0.0
2706.0;28.2;8.440000000000001;0.0
2707.5;26.675;3.3200000000000003;0.0
2709.0;25.175;5.9;0.0
2710.5;28.475;5.040000000000001;0.0
2712.0;31.25;4.46;0.0
2713.5;24.9;3.6;0.0
2715.0;28.875;6.1;0.0
2716.5;29.95;6.5200000000000005;0.0
2718.0;26.475;6.32;0.0
2719.5;29.625;7.959999999999999;0.0
2721.0;28.375;7.420000000000002;0.0
2722.5;29.375;3.820000000000001;0.0
2724.0;29.25;6.24;0.0
2725.5;26.4;5.720000000000001;0.0
2727.0;30.3;2.6399999999999997;0.0
2728.5;27.825;6.42;0.0
2730.0;26.7;8.64;0.0
2731.5;26.625;10.179999999999996;0.0
2733.0;28.55;4.9;0.0
2734.5;24.05;2.8;0.0
2736.0;27.1;6.000000000000001;0.0
2737.5;23.225;4.5600000000000005;0.0
2739.0;22.925;8.819999999999999;0.0
2740.5;27.475;6.040000000000001;0.0
2742.0;29.875;2.92;0.0
2743.5;30.3;7.0200000000000005;0.0
2745.0;27.85;5.220000000000001;0.0
2746.5;24.375;5.58;0.0
2748.0;24.0;2.98;0.0
2749.5;29.45;3.8400000000000007;0.0
2751.0;27.0;6.9;0.0
2752.5;25.3;5.4399999999999995;0.0
2754.0;28.5;3.0;0.0
2755.5;25.325;4.46;0.0
2757.0;29.05;4.86;0.0
2758.5;28.0;7.74;0.0
2760.0;25.375;5.1000000000000005;0.0
2761.5;25.9;7.42;0.0
2763.0;24.675;2.3;0.0
2764.5;24.55;2.66;0.0
2766.0;27.325;6.3;0.0
2767.5;22.65;7.159999999999999;0.0
2769.0;23.375;5.380000000000001;0.0
2770.5;26.675;3.2400000000000007;0.0
2772.0;23.425;7.279999999999999;0.0
2773.5;25.6;6.44;0.0
2775.0;29.75;3.78;0.0
2776.5;28.425;5.760000000000001;0.0
2778.0;28.65;7.06;0.0
2779.5;25.375;3.04;0.0
2781.0;25.825;3.2399999999999998;0.0
2782.5;27.825;8.739999999999998;0.0
2784.0;26.9;7.5;0.0
2785.5;26.3;4.7;0.0
2787.0;24.975;2.0;0.0
2788.5;25.2;7.76;0.0
2790.0;29.175;4.0;0.0
2791.5;24.9;4.86;0.0
2793.0;24.925;7.7;0.0
2794.5;30.225;7.56;0.0
2796.0;27.1;4.78;0.0
2797.5;27.2;2.2;0.0
2799.0;27.15;5.220000000000001;0.0
2800.5;24.325;4.779999999999999;0.0
2802.0;24.975;8.28;0.0
2803.5;24.225;7.399999999999999;0.0
2805.0;27.275;7.2;0.0
2806.5;26.275;6.56;0.0
2808.0;24.575;4.360000000000001;0.0
2809.5;26.45;4.14;0.0
2811.0;23.625;8.860000000000001;0.0
2812.5;24.225;3.7600000000000002;0.0
2814.0;23.025;4.5200000000000005;0.0
2815.5;25.75;8.559999999999999;0.0
2817.0;29.175;8.88;0.0
2818.5;25.625;3.7800000000000002;0.0
2820.0;25.775;9.3;0.0
2821.5;28.0;3.3800000000000003;0.0
2823.0;24.725;5.5;0.0
2824.5;25.4;7.0200000000000005;0.0
2826.0;24.1;4.9;0.0
2827.5;23.8;5.720000000000001;0.0
2829.0;25.025;6.3;0.0
2830.5;29.95;6.4;0.0
2832.0;26.925;2.9;0.0
2833.5;26.075;3.900000000000001;0.0
2835.0;27.7;3.5200000000000005;0.0
2836.5;25.05;4.26;0.0
2838.0;33.15;5.18;0.0
2839.5;27.8;7.339999999999999;0.0
2841.0;29.85;4.44;0.0
2842.5;27.925;3.2400000000000007;0.0
2844.0;24.0;2.06;0.0
2845.5;23.85;2.62;0.0
2847.0;26.35;5.820000000000001;0.0
2848.5;23.7;4.24;0.0
2850.0;24.5;8.68;0.0
2851.5;30.375;5.4399999999999995;0.0
2853.0;25.725;6.82;0.0
2854.5;25.25;4.9;0.0
2856.0;26.575;6.1000000000000005;0.0
2857.5;27.0;7.720000000000001;0.0
2859.0;27.1;5.92;0.0
2860.5;26.775;5.800000000000001;0.0
2862.0;26.05;3.7800000000000002;0.0
2863.5;26.65;5.140000000000001;0.0
2865.0;26.675;3.7;0.0
2866.5;28.55;3.8000000000000007;0.0
2868.0;28.925;5.9;0.0
2869.5;24.55;4.48;0.0
2871.0;24.775;7.459999999999999;0.0
2872.5;28.3;4.5600000000000005;0.0
2874.0;21.875;4.760000000000001;0.0
2875.5;26.05;6.44;0.0
2877.0;25.5;6.640000000000001;0.0
2878.5;23.4;11.879999999999999;0.0
2880.0;22.325;8.760000000000002;0.0
2881.5;24.6;6.659999999999999;0.0
2883.0;25.375;8.9;0.0
2884.5;23.3;4.700000000000001;0.0
2886.0;28.225;4.180000000000001;0.0
2887.5;22.85;7.24;0.0
2889.0;24.925;6.5;0.0
2890.5;23.8;8.88;0.0
2892.0;25.75;2.7800000000000002;0.0
2893.5;25.15;4.78;0.0
2895.0;26.125;1.6600000000000001;0.0
2896.5;26.25;5.98;0.0
2898.0;22.4;4.98;0.0
2899.5;25.6;6.200000000000001;0.0
2901.0;27.75;6.4;0.0
2902.5;28.8;6.660000000000001;0.0
2904.0;25.825;4.4399999999999995;0.0
2905.5;28.4;4.380000000000001;0.0
2907.0;28.075;6.0600000000000005;0.0
2908.5;25.675;5.420000000000001;0.0
2910.0;22.9;8.3;0.0
2911.5;22.3;6.480000000000001;0.0
2913.0;23.9;10.059999999999999;0.0
2914.5;26.875;5.62;0.0
2916.0;27.725;6.720000000000001;0.0
2917.5;27.85;4.5600000000000005;0.0
2919.0;24.875;4.66;0.0
2920.5;25.85;7.0200000000000005;0.0
2922.0;23.15;5.1000000000000005;0.0
2923.5;22.175;6.640000000000001;0.0
2925.0;26.85;3.7600000000000002;0.0
2926.5;27.125;5.620000000000001;0.0
2928.0;27.425;6.5;0.0
2929.5;26.425;1.9600000000000004;0.0
2931.0;26.275;7.74;0.0
2932.5;25.675;1.7599999999999998;0.0
2934.0;26.85;7.1;0.0
2935.5;28.95;1.8;0.0
2937.0;29.175;2.9799999999999995;0.0
2938.5;26.425;5.180000000000001;0.0
2940.0;25.525;5.24;0.0
2941.5;25.1;5.08;0.0
2943.0;24.725;5.760000000000001;0.0
2944.5;27.075;6.840000000000001;0.0
2946.0;27.575;2.66;0.0
2947.5;25.9;7.619999999999999;0.0
2949.0;23.525;6.580000000000001;0.0
2950.5;26.45;4.78;0.0
2952.0;26.05;5.420000000000001;0.0
2953.5;28.3;4.020000000000001;0.0
2955.0;26.7;6.859999999999999;0.0
2956.5;25.175;2.3600000000000003;0.0
2958.0;24.65;6.200000000000001;0.0
2959.5;24.475;8.14;0.0
2961.0;23.725;2.8600000000000003;0.0
2962.5;23.35;8.08;0.0
2964.0;24.45;4.5600000000000005;0.0
2965.5;28.3;3.2;0.0
2967.0;26.175;4.48;0.0
2968.5;26.525;7.399999999999999;0.0
2970.0;24.325;6.4;0.0
2971.5;25.525;5.9;0.0
2973.0;27.625;8.5;0.0
2974.5;29.65;3.96;0.0
2976.0;28.5;3.4;0.0
2977.5;20.85;11.939999999999998;0.0
2979.0;29.15;7.499999999999997;0.0
2980.5;23.175;3.900000000000001;0.0
2982.0;22.2;8.399999999999997;0.0
2983.5;28.675;4.9;0.0
2985.0;25.575;4.0200000000000005;0.0
2986.5;22.25;3.72;0.0
2988.0;26.8;4.12;0.0
2989.5;21.975;7.799999999999999;0.0
2991.0;26.975;4.880000000000001;0.0
2992.5;25.15;8.059999999999999;0.0
2994.0;24.75;3.04;0.0
2995.5;24.475;4.160000000000001;0.0
2997.0;25.25;6.140000000000001;0.0
2998.5;26.975;6.1000000000000005;0.0
3000.0;24.475;8.08;0.0
3001.5;28.1;5.36;0.0
3003.0;20.2;3.1000000000000005;0.0
3004.5;23.825;3.4400000000000004;0.0
3006.0;21.15;5.860000000000001;0.0
3007.5;23.85;3.4;0.0
3009.0;23.425;9.179999999999998;0.0
3010.5;24.85;5.480000000000001;0.0
3012.0;25.85;8.2;0.0
3013.5;26.45;5.9;0.0
3015.0;27.95;5.6;0.0
3016.5;28.25;4.540000000000001;0.0
3018.0;28.1;3.5200000000000005;0.0
3019.5;21.575;4.500000000000001;0.0
3021.0;30.825;6.980000000000001;0.0
3022.5;25.15;8.020000000000001;0.0
3024.0;27.275;8.219999999999997;0.0
3025.5;24.4;7.18;0.0
3027.0;30.225;10.459999999999999;0.0
3028.5;25.775;9.24;0.0
3030.0;25.675;3.3;0.0
3031.5;25.25;5.5200000000000005;0.0
3033.0;24.8;7.119999999999999;0.0
3034.5;27.975;8.360000000000001;0.0
3036.0;31.175;4.1;0.0
3037.5;27.65;4.32;0.0
3039.0;27.1;9.04;0.0
3040.5;28.425;1.8;0.0
3042.0;22.05;3.7400000000000007;0.0
3043.5;30.175;4.220000000000001;0.0
3045.0;30.95;8.179999999999998;0.0
3046.5;24.475;4.44;0.0
3048.0;22.05;8.72;0.0
3049.5;25.75;8.62;0.0
3051.0;26.2;6.659999999999999;0.0
3052.5;24.2;3.7600000000000002;0.0
3054.0;27.6;2.6;0.0
3055.5;22.5;6.82;0.0
3057.0;25.25;5.48;0.0
3058.5;24.775;7.2799999999999985;0.0
3060.0;23.65;5.940000000000001;0.0
3061.5;22.775;4.9;0.0
3063.0;21.775;6.44;0.0
3064.5;26.575;5.9;0.0
3066.0;23.775;6.26;0.0
3067.5;22.525;7.219999999999999;0.0
3069.0;26.7;4.640000000000001;0.0
3070.5;24.575;10.98;0.0
3072.0;23.8;6.360000000000001;0.0
3073.5;28.475;4.92;0.0
3075.0;27.975;3.9200000000000004;0.0
3076.5;27.15;3.5400000000000005;0.0
3078.0;26.075;6.94;0.0
3079.5;24.125;4.1;0.0
3081.0;21.825;8.479999999999999;0.0
3082.5;27.125;6.12;0.0
3084.0;24.25;5.3;0.0
3085.5;21.4;8.2;0.0
3087.0;25.95;9.1;0.0
3088.5;25.05;9.339999999999998;0.0
3090.0;26.375;5.720000000000001;0.0
3091.5;28.525;5.380000000000001;0.0
3093.0;23.6;5.640000000000001;0.0
3094.5;27.325;6.420000000000002;0.0
3096.0;28.6;0.0;0.0
3097.5;23.025;6.659999999999999;0.0
3099.0;24.175;6.859999999999999;0.0
3100.5;26.225;5.26;0.0
3102.0;24.775;6.92;0.0
3103.5;29.25;6.92;0.0
3105.0;27.5;4.380000000000001;0.0
3106.5;23.375;6.840000000000001;0.0
3108.0;22.925;9.879999999999999;0.0
3109.5;27.85;2.8400000000000007;0.0
3111.0;26.325;6.5;0.0
3112.5;22.825;6.040000000000001;0.0
3114.0;28.525;7.24;0.0
3115.5;26.125;4.4399999999999995;0.0
3117.0;24.15;2.5599999999999996;0.0
3118.5;24.475;6.1000000000000005;0.0
3120.0;24.775;4.0;0.0
3121.5;25.575;9.440000000000001;0.0
3123.0;27.55;3.500000000000001;0.0
3124.5;23.375;4.58;0.0
3126.0;24.95;4.86;0.0
3127.5;24.075;3.3000000000000016;0.0
3129.0;22.625;6.480000000000001;0.0
3130.5;25.025;6.62;0.0
3132.0;21.075;7.74;0.0
3133.5;25.7;6.5200000000000005;0.0
3135.0;24.7;6.88;0.0
3136.5;28.475;8.24;0.0
3138.0;27.525;3.7;0.0
3139.5;27.05;4.800000000000002;0.0
3141.0;26.225;6.44;0.0
3142.5;23.875;9.219999999999999;0.0
3144.0;25.6;4.0600000000000005;0.0
3145.5;22.65;5.880000000000001;0.0
3147.0;29.6;5.74;0.0
3148.5;25.75;3.500000000000001;0.0
3150.0;25.275;7.499999999999998;0.0
3151.5;26.075;2.9800000000000004;0.0
3153.0;26.45;4.38;0.0
3154.5;25.05;8.739999999999998;0.0
3156.0;26.8;8.52;0.0
3157.5;26.775;6.0;0.0
3159.0;28.9;3.3800000000000003;0.0
3160.5;25.425;3.3;0.0
3162.0;27.8;5.08;0.0
3163.5;29.75;3.8600000000000003;0.0
3165.0;22.675;1.26;0.0
3166.5;26.075;4.08;0.0
3168.0;31.625;7.340000000000001;0.0
3169.5;28.15;5.12;0.0
3171.0;23.275;4.6;0.0
3172.5;28.275;4.300000000000001;0.0
3174.0;27.7;3.9799999999999995;0.0
3175.5;25.725;6.640000000000001;0.0
3177.0;19.975;5.340000000000002;0.0
3178.5;22.25;9.179999999999998;0.0
3180.0;25.275;4.220000000000001;0.0
3181.5;28.1;5.7;0.0
3183.0;27.35;5.96;0.0
3184.5;26.75;6.200000000000001;0.0
3186.0;26.8;2.3200000000000003;0.0
3187.5;25.325;5.840000000000001;0.0
3189.0;27.625;6.18;0.0
3190.5;27.55;3.9799999999999995;0.0
3192.0;24.95;4.92;0.0
3193.5;30.475;7.639999999999999;0.0
3195.0;26.725;4.5600000000000005;0.0
3196.5;23.0;2.6;0.0
3198.0;23.75;4.779999999999999;0.0
3199.5;26.15;7.959999999999999;0.0
3201.0;24.9;8.36;0.0
3202.5;26.1;4.220000000000001;0.0
3204.0;24.275;6.44;0.0
3205.5;25.425;8.419999999999998;0.0
3207.0;25.8;6.000000000000001;0.0
3208.5;26.925;4.92;0.0
3210.0;25.675;8.999999999999998;0.0
3211.5;28.675;6.340000000000001;0.0
3213.0;28.5;5.38;0.0
3214.5;26.6;5.1000000000000005;0.0
3216.0;27.575;1.4;0.0
3217.5;24.65;5.3;0.0
3219.0;26.475;2.72;0.0
3220.5;24.55;5.98;0.0
3222.0;29.65;3.72;0.0
3223.5;26.225;5.420000000000001;0.0
3225.0;26.975;7.94;0.0
3226.5;24.025;6.36;0.0
3228.0;24.525;5.26;0.0
3229.5;23.45;3.9200000000000004;0.0
3231.0;27.3;5.0200000000000005;0.0
3232.5;27.8;4.220000000000001;0.0
3234.0;26.6;4.34;0.0
3235.5;26.725;6.1;0.0
3237.0;24.525;7.18;0.0
3238.5;26.7;10.1;0.0
3240.0;25.925;9.58;0.0
3241.5;27.725;4.840000000000001;0.0
3243.0;26.45;6.44;0.0
3244.5;25.225;4.160000000000001;0.0
3246.0;26.05;6.720000000000001;0.0
3247.5;23.65;2.9600000000000004;0.0
3249.0;26.475;4.66;0.0
3250.5;28.75;3.9200000000000004;0.0
3252.0;28.5;5.420000000000001;0.0
3253.5;26.625;4.500000000000001;0.0
3255.0;29.4;5.340000000000001;0.0
3256.5;29.9;6.24;0.0
3258.0;25.025;5.5600000000000005;0.0
3259.5;26.575;7.960000000000001;0.0
3261.0;28.875;5.380000000000001;0.0
3262.5;25.225;7.26;0.0
3264.0;31.675;5.180000000000001;0.0
3265.5;31.575;3.9200000000000004;0.0
3267.0;23.35;5.320000000000001;0.0
3268.5;29.45;1.06;0.0
3270.0;26.55;6.760000000000001;0.0
3271.5;25.8;5.720000000000001;0.0
3273.0;22.825;6.12;0.0
3274.5;27.4;7.7;0.0
3276.0;28.275;5.36;0.0
3277.5;24.775;2.96;0.0
3279.0;28.125;4.620000000000001;0.0
3280.5;23.125;3.2600000000000002;0.0
3282.0;22.775;8.68;0.0
3283.5;25.625;5.1000000000000005;0.0
3285.0;26.95;6.380000000000002;0.0
3286.5;27.425;6.6;0.0
3288.0;23.35;6.9;0.0
3289.5;25.275;4.78;0.0
3291.0;24.525;4.76;0.0
3292.5;33.425;4.42;0.0
3294.0;28.95;5.8;0.0
3295.5;26.0;3.44;0.0
3297.0;23.8;6.7200000000000015;0.0
3298.5;30.375;5.1;0.0
3300.0;26.55;6.44;0.0
3301.5;29.3;3.2;0.0
3303.0;26.4;3.6800000000000006;0.0
3304.5;26.2;5.820000000000001;0.0
3306.0;28.875;3.72;0.0
3307.5;24.825;3.0;0.0
3309.0;30.125;4.360000000000001;0.0
3310.5;27.3;4.94;0.0
3312.0;25.35;3.8600000000000003;0.0
3313.5;29.125;3.62;0.0
3315.0;27.925;5.640000000000001;0.0
3316.5;26.05;5.000000000000001;0.0
3318.0;26.925;7.24;0.0
3319.5;25.5;6.760000000000001;0.0
3321.0;28.125;6.56;0.0
3322.5;28.1;8.879999999999999;0.0
3324.0;28.3;4.96;0.0
3325.5;27.275;4.9;0.0
3327.0;26.875;5.96;0.0
3328.5;25.45;6.220000000000001;0.0
3330.0;23.975;5.48;0.0
3331.5;27.9;5.66;0.0
3333.0;28.025;5.1;0.0
3334.5;26.1;3.9799999999999995;0.0
3336.0;26.2;8.08;0.0
3337.5;23.725;7.159999999999999;0.0
3339.0;24.9;5.660000000000001;0.0
3340.5;25.375;3.44;0.0
3342.0;26.1;3.9;0.0
3343.5;30.9;6.24;0.0
3345.0;24.125;8.84;0.0
3346.5;29.375;7.26;0.0
3348.0;27.4;6.1800000000000015;0.0
3349.5;25.6;3.5200000000000005;0.0
3351.0;25.35;6.28;0.0
3352.5;26.45;4.760000000000001;0.0
3354.0;25.95;5.24;0.0
3355.5;27.425;5.16;0.0
3357.0;28.8;4.0600000000000005;0.0
3358.5;27.55;2.84;0.0
3360.0;25.275;3.9200000000000004;0.0
3361.5;24.6;7.379999999999998;0.0
3363.0;24.9;5.82;0.0
3364.5;29.275;9.639999999999997;0.0
3366.0;24.9;3.2;0.0
3367.5;27.15;3.3200000000000003;0.0
3369.0;26.4;8.499999999999998;0.0
3370.5;27.2;6.459999999999999;0.0
3372.0;24.55;5.78;0.0
3373.5;24.95;3.9;0.0
3375.0;21.4;6.959999999999999;0.0
3376.5;27.9;4.82;0.0
3378.0;27.475;3.2600000000000002;0.0
3379.5;25.325;6.76;0.0
3381.0;24.2;5.640000000000001;0.0
3382.5;27.05;4.8;0.0
3384.0;27.925;4.540000000000001;0.0
3385.5;30.5;5.779999999999999;0.0
3387.0;27.7;4.5;0.0
3388.5;29.0;2.3200000000000003;0.0
3390.0;25.7;7.4;0.0
3391.5;23.8;7.379999999999998;0.0
3393.0;24.075;3.3600000000000003;0.0
3394.5;26.5;5.760000000000001;0.0
3396.0;27.95;6.28;0.0
3397.5;24.725;4.94;0.0
3399.0;28.1;7.0600000000000005;0.0
3400.5;26.725;7.119999999999999;0.0
3402.0;28.45;6.180000000000001;0.0
3403.5;26.45;5.86;0.0
3405.0;24.3;6.74;0.0
3406.5;24.25;6.460000000000001;0.0
3408.0;25.25;4.760000000000001;0.0
3409.5;25.575;3.8000000000000007;0.0
3411.0;24.65;9.02;0.0
3412.5;22.35;10.319999999999999;0.0
3414.0;25.775;4.16;0.0
3415.5;23.15;9.24;0.0
3417.0;24.475;7.059999999999998;0.0
3418.5;23.7;8.279999999999998;0.0
3420.0;29.35;3.6;0.0
3421.5;25.25;6.44;0.0
3423.0;28.1;9.559999999999999;0.0
3424.5;26.45;4.960000000000001;0.0
3426.0;27.2;6.000000000000001;0.0
3427.5;25.625;7.24;0.0
3429.0;23.825;4.26;0.0
3430.5;28.875;5.66;0.0
3432.0;27.55;3.2;0.0
3433.5;24.925;6.180000000000001;0.0
3435.0;29.575;7.6;0.0
3436.5;27.675;7.960000000000001;0.0
3438.0;24.625;7.220000000000001;0.0
3439.5;25.775;6.540000000000001;0.0
3441.0;24.475;4.48;0.0
3442.5;29.45;4.740000000000001;0.0
3444.0;25.425;5.98;0.0
3445.5;26.625;5.48;0.0
3447.0;22.575;6.820000000000002;0.0
3448.5;32.3;6.7;0.0
3450.0;23.175;5.5;0.0
3451.5;24.025;9.2;0.0
3453.0;23.375;8.459999999999999;0.0
3454.5;29.425;6.5;0.0
3456.0;26.9;4.960000000000001;0.0
3457.5;29.35;7.08;0.0
3459.0;29.15;2.74;0.0
3460.5;24.075;9.520000000000001;0.0
3462.0;22.775;7.3;0.0
3463.5;19.7;6.1;0.0
3465.0;29.8;7.7;0.0
3466.5;24.8;4.42;0.0
3468.0;26.225;4.380000000000001;0.0
3469.5;24.1;3.8;0.0
3471.0;25.45;3.3;0.0
3472.5;21.175;4.0600000000000005;0.0
3474.0;25.7;8.420000000000002;0.0
3475.5;25.625;4.26;0.0
3477.0;27.475;6.0200000000000005;0.0
3478.5;27.35;3.2400000000000007;0.0
3480.0;23.925;3.7;0.0
3481.5;27.675;7.539999999999997;0.0
3483.0;27.825;4.04;0.0
3484.5;23.975;6.1400000000000015;0.0
3486.0;29.5;11.12;0.0
3487.5;28.9;8.919999999999998;0.0
3489.0;24.7;6.7;0.0
3490.5;31.25;5.28;0.0
3492.0;25.2;4.640000000000001;0.0
3493.5;28.25;5.66;0.0
3495.0;29.05;6.800000000000002;0.0
3496.5;26.625;7.159999999999999;0.0
3498.0;24.65;6.7;0.0
3499.5;25.525;4.3;0.0
3501.0;24.85;4.720000000000001;0.0
3502.5;23.05;4.0200000000000005;0.0
3504.0;25.95;6.580000000000001;0.0
3505.5;29.675;6.040000000000001;0.0
3507.0;25.25;3.8600000000000003;0.0
3508.5;22.05;4.96;0.0
3510.0;27.325;6.92;0.0
3511.5;27.475;4.380000000000001;0.0
3513.0;28.425;9.62;0.0
3514.5;24.575;4.12;0.0
3516.0;28.5;9.3;0.0
3517.5;29.65;3.0800000000000005;0.0
3519.0;27.3;4.740000000000001;0.0
3520.5;24.325;4.58;0.0
3522.0;24.725;3.5800000000000005;0.0
3523.5;32.3;5.0600000000000005;0.0
3525.0;24.525;3.8400000000000007;0.0
3526.5;25.425;7.4;0.0
3528.0;30.325;6.5200000000000005;0.0
3529.5;28.975;4.460000000000001;0.0
3531.0;21.525;10.64;0.0
3532.5;28.275;5.08;0.0
3534.0;22.375;7.38;0.0
3535.5;24.85;6.12;0.0
3537.0;26.875;5.5600000000000005;0.0
3538.5;27.1;4.160000000000001;0.0
3540.0;27.075;1.9200000000000004;0.0
3541.5;22.9;4.040000000000001;0.0
3543.0;27.4;3.7800000000000002;0.0
3544.5;27.45;9.58;0.0
3546.0;22.775;9.94;0.0
3547.5;30.35;6.780000000000001;0.0
3549.0;26.725;8.5;0.0
3550.5;25.925;3.78;0.0
3552.0;22.8;8.200000000000001;0.0
3553.5;25.05;9.76;0.0
3555.0;27.525;5.720000000000001;0.0
3556.5;23.3;4.500000000000001;0.0
3558.0;26.725;6.0;0.0
3559.5;26.925;6.720000000000001;0.0
3561.0;26.325;2.8600000000000003;0.0
3562.5;23.825;3.8;0.0
3564.0;24.325;3.9200000000000004;0.0
3565.5;24.8;11.879999999999999;0.0
3567.0;21.925;5.5600000000000005;0.0
3568.5;22.15;4.9;0.0
3570.0;24.575;5.220000000000001;0.0
3571.5;29.875;3.8200000000000003;0.0
3573.0;27.35;3.1;0.0
3574.5;26.9;6.860000000000001;0.0
3576.0;28.675;6.540000000000001;0.0
3577.5;24.15;6.000000000000001;0.0
3579.0;27.125;3.7600000000000007;0.0
3580.5;28.3;5.94;0.0
3582.0;26.825;3.5799999999999996;0.0
3583.5;25.4;10.1;0.0
3585.0;23.25;6.28;0.0
3586.5;21.65;9.9;0.0
3588.0;30.15;5.0;0.0
3589.5;26.475;5.300000000000001;0.0
3591.0;23.275;4.5600000000000005;0.0
3592.5;26.275;9.999999999999998;0.0
3594.0;26.5;4.180000000000001;0.0
3595.5;26.025;5.220000000000001;0.0
3597.0;30.275;7.06;0.0
3598.5;27.3;6.180000000000001;0.0
